******************************************************************************
            TI ARM Clang Linker Unix v4.0.4                    
******************************************************************************
>> Linked Wed Jan 28 09:51:51 2026

OUTPUT FILE NAME:   <ST7735R.out>
ENTRY POINT SYMBOL: "_c_int00_noargs"  address: 00000d79


MEMORY CONFIGURATION

         name            origin    length      used     unused   attr    fill
----------------------  --------  ---------  --------  --------  ----  --------
  FLASH                 00000000   00020000  000014b8  0001eb48  R  X
  SRAM                  20200000   00008000  00000419  00007be7  RW X
  BCR_CONFIG            41c00000   00000080  00000000  00000080  R   
  BSL_CONFIG            41c00100   00000080  00000000  00000080  R   


SEGMENT ALLOCATION MAP

run origin  load origin   length   init length attrs members
----------  ----------- ---------- ----------- ----- -------
00000000    00000000    000014b8   000014b8    r-x
  00000000    00000000    000000c0   000000c0    r-- .intvecs
  000000c0    000000c0    00000e08   00000e08    r-x .text
  00000ec8    00000ec8    000005b8   000005b8    r-- .rodata
  00001480    00001480    00000038   00000038    r-- .cinit
20200000    20200000    00000219   00000000    rw-
  20200000    20200000    00000200   00000000    rw- .sysmem
  20200200    20200200    00000016   00000000    rw- .data
  20200216    20200216    00000003   00000000    rw- .bss
20207e00    20207e00    00000200   00000000    rw-
  20207e00    20207e00    00000200   00000000    rw- .stack


SECTION ALLOCATION MAP

 output                                  attributes/
section   page    origin      length       input sections
--------  ----  ----------  ----------   ----------------
.intvecs   0    00000000    000000c0     
                  00000000    000000c0     startup_mspm0g3507_ticlang.o (.intvecs)

.text      0    000000c0    00000e08     
                  000000c0    000001b4     Clock.o (.text.Clock_Init80MHz)
                  00000274    000001a4     ST7735_SDC.o (.text.ST7735_DrawChar)
                  00000418    00000120     SPI.o (.text.SPI1_Init)
                  00000538    00000118     ST7735_SDC.o (.text.ST7735_FillRect)
                  00000650    000000d0     ST7735_SDC.o (.text.ST7735_OutChar)
                  00000720    000000a2     ST7735_SDC.o (.text.commandList)
                  000007c2    00000002     libclang_rt.builtins.a : aeabi_div0.c.obj (.text.__aeabi_idiv0)
                  000007c4    00000098     ST7735_SDC.o (.text.ST7735_InitR)
                  0000085c    00000098     ST7735Rtestmain.o (.text.main)
                  000008f4    00000088     ST7735_SDC.o (.text.setAddrWindow)
                  0000097c    00000084     ST7735_SDC.o (.text.ST7735_DrawString)
                  00000a00    0000007c     LaunchPad.o (.text.LaunchPad_Init)
                  00000a7c    0000007c     libc.a : copy_decompress_lzss.c.obj (.text:decompress:lzss)
                  00000af8    00000064     SPI.o (.text.TFT_OutCommand)
                  00000b5c    00000064     SPI.o (.text.TFT_OutData)
                  00000bc0    00000040     SPI.o (.text.SPI1_Reset)
                  00000c00    00000040     libclang_rt.builtins.a : aeabi_uidivmod.S.obj (.text.__aeabi_uidivmod)
                  00000c40    0000003c     libc.a : autoinit.c.obj (.text:__TI_auto_init_nobinit_nopinit)
                  00000c7c    00000038     LaunchPad.o (.text.ActivatePortA_B)
                  00000cb4    00000034     Clock.o (.text.Clock_Delay1ms)
                  00000ce8    00000034     ST7735_SDC.o (.text.ST7735_SetCursor)
                  00000d1c    00000030     ST7735_SDC.o (.text.commonInit)
                  00000d4c    0000002c     ST7735_SDC.o (.text.ST7735_FillScreen)
                  00000d78    00000028     libc.a : boot_cortex_m.c.obj (.text:_c_int00_noargs)
                  00000da0    00000026     ST7735_SDC.o (.text.ST7735_OutString)
                  00000dc6    00000002     --HOLE-- [fill = 0]
                  00000dc8    00000024     SPI.o (.text.CS_Init)
                  00000dec    0000001e     ST7735_SDC.o (.text.pushColor)
                  00000e0a    00000002     --HOLE-- [fill = 0]
                  00000e0c    0000001c     startup_mspm0g3507_ticlang.o (.text.Default_Handler)
                  00000e28    0000001c     startup_mspm0g3507_ticlang.o (.text.HardFault_Handler)
                  00000e44    00000016     libc.a : copy_zero_init.c.obj (.text:decompress:ZI:__TI_zero_init_nomemset)
                  00000e5a    00000012            : memcpy16.S.obj (.text:TI_memcpy_small)
                  00000e6c    00000012            : copy_decompress_none.c.obj (.text:decompress:none)
                  00000e7e    00000010     Clock.o (.text.Clock_Delay)
                  00000e8e    00000010     LaunchPad.o (.text.Delay)
                  00000e9e    00000002     --HOLE-- [fill = 0]
                  00000ea0    0000000c     Clock.o (.text.Clock_Freq)
                  00000eac    00000008     libclang_rt.builtins.a : aeabi_memcpy.S.obj (.text.__aeabi_memcpy)
                  00000eb4    00000006     libc.a : exit.c.obj (.text:abort)
                  00000eba    00000004     libsysbm.a : hostexit.c.obj (.text.HOSTexit)
                  00000ebe    00000004     startup_mspm0g3507_ticlang.o (.text.Reset_Handler)
                  00000ec2    00000004     libc.a : pre_init.c.obj (.text._system_pre_init)
                  00000ec6    00000002     --HOLE-- [fill = 0]

.cinit     0    00001480    00000038     
                  00001480    00000012     (.cinit..data.load) [load image, compression = lzss]
                  00001492    00000002     --HOLE-- [fill = 0]
                  00001494    0000000c     (__TI_handler_table)
                  000014a0    00000008     (.cinit..bss.load) [load image, compression = zero_init]
                  000014a8    00000010     (__TI_cinit_table)

.rodata    0    00000ec8    000005b8     
                  00000ec8    000004fb     ST7735_SDC.o (.rodata.Font)
                  000013c3    0000003b     ST7735_SDC.o (.rodata.Rcmd1)
                  000013fe    0000002b     ST7735_SDC.o (.rodata.Rcmd3)
                  00001429    00000016     ST7735_SDC.o (.rodata.str1.18061791561094498689.1)
                  0000143f    00000010     ST7735Rtestmain.o (.rodata.str1.11795601456643503699.1)
                  0000144f    0000000d     ST7735_SDC.o (.rodata.Rcmd2green)
                  0000145c    0000000d     ST7735_SDC.o (.rodata.Rcmd2red)
                  00001469    00000007     ST7735Rtestmain.o (.rodata.Hello_Spanish)
                  00001470    00000006     ST7735Rtestmain.o (.rodata.Hello_English)
                  00001476    00000005     ST7735Rtestmain.o (.rodata.Hello_French)
                  0000147b    00000004     ST7735Rtestmain.o (.rodata.Hello_Portuguese)
                  0000147f    00000001     --HOLE-- [fill = 0]

.init_array 
*          0    00000000    00000000     UNINITIALIZED

.binit     0    00000000    00000000     

.sysmem    0    20200000    00000200     UNINITIALIZED
                  20200000    00000010     libc.a : memory.c.obj (.sysmem)
                  20200010    000001f0     --HOLE--

.data      0    20200200    00000016     UNINITIALIZED
                  20200200    00000004     Clock.o (.data.BusFreq)
                  20200204    00000004     SPI.o (.data.SPI1_init_Flag)
                  20200208    00000004     ST7735_SDC.o (.data.StX)
                  2020020c    00000004     ST7735_SDC.o (.data.StY)
                  20200210    00000002     ST7735_SDC.o (.data.StTextColor)
                  20200212    00000002     ST7735_SDC.o (.data._height)
                  20200214    00000002     ST7735_SDC.o (.data._width)

.bss       0    20200216    00000003     UNINITIALIZED
                  20200216    00000001     ST7735_SDC.o (.bss.ColStart)
                  20200217    00000001     ST7735_SDC.o (.bss.RowStart)
                  20200218    00000001     ST7735_SDC.o (.bss.TabColor)

.stack     0    20207e00    00000200     UNINITIALIZED
                  20207e00    00000004     libc.a : boot_cortex_m.c.obj (.stack)
                  20207e04    000001fc     --HOLE--

__llvm_prf_cnts 
*          0    20200000    00000000     UNINITIALIZED

__llvm_prf_bits 
*          0    20200000    00000000     UNINITIALIZED

MODULE SUMMARY

       Module                         code   ro data   rw data
       ------                         ----   -------   -------
    ./
       ST7735_SDC.o                   1702   1425      17     
       SPI.o                          588    0         4      
       Clock.o                        516    0         4      
       LaunchPad.o                    196    0         0      
       ST7735Rtestmain.o              152    38        0      
    +--+------------------------------+------+---------+---------+
       Total:                         3154   1463      25     
                                                              
    ./ticlang/
       startup_mspm0g3507_ticlang.o   60     192       0      
    +--+------------------------------+------+---------+---------+
       Total:                         60     192       0      
                                                              
    /Applications/ti/ccs2040/ccs/tools/compiler/ti-cgt-armllvm_4.0.4.LTS/lib/armv6m-ti-none-eabi/c/libc.a
       copy_decompress_lzss.c.obj     124    0         0      
       autoinit.c.obj                 60     0         0      
       boot_cortex_m.c.obj            40     0         0      
       copy_zero_init.c.obj           22     0         0      
       copy_decompress_none.c.obj     18     0         0      
       memcpy16.S.obj                 18     0         0      
       exit.c.obj                     6      0         0      
       pre_init.c.obj                 4      0         0      
    +--+------------------------------+------+---------+---------+
       Total:                         292    0         0      
                                                              
    /Applications/ti/ccs2040/ccs/tools/compiler/ti-cgt-armllvm_4.0.4.LTS/lib/armv6m-ti-none-eabi/c/libsysbm.a
       hostexit.c.obj                 4      0         0      
    +--+------------------------------+------+---------+---------+
       Total:                         4      0         0      
                                                              
    /Applications/ti/ccs2040/ccs/tools/compiler/ti-cgt-armllvm_4.0.4.LTS/lib/armv6m-ti-none-eabi/libclang_rt.builtins.a
       aeabi_uidivmod.S.obj           64     0         0      
       aeabi_memcpy.S.obj             8      0         0      
       aeabi_div0.c.obj               2      0         0      
    +--+------------------------------+------+---------+---------+
       Total:                         74     0         0      
                                                              
       Heap:                          0      0         512    
       Stack:                         0      0         512    
       Linker Generated:              0      54        0      
    +--+------------------------------+------+---------+---------+
       Grand Total:                   3584   1709      1049   


LINKER GENERATED COPY TABLES

__TI_cinit_table @ 000014a8 records: 2, size/record: 8, table size: 16
	.data: load addr=00001480, load size=00000012 bytes, run addr=20200200, run size=00000016 bytes, compression=lzss
	.bss: load addr=000014a0, load size=00000008 bytes, run addr=20200216, run size=00000003 bytes, compression=zero_init


LINKER GENERATED HANDLER TABLE

__TI_handler_table @ 00001494 records: 3, size/record: 4, table size: 12
	index: 0, handler: __TI_decompress_lzss
	index: 1, handler: __TI_decompress_none
	index: 2, handler: __TI_zero_init


GLOBAL SYMBOLS: SORTED ALPHABETICALLY BY Name 

address   name                          
-------   ----                          
00000e0d  ADC0_IRQHandler               
00000e0d  ADC1_IRQHandler               
00000e0d  AES_IRQHandler                
00000c7d  ActivatePortA_B               
20200200  BusFreq                       
00000eba  C$$EXIT                       
00000e0d  CANFD0_IRQHandler             
00000dc9  CS_Init                       
00000e7f  Clock_Delay                   
00000cb5  Clock_Delay1ms                
00000ea1  Clock_Freq                    
000000c1  Clock_Init80MHz               
00000e0d  DAC0_IRQHandler               
00000e0d  DMA_IRQHandler                
00000e0d  Default_Handler               
00000e8f  Delay                         
00000e0d  GROUP0_IRQHandler             
00000e0d  GROUP1_IRQHandler             
00000ebb  HOSTexit                      
00000e29  HardFault_Handler             
00001470  Hello_English                 
00001476  Hello_French                  
0000147b  Hello_Portuguese              
00001469  Hello_Spanish                 
00000e0d  I2C0_IRQHandler               
00000e0d  I2C1_IRQHandler               
00000a01  LaunchPad_Init                
00000e0d  NMI_Handler                   
00000e0d  PendSV_Handler                
00000e0d  RTC_IRQHandler                
00000ebf  Reset_Handler                 
00000e0d  SPI0_IRQHandler               
00000e0d  SPI1_IRQHandler               
00000419  SPI1_Init                     
00000bc1  SPI1_Reset                    
20200204  SPI1_init_Flag                
00000275  ST7735_DrawChar               
0000097d  ST7735_DrawString             
00000539  ST7735_FillRect               
00000d4d  ST7735_FillScreen             
000007c5  ST7735_InitR                  
00000651  ST7735_OutChar                
00000da1  ST7735_OutString              
00000ce9  ST7735_SetCursor              
00000e0d  SVC_Handler                   
20200210  StTextColor                   
20200208  StX                           
2020020c  StY                           
00000e0d  SysTick_Handler               
00000af9  TFT_OutCommand                
00000b5d  TFT_OutData                   
00000e0d  TIMA0_IRQHandler              
00000e0d  TIMA1_IRQHandler              
00000e0d  TIMG0_IRQHandler              
00000e0d  TIMG12_IRQHandler             
00000e0d  TIMG6_IRQHandler              
00000e0d  TIMG7_IRQHandler              
00000e0d  TIMG8_IRQHandler              
00000e5b  TI_memcpy_small               
00000e0d  UART0_IRQHandler              
00000e0d  UART1_IRQHandler              
00000e0d  UART2_IRQHandler              
00000e0d  UART3_IRQHandler              
20208000  __STACK_END                   
00000200  __STACK_SIZE                  
00000200  __SYSMEM_SIZE                 
00000000  __TI_ATRegion0_region_sz      
00000000  __TI_ATRegion0_src_addr       
00000000  __TI_ATRegion0_trg_addr       
00000000  __TI_ATRegion1_region_sz      
00000000  __TI_ATRegion1_src_addr       
00000000  __TI_ATRegion1_trg_addr       
00000000  __TI_ATRegion2_region_sz      
00000000  __TI_ATRegion2_src_addr       
00000000  __TI_ATRegion2_trg_addr       
000014a8  __TI_CINIT_Base               
000014b8  __TI_CINIT_Limit              
000014b8  __TI_CINIT_Warm               
00001494  __TI_Handler_Table_Base       
000014a0  __TI_Handler_Table_Limit      
00000c41  __TI_auto_init_nobinit_nopinit
00000a7d  __TI_decompress_lzss          
00000e6d  __TI_decompress_none          
ffffffff  __TI_pprof_out_hndl           
ffffffff  __TI_prof_data_size           
ffffffff  __TI_prof_data_start          
00000000  __TI_static_base__            
00000e45  __TI_zero_init_nomemset       
000007c3  __aeabi_idiv0                 
00000ead  __aeabi_memcpy                
00000ead  __aeabi_memcpy4               
00000ead  __aeabi_memcpy8               
00000c01  __aeabi_uidiv                 
00000c01  __aeabi_uidivmod              
ffffffff  __binit__                     
UNDEFED   __mpu_init                    
20207e00  __stack                       
20200000  __start___llvm_prf_bits       
20200000  __start___llvm_prf_cnts       
20200000  __stop___llvm_prf_bits        
20200000  __stop___llvm_prf_cnts        
00000d79  _c_int00_noargs               
20200000  _sys_memory                   
UNDEFED   _system_post_cinit            
00000ec3  _system_pre_init              
00000eb5  abort                         
ffffffff  binit                         
00000000  interruptVectors              
0000085d  main                          


GLOBAL SYMBOLS: SORTED BY Symbol Address 

address   name                          
-------   ----                          
00000000  __TI_ATRegion0_region_sz      
00000000  __TI_ATRegion0_src_addr       
00000000  __TI_ATRegion0_trg_addr       
00000000  __TI_ATRegion1_region_sz      
00000000  __TI_ATRegion1_src_addr       
00000000  __TI_ATRegion1_trg_addr       
00000000  __TI_ATRegion2_region_sz      
00000000  __TI_ATRegion2_src_addr       
00000000  __TI_ATRegion2_trg_addr       
00000000  __TI_static_base__            
00000000  interruptVectors              
000000c1  Clock_Init80MHz               
00000200  __STACK_SIZE                  
00000200  __SYSMEM_SIZE                 
00000275  ST7735_DrawChar               
00000419  SPI1_Init                     
00000539  ST7735_FillRect               
00000651  ST7735_OutChar                
000007c3  __aeabi_idiv0                 
000007c5  ST7735_InitR                  
0000085d  main                          
0000097d  ST7735_DrawString             
00000a01  LaunchPad_Init                
00000a7d  __TI_decompress_lzss          
00000af9  TFT_OutCommand                
00000b5d  TFT_OutData                   
00000bc1  SPI1_Reset                    
00000c01  __aeabi_uidiv                 
00000c01  __aeabi_uidivmod              
00000c41  __TI_auto_init_nobinit_nopinit
00000c7d  ActivatePortA_B               
00000cb5  Clock_Delay1ms                
00000ce9  ST7735_SetCursor              
00000d4d  ST7735_FillScreen             
00000d79  _c_int00_noargs               
00000da1  ST7735_OutString              
00000dc9  CS_Init                       
00000e0d  ADC0_IRQHandler               
00000e0d  ADC1_IRQHandler               
00000e0d  AES_IRQHandler                
00000e0d  CANFD0_IRQHandler             
00000e0d  DAC0_IRQHandler               
00000e0d  DMA_IRQHandler                
00000e0d  Default_Handler               
00000e0d  GROUP0_IRQHandler             
00000e0d  GROUP1_IRQHandler             
00000e0d  I2C0_IRQHandler               
00000e0d  I2C1_IRQHandler               
00000e0d  NMI_Handler                   
00000e0d  PendSV_Handler                
00000e0d  RTC_IRQHandler                
00000e0d  SPI0_IRQHandler               
00000e0d  SPI1_IRQHandler               
00000e0d  SVC_Handler                   
00000e0d  SysTick_Handler               
00000e0d  TIMA0_IRQHandler              
00000e0d  TIMA1_IRQHandler              
00000e0d  TIMG0_IRQHandler              
00000e0d  TIMG12_IRQHandler             
00000e0d  TIMG6_IRQHandler              
00000e0d  TIMG7_IRQHandler              
00000e0d  TIMG8_IRQHandler              
00000e0d  UART0_IRQHandler              
00000e0d  UART1_IRQHandler              
00000e0d  UART2_IRQHandler              
00000e0d  UART3_IRQHandler              
00000e29  HardFault_Handler             
00000e45  __TI_zero_init_nomemset       
00000e5b  TI_memcpy_small               
00000e6d  __TI_decompress_none          
00000e7f  Clock_Delay                   
00000e8f  Delay                         
00000ea1  Clock_Freq                    
00000ead  __aeabi_memcpy                
00000ead  __aeabi_memcpy4               
00000ead  __aeabi_memcpy8               
00000eb5  abort                         
00000eba  C$$EXIT                       
00000ebb  HOSTexit                      
00000ebf  Reset_Handler                 
00000ec3  _system_pre_init              
00001469  Hello_Spanish                 
00001470  Hello_English                 
00001476  Hello_French                  
0000147b  Hello_Portuguese              
00001494  __TI_Handler_Table_Base       
000014a0  __TI_Handler_Table_Limit      
000014a8  __TI_CINIT_Base               
000014b8  __TI_CINIT_Limit              
000014b8  __TI_CINIT_Warm               
20200000  __start___llvm_prf_bits       
20200000  __start___llvm_prf_cnts       
20200000  __stop___llvm_prf_bits        
20200000  __stop___llvm_prf_cnts        
20200000  _sys_memory                   
20200200  BusFreq                       
20200204  SPI1_init_Flag                
20200208  StX                           
2020020c  StY                           
20200210  StTextColor                   
20207e00  __stack                       
20208000  __STACK_END                   
ffffffff  __TI_pprof_out_hndl           
ffffffff  __TI_prof_data_size           
ffffffff  __TI_prof_data_start          
ffffffff  __binit__                     
ffffffff  binit                         
UNDEFED   __mpu_init                    
UNDEFED   _system_post_cinit            

[109 symbols]
