<?xml version="1.0" encoding="ISO-8859-1" ?>
<link_info>
   <banner>TI ARM Clang Linker Unix v4.0.4.LTS</banner>
   <copyright>Copyright (c) 1996-2018 Texas Instruments Incorporated</copyright>
   <command_line>/Applications/ti/ccs2040/ccs/tools/compiler/ti-cgt-armllvm_4.0.4.LTS/bin/tiarmlnk -I/Applications/ti/ccs2040/ccs/tools/compiler/ti-cgt-armllvm_4.0.4.LTS/lib -o TFLuna.out -mTFLuna.map --stack_size=512 -i/Users/samarthkabbur/Documents/MSPM0LabProjects/TFLuna/Debug/syscfg -i/Applications/ti/ccs2040/ccs/tools/compiler/ti-cgt-armllvm_4.0.4.LTS/lib --diag_wrap=off --display_error_number --warn_sections --xml_link_info=TFLuna_linkInfo.xml --rom_model ./Clock.o ./LaunchPad.o ./RTOS_TFLuna.o ./SPI.o ./ST7735_SDC.o ./TFLuna1.o ./TFLuna2.o ./TFLuna3.o ./TFLunaCommon.o ./Timer.o ./ticlang/startup_mspm0g3507_ticlang.o ../mspm0g3507.cmd -l/Applications/ti/mspm0_sdk_2_09_00_01/source/ti/driverlib/lib/ticlang/m0p/mspm0g1x0x_g3x0x/driverlib.a -llibc.a --start-group -llibc++.a -llibc++abi.a -llibc.a -llibsys.a -llibsysbm.a -llibclang_rt.builtins.a -llibclang_rt.profile.a --end-group --cg_opt_level=0</command_line>
   <link_time>0x697a309a</link_time>
   <link_errors>0x0</link_errors>
   <output_file>/Users/samarthkabbur/Documents/MSPM0LabProjects/TFLuna/Debug/TFLuna.out</output_file>
   <entry_point>
      <name>_c_int00_noargs</name>
      <address>0x1d85</address>
   </entry_point>
   <input_file_list>
      <input_file id="fl-1">
         <path>/Users/samarthkabbur/Documents/MSPM0LabProjects/TFLuna/Debug/./</path>
         <kind>object</kind>
         <file>Clock.o</file>
         <name>Clock.o</name>
      </input_file>
      <input_file id="fl-2">
         <path>/Users/samarthkabbur/Documents/MSPM0LabProjects/TFLuna/Debug/./</path>
         <kind>object</kind>
         <file>LaunchPad.o</file>
         <name>LaunchPad.o</name>
      </input_file>
      <input_file id="fl-3">
         <path>/Users/samarthkabbur/Documents/MSPM0LabProjects/TFLuna/Debug/./</path>
         <kind>object</kind>
         <file>RTOS_TFLuna.o</file>
         <name>RTOS_TFLuna.o</name>
      </input_file>
      <input_file id="fl-4">
         <path>/Users/samarthkabbur/Documents/MSPM0LabProjects/TFLuna/Debug/./</path>
         <kind>object</kind>
         <file>SPI.o</file>
         <name>SPI.o</name>
      </input_file>
      <input_file id="fl-5">
         <path>/Users/samarthkabbur/Documents/MSPM0LabProjects/TFLuna/Debug/./</path>
         <kind>object</kind>
         <file>ST7735_SDC.o</file>
         <name>ST7735_SDC.o</name>
      </input_file>
      <input_file id="fl-6">
         <path>/Users/samarthkabbur/Documents/MSPM0LabProjects/TFLuna/Debug/./</path>
         <kind>object</kind>
         <file>TFLuna1.o</file>
         <name>TFLuna1.o</name>
      </input_file>
      <input_file id="fl-7">
         <path>/Users/samarthkabbur/Documents/MSPM0LabProjects/TFLuna/Debug/./</path>
         <kind>object</kind>
         <file>TFLuna2.o</file>
         <name>TFLuna2.o</name>
      </input_file>
      <input_file id="fl-8">
         <path>/Users/samarthkabbur/Documents/MSPM0LabProjects/TFLuna/Debug/./</path>
         <kind>object</kind>
         <file>TFLuna3.o</file>
         <name>TFLuna3.o</name>
      </input_file>
      <input_file id="fl-9">
         <path>/Users/samarthkabbur/Documents/MSPM0LabProjects/TFLuna/Debug/./</path>
         <kind>object</kind>
         <file>TFLunaCommon.o</file>
         <name>TFLunaCommon.o</name>
      </input_file>
      <input_file id="fl-a">
         <path>/Users/samarthkabbur/Documents/MSPM0LabProjects/TFLuna/Debug/./</path>
         <kind>object</kind>
         <file>Timer.o</file>
         <name>Timer.o</name>
      </input_file>
      <input_file id="fl-b">
         <path>/Users/samarthkabbur/Documents/MSPM0LabProjects/TFLuna/Debug/./ticlang/</path>
         <kind>object</kind>
         <file>startup_mspm0g3507_ticlang.o</file>
         <name>startup_mspm0g3507_ticlang.o</name>
      </input_file>
      <input_file id="fl-17">
         <path>/Users/samarthkabbur/Documents/MSPM0LabProjects/TFLuna/Debug/</path>
         <kind>object</kind>
         <file>&lt;internal&gt;</file>
         <name>&lt;internal&gt;</name>
      </input_file>
      <input_file id="fl-2e">
         <path>/Applications/ti/ccs2040/ccs/tools/compiler/ti-cgt-armllvm_4.0.4.LTS/lib/armv6m-ti-none-eabi/c/</path>
         <kind>archive</kind>
         <file>libc.a</file>
         <name>fopen.c.obj</name>
      </input_file>
      <input_file id="fl-2f">
         <path>/Applications/ti/ccs2040/ccs/tools/compiler/ti-cgt-armllvm_4.0.4.LTS/lib/armv6m-ti-none-eabi/c/</path>
         <kind>archive</kind>
         <file>libc.a</file>
         <name>setvbuf.c.obj</name>
      </input_file>
      <input_file id="fl-30">
         <path>/Applications/ti/ccs2040/ccs/tools/compiler/ti-cgt-armllvm_4.0.4.LTS/lib/armv6m-ti-none-eabi/c/</path>
         <kind>archive</kind>
         <file>libc.a</file>
         <name>aeabi_portable.c.obj</name>
      </input_file>
      <input_file id="fl-31">
         <path>/Applications/ti/ccs2040/ccs/tools/compiler/ti-cgt-armllvm_4.0.4.LTS/lib/armv6m-ti-none-eabi/c/</path>
         <kind>archive</kind>
         <file>libc.a</file>
         <name>exit.c.obj</name>
      </input_file>
      <input_file id="fl-32">
         <path>/Applications/ti/ccs2040/ccs/tools/compiler/ti-cgt-armllvm_4.0.4.LTS/lib/armv6m-ti-none-eabi/c/</path>
         <kind>archive</kind>
         <file>libc.a</file>
         <name>_lock.c.obj</name>
      </input_file>
      <input_file id="fl-33">
         <path>/Applications/ti/ccs2040/ccs/tools/compiler/ti-cgt-armllvm_4.0.4.LTS/lib/armv6m-ti-none-eabi/c/</path>
         <kind>archive</kind>
         <file>libc.a</file>
         <name>assert.c.obj</name>
      </input_file>
      <input_file id="fl-34">
         <path>/Applications/ti/ccs2040/ccs/tools/compiler/ti-cgt-armllvm_4.0.4.LTS/lib/armv6m-ti-none-eabi/c/</path>
         <kind>archive</kind>
         <file>libc.a</file>
         <name>defs.c.obj</name>
      </input_file>
      <input_file id="fl-35">
         <path>/Applications/ti/ccs2040/ccs/tools/compiler/ti-cgt-armllvm_4.0.4.LTS/lib/armv6m-ti-none-eabi/c/</path>
         <kind>archive</kind>
         <file>libc.a</file>
         <name>memory.c.obj</name>
      </input_file>
      <input_file id="fl-36">
         <path>/Applications/ti/ccs2040/ccs/tools/compiler/ti-cgt-armllvm_4.0.4.LTS/lib/armv6m-ti-none-eabi/c/</path>
         <kind>archive</kind>
         <file>libc.a</file>
         <name>strlen.c.obj</name>
      </input_file>
      <input_file id="fl-37">
         <path>/Applications/ti/ccs2040/ccs/tools/compiler/ti-cgt-armllvm_4.0.4.LTS/lib/armv6m-ti-none-eabi/c/</path>
         <kind>archive</kind>
         <file>libc.a</file>
         <name>boot_cortex_m.c.obj</name>
      </input_file>
      <input_file id="fl-38">
         <path>/Applications/ti/ccs2040/ccs/tools/compiler/ti-cgt-armllvm_4.0.4.LTS/lib/armv6m-ti-none-eabi/c/</path>
         <kind>archive</kind>
         <file>libc.a</file>
         <name>mathacl_init.c.obj</name>
      </input_file>
      <input_file id="fl-39">
         <path>/Applications/ti/ccs2040/ccs/tools/compiler/ti-cgt-armllvm_4.0.4.LTS/lib/armv6m-ti-none-eabi/c/</path>
         <kind>archive</kind>
         <file>libc.a</file>
         <name>autoinit.c.obj</name>
      </input_file>
      <input_file id="fl-3a">
         <path>/Applications/ti/ccs2040/ccs/tools/compiler/ti-cgt-armllvm_4.0.4.LTS/lib/armv6m-ti-none-eabi/c/</path>
         <kind>archive</kind>
         <file>libc.a</file>
         <name>pre_init.c.obj</name>
      </input_file>
      <input_file id="fl-3b">
         <path>/Applications/ti/ccs2040/ccs/tools/compiler/ti-cgt-armllvm_4.0.4.LTS/lib/armv6m-ti-none-eabi/c/</path>
         <kind>archive</kind>
         <file>libc.a</file>
         <name>cpy_tbl.c.obj</name>
      </input_file>
      <input_file id="fl-3c">
         <path>/Applications/ti/ccs2040/ccs/tools/compiler/ti-cgt-armllvm_4.0.4.LTS/lib/armv6m-ti-none-eabi/c/</path>
         <kind>archive</kind>
         <file>libc.a</file>
         <name>copy_zero_init.c.obj</name>
      </input_file>
      <input_file id="fl-3d">
         <path>/Applications/ti/ccs2040/ccs/tools/compiler/ti-cgt-armllvm_4.0.4.LTS/lib/armv6m-ti-none-eabi/c/</path>
         <kind>archive</kind>
         <file>libc.a</file>
         <name>copy_decompress_none.c.obj</name>
      </input_file>
      <input_file id="fl-3e">
         <path>/Applications/ti/ccs2040/ccs/tools/compiler/ti-cgt-armllvm_4.0.4.LTS/lib/armv6m-ti-none-eabi/c/</path>
         <kind>archive</kind>
         <file>libc.a</file>
         <name>copy_decompress_lzss.c.obj</name>
      </input_file>
      <input_file id="fl-3f">
         <path>/Applications/ti/ccs2040/ccs/tools/compiler/ti-cgt-armllvm_4.0.4.LTS/lib/armv6m-ti-none-eabi/c/</path>
         <kind>archive</kind>
         <file>libc.a</file>
         <name>sprintf.c.obj</name>
      </input_file>
      <input_file id="fl-40">
         <path>/Applications/ti/ccs2040/ccs/tools/compiler/ti-cgt-armllvm_4.0.4.LTS/lib/armv6m-ti-none-eabi/c/</path>
         <kind>archive</kind>
         <file>libc.a</file>
         <name>fclose.c.obj</name>
      </input_file>
      <input_file id="fl-41">
         <path>/Applications/ti/ccs2040/ccs/tools/compiler/ti-cgt-armllvm_4.0.4.LTS/lib/armv6m-ti-none-eabi/c/</path>
         <kind>archive</kind>
         <file>libc.a</file>
         <name>fflush.c.obj</name>
      </input_file>
      <input_file id="fl-42">
         <path>/Applications/ti/ccs2040/ccs/tools/compiler/ti-cgt-armllvm_4.0.4.LTS/lib/armv6m-ti-none-eabi/c/</path>
         <kind>archive</kind>
         <file>libc.a</file>
         <name>fputs.c.obj</name>
      </input_file>
      <input_file id="fl-43">
         <path>/Applications/ti/ccs2040/ccs/tools/compiler/ti-cgt-armllvm_4.0.4.LTS/lib/armv6m-ti-none-eabi/c/</path>
         <kind>archive</kind>
         <file>libc.a</file>
         <name>_io_perm.c.obj</name>
      </input_file>
      <input_file id="fl-44">
         <path>/Applications/ti/ccs2040/ccs/tools/compiler/ti-cgt-armllvm_4.0.4.LTS/lib/armv6m-ti-none-eabi/c/</path>
         <kind>archive</kind>
         <file>libc.a</file>
         <name>args_main.c.obj</name>
      </input_file>
      <input_file id="fl-45">
         <path>/Applications/ti/ccs2040/ccs/tools/compiler/ti-cgt-armllvm_4.0.4.LTS/lib/armv6m-ti-none-eabi/c/</path>
         <kind>archive</kind>
         <file>libc.a</file>
         <name>_printfi.c.obj</name>
      </input_file>
      <input_file id="fl-46">
         <path>/Applications/ti/ccs2040/ccs/tools/compiler/ti-cgt-armllvm_4.0.4.LTS/lib/armv6m-ti-none-eabi/c/</path>
         <kind>archive</kind>
         <file>libc.a</file>
         <name>fseek.c.obj</name>
      </input_file>
      <input_file id="fl-47">
         <path>/Applications/ti/ccs2040/ccs/tools/compiler/ti-cgt-armllvm_4.0.4.LTS/lib/armv6m-ti-none-eabi/c/</path>
         <kind>archive</kind>
         <file>libc.a</file>
         <name>_ltoa.c.obj</name>
      </input_file>
      <input_file id="fl-48">
         <path>/Applications/ti/ccs2040/ccs/tools/compiler/ti-cgt-armllvm_4.0.4.LTS/lib/armv6m-ti-none-eabi/c/</path>
         <kind>archive</kind>
         <file>libc.a</file>
         <name>atoi.c.obj</name>
      </input_file>
      <input_file id="fl-49">
         <path>/Applications/ti/ccs2040/ccs/tools/compiler/ti-cgt-armllvm_4.0.4.LTS/lib/armv6m-ti-none-eabi/c/</path>
         <kind>archive</kind>
         <file>libc.a</file>
         <name>memccpy.c.obj</name>
      </input_file>
      <input_file id="fl-4a">
         <path>/Applications/ti/ccs2040/ccs/tools/compiler/ti-cgt-armllvm_4.0.4.LTS/lib/armv6m-ti-none-eabi/c/</path>
         <kind>archive</kind>
         <file>libc.a</file>
         <name>s_frexp.c.obj</name>
      </input_file>
      <input_file id="fl-4b">
         <path>/Applications/ti/ccs2040/ccs/tools/compiler/ti-cgt-armllvm_4.0.4.LTS/lib/armv6m-ti-none-eabi/c/</path>
         <kind>archive</kind>
         <file>libc.a</file>
         <name>s_scalbn.c.obj</name>
      </input_file>
      <input_file id="fl-4c">
         <path>/Applications/ti/ccs2040/ccs/tools/compiler/ti-cgt-armllvm_4.0.4.LTS/lib/armv6m-ti-none-eabi/c/</path>
         <kind>archive</kind>
         <file>libc.a</file>
         <name>wcslen.c.obj</name>
      </input_file>
      <input_file id="fl-4d">
         <path>/Applications/ti/ccs2040/ccs/tools/compiler/ti-cgt-armllvm_4.0.4.LTS/lib/armv6m-ti-none-eabi/c/</path>
         <kind>archive</kind>
         <file>libc.a</file>
         <name>aeabi_ctype.S.obj</name>
      </input_file>
      <input_file id="fl-ed">
         <path>/Applications/ti/ccs2040/ccs/tools/compiler/ti-cgt-armllvm_4.0.4.LTS/lib/armv6m-ti-none-eabi/c/</path>
         <kind>archive</kind>
         <file>libsysbm.a</file>
         <name>hostexit.c.obj</name>
      </input_file>
      <input_file id="fl-ee">
         <path>/Applications/ti/ccs2040/ccs/tools/compiler/ti-cgt-armllvm_4.0.4.LTS/lib/armv6m-ti-none-eabi/c/</path>
         <kind>archive</kind>
         <file>libsysbm.a</file>
         <name>write.c.obj</name>
      </input_file>
      <input_file id="fl-ef">
         <path>/Applications/ti/ccs2040/ccs/tools/compiler/ti-cgt-armllvm_4.0.4.LTS/lib/armv6m-ti-none-eabi/c/</path>
         <kind>archive</kind>
         <file>libsysbm.a</file>
         <name>host_device.c.obj</name>
      </input_file>
      <input_file id="fl-f0">
         <path>/Applications/ti/ccs2040/ccs/tools/compiler/ti-cgt-armllvm_4.0.4.LTS/lib/armv6m-ti-none-eabi/c/</path>
         <kind>archive</kind>
         <file>libsysbm.a</file>
         <name>remove.c.obj</name>
      </input_file>
      <input_file id="fl-f1">
         <path>/Applications/ti/ccs2040/ccs/tools/compiler/ti-cgt-armllvm_4.0.4.LTS/lib/armv6m-ti-none-eabi/c/</path>
         <kind>archive</kind>
         <file>libsysbm.a</file>
         <name>open.c.obj</name>
      </input_file>
      <input_file id="fl-f2">
         <path>/Applications/ti/ccs2040/ccs/tools/compiler/ti-cgt-armllvm_4.0.4.LTS/lib/armv6m-ti-none-eabi/c/</path>
         <kind>archive</kind>
         <file>libsysbm.a</file>
         <name>lseek.c.obj</name>
      </input_file>
      <input_file id="fl-f3">
         <path>/Applications/ti/ccs2040/ccs/tools/compiler/ti-cgt-armllvm_4.0.4.LTS/lib/armv6m-ti-none-eabi/c/</path>
         <kind>archive</kind>
         <file>libsysbm.a</file>
         <name>close.c.obj</name>
      </input_file>
      <input_file id="fl-f4">
         <path>/Applications/ti/ccs2040/ccs/tools/compiler/ti-cgt-armllvm_4.0.4.LTS/lib/armv6m-ti-none-eabi/c/</path>
         <kind>archive</kind>
         <file>libsysbm.a</file>
         <name>add_device.c.obj</name>
      </input_file>
      <input_file id="fl-f5">
         <path>/Applications/ti/ccs2040/ccs/tools/compiler/ti-cgt-armllvm_4.0.4.LTS/lib/armv6m-ti-none-eabi/c/</path>
         <kind>archive</kind>
         <file>libsysbm.a</file>
         <name>unlink.c.obj</name>
      </input_file>
      <input_file id="fl-f6">
         <path>/Applications/ti/ccs2040/ccs/tools/compiler/ti-cgt-armllvm_4.0.4.LTS/lib/armv6m-ti-none-eabi/c/</path>
         <kind>archive</kind>
         <file>libsysbm.a</file>
         <name>hostclose.c.obj</name>
      </input_file>
      <input_file id="fl-f7">
         <path>/Applications/ti/ccs2040/ccs/tools/compiler/ti-cgt-armllvm_4.0.4.LTS/lib/armv6m-ti-none-eabi/c/</path>
         <kind>archive</kind>
         <file>libsysbm.a</file>
         <name>hostlseek.c.obj</name>
      </input_file>
      <input_file id="fl-f8">
         <path>/Applications/ti/ccs2040/ccs/tools/compiler/ti-cgt-armllvm_4.0.4.LTS/lib/armv6m-ti-none-eabi/c/</path>
         <kind>archive</kind>
         <file>libsysbm.a</file>
         <name>hostopen.c.obj</name>
      </input_file>
      <input_file id="fl-f9">
         <path>/Applications/ti/ccs2040/ccs/tools/compiler/ti-cgt-armllvm_4.0.4.LTS/lib/armv6m-ti-none-eabi/c/</path>
         <kind>archive</kind>
         <file>libsysbm.a</file>
         <name>hostread.c.obj</name>
      </input_file>
      <input_file id="fl-fa">
         <path>/Applications/ti/ccs2040/ccs/tools/compiler/ti-cgt-armllvm_4.0.4.LTS/lib/armv6m-ti-none-eabi/c/</path>
         <kind>archive</kind>
         <file>libsysbm.a</file>
         <name>hostrename.c.obj</name>
      </input_file>
      <input_file id="fl-fb">
         <path>/Applications/ti/ccs2040/ccs/tools/compiler/ti-cgt-armllvm_4.0.4.LTS/lib/armv6m-ti-none-eabi/c/</path>
         <kind>archive</kind>
         <file>libsysbm.a</file>
         <name>hostunlink.c.obj</name>
      </input_file>
      <input_file id="fl-fc">
         <path>/Applications/ti/ccs2040/ccs/tools/compiler/ti-cgt-armllvm_4.0.4.LTS/lib/armv6m-ti-none-eabi/c/</path>
         <kind>archive</kind>
         <file>libsysbm.a</file>
         <name>hostwrite.c.obj</name>
      </input_file>
      <input_file id="fl-fd">
         <path>/Applications/ti/ccs2040/ccs/tools/compiler/ti-cgt-armllvm_4.0.4.LTS/lib/armv6m-ti-none-eabi/c/</path>
         <kind>archive</kind>
         <file>libsysbm.a</file>
         <name>trgmsg.c.obj</name>
      </input_file>
      <input_file id="fl-fe">
         <path>/Applications/ti/ccs2040/ccs/tools/compiler/ti-cgt-armllvm_4.0.4.LTS/lib/armv6m-ti-none-eabi/</path>
         <kind>archive</kind>
         <file>libclang_rt.builtins.a</file>
         <name>adddf3.S.obj</name>
      </input_file>
      <input_file id="fl-ff">
         <path>/Applications/ti/ccs2040/ccs/tools/compiler/ti-cgt-armllvm_4.0.4.LTS/lib/armv6m-ti-none-eabi/</path>
         <kind>archive</kind>
         <file>libclang_rt.builtins.a</file>
         <name>muldf3.S.obj</name>
      </input_file>
      <input_file id="fl-100">
         <path>/Applications/ti/ccs2040/ccs/tools/compiler/ti-cgt-armllvm_4.0.4.LTS/lib/armv6m-ti-none-eabi/</path>
         <kind>archive</kind>
         <file>libclang_rt.builtins.a</file>
         <name>muldsi3.S.obj</name>
      </input_file>
      <input_file id="fl-101">
         <path>/Applications/ti/ccs2040/ccs/tools/compiler/ti-cgt-armllvm_4.0.4.LTS/lib/armv6m-ti-none-eabi/</path>
         <kind>archive</kind>
         <file>libclang_rt.builtins.a</file>
         <name>divdf3.S.obj</name>
      </input_file>
      <input_file id="fl-102">
         <path>/Applications/ti/ccs2040/ccs/tools/compiler/ti-cgt-armllvm_4.0.4.LTS/lib/armv6m-ti-none-eabi/</path>
         <kind>archive</kind>
         <file>libclang_rt.builtins.a</file>
         <name>fixdfsi.S.obj</name>
      </input_file>
      <input_file id="fl-103">
         <path>/Applications/ti/ccs2040/ccs/tools/compiler/ti-cgt-armllvm_4.0.4.LTS/lib/armv6m-ti-none-eabi/</path>
         <kind>archive</kind>
         <file>libclang_rt.builtins.a</file>
         <name>floatsidf.S.obj</name>
      </input_file>
      <input_file id="fl-104">
         <path>/Applications/ti/ccs2040/ccs/tools/compiler/ti-cgt-armllvm_4.0.4.LTS/lib/armv6m-ti-none-eabi/</path>
         <kind>archive</kind>
         <file>libclang_rt.builtins.a</file>
         <name>muldi3.S.obj</name>
      </input_file>
      <input_file id="fl-105">
         <path>/Applications/ti/ccs2040/ccs/tools/compiler/ti-cgt-armllvm_4.0.4.LTS/lib/armv6m-ti-none-eabi/</path>
         <kind>archive</kind>
         <file>libclang_rt.builtins.a</file>
         <name>aeabi_dcmp.S.obj</name>
      </input_file>
      <input_file id="fl-106">
         <path>/Applications/ti/ccs2040/ccs/tools/compiler/ti-cgt-armllvm_4.0.4.LTS/lib/armv6m-ti-none-eabi/</path>
         <kind>archive</kind>
         <file>libclang_rt.builtins.a</file>
         <name>aeabi_idivmod.S.obj</name>
      </input_file>
      <input_file id="fl-107">
         <path>/Applications/ti/ccs2040/ccs/tools/compiler/ti-cgt-armllvm_4.0.4.LTS/lib/armv6m-ti-none-eabi/</path>
         <kind>archive</kind>
         <file>libclang_rt.builtins.a</file>
         <name>aeabi_memcpy.S.obj</name>
      </input_file>
      <input_file id="fl-108">
         <path>/Applications/ti/ccs2040/ccs/tools/compiler/ti-cgt-armllvm_4.0.4.LTS/lib/armv6m-ti-none-eabi/</path>
         <kind>archive</kind>
         <file>libclang_rt.builtins.a</file>
         <name>aeabi_memset.S.obj</name>
      </input_file>
      <input_file id="fl-109">
         <path>/Applications/ti/ccs2040/ccs/tools/compiler/ti-cgt-armllvm_4.0.4.LTS/lib/armv6m-ti-none-eabi/</path>
         <kind>archive</kind>
         <file>libclang_rt.builtins.a</file>
         <name>aeabi_uidivmod.S.obj</name>
      </input_file>
      <input_file id="fl-10a">
         <path>/Applications/ti/ccs2040/ccs/tools/compiler/ti-cgt-armllvm_4.0.4.LTS/lib/armv6m-ti-none-eabi/</path>
         <kind>archive</kind>
         <file>libclang_rt.builtins.a</file>
         <name>aeabi_uldivmod.S.obj</name>
      </input_file>
      <input_file id="fl-10b">
         <path>/Applications/ti/ccs2040/ccs/tools/compiler/ti-cgt-armllvm_4.0.4.LTS/lib/armv6m-ti-none-eabi/</path>
         <kind>archive</kind>
         <file>libclang_rt.builtins.a</file>
         <name>udivmoddi4.S.obj</name>
      </input_file>
      <input_file id="fl-10c">
         <path>/Applications/ti/ccs2040/ccs/tools/compiler/ti-cgt-armllvm_4.0.4.LTS/lib/armv6m-ti-none-eabi/</path>
         <kind>archive</kind>
         <file>libclang_rt.builtins.a</file>
         <name>ashldi3.S.obj</name>
      </input_file>
      <input_file id="fl-10d">
         <path>/Applications/ti/ccs2040/ccs/tools/compiler/ti-cgt-armllvm_4.0.4.LTS/lib/armv6m-ti-none-eabi/</path>
         <kind>archive</kind>
         <file>libclang_rt.builtins.a</file>
         <name>comparedf2.c.obj</name>
      </input_file>
      <input_file id="fl-10e">
         <path>/Applications/ti/ccs2040/ccs/tools/compiler/ti-cgt-armllvm_4.0.4.LTS/lib/armv6m-ti-none-eabi/</path>
         <kind>archive</kind>
         <file>libclang_rt.builtins.a</file>
         <name>aeabi_div0.c.obj</name>
      </input_file>
      <input_file id="fl-10f">
         <path>/Applications/ti/ccs2040/ccs/tools/compiler/ti-cgt-armllvm_4.0.4.LTS/lib/armv6m-ti-none-eabi/c/</path>
         <kind>archive</kind>
         <file>libc.a</file>
         <name>getdevice.c.obj</name>
      </input_file>
      <input_file id="fl-110">
         <path>/Applications/ti/ccs2040/ccs/tools/compiler/ti-cgt-armllvm_4.0.4.LTS/lib/armv6m-ti-none-eabi/c/</path>
         <kind>archive</kind>
         <file>libc.a</file>
         <name>memcpy16.S.obj</name>
      </input_file>
      <input_file id="fl-111">
         <path>/Applications/ti/ccs2040/ccs/tools/compiler/ti-cgt-armllvm_4.0.4.LTS/lib/armv6m-ti-none-eabi/c/</path>
         <kind>archive</kind>
         <file>libc.a</file>
         <name>memset16.S.obj</name>
      </input_file>
      <input_file id="fl-112">
         <path>/Applications/ti/ccs2040/ccs/tools/compiler/ti-cgt-armllvm_4.0.4.LTS/lib/armv6m-ti-none-eabi/c/</path>
         <kind>archive</kind>
         <file>libc.a</file>
         <name>strcmp-armv6m.S.obj</name>
      </input_file>
   </input_file_list>
   <object_component_list>
      <object_component id="oc-18">
         <name>.intvecs</name>
         <load_address>0x0</load_address>
         <readonly>true</readonly>
         <run_address>0x0</run_address>
         <size>0xc0</size>
         <alignment>0x4</alignment>
         <input_file_ref idref="fl-b"/>
      </object_component>
      <object_component id="oc-bc">
         <name>.text.Clock_Init80MHz</name>
         <load_address>0xc0</load_address>
         <readonly>true</readonly>
         <executable>true</executable>
         <run_address>0xc0</run_address>
         <size>0x1b4</size>
         <alignment>0x4</alignment>
         <input_file_ref idref="fl-1"/>
      </object_component>
      <object_component id="oc-156">
         <name>.text.ST7735_DrawChar</name>
         <load_address>0x274</load_address>
         <readonly>true</readonly>
         <executable>true</executable>
         <run_address>0x274</run_address>
         <size>0x1a4</size>
         <alignment>0x4</alignment>
         <input_file_ref idref="fl-5"/>
      </object_component>
      <object_component id="oc-d3">
         <name>.text.TFLuna1_Init</name>
         <load_address>0x418</load_address>
         <readonly>true</readonly>
         <executable>true</executable>
         <run_address>0x418</run_address>
         <size>0x174</size>
         <alignment>0x4</alignment>
         <input_file_ref idref="fl-6"/>
      </object_component>
      <object_component id="oc-d4">
         <name>.text.TFLuna2_Init</name>
         <load_address>0x58c</load_address>
         <readonly>true</readonly>
         <executable>true</executable>
         <run_address>0x58c</run_address>
         <size>0x174</size>
         <alignment>0x4</alignment>
         <input_file_ref idref="fl-7"/>
      </object_component>
      <object_component id="oc-d5">
         <name>.text.TFLuna3_Init</name>
         <load_address>0x700</load_address>
         <readonly>true</readonly>
         <executable>true</executable>
         <run_address>0x700</run_address>
         <size>0x174</size>
         <alignment>0x4</alignment>
         <input_file_ref idref="fl-8"/>
      </object_component>
      <object_component id="oc-6b">
         <name>.text.copyHardwareToSoftware1</name>
         <load_address>0x874</load_address>
         <readonly>true</readonly>
         <executable>true</executable>
         <run_address>0x874</run_address>
         <size>0x144</size>
         <alignment>0x4</alignment>
         <input_file_ref idref="fl-6"/>
      </object_component>
      <object_component id="oc-70">
         <name>.text.copyHardwareToSoftware2</name>
         <load_address>0x9b8</load_address>
         <readonly>true</readonly>
         <executable>true</executable>
         <run_address>0x9b8</run_address>
         <size>0x144</size>
         <alignment>0x4</alignment>
         <input_file_ref idref="fl-7"/>
      </object_component>
      <object_component id="oc-66">
         <name>.text.copyHardwareToSoftware3</name>
         <load_address>0xafc</load_address>
         <readonly>true</readonly>
         <executable>true</executable>
         <run_address>0xafc</run_address>
         <size>0x144</size>
         <alignment>0x4</alignment>
         <input_file_ref idref="fl-8"/>
      </object_component>
      <object_component id="oc-82">
         <name>.text.main</name>
         <load_address>0xc40</load_address>
         <readonly>true</readonly>
         <executable>true</executable>
         <run_address>0xc40</run_address>
         <size>0x134</size>
         <alignment>0x4</alignment>
         <input_file_ref idref="fl-3"/>
      </object_component>
      <object_component id="oc-c6">
         <name>.text.SPI1_Init</name>
         <load_address>0xd74</load_address>
         <readonly>true</readonly>
         <executable>true</executable>
         <run_address>0xd74</run_address>
         <size>0x120</size>
         <alignment>0x4</alignment>
         <input_file_ref idref="fl-4"/>
      </object_component>
      <object_component id="oc-13d">
         <name>.text.ST7735_FillRect</name>
         <load_address>0xe94</load_address>
         <readonly>true</readonly>
         <executable>true</executable>
         <run_address>0xe94</run_address>
         <size>0x118</size>
         <alignment>0x4</alignment>
         <input_file_ref idref="fl-5"/>
      </object_component>
      <object_component id="oc-142">
         <name>.text.ST7735_OutChar</name>
         <load_address>0xfac</load_address>
         <readonly>true</readonly>
         <executable>true</executable>
         <run_address>0xfac</run_address>
         <size>0xd0</size>
         <alignment>0x4</alignment>
         <input_file_ref idref="fl-5"/>
      </object_component>
      <object_component id="oc-130">
         <name>.text.commandList</name>
         <load_address>0x107c</load_address>
         <readonly>true</readonly>
         <executable>true</executable>
         <run_address>0x107c</run_address>
         <size>0xa2</size>
         <alignment>0x2</alignment>
         <input_file_ref idref="fl-5"/>
      </object_component>
      <object_component id="oc-16b">
         <name>.text.__aeabi_idiv0</name>
         <load_address>0x111e</load_address>
         <readonly>true</readonly>
         <executable>true</executable>
         <run_address>0x111e</run_address>
         <size>0x2</size>
         <alignment>0x2</alignment>
         <input_file_ref idref="fl-10e"/>
      </object_component>
      <object_component id="oc-cb">
         <name>.text.ST7735_InitR</name>
         <load_address>0x1120</load_address>
         <readonly>true</readonly>
         <executable>true</executable>
         <run_address>0x1120</run_address>
         <size>0x98</size>
         <alignment>0x4</alignment>
         <input_file_ref idref="fl-5"/>
      </object_component>
      <object_component id="oc-154">
         <name>.text.fillmessage4</name>
         <load_address>0x11b8</load_address>
         <readonly>true</readonly>
         <executable>true</executable>
         <run_address>0x11b8</run_address>
         <size>0x88</size>
         <alignment>0x4</alignment>
         <input_file_ref idref="fl-5"/>
      </object_component>
      <object_component id="oc-172">
         <name>.text.setAddrWindow</name>
         <load_address>0x1240</load_address>
         <readonly>true</readonly>
         <executable>true</executable>
         <run_address>0x1240</run_address>
         <size>0x88</size>
         <alignment>0x4</alignment>
         <input_file_ref idref="fl-5"/>
      </object_component>
      <object_component id="oc-155">
         <name>.text.ST7735_DrawString</name>
         <load_address>0x12c8</load_address>
         <readonly>true</readonly>
         <executable>true</executable>
         <run_address>0x12c8</run_address>
         <size>0x84</size>
         <alignment>0x2</alignment>
         <input_file_ref idref="fl-5"/>
      </object_component>
      <object_component id="oc-e2">
         <name>.text.ST7735_OutUDec4</name>
         <load_address>0x134c</load_address>
         <readonly>true</readonly>
         <executable>true</executable>
         <run_address>0x134c</run_address>
         <size>0x84</size>
         <alignment>0x4</alignment>
         <input_file_ref idref="fl-5"/>
      </object_component>
      <object_component id="oc-c1">
         <name>.text.LaunchPad_Init</name>
         <load_address>0x13d0</load_address>
         <readonly>true</readonly>
         <executable>true</executable>
         <run_address>0x13d0</run_address>
         <size>0x7c</size>
         <alignment>0x4</alignment>
         <input_file_ref idref="fl-2"/>
      </object_component>
      <object_component id="oc-1c">
         <name>.text:decompress:lzss</name>
         <load_address>0x144c</load_address>
         <readonly>true</readonly>
         <executable>true</executable>
         <run_address>0x144c</run_address>
         <size>0x7c</size>
         <alignment>0x4</alignment>
         <input_file_ref idref="fl-3e"/>
      </object_component>
      <object_component id="oc-131">
         <name>.text.TFT_OutCommand</name>
         <load_address>0x14c8</load_address>
         <readonly>true</readonly>
         <executable>true</executable>
         <run_address>0x14c8</run_address>
         <size>0x64</size>
         <alignment>0x4</alignment>
         <input_file_ref idref="fl-4"/>
      </object_component>
      <object_component id="oc-132">
         <name>.text.TFT_OutData</name>
         <load_address>0x152c</load_address>
         <readonly>true</readonly>
         <executable>true</executable>
         <run_address>0x152c</run_address>
         <size>0x64</size>
         <alignment>0x4</alignment>
         <input_file_ref idref="fl-4"/>
      </object_component>
      <object_component id="oc-3a">
         <name>.text.UART1_IRQHandler</name>
         <load_address>0x1590</load_address>
         <readonly>true</readonly>
         <executable>true</executable>
         <run_address>0x1590</run_address>
         <size>0x5c</size>
         <alignment>0x4</alignment>
         <input_file_ref idref="fl-6"/>
      </object_component>
      <object_component id="oc-3f">
         <name>.text.UART2_IRQHandler</name>
         <load_address>0x15ec</load_address>
         <readonly>true</readonly>
         <executable>true</executable>
         <run_address>0x15ec</run_address>
         <size>0x5c</size>
         <alignment>0x4</alignment>
         <input_file_ref idref="fl-7"/>
      </object_component>
      <object_component id="oc-35">
         <name>.text.UART3_IRQHandler</name>
         <load_address>0x1648</load_address>
         <readonly>true</readonly>
         <executable>true</executable>
         <run_address>0x1648</run_address>
         <size>0x5c</size>
         <alignment>0x4</alignment>
         <input_file_ref idref="fl-8"/>
      </object_component>
      <object_component id="oc-17a">
         <name>.text.fillmessage</name>
         <load_address>0x16a4</load_address>
         <readonly>true</readonly>
         <executable>true</executable>
         <run_address>0x16a4</run_address>
         <size>0x54</size>
         <alignment>0x4</alignment>
         <input_file_ref idref="fl-5"/>
      </object_component>
      <object_component id="oc-9d">
         <name>.text.Rx1Fifo_Put</name>
         <load_address>0x16f8</load_address>
         <readonly>true</readonly>
         <executable>true</executable>
         <run_address>0x16f8</run_address>
         <size>0x4c</size>
         <alignment>0x4</alignment>
         <input_file_ref idref="fl-6"/>
      </object_component>
      <object_component id="oc-a8">
         <name>.text.Rx2Fifo_Put</name>
         <load_address>0x1744</load_address>
         <readonly>true</readonly>
         <executable>true</executable>
         <run_address>0x1744</run_address>
         <size>0x4c</size>
         <alignment>0x4</alignment>
         <input_file_ref idref="fl-7"/>
      </object_component>
      <object_component id="oc-92">
         <name>.text.Rx3Fifo_Put</name>
         <load_address>0x1790</load_address>
         <readonly>true</readonly>
         <executable>true</executable>
         <run_address>0x1790</run_address>
         <size>0x4c</size>
         <alignment>0x4</alignment>
         <input_file_ref idref="fl-8"/>
      </object_component>
      <object_component id="oc-18b">
         <name>.text.Tx1Fifo_Put</name>
         <load_address>0x17dc</load_address>
         <readonly>true</readonly>
         <executable>true</executable>
         <run_address>0x17dc</run_address>
         <size>0x4c</size>
         <alignment>0x4</alignment>
         <input_file_ref idref="fl-6"/>
      </object_component>
      <object_component id="oc-18c">
         <name>.text.Tx2Fifo_Put</name>
         <load_address>0x1828</load_address>
         <readonly>true</readonly>
         <executable>true</executable>
         <run_address>0x1828</run_address>
         <size>0x4c</size>
         <alignment>0x4</alignment>
         <input_file_ref idref="fl-7"/>
      </object_component>
      <object_component id="oc-18d">
         <name>.text.Tx3Fifo_Put</name>
         <load_address>0x1874</load_address>
         <readonly>true</readonly>
         <executable>true</executable>
         <run_address>0x1874</run_address>
         <size>0x4c</size>
         <alignment>0x4</alignment>
         <input_file_ref idref="fl-8"/>
      </object_component>
      <object_component id="oc-6c">
         <name>.text.copySoftwareToHardware1</name>
         <load_address>0x18c0</load_address>
         <readonly>true</readonly>
         <executable>true</executable>
         <run_address>0x18c0</run_address>
         <size>0x4c</size>
         <alignment>0x4</alignment>
         <input_file_ref idref="fl-6"/>
      </object_component>
      <object_component id="oc-71">
         <name>.text.copySoftwareToHardware2</name>
         <load_address>0x190c</load_address>
         <readonly>true</readonly>
         <executable>true</executable>
         <run_address>0x190c</run_address>
         <size>0x4c</size>
         <alignment>0x4</alignment>
         <input_file_ref idref="fl-7"/>
      </object_component>
      <object_component id="oc-67">
         <name>.text.copySoftwareToHardware3</name>
         <load_address>0x1958</load_address>
         <readonly>true</readonly>
         <executable>true</executable>
         <run_address>0x1958</run_address>
         <size>0x4c</size>
         <alignment>0x4</alignment>
         <input_file_ref idref="fl-8"/>
      </object_component>
      <object_component id="oc-a4">
         <name>.text.Tx1Fifo_Get</name>
         <load_address>0x19a4</load_address>
         <readonly>true</readonly>
         <executable>true</executable>
         <run_address>0x19a4</run_address>
         <size>0x48</size>
         <alignment>0x4</alignment>
         <input_file_ref idref="fl-6"/>
      </object_component>
      <object_component id="oc-af">
         <name>.text.Tx2Fifo_Get</name>
         <load_address>0x19ec</load_address>
         <readonly>true</readonly>
         <executable>true</executable>
         <run_address>0x19ec</run_address>
         <size>0x48</size>
         <alignment>0x4</alignment>
         <input_file_ref idref="fl-7"/>
      </object_component>
      <object_component id="oc-99">
         <name>.text.Tx3Fifo_Get</name>
         <load_address>0x1a34</load_address>
         <readonly>true</readonly>
         <executable>true</executable>
         <run_address>0x1a34</run_address>
         <size>0x48</size>
         <alignment>0x4</alignment>
         <input_file_ref idref="fl-8"/>
      </object_component>
      <object_component id="oc-12b">
         <name>.text.SPI1_Reset</name>
         <load_address>0x1a7c</load_address>
         <readonly>true</readonly>
         <executable>true</executable>
         <run_address>0x1a7c</run_address>
         <size>0x40</size>
         <alignment>0x4</alignment>
         <input_file_ref idref="fl-4"/>
      </object_component>
      <object_component id="oc-174">
         <name>.text.TFLuna1_OutChar</name>
         <load_address>0x1abc</load_address>
         <readonly>true</readonly>
         <executable>true</executable>
         <run_address>0x1abc</run_address>
         <size>0x40</size>
         <alignment>0x4</alignment>
         <input_file_ref idref="fl-6"/>
      </object_component>
      <object_component id="oc-178">
         <name>.text.TFLuna2_OutChar</name>
         <load_address>0x1afc</load_address>
         <readonly>true</readonly>
         <executable>true</executable>
         <run_address>0x1afc</run_address>
         <size>0x40</size>
         <alignment>0x4</alignment>
         <input_file_ref idref="fl-7"/>
      </object_component>
      <object_component id="oc-179">
         <name>.text.TFLuna3_OutChar</name>
         <load_address>0x1b3c</load_address>
         <readonly>true</readonly>
         <executable>true</executable>
         <run_address>0x1b3c</run_address>
         <size>0x40</size>
         <alignment>0x4</alignment>
         <input_file_ref idref="fl-8"/>
      </object_component>
      <object_component id="oc-127">
         <name>.text.__aeabi_uidivmod</name>
         <load_address>0x1b7c</load_address>
         <readonly>true</readonly>
         <executable>true</executable>
         <run_address>0x1b7c</run_address>
         <size>0x40</size>
         <alignment>0x4</alignment>
         <input_file_ref idref="fl-109"/>
      </object_component>
      <object_component id="oc-f9">
         <name>.text:__TI_auto_init_nobinit_nopinit</name>
         <load_address>0x1bbc</load_address>
         <readonly>true</readonly>
         <executable>true</executable>
         <run_address>0x1bbc</run_address>
         <size>0x3c</size>
         <alignment>0x4</alignment>
         <input_file_ref idref="fl-39"/>
      </object_component>
      <object_component id="oc-121">
         <name>.text.ActivatePortA_B</name>
         <load_address>0x1bf8</load_address>
         <readonly>true</readonly>
         <executable>true</executable>
         <run_address>0x1bf8</run_address>
         <size>0x38</size>
         <alignment>0x4</alignment>
         <input_file_ref idref="fl-2"/>
      </object_component>
      <object_component id="oc-171">
         <name>.text.Clock_Delay1ms</name>
         <load_address>0x1c30</load_address>
         <readonly>true</readonly>
         <executable>true</executable>
         <run_address>0x1c30</run_address>
         <size>0x34</size>
         <alignment>0x4</alignment>
         <input_file_ref idref="fl-1"/>
      </object_component>
      <object_component id="oc-d1">
         <name>.text.ST7735_SetCursor</name>
         <load_address>0x1c64</load_address>
         <readonly>true</readonly>
         <executable>true</executable>
         <run_address>0x1c64</run_address>
         <size>0x34</size>
         <alignment>0x4</alignment>
         <input_file_ref idref="fl-5"/>
      </object_component>
      <object_component id="oc-14c">
         <name>.text.TFLuna1_SendMessage</name>
         <load_address>0x1c98</load_address>
         <readonly>true</readonly>
         <executable>true</executable>
         <run_address>0x1c98</run_address>
         <size>0x30</size>
         <alignment>0x2</alignment>
         <input_file_ref idref="fl-6"/>
      </object_component>
      <object_component id="oc-152">
         <name>.text.TFLuna2_SendMessage</name>
         <load_address>0x1cc8</load_address>
         <readonly>true</readonly>
         <executable>true</executable>
         <run_address>0x1cc8</run_address>
         <size>0x30</size>
         <alignment>0x2</alignment>
         <input_file_ref idref="fl-7"/>
      </object_component>
      <object_component id="oc-153">
         <name>.text.TFLuna3_SendMessage</name>
         <load_address>0x1cf8</load_address>
         <readonly>true</readonly>
         <executable>true</executable>
         <run_address>0x1cf8</run_address>
         <size>0x30</size>
         <alignment>0x2</alignment>
         <input_file_ref idref="fl-8"/>
      </object_component>
      <object_component id="oc-12f">
         <name>.text.commonInit</name>
         <load_address>0x1d28</load_address>
         <readonly>true</readonly>
         <executable>true</executable>
         <run_address>0x1d28</run_address>
         <size>0x30</size>
         <alignment>0x4</alignment>
         <input_file_ref idref="fl-5"/>
      </object_component>
      <object_component id="oc-d0">
         <name>.text.ST7735_FillScreen</name>
         <load_address>0x1d58</load_address>
         <readonly>true</readonly>
         <executable>true</executable>
         <run_address>0x1d58</run_address>
         <size>0x2c</size>
         <alignment>0x4</alignment>
         <input_file_ref idref="fl-5"/>
      </object_component>
      <object_component id="oc-5f">
         <name>.text:_c_int00_noargs</name>
         <load_address>0x1d84</load_address>
         <readonly>true</readonly>
         <executable>true</executable>
         <run_address>0x1d84</run_address>
         <size>0x28</size>
         <alignment>0x4</alignment>
         <input_file_ref idref="fl-37"/>
      </object_component>
      <object_component id="oc-d2">
         <name>.text.ST7735_OutString</name>
         <load_address>0x1dac</load_address>
         <readonly>true</readonly>
         <executable>true</executable>
         <run_address>0x1dac</run_address>
         <size>0x26</size>
         <alignment>0x2</alignment>
         <input_file_ref idref="fl-5"/>
      </object_component>
      <object_component id="oc-124">
         <name>.text.CS_Init</name>
         <load_address>0x1dd4</load_address>
         <readonly>true</readonly>
         <executable>true</executable>
         <run_address>0x1dd4</run_address>
         <size>0x24</size>
         <alignment>0x4</alignment>
         <input_file_ref idref="fl-4"/>
      </object_component>
      <object_component id="oc-e7">
         <name>.text.Background1</name>
         <load_address>0x1df8</load_address>
         <readonly>true</readonly>
         <executable>true</executable>
         <run_address>0x1df8</run_address>
         <size>0x20</size>
         <alignment>0x4</alignment>
         <input_file_ref idref="fl-3"/>
      </object_component>
      <object_component id="oc-e8">
         <name>.text.Background2</name>
         <load_address>0x1e18</load_address>
         <readonly>true</readonly>
         <executable>true</executable>
         <run_address>0x1e18</run_address>
         <size>0x20</size>
         <alignment>0x4</alignment>
         <input_file_ref idref="fl-3"/>
      </object_component>
      <object_component id="oc-e9">
         <name>.text.Background3</name>
         <load_address>0x1e38</load_address>
         <readonly>true</readonly>
         <executable>true</executable>
         <run_address>0x1e38</run_address>
         <size>0x20</size>
         <alignment>0x4</alignment>
         <input_file_ref idref="fl-3"/>
      </object_component>
      <object_component id="oc-17b">
         <name>.text.pushColor</name>
         <load_address>0x1e58</load_address>
         <readonly>true</readonly>
         <executable>true</executable>
         <run_address>0x1e58</run_address>
         <size>0x1e</size>
         <alignment>0x2</alignment>
         <input_file_ref idref="fl-5"/>
      </object_component>
      <object_component id="oc-33">
         <name>.text.Default_Handler</name>
         <load_address>0x1e78</load_address>
         <readonly>true</readonly>
         <executable>true</executable>
         <run_address>0x1e78</run_address>
         <size>0x1c</size>
         <alignment>0x4</alignment>
         <input_file_ref idref="fl-b"/>
      </object_component>
      <object_component id="oc-34">
         <name>.text.HardFault_Handler</name>
         <load_address>0x1e94</load_address>
         <readonly>true</readonly>
         <executable>true</executable>
         <run_address>0x1e94</run_address>
         <size>0x1c</size>
         <alignment>0x4</alignment>
         <input_file_ref idref="fl-b"/>
      </object_component>
      <object_component id="oc-9c">
         <name>.text.TFLuna1_InStatus</name>
         <load_address>0x1eb0</load_address>
         <readonly>true</readonly>
         <executable>true</executable>
         <run_address>0x1eb0</run_address>
         <size>0x18</size>
         <alignment>0x4</alignment>
         <input_file_ref idref="fl-6"/>
      </object_component>
      <object_component id="oc-6d">
         <name>.text.TFLuna1_OutStatus</name>
         <load_address>0x1ec8</load_address>
         <readonly>true</readonly>
         <executable>true</executable>
         <run_address>0x1ec8</run_address>
         <size>0x18</size>
         <alignment>0x4</alignment>
         <input_file_ref idref="fl-6"/>
      </object_component>
      <object_component id="oc-a7">
         <name>.text.TFLuna2_InStatus</name>
         <load_address>0x1ee0</load_address>
         <readonly>true</readonly>
         <executable>true</executable>
         <run_address>0x1ee0</run_address>
         <size>0x18</size>
         <alignment>0x4</alignment>
         <input_file_ref idref="fl-7"/>
      </object_component>
      <object_component id="oc-72">
         <name>.text.TFLuna2_OutStatus</name>
         <load_address>0x1ef8</load_address>
         <readonly>true</readonly>
         <executable>true</executable>
         <run_address>0x1ef8</run_address>
         <size>0x18</size>
         <alignment>0x4</alignment>
         <input_file_ref idref="fl-7"/>
      </object_component>
      <object_component id="oc-91">
         <name>.text.TFLuna3_InStatus</name>
         <load_address>0x1f10</load_address>
         <readonly>true</readonly>
         <executable>true</executable>
         <run_address>0x1f10</run_address>
         <size>0x18</size>
         <alignment>0x4</alignment>
         <input_file_ref idref="fl-8"/>
      </object_component>
      <object_component id="oc-68">
         <name>.text.TFLuna3_OutStatus</name>
         <load_address>0x1f28</load_address>
         <readonly>true</readonly>
         <executable>true</executable>
         <run_address>0x1f28</run_address>
         <size>0x18</size>
         <alignment>0x4</alignment>
         <input_file_ref idref="fl-8"/>
      </object_component>
      <object_component id="oc-56">
         <name>.text:decompress:ZI:__TI_zero_init_nomemset</name>
         <load_address>0x1f40</load_address>
         <readonly>true</readonly>
         <executable>true</executable>
         <run_address>0x1f40</run_address>
         <size>0x16</size>
         <alignment>0x2</alignment>
         <input_file_ref idref="fl-3c"/>
      </object_component>
      <object_component id="oc-144">
         <name>.text.Rx1Fifo_Init</name>
         <load_address>0x1f58</load_address>
         <readonly>true</readonly>
         <executable>true</executable>
         <run_address>0x1f58</run_address>
         <size>0x14</size>
         <alignment>0x4</alignment>
         <input_file_ref idref="fl-6"/>
      </object_component>
      <object_component id="oc-147">
         <name>.text.Rx2Fifo_Init</name>
         <load_address>0x1f6c</load_address>
         <readonly>true</readonly>
         <executable>true</executable>
         <run_address>0x1f6c</run_address>
         <size>0x14</size>
         <alignment>0x4</alignment>
         <input_file_ref idref="fl-7"/>
      </object_component>
      <object_component id="oc-14a">
         <name>.text.Rx3Fifo_Init</name>
         <load_address>0x1f80</load_address>
         <readonly>true</readonly>
         <executable>true</executable>
         <run_address>0x1f80</run_address>
         <size>0x14</size>
         <alignment>0x4</alignment>
         <input_file_ref idref="fl-8"/>
      </object_component>
      <object_component id="oc-143">
         <name>.text.Tx1Fifo_Init</name>
         <load_address>0x1f94</load_address>
         <readonly>true</readonly>
         <executable>true</executable>
         <run_address>0x1f94</run_address>
         <size>0x14</size>
         <alignment>0x4</alignment>
         <input_file_ref idref="fl-6"/>
      </object_component>
      <object_component id="oc-146">
         <name>.text.Tx2Fifo_Init</name>
         <load_address>0x1fa8</load_address>
         <readonly>true</readonly>
         <executable>true</executable>
         <run_address>0x1fa8</run_address>
         <size>0x14</size>
         <alignment>0x4</alignment>
         <input_file_ref idref="fl-7"/>
      </object_component>
      <object_component id="oc-149">
         <name>.text.Tx3Fifo_Init</name>
         <load_address>0x1fbc</load_address>
         <readonly>true</readonly>
         <executable>true</executable>
         <run_address>0x1fbc</run_address>
         <size>0x14</size>
         <alignment>0x4</alignment>
         <input_file_ref idref="fl-8"/>
      </object_component>
      <object_component id="oc-b2">
         <name>.text:TI_memcpy_small</name>
         <load_address>0x1fd0</load_address>
         <readonly>true</readonly>
         <executable>true</executable>
         <run_address>0x1fd0</run_address>
         <size>0x12</size>
         <alignment>0x1</alignment>
         <input_file_ref idref="fl-110"/>
      </object_component>
      <object_component id="oc-20">
         <name>.text:decompress:none</name>
         <load_address>0x1fe2</load_address>
         <readonly>true</readonly>
         <executable>true</executable>
         <run_address>0x1fe2</run_address>
         <size>0x12</size>
         <alignment>0x2</alignment>
         <input_file_ref idref="fl-3d"/>
      </object_component>
      <object_component id="oc-126">
         <name>.text.Clock_Delay</name>
         <load_address>0x1ff4</load_address>
         <readonly>true</readonly>
         <executable>true</executable>
         <run_address>0x1ff4</run_address>
         <size>0x10</size>
         <alignment>0x2</alignment>
         <input_file_ref idref="fl-1"/>
      </object_component>
      <object_component id="oc-16a">
         <name>.text.Delay</name>
         <load_address>0x2004</load_address>
         <readonly>true</readonly>
         <executable>true</executable>
         <run_address>0x2004</run_address>
         <size>0x10</size>
         <alignment>0x2</alignment>
         <input_file_ref idref="fl-2"/>
      </object_component>
      <object_component id="oc-d6">
         <name>.text.TFLuna1_Format_Standard_mm</name>
         <load_address>0x2014</load_address>
         <readonly>true</readonly>
         <executable>true</executable>
         <run_address>0x2014</run_address>
         <size>0x10</size>
         <alignment>0x4</alignment>
         <input_file_ref idref="fl-6"/>
      </object_component>
      <object_component id="oc-d7">
         <name>.text.TFLuna1_Frame_Rate</name>
         <load_address>0x2024</load_address>
         <readonly>true</readonly>
         <executable>true</executable>
         <run_address>0x2024</run_address>
         <size>0x10</size>
         <alignment>0x4</alignment>
         <input_file_ref idref="fl-6"/>
      </object_component>
      <object_component id="oc-d8">
         <name>.text.TFLuna1_SaveSettings</name>
         <load_address>0x2034</load_address>
         <readonly>true</readonly>
         <executable>true</executable>
         <run_address>0x2034</run_address>
         <size>0x10</size>
         <alignment>0x4</alignment>
         <input_file_ref idref="fl-6"/>
      </object_component>
      <object_component id="oc-d9">
         <name>.text.TFLuna1_System_Reset</name>
         <load_address>0x2044</load_address>
         <readonly>true</readonly>
         <executable>true</executable>
         <run_address>0x2044</run_address>
         <size>0x10</size>
         <alignment>0x4</alignment>
         <input_file_ref idref="fl-6"/>
      </object_component>
      <object_component id="oc-da">
         <name>.text.TFLuna2_Format_Standard_mm</name>
         <load_address>0x2054</load_address>
         <readonly>true</readonly>
         <executable>true</executable>
         <run_address>0x2054</run_address>
         <size>0x10</size>
         <alignment>0x4</alignment>
         <input_file_ref idref="fl-7"/>
      </object_component>
      <object_component id="oc-db">
         <name>.text.TFLuna2_Frame_Rate</name>
         <load_address>0x2064</load_address>
         <readonly>true</readonly>
         <executable>true</executable>
         <run_address>0x2064</run_address>
         <size>0x10</size>
         <alignment>0x4</alignment>
         <input_file_ref idref="fl-7"/>
      </object_component>
      <object_component id="oc-dc">
         <name>.text.TFLuna2_SaveSettings</name>
         <load_address>0x2074</load_address>
         <readonly>true</readonly>
         <executable>true</executable>
         <run_address>0x2074</run_address>
         <size>0x10</size>
         <alignment>0x4</alignment>
         <input_file_ref idref="fl-7"/>
      </object_component>
      <object_component id="oc-dd">
         <name>.text.TFLuna2_System_Reset</name>
         <load_address>0x2084</load_address>
         <readonly>true</readonly>
         <executable>true</executable>
         <run_address>0x2084</run_address>
         <size>0x10</size>
         <alignment>0x4</alignment>
         <input_file_ref idref="fl-7"/>
      </object_component>
      <object_component id="oc-de">
         <name>.text.TFLuna3_Format_Standard_mm</name>
         <load_address>0x2094</load_address>
         <readonly>true</readonly>
         <executable>true</executable>
         <run_address>0x2094</run_address>
         <size>0x10</size>
         <alignment>0x4</alignment>
         <input_file_ref idref="fl-8"/>
      </object_component>
      <object_component id="oc-df">
         <name>.text.TFLuna3_Frame_Rate</name>
         <load_address>0x20a4</load_address>
         <readonly>true</readonly>
         <executable>true</executable>
         <run_address>0x20a4</run_address>
         <size>0x10</size>
         <alignment>0x4</alignment>
         <input_file_ref idref="fl-8"/>
      </object_component>
      <object_component id="oc-e0">
         <name>.text.TFLuna3_SaveSettings</name>
         <load_address>0x20b4</load_address>
         <readonly>true</readonly>
         <executable>true</executable>
         <run_address>0x20b4</run_address>
         <size>0x10</size>
         <alignment>0x4</alignment>
         <input_file_ref idref="fl-8"/>
      </object_component>
      <object_component id="oc-e1">
         <name>.text.TFLuna3_System_Reset</name>
         <load_address>0x20c4</load_address>
         <readonly>true</readonly>
         <executable>true</executable>
         <run_address>0x20c4</run_address>
         <size>0x10</size>
         <alignment>0x4</alignment>
         <input_file_ref idref="fl-8"/>
      </object_component>
      <object_component id="oc-125">
         <name>.text.Clock_Freq</name>
         <load_address>0x20d4</load_address>
         <readonly>true</readonly>
         <executable>true</executable>
         <run_address>0x20d4</run_address>
         <size>0xc</size>
         <alignment>0x4</alignment>
         <input_file_ref idref="fl-1"/>
      </object_component>
      <object_component id="oc-4f">
         <name>.text.__aeabi_memcpy</name>
         <load_address>0x20e0</load_address>
         <readonly>true</readonly>
         <executable>true</executable>
         <run_address>0x20e0</run_address>
         <size>0x8</size>
         <alignment>0x4</alignment>
         <input_file_ref idref="fl-107"/>
      </object_component>
      <object_component id="oc-f2">
         <name>.text:abort</name>
         <load_address>0x20e8</load_address>
         <readonly>true</readonly>
         <executable>true</executable>
         <run_address>0x20e8</run_address>
         <size>0x6</size>
         <alignment>0x2</alignment>
         <input_file_ref idref="fl-31"/>
      </object_component>
      <object_component id="oc-159">
         <name>.text.HOSTexit</name>
         <load_address>0x20ee</load_address>
         <readonly>true</readonly>
         <executable>true</executable>
         <run_address>0x20ee</run_address>
         <size>0x4</size>
         <alignment>0x2</alignment>
         <input_file_ref idref="fl-ed"/>
      </object_component>
      <object_component id="oc-2f">
         <name>.text.Reset_Handler</name>
         <load_address>0x20f2</load_address>
         <readonly>true</readonly>
         <executable>true</executable>
         <run_address>0x20f2</run_address>
         <size>0x4</size>
         <alignment>0x2</alignment>
         <input_file_ref idref="fl-b"/>
      </object_component>
      <object_component id="oc-7e">
         <name>.text._system_pre_init</name>
         <load_address>0x20f6</load_address>
         <readonly>true</readonly>
         <executable>true</executable>
         <run_address>0x20f6</run_address>
         <size>0x4</size>
         <alignment>0x2</alignment>
         <input_file_ref idref="fl-3a"/>
      </object_component>
      <object_component id="oc-1cf">
         <name>.cinit..data.load</name>
         <load_address>0x26d0</load_address>
         <readonly>true</readonly>
         <run_address>0x26d0</run_address>
         <size>0x12</size>
         <alignment>0x1</alignment>
      </object_component>
      <object_component id="oc-1cd">
         <name>__TI_handler_table</name>
         <load_address>0x26e4</load_address>
         <readonly>true</readonly>
         <run_address>0x26e4</run_address>
         <size>0xc</size>
         <alignment>0x4</alignment>
      </object_component>
      <object_component id="oc-1d0">
         <name>.cinit..bss.load</name>
         <load_address>0x26f0</load_address>
         <readonly>true</readonly>
         <run_address>0x26f0</run_address>
         <size>0x8</size>
         <alignment>0x4</alignment>
      </object_component>
      <object_component id="oc-1ce">
         <name>__TI_cinit_table</name>
         <load_address>0x26f8</load_address>
         <readonly>true</readonly>
         <run_address>0x26f8</run_address>
         <size>0x10</size>
         <alignment>0x4</alignment>
      </object_component>
      <object_component id="oc-17c">
         <name>.rodata.Font</name>
         <load_address>0x2100</load_address>
         <readonly>true</readonly>
         <run_address>0x2100</run_address>
         <size>0x4fb</size>
         <alignment>0x1</alignment>
         <input_file_ref idref="fl-5"/>
      </object_component>
      <object_component id="oc-133">
         <name>.rodata.Rcmd1</name>
         <load_address>0x25fb</load_address>
         <readonly>true</readonly>
         <run_address>0x25fb</run_address>
         <size>0x3b</size>
         <alignment>0x1</alignment>
         <input_file_ref idref="fl-5"/>
      </object_component>
      <object_component id="oc-138">
         <name>.rodata.Rcmd3</name>
         <load_address>0x2636</load_address>
         <readonly>true</readonly>
         <run_address>0x2636</run_address>
         <size>0x2b</size>
         <alignment>0x1</alignment>
         <input_file_ref idref="fl-5"/>
      </object_component>
      <object_component id="oc-173">
         <name>.rodata.str1.18061791561094498689.1</name>
         <load_address>0x2661</load_address>
         <readonly>true</readonly>
         <run_address>0x2661</run_address>
         <size>0x16</size>
         <alignment>0x1</alignment>
         <input_file_ref idref="fl-5"/>
      </object_component>
      <object_component id="oc-e3">
         <name>.rodata.str1.8810501659605982362.1</name>
         <load_address>0x2677</load_address>
         <readonly>true</readonly>
         <run_address>0x2677</run_address>
         <size>0xe</size>
         <alignment>0x1</alignment>
         <input_file_ref idref="fl-3"/>
      </object_component>
      <object_component id="oc-135">
         <name>.rodata.Rcmd2green</name>
         <load_address>0x2685</load_address>
         <readonly>true</readonly>
         <run_address>0x2685</run_address>
         <size>0xd</size>
         <alignment>0x1</alignment>
         <input_file_ref idref="fl-5"/>
      </object_component>
      <object_component id="oc-134">
         <name>.rodata.Rcmd2red</name>
         <load_address>0x2692</load_address>
         <readonly>true</readonly>
         <run_address>0x2692</run_address>
         <size>0xd</size>
         <alignment>0x1</alignment>
         <input_file_ref idref="fl-5"/>
      </object_component>
      <object_component id="oc-e4">
         <name>.rodata.str1.17325722114942662188.1</name>
         <load_address>0x269f</load_address>
         <readonly>true</readonly>
         <run_address>0x269f</run_address>
         <size>0x9</size>
         <alignment>0x1</alignment>
         <input_file_ref idref="fl-3"/>
      </object_component>
      <object_component id="oc-e6">
         <name>.rodata.str1.1903179489614617600.1</name>
         <load_address>0x26a8</load_address>
         <readonly>true</readonly>
         <run_address>0x26a8</run_address>
         <size>0x9</size>
         <alignment>0x1</alignment>
         <input_file_ref idref="fl-3"/>
      </object_component>
      <object_component id="oc-e5">
         <name>.rodata.str1.3058689795963650156.1</name>
         <load_address>0x26b1</load_address>
         <readonly>true</readonly>
         <run_address>0x26b1</run_address>
         <size>0x9</size>
         <alignment>0x1</alignment>
         <input_file_ref idref="fl-3"/>
      </object_component>
      <object_component id="oc-14f">
         <name>.rodata.Frame_Rate</name>
         <load_address>0x26ba</load_address>
         <readonly>true</readonly>
         <run_address>0x26ba</run_address>
         <size>0x6</size>
         <alignment>0x1</alignment>
         <input_file_ref idref="fl-9"/>
      </object_component>
      <object_component id="oc-14d">
         <name>.rodata.Format_Standard_mm</name>
         <load_address>0x26c0</load_address>
         <readonly>true</readonly>
         <run_address>0x26c0</run_address>
         <size>0x5</size>
         <alignment>0x1</alignment>
         <input_file_ref idref="fl-9"/>
      </object_component>
      <object_component id="oc-150">
         <name>.rodata.SaveSettings</name>
         <load_address>0x26c5</load_address>
         <readonly>true</readonly>
         <run_address>0x26c5</run_address>
         <size>0x4</size>
         <alignment>0x1</alignment>
         <input_file_ref idref="fl-9"/>
      </object_component>
      <object_component id="oc-151">
         <name>.rodata.System_Reset</name>
         <load_address>0x26c9</load_address>
         <readonly>true</readonly>
         <run_address>0x26c9</run_address>
         <size>0x4</size>
         <alignment>0x1</alignment>
         <input_file_ref idref="fl-9"/>
      </object_component>
      <object_component id="oc-197">
         <name>.binit</name>
         <load_address>0x0</load_address>
         <readonly>true</readonly>
         <run_address>0x0</run_address>
         <size>0x0</size>
         <alignment>0x4</alignment>
      </object_component>
      <object_component id="oc-11e">
         <name>.data.BusFreq</name>
         <load_address>0x20200120</load_address>
         <readwrite>true</readwrite>
         <run_address>0x20200120</run_address>
         <size>0x4</size>
         <alignment>0x4</alignment>
         <input_file_ref idref="fl-1"/>
      </object_component>
      <object_component id="oc-12c">
         <name>.data.SPI1_init_Flag</name>
         <load_address>0x20200124</load_address>
         <readwrite>true</readwrite>
         <run_address>0x20200124</run_address>
         <size>0x4</size>
         <alignment>0x4</alignment>
         <input_file_ref idref="fl-4"/>
      </object_component>
      <object_component id="oc-140">
         <name>.data.StX</name>
         <load_address>0x20200128</load_address>
         <readwrite>true</readwrite>
         <run_address>0x20200128</run_address>
         <size>0x4</size>
         <alignment>0x4</alignment>
         <input_file_ref idref="fl-5"/>
      </object_component>
      <object_component id="oc-141">
         <name>.data.StY</name>
         <load_address>0x2020012c</load_address>
         <readwrite>true</readwrite>
         <run_address>0x2020012c</run_address>
         <size>0x4</size>
         <alignment>0x4</alignment>
         <input_file_ref idref="fl-5"/>
      </object_component>
      <object_component id="oc-13a">
         <name>.data.StTextColor</name>
         <load_address>0x20200130</load_address>
         <readwrite>true</readwrite>
         <run_address>0x20200130</run_address>
         <size>0x2</size>
         <alignment>0x2</alignment>
         <input_file_ref idref="fl-5"/>
      </object_component>
      <object_component id="oc-13e">
         <name>.data._width</name>
         <load_address>0x20200134</load_address>
         <readwrite>true</readwrite>
         <run_address>0x20200134</run_address>
         <size>0x2</size>
         <alignment>0x2</alignment>
         <input_file_ref idref="fl-5"/>
      </object_component>
      <object_component id="oc-13f">
         <name>.data._height</name>
         <load_address>0x20200132</load_address>
         <readwrite>true</readwrite>
         <run_address>0x20200132</run_address>
         <size>0x2</size>
         <alignment>0x2</alignment>
         <input_file_ref idref="fl-5"/>
      </object_component>
      <object_component id="oc-136">
         <name>.bss.ColStart</name>
         <uninitialized>true</uninitialized>
         <readwrite>true</readwrite>
         <run_address>0x20200118</run_address>
         <size>0x1</size>
         <alignment>0x1</alignment>
         <input_file_ref idref="fl-5"/>
      </object_component>
      <object_component id="oc-137">
         <name>.bss.RowStart</name>
         <uninitialized>true</uninitialized>
         <readwrite>true</readwrite>
         <run_address>0x20200119</run_address>
         <size>0x1</size>
         <alignment>0x1</alignment>
         <input_file_ref idref="fl-5"/>
      </object_component>
      <object_component id="oc-139">
         <name>.bss.TabColor</name>
         <uninitialized>true</uninitialized>
         <readwrite>true</readwrite>
         <run_address>0x2020011a</run_address>
         <size>0x1</size>
         <alignment>0x1</alignment>
         <input_file_ref idref="fl-5"/>
      </object_component>
      <object_component id="oc-a6">
         <name>.bss.Tx1GetI</name>
         <uninitialized>true</uninitialized>
         <readwrite>true</readwrite>
         <run_address>0x202000a8</run_address>
         <size>0x4</size>
         <alignment>0x4</alignment>
         <input_file_ref idref="fl-6"/>
      </object_component>
      <object_component id="oc-a5">
         <name>.bss.Tx1PutI</name>
         <uninitialized>true</uninitialized>
         <readwrite>true</readwrite>
         <run_address>0x202000ac</run_address>
         <size>0x4</size>
         <alignment>0x4</alignment>
         <input_file_ref idref="fl-6"/>
      </object_component>
      <object_component id="oc-112">
         <name>.bss.Tx1Fifo</name>
         <uninitialized>true</uninitialized>
         <readwrite>true</readwrite>
         <run_address>0x20200030</run_address>
         <size>0x10</size>
         <alignment>0x1</alignment>
         <input_file_ref idref="fl-6"/>
      </object_component>
      <object_component id="oc-110">
         <name>.bss.Rx1GetI</name>
         <uninitialized>true</uninitialized>
         <readwrite>true</readwrite>
         <run_address>0x20200090</run_address>
         <size>0x4</size>
         <alignment>0x4</alignment>
         <input_file_ref idref="fl-6"/>
      </object_component>
      <object_component id="oc-10f">
         <name>.bss.Rx1PutI</name>
         <uninitialized>true</uninitialized>
         <readwrite>true</readwrite>
         <run_address>0x20200094</run_address>
         <size>0x4</size>
         <alignment>0x4</alignment>
         <input_file_ref idref="fl-6"/>
      </object_component>
      <object_component id="oc-111">
         <name>.bss.Rx1Fifo</name>
         <uninitialized>true</uninitialized>
         <readwrite>true</readwrite>
         <run_address>0x20200000</run_address>
         <size>0x10</size>
         <alignment>0x1</alignment>
         <input_file_ref idref="fl-6"/>
      </object_component>
      <object_component id="oc-b1">
         <name>.bss.Tx2GetI</name>
         <uninitialized>true</uninitialized>
         <readwrite>true</readwrite>
         <run_address>0x202000b0</run_address>
         <size>0x4</size>
         <alignment>0x4</alignment>
         <input_file_ref idref="fl-7"/>
      </object_component>
      <object_component id="oc-b0">
         <name>.bss.Tx2PutI</name>
         <uninitialized>true</uninitialized>
         <readwrite>true</readwrite>
         <run_address>0x202000b4</run_address>
         <size>0x4</size>
         <alignment>0x4</alignment>
         <input_file_ref idref="fl-7"/>
      </object_component>
      <object_component id="oc-116">
         <name>.bss.Tx2Fifo</name>
         <uninitialized>true</uninitialized>
         <readwrite>true</readwrite>
         <run_address>0x20200040</run_address>
         <size>0x10</size>
         <alignment>0x1</alignment>
         <input_file_ref idref="fl-7"/>
      </object_component>
      <object_component id="oc-114">
         <name>.bss.Rx2GetI</name>
         <uninitialized>true</uninitialized>
         <readwrite>true</readwrite>
         <run_address>0x20200098</run_address>
         <size>0x4</size>
         <alignment>0x4</alignment>
         <input_file_ref idref="fl-7"/>
      </object_component>
      <object_component id="oc-113">
         <name>.bss.Rx2PutI</name>
         <uninitialized>true</uninitialized>
         <readwrite>true</readwrite>
         <run_address>0x2020009c</run_address>
         <size>0x4</size>
         <alignment>0x4</alignment>
         <input_file_ref idref="fl-7"/>
      </object_component>
      <object_component id="oc-115">
         <name>.bss.Rx2Fifo</name>
         <uninitialized>true</uninitialized>
         <readwrite>true</readwrite>
         <run_address>0x20200010</run_address>
         <size>0x10</size>
         <alignment>0x1</alignment>
         <input_file_ref idref="fl-7"/>
      </object_component>
      <object_component id="oc-9b">
         <name>.bss.Tx3GetI</name>
         <uninitialized>true</uninitialized>
         <readwrite>true</readwrite>
         <run_address>0x202000b8</run_address>
         <size>0x4</size>
         <alignment>0x4</alignment>
         <input_file_ref idref="fl-8"/>
      </object_component>
      <object_component id="oc-9a">
         <name>.bss.Tx3PutI</name>
         <uninitialized>true</uninitialized>
         <readwrite>true</readwrite>
         <run_address>0x202000bc</run_address>
         <size>0x4</size>
         <alignment>0x4</alignment>
         <input_file_ref idref="fl-8"/>
      </object_component>
      <object_component id="oc-10e">
         <name>.bss.Tx3Fifo</name>
         <uninitialized>true</uninitialized>
         <readwrite>true</readwrite>
         <run_address>0x20200050</run_address>
         <size>0x10</size>
         <alignment>0x1</alignment>
         <input_file_ref idref="fl-8"/>
      </object_component>
      <object_component id="oc-10c">
         <name>.bss.Rx3GetI</name>
         <uninitialized>true</uninitialized>
         <readwrite>true</readwrite>
         <run_address>0x202000a0</run_address>
         <size>0x4</size>
         <alignment>0x4</alignment>
         <input_file_ref idref="fl-8"/>
      </object_component>
      <object_component id="oc-10b">
         <name>.bss.Rx3PutI</name>
         <uninitialized>true</uninitialized>
         <readwrite>true</readwrite>
         <run_address>0x202000a4</run_address>
         <size>0x4</size>
         <alignment>0x4</alignment>
         <input_file_ref idref="fl-8"/>
      </object_component>
      <object_component id="oc-10d">
         <name>.bss.Rx3Fifo</name>
         <uninitialized>true</uninitialized>
         <readwrite>true</readwrite>
         <run_address>0x20200020</run_address>
         <size>0x10</size>
         <alignment>0x1</alignment>
         <input_file_ref idref="fl-8"/>
      </object_component>
      <object_component id="oc-ed">
         <name>.common:Dist1</name>
         <uninitialized>true</uninitialized>
         <readwrite>true</readwrite>
         <run_address>0x202000d8</run_address>
         <size>0x4</size>
         <alignment>0x4</alignment>
      </object_component>
      <object_component id="oc-ec">
         <name>.common:Count1</name>
         <uninitialized>true</uninitialized>
         <readwrite>true</readwrite>
         <run_address>0x202000cc</run_address>
         <size>0x4</size>
         <alignment>0x4</alignment>
      </object_component>
      <object_component id="oc-ee">
         <name>.common:Dist2</name>
         <uninitialized>true</uninitialized>
         <readwrite>true</readwrite>
         <run_address>0x202000dc</run_address>
         <size>0x4</size>
         <alignment>0x4</alignment>
      </object_component>
      <object_component id="oc-eb">
         <name>.common:Count2</name>
         <uninitialized>true</uninitialized>
         <readwrite>true</readwrite>
         <run_address>0x202000d0</run_address>
         <size>0x4</size>
         <alignment>0x4</alignment>
      </object_component>
      <object_component id="oc-ef">
         <name>.common:Dist3</name>
         <uninitialized>true</uninitialized>
         <readwrite>true</readwrite>
         <run_address>0x202000e0</run_address>
         <size>0x4</size>
         <alignment>0x4</alignment>
      </object_component>
      <object_component id="oc-ea">
         <name>.common:Count3</name>
         <uninitialized>true</uninitialized>
         <readwrite>true</readwrite>
         <run_address>0x202000d4</run_address>
         <size>0x4</size>
         <alignment>0x4</alignment>
      </object_component>
      <object_component id="oc-157">
         <name>.common:Messageindex</name>
         <uninitialized>true</uninitialized>
         <readwrite>true</readwrite>
         <run_address>0x202000f0</run_address>
         <size>0x4</size>
         <alignment>0x4</alignment>
      </object_component>
      <object_component id="oc-158">
         <name>.common:Message</name>
         <uninitialized>true</uninitialized>
         <readwrite>true</readwrite>
         <run_address>0x20200060</run_address>
         <size>0xc</size>
         <alignment>0x1</alignment>
      </object_component>
      <object_component id="oc-9e">
         <name>.common:TFLuna1Function</name>
         <uninitialized>true</uninitialized>
         <readwrite>true</readwrite>
         <run_address>0x202000f8</run_address>
         <size>0x4</size>
         <alignment>0x4</alignment>
      </object_component>
      <object_component id="oc-9f">
         <name>.common:TFLuna1Index</name>
         <uninitialized>true</uninitialized>
         <readwrite>true</readwrite>
         <run_address>0x202000fc</run_address>
         <size>0x4</size>
         <alignment>0x4</alignment>
      </object_component>
      <object_component id="oc-a1">
         <name>.common:TFLuna1LastByte</name>
         <uninitialized>true</uninitialized>
         <readwrite>true</readwrite>
         <run_address>0x2020011b</run_address>
         <size>0x1</size>
         <alignment>0x1</alignment>
      </object_component>
      <object_component id="oc-a0">
         <name>.common:TFLuna1DataMessage</name>
         <uninitialized>true</uninitialized>
         <readwrite>true</readwrite>
         <run_address>0x2020006c</run_address>
         <size>0xc</size>
         <alignment>0x1</alignment>
      </object_component>
      <object_component id="oc-a2">
         <name>.common:BadCheckSum1</name>
         <uninitialized>true</uninitialized>
         <readwrite>true</readwrite>
         <run_address>0x202000c0</run_address>
         <size>0x4</size>
         <alignment>0x4</alignment>
      </object_component>
      <object_component id="oc-145">
         <name>.common:LostData1</name>
         <uninitialized>true</uninitialized>
         <readwrite>true</readwrite>
         <run_address>0x202000e4</run_address>
         <size>0x4</size>
         <alignment>0x4</alignment>
      </object_component>
      <object_component id="oc-a3">
         <name>.common:TFLuna1Distance</name>
         <uninitialized>true</uninitialized>
         <readwrite>true</readwrite>
         <run_address>0x202000f4</run_address>
         <size>0x4</size>
         <alignment>0x4</alignment>
      </object_component>
      <object_component id="oc-a9">
         <name>.common:TFLuna2Function</name>
         <uninitialized>true</uninitialized>
         <readwrite>true</readwrite>
         <run_address>0x20200104</run_address>
         <size>0x4</size>
         <alignment>0x4</alignment>
      </object_component>
      <object_component id="oc-aa">
         <name>.common:TFLuna2Index</name>
         <uninitialized>true</uninitialized>
         <readwrite>true</readwrite>
         <run_address>0x20200108</run_address>
         <size>0x4</size>
         <alignment>0x4</alignment>
      </object_component>
      <object_component id="oc-ac">
         <name>.common:TFLuna2LastByte</name>
         <uninitialized>true</uninitialized>
         <readwrite>true</readwrite>
[...]
         <name>fillmessage</name>
         <value>0x16a5</value>
         <object_component_ref idref="oc-17a"/>
      </symbol>
      <symbol id="sm-e9">
         <name>Messageindex</name>
         <value>0x202000f0</value>
      </symbol>
      <symbol id="sm-ea">
         <name>Message</name>
         <value>0x20200060</value>
      </symbol>
      <symbol id="sm-eb">
         <name>fillmessage4</name>
         <value>0x11b9</value>
         <object_component_ref idref="oc-154"/>
      </symbol>
      <symbol id="sm-ec">
         <name>ST7735_OutUDec4</name>
         <value>0x134d</value>
         <object_component_ref idref="oc-e2"/>
      </symbol>
      <symbol id="sm-ed">
         <name>ST7735_OutChar</name>
         <value>0xfad</value>
         <object_component_ref idref="oc-142"/>
      </symbol>
      <symbol id="sm-ee">
         <name>ST7735_OutString</name>
         <value>0x1dad</value>
         <object_component_ref idref="oc-d2"/>
      </symbol>
      <symbol id="sm-135">
         <name>TFLuna1_Init</name>
         <value>0x419</value>
         <object_component_ref idref="oc-d3"/>
      </symbol>
      <symbol id="sm-136">
         <name>Tx1Fifo_Init</name>
         <value>0x1f95</value>
         <object_component_ref idref="oc-143"/>
      </symbol>
      <symbol id="sm-137">
         <name>Rx1Fifo_Init</name>
         <value>0x1f59</value>
         <object_component_ref idref="oc-144"/>
      </symbol>
      <symbol id="sm-138">
         <name>TFLuna1Function</name>
         <value>0x202000f8</value>
      </symbol>
      <symbol id="sm-139">
         <name>TFLuna1Index</name>
         <value>0x202000fc</value>
      </symbol>
      <symbol id="sm-13a">
         <name>TFLuna1LastByte</name>
         <value>0x2020011b</value>
      </symbol>
      <symbol id="sm-13b">
         <name>TFLuna1DataMessage</name>
         <value>0x2020006c</value>
      </symbol>
      <symbol id="sm-13c">
         <name>BadCheckSum1</name>
         <value>0x202000c0</value>
      </symbol>
      <symbol id="sm-13d">
         <name>LostData1</name>
         <value>0x202000e4</value>
      </symbol>
      <symbol id="sm-13e">
         <name>TFLuna1_OutChar</name>
         <value>0x1abd</value>
         <object_component_ref idref="oc-174"/>
      </symbol>
      <symbol id="sm-13f">
         <name>Tx1Fifo_Put</name>
         <value>0x17dd</value>
         <object_component_ref idref="oc-18b"/>
      </symbol>
      <symbol id="sm-140">
         <name>TFLuna1_OutStatus</name>
         <value>0x1ec9</value>
         <object_component_ref idref="oc-6d"/>
      </symbol>
      <symbol id="sm-141">
         <name>Tx1Fifo_Get</name>
         <value>0x19a5</value>
         <object_component_ref idref="oc-a4"/>
      </symbol>
      <symbol id="sm-142">
         <name>TFLuna1_SendMessage</name>
         <value>0x1c99</value>
         <object_component_ref idref="oc-14c"/>
      </symbol>
      <symbol id="sm-143">
         <name>TFLuna1_Format_Standard_mm</name>
         <value>0x2015</value>
         <object_component_ref idref="oc-d6"/>
      </symbol>
      <symbol id="sm-144">
         <name>TFLuna1_Frame_Rate</name>
         <value>0x2025</value>
         <object_component_ref idref="oc-d7"/>
      </symbol>
      <symbol id="sm-145">
         <name>TFLuna1_SaveSettings</name>
         <value>0x2035</value>
         <object_component_ref idref="oc-d8"/>
      </symbol>
      <symbol id="sm-146">
         <name>TFLuna1_System_Reset</name>
         <value>0x2045</value>
         <object_component_ref idref="oc-d9"/>
      </symbol>
      <symbol id="sm-147">
         <name>UART1_IRQHandler</name>
         <value>0x1591</value>
         <object_component_ref idref="oc-3a"/>
      </symbol>
      <symbol id="sm-148">
         <name>TFLuna1_InStatus</name>
         <value>0x1eb1</value>
         <object_component_ref idref="oc-9c"/>
      </symbol>
      <symbol id="sm-149">
         <name>Rx1Fifo_Put</name>
         <value>0x16f9</value>
         <object_component_ref idref="oc-9d"/>
      </symbol>
      <symbol id="sm-14a">
         <name>TFLuna1Distance</name>
         <value>0x202000f4</value>
      </symbol>
      <symbol id="sm-191">
         <name>TFLuna2_Init</name>
         <value>0x58d</value>
         <object_component_ref idref="oc-d4"/>
      </symbol>
      <symbol id="sm-192">
         <name>Tx2Fifo_Init</name>
         <value>0x1fa9</value>
         <object_component_ref idref="oc-146"/>
      </symbol>
      <symbol id="sm-193">
         <name>Rx2Fifo_Init</name>
         <value>0x1f6d</value>
         <object_component_ref idref="oc-147"/>
      </symbol>
      <symbol id="sm-194">
         <name>TFLuna2Function</name>
         <value>0x20200104</value>
      </symbol>
      <symbol id="sm-195">
         <name>TFLuna2Index</name>
         <value>0x20200108</value>
      </symbol>
      <symbol id="sm-196">
         <name>TFLuna2LastByte</name>
         <value>0x2020011c</value>
      </symbol>
      <symbol id="sm-197">
         <name>TFLuna2DataMessage</name>
         <value>0x20200078</value>
      </symbol>
      <symbol id="sm-198">
         <name>BadCheckSum2</name>
         <value>0x202000c4</value>
      </symbol>
      <symbol id="sm-199">
         <name>LostData2</name>
         <value>0x202000e8</value>
      </symbol>
      <symbol id="sm-19a">
         <name>TFLuna2_OutChar</name>
         <value>0x1afd</value>
         <object_component_ref idref="oc-178"/>
      </symbol>
      <symbol id="sm-19b">
         <name>Tx2Fifo_Put</name>
         <value>0x1829</value>
         <object_component_ref idref="oc-18c"/>
      </symbol>
      <symbol id="sm-19c">
         <name>TFLuna2_OutStatus</name>
         <value>0x1ef9</value>
         <object_component_ref idref="oc-72"/>
      </symbol>
      <symbol id="sm-19d">
         <name>Tx2Fifo_Get</name>
         <value>0x19ed</value>
         <object_component_ref idref="oc-af"/>
      </symbol>
      <symbol id="sm-19e">
         <name>TFLuna2_SendMessage</name>
         <value>0x1cc9</value>
         <object_component_ref idref="oc-152"/>
      </symbol>
      <symbol id="sm-19f">
         <name>TFLuna2_Format_Standard_mm</name>
         <value>0x2055</value>
         <object_component_ref idref="oc-da"/>
      </symbol>
      <symbol id="sm-1a0">
         <name>TFLuna2_Frame_Rate</name>
         <value>0x2065</value>
         <object_component_ref idref="oc-db"/>
      </symbol>
      <symbol id="sm-1a1">
         <name>TFLuna2_SaveSettings</name>
         <value>0x2075</value>
         <object_component_ref idref="oc-dc"/>
      </symbol>
      <symbol id="sm-1a2">
         <name>TFLuna2_System_Reset</name>
         <value>0x2085</value>
         <object_component_ref idref="oc-dd"/>
      </symbol>
      <symbol id="sm-1a3">
         <name>UART2_IRQHandler</name>
         <value>0x15ed</value>
         <object_component_ref idref="oc-3f"/>
      </symbol>
      <symbol id="sm-1a4">
         <name>TFLuna2_InStatus</name>
         <value>0x1ee1</value>
         <object_component_ref idref="oc-a7"/>
      </symbol>
      <symbol id="sm-1a5">
         <name>Rx2Fifo_Put</name>
         <value>0x1745</value>
         <object_component_ref idref="oc-a8"/>
      </symbol>
      <symbol id="sm-1a6">
         <name>TFLuna2Distance</name>
         <value>0x20200100</value>
      </symbol>
      <symbol id="sm-1ed">
         <name>TFLuna3_Init</name>
         <value>0x701</value>
         <object_component_ref idref="oc-d5"/>
      </symbol>
      <symbol id="sm-1ee">
         <name>Tx3Fifo_Init</name>
         <value>0x1fbd</value>
         <object_component_ref idref="oc-149"/>
      </symbol>
      <symbol id="sm-1ef">
         <name>Rx3Fifo_Init</name>
         <value>0x1f81</value>
         <object_component_ref idref="oc-14a"/>
      </symbol>
      <symbol id="sm-1f0">
         <name>TFLuna3Function</name>
         <value>0x20200110</value>
      </symbol>
      <symbol id="sm-1f1">
         <name>TFLuna3Index</name>
         <value>0x20200114</value>
      </symbol>
      <symbol id="sm-1f2">
         <name>TFLuna3LastByte</name>
         <value>0x2020011d</value>
      </symbol>
      <symbol id="sm-1f3">
         <name>TFLuna3DataMessage</name>
         <value>0x20200084</value>
      </symbol>
      <symbol id="sm-1f4">
         <name>BadCheckSum3</name>
         <value>0x202000c8</value>
      </symbol>
      <symbol id="sm-1f5">
         <name>LostData3</name>
         <value>0x202000ec</value>
      </symbol>
      <symbol id="sm-1f6">
         <name>TFLuna3_OutChar</name>
         <value>0x1b3d</value>
         <object_component_ref idref="oc-179"/>
      </symbol>
      <symbol id="sm-1f7">
         <name>Tx3Fifo_Put</name>
         <value>0x1875</value>
         <object_component_ref idref="oc-18d"/>
      </symbol>
      <symbol id="sm-1f8">
         <name>TFLuna3_OutStatus</name>
         <value>0x1f29</value>
         <object_component_ref idref="oc-68"/>
      </symbol>
      <symbol id="sm-1f9">
         <name>Tx3Fifo_Get</name>
         <value>0x1a35</value>
         <object_component_ref idref="oc-99"/>
      </symbol>
      <symbol id="sm-1fa">
         <name>TFLuna3_SendMessage</name>
         <value>0x1cf9</value>
         <object_component_ref idref="oc-153"/>
      </symbol>
      <symbol id="sm-1fb">
         <name>TFLuna3_Format_Standard_mm</name>
         <value>0x2095</value>
         <object_component_ref idref="oc-de"/>
      </symbol>
      <symbol id="sm-1fc">
         <name>TFLuna3_Frame_Rate</name>
         <value>0x20a5</value>
         <object_component_ref idref="oc-df"/>
      </symbol>
      <symbol id="sm-1fd">
         <name>TFLuna3_SaveSettings</name>
         <value>0x20b5</value>
         <object_component_ref idref="oc-e0"/>
      </symbol>
      <symbol id="sm-1fe">
         <name>TFLuna3_System_Reset</name>
         <value>0x20c5</value>
         <object_component_ref idref="oc-e1"/>
      </symbol>
      <symbol id="sm-1ff">
         <name>UART3_IRQHandler</name>
         <value>0x1649</value>
         <object_component_ref idref="oc-35"/>
      </symbol>
      <symbol id="sm-200">
         <name>TFLuna3_InStatus</name>
         <value>0x1f11</value>
         <object_component_ref idref="oc-91"/>
      </symbol>
      <symbol id="sm-201">
         <name>Rx3Fifo_Put</name>
         <value>0x1791</value>
         <object_component_ref idref="oc-92"/>
      </symbol>
      <symbol id="sm-202">
         <name>TFLuna3Distance</name>
         <value>0x2020010c</value>
      </symbol>
      <symbol id="sm-207">
         <name>System_Reset</name>
         <value>0x26c9</value>
         <object_component_ref idref="oc-151"/>
      </symbol>
      <symbol id="sm-208">
         <name>Frame_Rate</name>
         <value>0x26ba</value>
         <object_component_ref idref="oc-14f"/>
      </symbol>
      <symbol id="sm-209">
         <name>Format_Standard_mm</name>
         <value>0x26c0</value>
         <object_component_ref idref="oc-14d"/>
      </symbol>
      <symbol id="sm-20a">
         <name>SaveSettings</name>
         <value>0x26c5</value>
         <object_component_ref idref="oc-150"/>
      </symbol>
      <symbol id="sm-21c">
         <name>Default_Handler</name>
         <value>0x1e79</value>
         <object_component_ref idref="oc-33"/>
      </symbol>
      <symbol id="sm-21d">
         <name>Reset_Handler</name>
         <value>0x20f3</value>
         <object_component_ref idref="oc-2f"/>
      </symbol>
      <symbol id="sm-21e">
         <name>HardFault_Handler</name>
         <value>0x1e95</value>
         <object_component_ref idref="oc-34"/>
      </symbol>
      <symbol id="sm-21f">
         <name>interruptVectors</name>
         <value>0x0</value>
         <object_component_ref idref="oc-18"/>
      </symbol>
      <symbol id="sm-220">
         <name>NMI_Handler</name>
         <value>0x1e79</value>
         <object_component_ref idref="oc-33"/>
      </symbol>
      <symbol id="sm-221">
         <name>SVC_Handler</name>
         <value>0x1e79</value>
         <object_component_ref idref="oc-33"/>
      </symbol>
      <symbol id="sm-222">
         <name>PendSV_Handler</name>
         <value>0x1e79</value>
         <object_component_ref idref="oc-33"/>
      </symbol>
      <symbol id="sm-223">
         <name>SysTick_Handler</name>
         <value>0x1e79</value>
         <object_component_ref idref="oc-33"/>
      </symbol>
      <symbol id="sm-224">
         <name>GROUP0_IRQHandler</name>
         <value>0x1e79</value>
         <object_component_ref idref="oc-33"/>
      </symbol>
      <symbol id="sm-225">
         <name>GROUP1_IRQHandler</name>
         <value>0x1e79</value>
         <object_component_ref idref="oc-33"/>
      </symbol>
      <symbol id="sm-226">
         <name>TIMG8_IRQHandler</name>
         <value>0x1e79</value>
         <object_component_ref idref="oc-33"/>
      </symbol>
      <symbol id="sm-227">
         <name>ADC0_IRQHandler</name>
         <value>0x1e79</value>
         <object_component_ref idref="oc-33"/>
      </symbol>
      <symbol id="sm-228">
         <name>ADC1_IRQHandler</name>
         <value>0x1e79</value>
         <object_component_ref idref="oc-33"/>
      </symbol>
      <symbol id="sm-229">
         <name>CANFD0_IRQHandler</name>
         <value>0x1e79</value>
         <object_component_ref idref="oc-33"/>
      </symbol>
      <symbol id="sm-22a">
         <name>DAC0_IRQHandler</name>
         <value>0x1e79</value>
         <object_component_ref idref="oc-33"/>
      </symbol>
      <symbol id="sm-22b">
         <name>SPI0_IRQHandler</name>
         <value>0x1e79</value>
         <object_component_ref idref="oc-33"/>
      </symbol>
      <symbol id="sm-22c">
         <name>SPI1_IRQHandler</name>
         <value>0x1e79</value>
         <object_component_ref idref="oc-33"/>
      </symbol>
      <symbol id="sm-22d">
         <name>UART0_IRQHandler</name>
         <value>0x1e79</value>
         <object_component_ref idref="oc-33"/>
      </symbol>
      <symbol id="sm-22e">
         <name>TIMG0_IRQHandler</name>
         <value>0x1e79</value>
         <object_component_ref idref="oc-33"/>
      </symbol>
      <symbol id="sm-22f">
         <name>TIMG6_IRQHandler</name>
         <value>0x1e79</value>
         <object_component_ref idref="oc-33"/>
      </symbol>
      <symbol id="sm-230">
         <name>TIMA0_IRQHandler</name>
         <value>0x1e79</value>
         <object_component_ref idref="oc-33"/>
      </symbol>
      <symbol id="sm-231">
         <name>TIMA1_IRQHandler</name>
         <value>0x1e79</value>
         <object_component_ref idref="oc-33"/>
      </symbol>
      <symbol id="sm-232">
         <name>TIMG7_IRQHandler</name>
         <value>0x1e79</value>
         <object_component_ref idref="oc-33"/>
      </symbol>
      <symbol id="sm-233">
         <name>TIMG12_IRQHandler</name>
         <value>0x1e79</value>
         <object_component_ref idref="oc-33"/>
      </symbol>
      <symbol id="sm-234">
         <name>I2C0_IRQHandler</name>
         <value>0x1e79</value>
         <object_component_ref idref="oc-33"/>
      </symbol>
      <symbol id="sm-235">
         <name>I2C1_IRQHandler</name>
         <value>0x1e79</value>
         <object_component_ref idref="oc-33"/>
      </symbol>
      <symbol id="sm-236">
         <name>AES_IRQHandler</name>
         <value>0x1e79</value>
         <object_component_ref idref="oc-33"/>
      </symbol>
      <symbol id="sm-237">
         <name>RTC_IRQHandler</name>
         <value>0x1e79</value>
         <object_component_ref idref="oc-33"/>
      </symbol>
      <symbol id="sm-238">
         <name>DMA_IRQHandler</name>
         <value>0x1e79</value>
         <object_component_ref idref="oc-33"/>
      </symbol>
      <symbol id="sm-239">
         <name>__TI_ATRegion0_src_addr</name>
         <value>0x0</value>
      </symbol>
      <symbol id="sm-23a">
         <name>__TI_ATRegion0_trg_addr</name>
         <value>0x0</value>
      </symbol>
      <symbol id="sm-23b">
         <name>__TI_ATRegion0_region_sz</name>
         <value>0x0</value>
      </symbol>
      <symbol id="sm-23c">
         <name>__TI_ATRegion1_src_addr</name>
         <value>0x0</value>
      </symbol>
      <symbol id="sm-23d">
         <name>__TI_ATRegion1_trg_addr</name>
         <value>0x0</value>
      </symbol>
      <symbol id="sm-23e">
         <name>__TI_ATRegion1_region_sz</name>
         <value>0x0</value>
      </symbol>
      <symbol id="sm-23f">
         <name>__TI_ATRegion2_src_addr</name>
         <value>0x0</value>
      </symbol>
      <symbol id="sm-240">
         <name>__TI_ATRegion2_trg_addr</name>
         <value>0x0</value>
      </symbol>
      <symbol id="sm-241">
         <name>__TI_ATRegion2_region_sz</name>
         <value>0x0</value>
      </symbol>
      <symbol id="sm-24e">
         <name>abort</name>
         <value>0x20e9</value>
         <object_component_ref idref="oc-f2"/>
      </symbol>
      <symbol id="sm-25e">
         <name>_c_int00_noargs</name>
         <value>0x1d85</value>
         <object_component_ref idref="oc-5f"/>
      </symbol>
      <symbol id="sm-25f">
         <name>__stack</name>
         <value>0x20207e00</value>
         <object_component_ref idref="oc-1a"/>
      </symbol>
      <symbol id="sm-26b">
         <name>__TI_auto_init_nobinit_nopinit</name>
         <value>0x1bbd</value>
         <object_component_ref idref="oc-f9"/>
      </symbol>
      <symbol id="sm-273">
         <name>_system_pre_init</name>
         <value>0x20f7</value>
         <object_component_ref idref="oc-7e"/>
      </symbol>
      <symbol id="sm-27e">
         <name>__TI_zero_init_nomemset</name>
         <value>0x1f41</value>
         <object_component_ref idref="oc-56"/>
      </symbol>
      <symbol id="sm-287">
         <name>__TI_decompress_none</name>
         <value>0x1fe3</value>
         <object_component_ref idref="oc-20"/>
      </symbol>
      <symbol id="sm-292">
         <name>__TI_decompress_lzss</name>
         <value>0x144d</value>
         <object_component_ref idref="oc-1c"/>
      </symbol>
      <symbol id="sm-2a8">
         <name>HOSTexit</name>
         <value>0x20ef</value>
         <object_component_ref idref="oc-159"/>
      </symbol>
      <symbol id="sm-2a9">
         <name>C$$EXIT</name>
         <value>0x20ee</value>
         <object_component_ref idref="oc-159"/>
      </symbol>
      <symbol id="sm-2bf">
         <name>__aeabi_memcpy</name>
         <value>0x20e1</value>
         <object_component_ref idref="oc-4f"/>
      </symbol>
      <symbol id="sm-2c0">
         <name>__aeabi_memcpy4</name>
         <value>0x20e1</value>
         <object_component_ref idref="oc-4f"/>
      </symbol>
      <symbol id="sm-2c1">
         <name>__aeabi_memcpy8</name>
         <value>0x20e1</value>
         <object_component_ref idref="oc-4f"/>
      </symbol>
      <symbol id="sm-2c7">
         <name>__aeabi_uidiv</name>
         <value>0x1b7d</value>
         <object_component_ref idref="oc-127"/>
      </symbol>
      <symbol id="sm-2c8">
         <name>__aeabi_uidivmod</name>
         <value>0x1b7d</value>
         <object_component_ref idref="oc-127"/>
      </symbol>
      <symbol id="sm-2d3">
         <name>__aeabi_idiv0</name>
         <value>0x111f</value>
         <object_component_ref idref="oc-16b"/>
      </symbol>
      <symbol id="sm-2dd">
         <name>TI_memcpy_small</name>
         <value>0x1fd1</value>
         <object_component_ref idref="oc-b2"/>
      </symbol>
      <symbol id="sm-2de">
         <name>__TI_static_base__</name>
         <value>0x0</value>
      </symbol>
      <symbol id="sm-2e1">
         <name>__mpu_init</name>
         <value>0x0</value>
      </symbol>
      <symbol id="sm-2e2">
         <name>_system_post_cinit</name>
         <value>0x0</value>
      </symbol>
   </symbol_table>
   <title>Link successful</title>
</link_info>
