******************************************************************************
            TI ARM Clang Linker Unix v4.0.4                    
******************************************************************************
>> Linked Wed Jan 28 09:51:50 2026

OUTPUT FILE NAME:   <SDCFile.out>
ENTRY POINT SYMBOL: "_c_int00_noargs"  address: 00004249


MEMORY CONFIGURATION

         name            origin    length      used     unused   attr    fill
----------------------  --------  ---------  --------  --------  ----  --------
  FLASH                 00000000   00020000  00004af8  0001b508  R  X
  SRAM                  20200000   00008000  00000ae0  00007520  RW X
  BCR_CONFIG            41c00000   00000080  00000000  00000080  R   
  BSL_CONFIG            41c00100   00000080  00000000  00000080  R   


SEGMENT ALLOCATION MAP

run origin  load origin   length   init length attrs members
----------  ----------- ---------- ----------- ----- -------
00000000    00000000    00004af8   00004af8    r-x
  00000000    00000000    000000c0   000000c0    r-- .intvecs
  000000c0    000000c0    00004368   00004368    r-x .text
  00004428    00004428    00000698   00000698    r-- .rodata
  00004ac0    00004ac0    00000038   00000038    r-- .cinit
20200000    20200000    000008e7   00000000    rw-
  20200000    20200000    000006c9   00000000    rw- .bss
  202006d0    202006d0    00000200   00000000    rw- .sysmem
  202008d0    202008d0    00000017   00000000    rw- .data
20207e00    20207e00    00000200   00000000    rw-
  20207e00    20207e00    00000200   00000000    rw- .stack


SECTION ALLOCATION MAP

 output                                  attributes/
section   page    origin      length       input sections
--------  ----  ----------  ----------   ----------------
.intvecs   0    00000000    000000c0     
                  00000000    000000c0     startup_mspm0g3507_ticlang.o (.intvecs)

.text      0    000000c0    00004368     
                  000000c0    00000598     ff.o (.text.find_volume)
                  00000658    00000388     SDCFile.o (.text.main)
                  000009e0    00000318     ff.o (.text.create_name)
                  00000cf8    000002f8     ff.o (.text.f_write)
                  00000ff0    000002b8     diskio.o (.text.disk_ioctl)
                  000012a8    00000298     ff.o (.text.f_read)
                  00001540    00000270     ff.o (.text.f_open)
                  000017b0    00000228     diskio.o (.text.disk_initialize)
                  000019d8    000001d0     ff.o (.text.put_fat)
                  00001ba8    000001cc     ff.o (.text.dir_next)
                  00001d74    000001b4     Clock.o (.text.Clock_Init80MHz)
                  00001f28    000001a4     ST7735_SDC.o (.text.ST7735_DrawChar)
                  000020cc    0000016c     ff.o (.text.create_chain)
                  00002238    00000158     ff.o (.text.get_fat)
                  00002390    00000144     ff.o (.text.sync_fs)
                  000024d4    00000126     diskio.o (.text.send_cmd)
                  000025fa    00000124     ff.o (.text.dir_sdi)
                  0000271e    00000002     libclang_rt.builtins.a : aeabi_div0.c.obj (.text.__aeabi_idiv0)
                  00002720    00000120     SPI.o (.text.SPI1_Init)
                  00002840    00000120     ff.o (.text.follow_path)
                  00002960    00000118     ST7735_SDC.o (.text.ST7735_FillRect)
                  00002a78    00000118     diskio.o (.text.disk_write)
                  00002b90    00000114     ff.o (.text.f_sync)
                  00002ca4    000000e4     diskio.o (.text.disk_read)
                  00002d88    000000d0     ST7735_SDC.o (.text.ST7735_OutChar)
                  00002e58    000000b8     ff.o (.text.remove_chain)
                  00002f10    000000ae     ff.o (.text.get_ldnumber)
                  00002fbe    00000002     --HOLE-- [fill = 0]
                  00002fc0    000000ac     ff.o (.text.check_fs)
                  0000306c    000000ac     SDCFile.o (.text.diskError)
                  00003118    000000a6     ff.o (.text.dir_find)
                  000031be    00000002     --HOLE-- [fill = 0]
                  000031c0    000000a4     Timer.o (.text.TimerG0_IntArm)
                  00003264    000000a2     ST7735_SDC.o (.text.commandList)
                  00003306    000000a2     ff.o (.text.dir_alloc)
                  000033a8    00000098     ST7735_SDC.o (.text.ST7735_InitR)
                  00003440    00000098     ff.o (.text.f_mount)
                  000034d8    0000008e     ff.o (.text.sync_window)
                  00003566    00000002     --HOLE-- [fill = 0]
                  00003568    00000088     ST7735_SDC.o (.text.setAddrWindow)
                  000035f0    00000084     ST7735_SDC.o (.text.ST7735_DrawString)
                  00003674    00000084     ST7735_SDC.o (.text.ST7735_OutUDec)
                  000036f8    0000007c     LaunchPad.o (.text.LaunchPad_Init)
                  00003774    0000007c     SDCFile.o (.text.TIMA1_IRQHandler)
                  000037f0    0000007c     libc.a : copy_decompress_lzss.c.obj (.text:decompress:lzss)
                  0000386c    00000078     diskio.o (.text.rcvr_datablock)
                  000038e4    00000076     diskio.o (.text.xmit_datablock)
                  0000395a    00000002     --HOLE-- [fill = 0]
                  0000395c    00000070     SDCFile.o (.text.SysTick_Handler)
                  000039cc    00000070     diskio.o (.text.disk_timerproc)
                  00003a3c    00000068     ff.o (.text.validate)
                  00003aa4    00000064     SPI.o (.text.TFT_OutCommand)
                  00003b08    00000064     SPI.o (.text.TFT_OutData)
                  00003b6c    00000062     ff.o (.text.move_window)
                  00003bce    00000060     ff.o (.text.dir_register)
                  00003c2e    00000002     --HOLE-- [fill = 0]
                  00003c30    00000054     ST7735_SDC.o (.text.fillmessage)
                  00003c84    00000054     ff.o (.text.mem_cmp)
                  00003cd8    00000050     diskio.o (.text.wait_ready)
                  00003d28    00000050     diskio.o (.text.xmit_spi_multi)
                  00003d78    00000048     diskio.o (.text.xchg_spi)
                  00003dc0    00000044     diskio.o (.text.select)
                  00003e04    00000040     SPI.o (.text.SPI1_Reset)
                  00003e44    00000040     TExaS.o (.text.TIMG7_IRQHandler)
                  00003e84    00000040     libclang_rt.builtins.a : aeabi_uidivmod.S.obj (.text.__aeabi_uidivmod)
                  00003ec4    00000040     ff.o (.text.chk_chr)
                  00003f04    00000040     ff.o (.text.f_close)
                  00003f44    0000003c     diskio.o (.text.rcvr_spi)
                  00003f80    0000003c     libc.a : autoinit.c.obj (.text:__TI_auto_init_nobinit_nopinit)
                  00003fbc    00000038     LaunchPad.o (.text.ActivatePortA_B)
                  00003ff4    00000036     ff.o (.text.clust2sect)
                  0000402a    00000036     ff.o (.text.ld_clust)
                  00004060    00000034     Clock.o (.text.Clock_Delay1ms)
                  00004094    00000034     ST7735_SDC.o (.text.ST7735_SetCursor)
                  000040c8    00000034     diskio.o (.text.init_spi)
                  000040fc    00000034     ff.o (.text.mem_cpy)
                  00004130    00000032     ST7735_SDC.o (.text.ST7735_Color565)
                  00004162    00000002     --HOLE-- [fill = 0]
                  00004164    00000030     ST7735_SDC.o (.text.commonInit)
                  00004194    00000030     diskio.o (.text.disk_status)
                  000041c4    0000002c     ST7735_SDC.o (.text.ST7735_FillScreen)
                  000041f0    0000002c     diskio.o (.text.rcvr_spi_multi)
                  0000421c    0000002a     ff.o (.text.mem_set)
                  00004246    00000002     --HOLE-- [fill = 0]
                  00004248    00000028     libc.a : boot_cortex_m.c.obj (.text:_c_int00_noargs)
                  00004270    00000026     ST7735_SDC.o (.text.ST7735_OutString)
                  00004296    00000026     ff.o (.text.st_clust)
                  000042bc    00000024     SPI.o (.text.CS_Init)
                  000042e0    0000001e     ST7735_SDC.o (.text.pushColor)
                  000042fe    00000002     --HOLE-- [fill = 0]
                  00004300    0000001c     startup_mspm0g3507_ticlang.o (.text.Default_Handler)
                  0000431c    0000001c     startup_mspm0g3507_ticlang.o (.text.HardFault_Handler)
                  00004338    00000018     diskio.o (.text.TIMG0_IRQHandler)
                  00004350    00000014     DAC.o (.text.DAC_Out)
                  00004364    00000014     ST7735_SDC.o (.text.ST7735_SetTextColor)
                  00004378    00000014     diskio.o (.text.deselect)
                  0000438c    00000012     libc.a : memcpy16.S.obj (.text:TI_memcpy_small)
                  0000439e    00000012            : copy_decompress_none.c.obj (.text:decompress:none)
                  000043b0    00000010     Clock.o (.text.Clock_Delay)
                  000043c0    00000010     LaunchPad.o (.text.Delay)
                  000043d0    00000010     libc.a : copy_zero_init.c.obj (.text:decompress:ZI)
                  000043e0    0000000e            : memset16.S.obj (.text:TI_memset_small)
                  000043ee    00000002     --HOLE-- [fill = 0]
                  000043f0    0000000c     Clock.o (.text.Clock_Freq)
                  000043fc    0000000c     libclang_rt.builtins.a : aeabi_memset.S.obj (.text.__aeabi_memclr)
                  00004408    00000008                            : aeabi_memcpy.S.obj (.text.__aeabi_memcpy)
                  00004410    00000006     libc.a : exit.c.obj (.text:abort)
                  00004416    00000004     libsysbm.a : hostexit.c.obj (.text.HOSTexit)
                  0000441a    00000004     startup_mspm0g3507_ticlang.o (.text.Reset_Handler)
                  0000441e    00000004     libc.a : pre_init.c.obj (.text._system_pre_init)
                  00004422    00000006     --HOLE-- [fill = 0]

.cinit     0    00004ac0    00000038     
                  00004ac0    00000013     (.cinit..data.load) [load image, compression = lzss]
                  00004ad3    00000001     --HOLE-- [fill = 0]
                  00004ad4    0000000c     (__TI_handler_table)
                  00004ae0    00000008     (.cinit..bss.load) [load image, compression = zero_init]
                  00004ae8    00000010     (__TI_cinit_table)

.rodata    0    00004428    00000698     
                  00004428    000004fb     ST7735_SDC.o (.rodata.Font)
                  00004923    0000003b     ST7735_SDC.o (.rodata.Rcmd1)
                  0000495e    0000002b     ST7735_SDC.o (.rodata.Rcmd3)
                  00004989    00000016     ST7735_SDC.o (.rodata.str1.18061791561094498689.1)
                  0000499f    00000014     SDCFile.o (.rodata.str1.15095535522709362899.1)
                  000049b3    00000014     SDCFile.o (.rodata.str1.4241306339588135405.1)
                  000049c7    00000013     SDCFile.o (.rodata.str1.14025707899388805267.1)
                  000049da    00000012     SDCFile.o (.rodata.str1.16533283941839380652.1)
                  000049ec    00000012     SDCFile.o (.rodata.str1.18415114991099124533.1)
                  000049fe    00000012     SDCFile.o (.rodata.str1.4037043691239074649.1)
                  00004a10    00000010     SDCFile.o (.rodata.str1.16807962433810890129.1)
                  00004a20    00000010     SDCFile.o (.rodata.str1.17236631338528766033.1)
                  00004a30    0000000f     ff.o (.rodata.str1.16501546186399576036.1)
                  00004a3f    0000000e     SDCFile.o (.rodata.str1.14263887822692034866.1)
                  00004a4d    0000000e     SDCFile.o (.rodata.str1.3282647433737810823.1)
                  00004a5b    0000000d     ST7735_SDC.o (.rodata.Rcmd2green)
                  00004a68    0000000d     ST7735_SDC.o (.rodata.Rcmd2red)
                  00004a75    0000000d     SDCFile.o (.rodata.str1.9944681074736303543.1)
                  00004a82    0000000b     SDCFile.o (.rodata.str1.10283559775565681110.1)
                  00004a8d    0000000b     SDCFile.o (.rodata.str1.10976240749341818109.1)
                  00004a98    0000000a     SDCFile.o (.rodata.str1.11858178339518740071.1)
                  00004aa2    00000009     SDCFile.o (.rodata.str1.18436180900155221836.1)
                  00004aab    00000007     SDCFile.o (.rodata.str1.3725882903418653890.1)
                  00004ab2    00000006     SDCFile.o (.rodata.str1.7794356992420575199.1)
                  00004ab8    00000001     SDCFile.o (.rodata.str1.11440398545476173417.1)
                  00004ab9    00000007     --HOLE-- [fill = 0]

.init_array 
*          0    00000000    00000000     UNINITIALIZED

.binit     0    00000000    00000000     

.bss       0    20200000    000006c9     UNINITIALIZED
                  20200000    00000234     SDCFile.o (.bss.g_sFatFs)
                  20200234    00000224     (.common:Handle)
                  20200458    00000224     (.common:Handle2)
                  2020067c    0000000c     (.common:Message)
                  20200688    00000004     ff.o (.bss.FatFs)
                  2020068c    00000004     diskio.o (.bss.Timer1)
                  20200690    00000004     diskio.o (.bss.Timer2)
                  20200694    00000004     (.common:Count)
                  20200698    00000004     (.common:Count8)
                  2020069c    00000004     (.common:Messageindex)
                  202006a0    00000004     (.common:TExaSLogic)
                  202006a4    00000004     (.common:TExaSadc)
                  202006a8    00000004     (.common:back)
                  202006ac    00000004     (.common:back8)
                  202006b0    00000004     (.common:flag)
                  202006b4    00000004     (.common:flag8)
                  202006b8    00000004     (.common:front)
                  202006bc    00000004     (.common:front8)
                  202006c0    00000002     ff.o (.bss.Fsid)
                  202006c2    00000001     diskio.o (.bss.CardType)
                  202006c3    00000001     ST7735_SDC.o (.bss.ColStart)
                  202006c4    00000001     ST7735_SDC.o (.bss.RowStart)
                  202006c5    00000001     ST7735_SDC.o (.bss.TabColor)
                  202006c6    00000001     (.common:Fresult)
                  202006c7    00000001     (.common:InitStatus)
                  202006c8    00000001     (.common:MountFresult)

.sysmem    0    202006d0    00000200     UNINITIALIZED
                  202006d0    00000010     libc.a : memory.c.obj (.sysmem)
                  202006e0    000001f0     --HOLE--

.data      0    202008d0    00000017     UNINITIALIZED
                  202008d0    00000004     Clock.o (.data.BusFreq)
                  202008d4    00000004     SPI.o (.data.SPI1_init_Flag)
                  202008d8    00000004     ST7735_SDC.o (.data.StX)
                  202008dc    00000004     ST7735_SDC.o (.data.StY)
                  202008e0    00000002     ST7735_SDC.o (.data.StTextColor)
                  202008e2    00000002     ST7735_SDC.o (.data._height)
                  202008e4    00000002     ST7735_SDC.o (.data._width)
                  202008e6    00000001     diskio.o (.data.Stat)

.stack     0    20207e00    00000200     UNINITIALIZED
                  20207e00    00000004     libc.a : boot_cortex_m.c.obj (.stack)
                  20207e04    000001fc     --HOLE--

__llvm_prf_cnts 
*          0    20200000    00000000     UNINITIALIZED

__llvm_prf_bits 
*          0    20200000    00000000     UNINITIALIZED

MODULE SUMMARY

       Module                         code    ro data   rw data
       ------                         ----    -------   -------
    ./
       ff.o                           8986    15        6      
       ST7735_SDC.o                   1988    1425      33     
       SDCFile.o                      1312    241       1695   
       diskio.o                       2948    0         10     
       SPI.o                          588     0         4      
       Clock.o                        516     0         4      
       LaunchPad.o                    196     0         0      
       Timer.o                        164     0         0      
       TExaS.o                        64      0         8      
       DAC.o                          20      0         0      
    +--+------------------------------+-------+---------+---------+
       Total:                         16782   1681      1760   
                                                               
    ./ticlang/
       startup_mspm0g3507_ticlang.o   60      192       0      
    +--+------------------------------+-------+---------+---------+
       Total:                         60      192       0      
                                                               
    /Applications/ti/ccs2040/ccs/tools/compiler/ti-cgt-armllvm_4.0.4.LTS/lib/armv6m-ti-none-eabi/c/libc.a
       copy_decompress_lzss.c.obj     124     0         0      
       autoinit.c.obj                 60      0         0      
       boot_cortex_m.c.obj            40      0         0      
       copy_decompress_none.c.obj     18      0         0      
       memcpy16.S.obj                 18      0         0      
       copy_zero_init.c.obj           16      0         0      
       memset16.S.obj                 14      0         0      
       exit.c.obj                     6       0         0      
       pre_init.c.obj                 4       0         0      
    +--+------------------------------+-------+---------+---------+
       Total:                         300     0         0      
                                                               
    /Applications/ti/ccs2040/ccs/tools/compiler/ti-cgt-armllvm_4.0.4.LTS/lib/armv6m-ti-none-eabi/c/libsysbm.a
       hostexit.c.obj                 4       0         0      
    +--+------------------------------+-------+---------+---------+
       Total:                         4       0         0      
                                                               
    /Applications/ti/ccs2040/ccs/tools/compiler/ti-cgt-armllvm_4.0.4.LTS/lib/armv6m-ti-none-eabi/libclang_rt.builtins.a
       aeabi_uidivmod.S.obj           64      0         0      
       aeabi_memset.S.obj             12      0         0      
       aeabi_memcpy.S.obj             8       0         0      
       aeabi_div0.c.obj               2       0         0      
    +--+------------------------------+-------+---------+---------+
       Total:                         86      0         0      
                                                               
       Heap:                          0       0         512    
       Stack:                         0       0         512    
       Linker Generated:              0       55        0      
    +--+------------------------------+-------+---------+---------+
       Grand Total:                   17232   1928      2784   


LINKER GENERATED COPY TABLES

__TI_cinit_table @ 00004ae8 records: 2, size/record: 8, table size: 16
	.data: load addr=00004ac0, load size=00000013 bytes, run addr=202008d0, run size=00000017 bytes, compression=lzss
	.bss: load addr=00004ae0, load size=00000008 bytes, run addr=20200000, run size=000006c9 bytes, compression=zero_init


LINKER GENERATED HANDLER TABLE

__TI_handler_table @ 00004ad4 records: 3, size/record: 4, table size: 12
	index: 0, handler: __TI_decompress_lzss
	index: 1, handler: __TI_decompress_none
	index: 2, handler: __TI_zero_init


GLOBAL SYMBOLS: SORTED ALPHABETICALLY BY Name 

address   name                          
-------   ----                          
00004301  ADC0_IRQHandler               
00004301  ADC1_IRQHandler               
00004301  AES_IRQHandler                
00003fbd  ActivatePortA_B               
202008d0  BusFreq                       
00004416  C$$EXIT                       
00004301  CANFD0_IRQHandler             
000042bd  CS_Init                       
000043b1  Clock_Delay                   
00004061  Clock_Delay1ms                
000043f1  Clock_Freq                    
00001d75  Clock_Init80MHz               
20200694  Count                         
20200698  Count8                        
00004301  DAC0_IRQHandler               
00004351  DAC_Out                       
00004301  DMA_IRQHandler                
00004301  Default_Handler               
000043c1  Delay                         
202006c6  Fresult                       
00004301  GROUP0_IRQHandler             
00004301  GROUP1_IRQHandler             
00004417  HOSTexit                      
20200234  Handle                        
20200458  Handle2                       
0000431d  HardFault_Handler             
00004301  I2C0_IRQHandler               
00004301  I2C1_IRQHandler               
202006c7  InitStatus                    
000036f9  LaunchPad_Init                
2020067c  Message                       
2020069c  Messageindex                  
202006c8  MountFresult                  
00004301  NMI_Handler                   
00004301  PendSV_Handler                
00004301  RTC_IRQHandler                
0000441b  Reset_Handler                 
00004301  SPI0_IRQHandler               
00004301  SPI1_IRQHandler               
00002721  SPI1_Init                     
00003e05  SPI1_Reset                    
202008d4  SPI1_init_Flag                
00004131  ST7735_Color565               
00001f29  ST7735_DrawChar               
000035f1  ST7735_DrawString             
00002961  ST7735_FillRect               
000041c5  ST7735_FillScreen             
000033a9  ST7735_InitR                  
00002d89  ST7735_OutChar                
00004271  ST7735_OutString              
00003675  ST7735_OutUDec                
00004095  ST7735_SetCursor              
00004365  ST7735_SetTextColor           
00004301  SVC_Handler                   
202008e0  StTextColor                   
202008d8  StX                           
202008dc  StY                           
0000395d  SysTick_Handler               
202006a0  TExaSLogic                    
202006a4  TExaSadc                      
00003aa5  TFT_OutCommand                
00003b09  TFT_OutData                   
00004301  TIMA0_IRQHandler              
00003775  TIMA1_IRQHandler              
00004339  TIMG0_IRQHandler              
00004301  TIMG12_IRQHandler             
00004301  TIMG6_IRQHandler              
00003e45  TIMG7_IRQHandler              
00004301  TIMG8_IRQHandler              
0000438d  TI_memcpy_small               
000043e1  TI_memset_small               
000031c1  TimerG0_IntArm                
00004301  UART0_IRQHandler              
00004301  UART1_IRQHandler              
00004301  UART2_IRQHandler              
00004301  UART3_IRQHandler              
20208000  __STACK_END                   
00000200  __STACK_SIZE                  
00000200  __SYSMEM_SIZE                 
00000000  __TI_ATRegion0_region_sz      
00000000  __TI_ATRegion0_src_addr       
00000000  __TI_ATRegion0_trg_addr       
00000000  __TI_ATRegion1_region_sz      
00000000  __TI_ATRegion1_src_addr       
00000000  __TI_ATRegion1_trg_addr       
00000000  __TI_ATRegion2_region_sz      
00000000  __TI_ATRegion2_src_addr       
00000000  __TI_ATRegion2_trg_addr       
00004ae8  __TI_CINIT_Base               
00004af8  __TI_CINIT_Limit              
00004af8  __TI_CINIT_Warm               
00004ad4  __TI_Handler_Table_Base       
00004ae0  __TI_Handler_Table_Limit      
00003f81  __TI_auto_init_nobinit_nopinit
000037f1  __TI_decompress_lzss          
0000439f  __TI_decompress_none          
ffffffff  __TI_pprof_out_hndl           
ffffffff  __TI_prof_data_size           
ffffffff  __TI_prof_data_start          
00000000  __TI_static_base__            
000043d1  __TI_zero_init                
0000271f  __aeabi_idiv0                 
000043fd  __aeabi_memclr                
000043fd  __aeabi_memclr4               
000043fd  __aeabi_memclr8               
00004409  __aeabi_memcpy                
00004409  __aeabi_memcpy4               
00004409  __aeabi_memcpy8               
00003e85  __aeabi_uidiv                 
00003e85  __aeabi_uidivmod              
ffffffff  __binit__                     
UNDEFED   __mpu_init                    
20207e00  __stack                       
20200000  __start___llvm_prf_bits       
20200000  __start___llvm_prf_cnts       
20200000  __stop___llvm_prf_bits        
20200000  __stop___llvm_prf_cnts        
00004249  _c_int00_noargs               
202006d0  _sys_memory                   
UNDEFED   _system_post_cinit            
0000441f  _system_pre_init              
00004411  abort                         
202006a8  back                          
202006ac  back8                         
ffffffff  binit                         
00003ff5  clust2sect                    
0000306d  diskError                     
000017b1  disk_initialize               
00000ff1  disk_ioctl                    
00002ca5  disk_read                     
00004195  disk_status                   
000039cd  disk_timerproc                
00002a79  disk_write                    
00003f05  f_close                       
00003441  f_mount                       
00001541  f_open                        
000012a9  f_read                        
00002b91  f_sync                        
00000cf9  f_write                       
00003c31  fillmessage                   
202006b0  flag                          
202006b4  flag8                         
202006b8  front                         
202006bc  front8                        
00002239  get_fat                       
00000000  interruptVectors              
00000659  main                          
000019d9  put_fat                       


GLOBAL SYMBOLS: SORTED BY Symbol Address 

address   name                          
-------   ----                          
00000000  __TI_ATRegion0_region_sz      
00000000  __TI_ATRegion0_src_addr       
00000000  __TI_ATRegion0_trg_addr       
00000000  __TI_ATRegion1_region_sz      
00000000  __TI_ATRegion1_src_addr       
00000000  __TI_ATRegion1_trg_addr       
00000000  __TI_ATRegion2_region_sz      
00000000  __TI_ATRegion2_src_addr       
00000000  __TI_ATRegion2_trg_addr       
00000000  __TI_static_base__            
00000000  interruptVectors              
00000200  __STACK_SIZE                  
00000200  __SYSMEM_SIZE                 
00000659  main                          
00000cf9  f_write                       
00000ff1  disk_ioctl                    
000012a9  f_read                        
00001541  f_open                        
000017b1  disk_initialize               
000019d9  put_fat                       
00001d75  Clock_Init80MHz               
00001f29  ST7735_DrawChar               
00002239  get_fat                       
0000271f  __aeabi_idiv0                 
00002721  SPI1_Init                     
00002961  ST7735_FillRect               
00002a79  disk_write                    
00002b91  f_sync                        
00002ca5  disk_read                     
00002d89  ST7735_OutChar                
0000306d  diskError                     
000031c1  TimerG0_IntArm                
000033a9  ST7735_InitR                  
00003441  f_mount                       
000035f1  ST7735_DrawString             
00003675  ST7735_OutUDec                
000036f9  LaunchPad_Init                
00003775  TIMA1_IRQHandler              
000037f1  __TI_decompress_lzss          
0000395d  SysTick_Handler               
000039cd  disk_timerproc                
00003aa5  TFT_OutCommand                
00003b09  TFT_OutData                   
00003c31  fillmessage                   
00003e05  SPI1_Reset                    
00003e45  TIMG7_IRQHandler              
00003e85  __aeabi_uidiv                 
00003e85  __aeabi_uidivmod              
00003f05  f_close                       
00003f81  __TI_auto_init_nobinit_nopinit
00003fbd  ActivatePortA_B               
00003ff5  clust2sect                    
00004061  Clock_Delay1ms                
00004095  ST7735_SetCursor              
00004131  ST7735_Color565               
00004195  disk_status                   
000041c5  ST7735_FillScreen             
00004249  _c_int00_noargs               
00004271  ST7735_OutString              
000042bd  CS_Init                       
00004301  ADC0_IRQHandler               
00004301  ADC1_IRQHandler               
00004301  AES_IRQHandler                
00004301  CANFD0_IRQHandler             
00004301  DAC0_IRQHandler               
00004301  DMA_IRQHandler                
00004301  Default_Handler               
00004301  GROUP0_IRQHandler             
00004301  GROUP1_IRQHandler             
00004301  I2C0_IRQHandler               
00004301  I2C1_IRQHandler               
00004301  NMI_Handler                   
00004301  PendSV_Handler                
00004301  RTC_IRQHandler                
00004301  SPI0_IRQHandler               
00004301  SPI1_IRQHandler               
00004301  SVC_Handler                   
00004301  TIMA0_IRQHandler              
00004301  TIMG12_IRQHandler             
00004301  TIMG6_IRQHandler              
00004301  TIMG8_IRQHandler              
00004301  UART0_IRQHandler              
00004301  UART1_IRQHandler              
00004301  UART2_IRQHandler              
00004301  UART3_IRQHandler              
0000431d  HardFault_Handler             
00004339  TIMG0_IRQHandler              
00004351  DAC_Out                       
00004365  ST7735_SetTextColor           
0000438d  TI_memcpy_small               
0000439f  __TI_decompress_none          
000043b1  Clock_Delay                   
000043c1  Delay                         
000043d1  __TI_zero_init                
000043e1  TI_memset_small               
000043f1  Clock_Freq                    
000043fd  __aeabi_memclr                
000043fd  __aeabi_memclr4               
000043fd  __aeabi_memclr8               
00004409  __aeabi_memcpy                
00004409  __aeabi_memcpy4               
00004409  __aeabi_memcpy8               
00004411  abort                         
00004416  C$$EXIT                       
00004417  HOSTexit                      
0000441b  Reset_Handler                 
0000441f  _system_pre_init              
00004ad4  __TI_Handler_Table_Base       
00004ae0  __TI_Handler_Table_Limit      
00004ae8  __TI_CINIT_Base               
00004af8  __TI_CINIT_Limit              
00004af8  __TI_CINIT_Warm               
20200000  __start___llvm_prf_bits       
20200000  __start___llvm_prf_cnts       
20200000  __stop___llvm_prf_bits        
20200000  __stop___llvm_prf_cnts        
20200234  Handle                        
20200458  Handle2                       
2020067c  Message                       
20200694  Count                         
20200698  Count8                        
2020069c  Messageindex                  
202006a0  TExaSLogic                    
202006a4  TExaSadc                      
202006a8  back                          
202006ac  back8                         
202006b0  flag                          
202006b4  flag8                         
202006b8  front                         
202006bc  front8                        
202006c6  Fresult                       
202006c7  InitStatus                    
202006c8  MountFresult                  
202006d0  _sys_memory                   
202008d0  BusFreq                       
202008d4  SPI1_init_Flag                
202008d8  StX                           
202008dc  StY                           
202008e0  StTextColor                   
20207e00  __stack                       
20208000  __STACK_END                   
ffffffff  __TI_pprof_out_hndl           
ffffffff  __TI_prof_data_size           
ffffffff  __TI_prof_data_start          
ffffffff  __binit__                     
ffffffff  binit                         
UNDEFED   __mpu_init                    
UNDEFED   _system_post_cinit            

[148 symbols]
