******************************************************************************
            TI ARM Clang Linker Unix v4.0.4                    
******************************************************************************
>> Linked Sun Feb  1 23:30:33 2026

OUTPUT FILE NAME:   <RTOSVerySimple.out>
ENTRY POINT SYMBOL: "_c_int00_noargs"  address: 000009b5


MEMORY CONFIGURATION

         name            origin    length      used     unused   attr    fill
----------------------  --------  ---------  --------  --------  ----  --------
  FLASH                 00000000   00020000  00000b38  0001f4c8  R  X
  SRAM                  20200000   00008000  00000870  00007790  RW X
  BCR_CONFIG            41c00000   00000080  00000000  00000080  R   
  BSL_CONFIG            41c00100   00000080  00000000  00000080  R   


SEGMENT ALLOCATION MAP

run origin  load origin   length   init length attrs members
----------  ----------- ---------- ----------- ----- -------
00000000    00000000    00000b38   00000b38    r-x
  00000000    00000000    000000c0   000000c0    r-- .intvecs
  000000c0    000000c0    00000a48   00000a48    r-x .text
  00000b08    00000b08    00000030   00000030    r-- .cinit
20200000    20200000    00000670   00000000    rw-
  20200000    20200000    0000066c   00000000    rw- .bss
  2020066c    2020066c    00000004   00000000    rw- .data
20207e00    20207e00    00000200   00000000    rw-
  20207e00    20207e00    00000200   00000000    rw- .stack


SECTION ALLOCATION MAP

 output                                  attributes/
section   page    origin      length       input sections
--------  ----  ----------  ----------   ----------------
.intvecs   0    00000000    000000c0     
                  00000000    000000c0     startup_mspm0g3507_ticlang.o (.intvecs)

.text      0    000000c0    00000a48     
                  000000c0    000001b4     Clock.o (.text.Clock_Init80MHz)
                  00000274    00000128     TExaS.o (.text.ADC_Init)
                  0000039c    000000e8     TExaS.o (.text.UART_Init)
                  00000484    000000a8     Timer.o (.text.TimerG7_IntArm)
                  0000052c    00000084     osSimple.o (.text.OS_AddThreads)
                  000005b0    0000007c     LaunchPad.o (.text.LaunchPad_Init)
                  0000062c    0000007c     libc.a : copy_decompress_lzss.c.obj (.text:decompress:lzss)
                  000006a8    0000005c     user.o (.text.main)
                  00000704    00000058     TExaS.o (.text.TExaS_Init)
                  0000075c    00000058     osasmSimple.o (.text)
                  000007b4    00000040     TExaS.o (.text.TIMG7_IRQHandler)
                  000007f4    00000040     libclang_rt.builtins.a : aeabi_uidivmod.S.obj (.text.__aeabi_uidivmod)
                  00000834    0000003c     libc.a : autoinit.c.obj (.text:__TI_auto_init_nobinit_nopinit)
                  00000870    00000038     LaunchPad.o (.text.ActivatePortA_B)
                  000008a8    00000034     user.o (.text.PortA_Init)
                  000008dc    0000002c     user.o (.text.Task0)
                  00000908    0000002c     user.o (.text.Task1)
                  00000934    0000002c     user.o (.text.Task2)
                  00000960    0000002c     user.o (.text.Task3)
                  0000098c    00000028     TExaS.o (.text.ADC_Start)
                  000009b4    00000028     libc.a : boot_cortex_m.c.obj (.text:_c_int00_noargs)
                  000009dc    00000024     osSimple.o (.text.OS_Init)
                  00000a00    00000024     osSimple.o (.text.OS_Launch)
                  00000a24    0000001c     startup_mspm0g3507_ticlang.o (.text.Default_Handler)
                  00000a40    0000001c     startup_mspm0g3507_ticlang.o (.text.HardFault_Handler)
                  00000a5c    00000012     libc.a : memcpy16.S.obj (.text:TI_memcpy_small)
                  00000a6e    00000012            : copy_decompress_none.c.obj (.text:decompress:none)
                  00000a80    00000010     Clock.o (.text.Clock_Delay)
                  00000a90    00000010     LaunchPad.o (.text.Delay)
                  00000aa0    00000010     TExaS.o (.text.TExaS_PA60Logic)
                  00000ab0    00000010     libc.a : copy_zero_init.c.obj (.text:decompress:ZI)
                  00000ac0    0000000e            : memset16.S.obj (.text:TI_memset_small)
                  00000ace    00000002     libclang_rt.builtins.a : aeabi_div0.c.obj (.text.__aeabi_idiv0)
                  00000ad0    0000000c     Clock.o (.text.Clock_Freq)
                  00000adc    0000000c     libclang_rt.builtins.a : aeabi_memset.S.obj (.text.__aeabi_memclr)
                  00000ae8    00000008                            : aeabi_memcpy.S.obj (.text.__aeabi_memcpy)
                  00000af0    00000006     libc.a : exit.c.obj (.text:abort)
                  00000af6    00000004     libsysbm.a : hostexit.c.obj (.text.HOSTexit)
                  00000afa    00000004     startup_mspm0g3507_ticlang.o (.text.Reset_Handler)
                  00000afe    00000004     libc.a : pre_init.c.obj (.text._system_pre_init)
                  00000b02    00000006     --HOLE-- [fill = 0]

.cinit     0    00000b08    00000030     
                  00000b08    0000000c     (__TI_handler_table)
                  00000b14    00000008     (.cinit..bss.load) [load image, compression = zero_init]
                  00000b1c    00000008     (.cinit..data.load) [load image, compression = lzss]
                  00000b24    00000010     (__TI_cinit_table)
                  00000b34    00000004     --HOLE-- [fill = 0]

.init_array 
*          0    00000000    00000000     UNINITIALIZED

.binit     0    00000000    00000000     

.bss       0    20200000    0000066c     UNINITIALIZED
                  20200000    00000640     (.common:Stacks)
                  20200640    00000010     (.common:tcbs)
                  20200650    00000004     (.common:Count0)
                  20200654    00000004     (.common:Count1)
                  20200658    00000004     (.common:Count2)
                  2020065c    00000004     (.common:Count3)
                  20200660    00000004     (.common:RunI)
                  20200664    00000004     (.common:TExaSLogic)
                  20200668    00000004     (.common:TExaSadc)

.data      0    2020066c    00000004     UNINITIALIZED
                  2020066c    00000004     Clock.o (.data.BusFreq)

.stack     0    20207e00    00000200     UNINITIALIZED
                  20207e00    00000004     libc.a : boot_cortex_m.c.obj (.stack)
                  20207e04    000001fc     --HOLE--

__llvm_prf_cnts 
*          0    20200000    00000000     UNINITIALIZED

__llvm_prf_bits 
*          0    20200000    00000000     UNINITIALIZED

MODULE SUMMARY

       Module                         code   ro data   rw data
       ------                         ----   -------   -------
    ./
       osSimple.o                     204    0         1620   
       TExaS.o                        736    0         8      
       Clock.o                        464    0         4      
       user.o                         320    0         16     
       LaunchPad.o                    196    0         0      
       Timer.o                        168    0         0      
       osasmSimple.o                  88     0         0      
    +--+------------------------------+------+---------+---------+
       Total:                         2176   0         1648   
                                                              
    ./ticlang/
       startup_mspm0g3507_ticlang.o   60     192       0      
    +--+------------------------------+------+---------+---------+
       Total:                         60     192       0      
                                                              
    /Applications/ti/ccs2040/ccs/tools/compiler/ti-cgt-armllvm_4.0.4.LTS/lib/armv6m-ti-none-eabi/c/libc.a
       copy_decompress_lzss.c.obj     124    0         0      
       autoinit.c.obj                 60     0         0      
       boot_cortex_m.c.obj            40     0         0      
       copy_decompress_none.c.obj     18     0         0      
       memcpy16.S.obj                 18     0         0      
       copy_zero_init.c.obj           16     0         0      
       memset16.S.obj                 14     0         0      
       exit.c.obj                     6      0         0      
       pre_init.c.obj                 4      0         0      
    +--+------------------------------+------+---------+---------+
       Total:                         300    0         0      
                                                              
    /Applications/ti/ccs2040/ccs/tools/compiler/ti-cgt-armllvm_4.0.4.LTS/lib/armv6m-ti-none-eabi/c/libsysbm.a
       hostexit.c.obj                 4      0         0      
    +--+------------------------------+------+---------+---------+
       Total:                         4      0         0      
                                                              
    /Applications/ti/ccs2040/ccs/tools/compiler/ti-cgt-armllvm_4.0.4.LTS/lib/armv6m-ti-none-eabi/libclang_rt.builtins.a
       aeabi_uidivmod.S.obj           64     0         0      
       aeabi_memset.S.obj             12     0         0      
       aeabi_memcpy.S.obj             8      0         0      
       aeabi_div0.c.obj               2      0         0      
    +--+------------------------------+------+---------+---------+
       Total:                         86     0         0      
                                                              
       Stack:                         0      0         512    
       Linker Generated:              0      44        0      
    +--+------------------------------+------+---------+---------+
       Grand Total:                   2626   236       2160   


LINKER GENERATED COPY TABLES

__TI_cinit_table @ 00000b24 records: 2, size/record: 8, table size: 16
	.bss: load addr=00000b14, load size=00000008 bytes, run addr=20200000, run size=0000066c bytes, compression=zero_init
	.data: load addr=00000b1c, load size=00000008 bytes, run addr=2020066c, run size=00000004 bytes, compression=lzss


LINKER GENERATED HANDLER TABLE

__TI_handler_table @ 00000b08 records: 3, size/record: 4, table size: 12
	index: 0, handler: __TI_decompress_lzss
	index: 1, handler: __TI_decompress_none
	index: 2, handler: __TI_zero_init


GLOBAL SYMBOLS: SORTED ALPHABETICALLY BY Name 

address   name                          
-------   ----                          
00000a25  ADC0_IRQHandler               
00000a25  ADC1_IRQHandler               
00000275  ADC_Init                      
0000098d  ADC_Start                     
00000a25  AES_IRQHandler                
00000871  ActivatePortA_B               
2020066c  BusFreq                       
00000af6  C$$EXIT                       
00000a25  CANFD0_IRQHandler             
00000a81  Clock_Delay                   
00000ad1  Clock_Freq                    
000000c1  Clock_Init80MHz               
20200650  Count0                        
20200654  Count1                        
20200658  Count2                        
2020065c  Count3                        
00000a25  DAC0_IRQHandler               
00000a25  DMA_IRQHandler                
00000a25  Default_Handler               
00000a91  Delay                         
00000a25  GROUP0_IRQHandler             
00000a25  GROUP1_IRQHandler             
00000af7  HOSTexit                      
00000a41  HardFault_Handler             
00000a25  I2C0_IRQHandler               
00000a25  I2C1_IRQHandler               
000005b1  LaunchPad_Init                
00000a25  NMI_Handler                   
0000052d  OS_AddThreads                 
0000075c  OS_DisableInterrupts          
00000760  OS_EnableInterrupts           
000009dd  OS_Init                       
00000a01  OS_Launch                     
00000a25  PendSV_Handler                
000008a9  PortA_Init                    
00000a25  RTC_IRQHandler                
00000afb  Reset_Handler                 
20200660  RunI                          
00000a25  SPI0_IRQHandler               
00000a25  SPI1_IRQHandler               
00000a25  SVC_Handler                   
20200000  Stacks                        
0000078c  StartOS                       
00000765  SysTick_Handler               
20200664  TExaSLogic                    
00000705  TExaS_Init                    
00000aa1  TExaS_PA60Logic               
20200668  TExaSadc                      
00000a25  TIMA0_IRQHandler              
00000a25  TIMA1_IRQHandler              
00000a25  TIMG0_IRQHandler              
00000a25  TIMG12_IRQHandler             
00000a25  TIMG6_IRQHandler              
000007b5  TIMG7_IRQHandler              
00000a25  TIMG8_IRQHandler              
00000a5d  TI_memcpy_small               
00000ac1  TI_memset_small               
000008dd  Task0                         
00000909  Task1                         
00000935  Task2                         
00000961  Task3                         
00000485  TimerG7_IntArm                
00000a25  UART0_IRQHandler              
00000a25  UART1_IRQHandler              
00000a25  UART2_IRQHandler              
00000a25  UART3_IRQHandler              
0000039d  UART_Init                     
20208000  __STACK_END                   
00000200  __STACK_SIZE                  
00000000  __TI_ATRegion0_region_sz      
00000000  __TI_ATRegion0_src_addr       
00000000  __TI_ATRegion0_trg_addr       
00000000  __TI_ATRegion1_region_sz      
00000000  __TI_ATRegion1_src_addr       
00000000  __TI_ATRegion1_trg_addr       
00000000  __TI_ATRegion2_region_sz      
00000000  __TI_ATRegion2_src_addr       
00000000  __TI_ATRegion2_trg_addr       
00000b24  __TI_CINIT_Base               
00000b34  __TI_CINIT_Limit              
00000b34  __TI_CINIT_Warm               
00000b08  __TI_Handler_Table_Base       
00000b14  __TI_Handler_Table_Limit      
00000835  __TI_auto_init_nobinit_nopinit
0000062d  __TI_decompress_lzss          
00000a6f  __TI_decompress_none          
ffffffff  __TI_pprof_out_hndl           
ffffffff  __TI_prof_data_size           
ffffffff  __TI_prof_data_start          
00000000  __TI_static_base__            
00000ab1  __TI_zero_init                
00000acf  __aeabi_idiv0                 
00000add  __aeabi_memclr                
00000add  __aeabi_memclr4               
00000add  __aeabi_memclr8               
00000ae9  __aeabi_memcpy                
00000ae9  __aeabi_memcpy4               
00000ae9  __aeabi_memcpy8               
000007f5  __aeabi_uidiv                 
000007f5  __aeabi_uidivmod              
ffffffff  __binit__                     
UNDEFED   __mpu_init                    
20207e00  __stack                       
20200000  __start___llvm_prf_bits       
20200000  __start___llvm_prf_cnts       
20200000  __stop___llvm_prf_bits        
20200000  __stop___llvm_prf_cnts        
000009b5  _c_int00_noargs               
UNDEFED   _system_post_cinit            
00000aff  _system_pre_init              
00000af1  abort                         
ffffffff  binit                         
00000000  interruptVectors              
000006a9  main                          
20200640  tcbs                          


GLOBAL SYMBOLS: SORTED BY Symbol Address 

address   name                          
-------   ----                          
00000000  __TI_ATRegion0_region_sz      
00000000  __TI_ATRegion0_src_addr       
00000000  __TI_ATRegion0_trg_addr       
00000000  __TI_ATRegion1_region_sz      
00000000  __TI_ATRegion1_src_addr       
00000000  __TI_ATRegion1_trg_addr       
00000000  __TI_ATRegion2_region_sz      
00000000  __TI_ATRegion2_src_addr       
00000000  __TI_ATRegion2_trg_addr       
00000000  __TI_static_base__            
00000000  interruptVectors              
000000c1  Clock_Init80MHz               
00000200  __STACK_SIZE                  
00000275  ADC_Init                      
0000039d  UART_Init                     
00000485  TimerG7_IntArm                
0000052d  OS_AddThreads                 
000005b1  LaunchPad_Init                
0000062d  __TI_decompress_lzss          
000006a9  main                          
00000705  TExaS_Init                    
0000075c  OS_DisableInterrupts          
00000760  OS_EnableInterrupts           
00000765  SysTick_Handler               
0000078c  StartOS                       
000007b5  TIMG7_IRQHandler              
000007f5  __aeabi_uidiv                 
000007f5  __aeabi_uidivmod              
00000835  __TI_auto_init_nobinit_nopinit
00000871  ActivatePortA_B               
000008a9  PortA_Init                    
000008dd  Task0                         
00000909  Task1                         
00000935  Task2                         
00000961  Task3                         
0000098d  ADC_Start                     
000009b5  _c_int00_noargs               
000009dd  OS_Init                       
00000a01  OS_Launch                     
00000a25  ADC0_IRQHandler               
00000a25  ADC1_IRQHandler               
00000a25  AES_IRQHandler                
00000a25  CANFD0_IRQHandler             
00000a25  DAC0_IRQHandler               
00000a25  DMA_IRQHandler                
00000a25  Default_Handler               
00000a25  GROUP0_IRQHandler             
00000a25  GROUP1_IRQHandler             
00000a25  I2C0_IRQHandler               
00000a25  I2C1_IRQHandler               
00000a25  NMI_Handler                   
00000a25  PendSV_Handler                
00000a25  RTC_IRQHandler                
00000a25  SPI0_IRQHandler               
00000a25  SPI1_IRQHandler               
00000a25  SVC_Handler                   
00000a25  TIMA0_IRQHandler              
00000a25  TIMA1_IRQHandler              
00000a25  TIMG0_IRQHandler              
00000a25  TIMG12_IRQHandler             
00000a25  TIMG6_IRQHandler              
00000a25  TIMG8_IRQHandler              
00000a25  UART0_IRQHandler              
00000a25  UART1_IRQHandler              
00000a25  UART2_IRQHandler              
00000a25  UART3_IRQHandler              
00000a41  HardFault_Handler             
00000a5d  TI_memcpy_small               
00000a6f  __TI_decompress_none          
00000a81  Clock_Delay                   
00000a91  Delay                         
00000aa1  TExaS_PA60Logic               
00000ab1  __TI_zero_init                
00000ac1  TI_memset_small               
00000acf  __aeabi_idiv0                 
00000ad1  Clock_Freq                    
00000add  __aeabi_memclr                
00000add  __aeabi_memclr4               
00000add  __aeabi_memclr8               
00000ae9  __aeabi_memcpy                
00000ae9  __aeabi_memcpy4               
00000ae9  __aeabi_memcpy8               
00000af1  abort                         
00000af6  C$$EXIT                       
00000af7  HOSTexit                      
00000afb  Reset_Handler                 
00000aff  _system_pre_init              
00000b08  __TI_Handler_Table_Base       
00000b14  __TI_Handler_Table_Limit      
00000b24  __TI_CINIT_Base               
00000b34  __TI_CINIT_Limit              
00000b34  __TI_CINIT_Warm               
20200000  Stacks                        
20200000  __start___llvm_prf_bits       
20200000  __start___llvm_prf_cnts       
20200000  __stop___llvm_prf_bits        
20200000  __stop___llvm_prf_cnts        
20200640  tcbs                          
20200650  Count0                        
20200654  Count1                        
20200658  Count2                        
2020065c  Count3                        
20200660  RunI                          
20200664  TExaSLogic                    
20200668  TExaSadc                      
2020066c  BusFreq                       
20207e00  __stack                       
20208000  __STACK_END                   
ffffffff  __TI_pprof_out_hndl           
ffffffff  __TI_prof_data_size           
ffffffff  __TI_prof_data_start          
ffffffff  __binit__                     
ffffffff  binit                         
UNDEFED   __mpu_init                    
UNDEFED   _system_post_cinit            

[115 symbols]
