******************************************************************************
            TI ARM Clang Linker Unix v4.0.4                    
******************************************************************************
>> Linked Mon Feb  2 12:14:57 2026

OUTPUT FILE NAME:   <RTOS_Lab2_RTOSkernel.out>
ENTRY POINT SYMBOL: "_c_int00_noargs"  address: 00001131


MEMORY CONFIGURATION

         name            origin    length      used     unused   attr    fill
----------------------  --------  ---------  --------  --------  ----  --------
  FLASH                 00000000   00020000  00001820  0001e7e0  R  X
  SRAM                  20200000   00008000  000009e7  00007619  RW X
  BCR_CONFIG            41c00000   00000080  00000000  00000080  R   
  BSL_CONFIG            41c00100   00000080  00000000  00000080  R   


SEGMENT ALLOCATION MAP

run origin  load origin   length   init length attrs members
----------  ----------- ---------- ----------- ----- -------
00000000    00000000    00001820   00001820    r-x
  00000000    00000000    000000c0   000000c0    r-- .intvecs
  000000c0    000000c0    00001228   00001228    r-x .text
  000012e8    000012e8    00000500   00000500    r-- .rodata
  000017e8    000017e8    00000038   00000038    r-- .cinit
20200000    20200000    000007ec   00000000    rw-
  20200000    20200000    000005db   00000000    rw- .bss
  202005e0    202005e0    00000200   00000000    rw- .sysmem
  202007e0    202007e0    0000000c   00000000    rw- .data
20207e00    20207e00    00000200   00000000    rw-
  20207e00    20207e00    00000200   00000000    rw- .stack


SECTION ALLOCATION MAP

 output                                  attributes/
section   page    origin      length       input sections
--------  ----  ----------  ----------   ----------------
.intvecs   0    00000000    000000c0     
                  00000000    000000c0     startup_mspm0g3507_ticlang.o (.intvecs)

.text      0    000000c0    00001228     
                  000000c0    000001b4     Clock.o (.text.Clock_Init80MHz)
                  00000274    000001a4     ST7735_SDC.o (.text.ST7735_DrawChar)
                  00000418    00000144     TFLuna2.o (.text.copyHardwareToSoftware2)
                  0000055c    00000100     OS.o (.text.OS_AddThread)
                  0000065c    00000100     OS.o (.text.SetInitialStack)
                  0000075c    000000b8     ST7735_SDC.o (.text.ST7735_Message)
                  00000814    00000088     ST7735_SDC.o (.text.setAddrWindow)
                  0000089c    00000084     ST7735_SDC.o (.text.ST7735_DrawString)
                  00000920    0000007c     LaunchPad.o (.text.LaunchPad_Init)
                  0000099c    0000007c     libc.a : copy_decompress_lzss.c.obj (.text:decompress:lzss)
                  00000a18    00000074     RTOS_Lab2.o (.text.Testmain1)
                  00000a8c    0000006c     osasm.o (.text)
                  00000af8    00000064     SPI.o (.text.TFT_OutCommand)
                  00000b5c    00000064     SPI.o (.text.TFT_OutData)
                  00000bc0    0000005c     RTOS_UARTints.o (.text.UART0_IRQHandler)
                  00000c1c    0000005c     TFLuna2.o (.text.UART2_IRQHandler)
                  00000c78    00000058     RTOS_Lab2.o (.text.Logic_Init)
                  00000cd0    00000058     ST7735_SDC.o (.text.ST7735_OutUDec2)
                  00000d28    00000054     OS.o (.text.GROUP1_IRQHandler)
                  00000d7c    00000054     ST7735_SDC.o (.text.fillmessage)
                  00000dd0    0000004c     TFLuna2.o (.text.Rx2Fifo_Put)
                  00000e1c    0000004c     RTOS_FIFO.o (.text.RxFifo_Put)
                  00000e68    0000004c     RTOS_FIFO.o (.text.TxFifo_Get)
                  00000eb4    0000004c     TFLuna2.o (.text.copySoftwareToHardware2)
                  00000f00    0000004c     RTOS_UARTints.o (.text.copySoftwareToHardware)
                  00000f4c    00000048     TFLuna2.o (.text.Tx2Fifo_Get)
                  00000f94    00000040     OS.o (.text.OS_Launch)
                  00000fd4    00000040     libclang_rt.builtins.a : aeabi_uidivmod.S.obj (.text.__aeabi_uidivmod)
                  00001014    0000003c     libc.a : autoinit.c.obj (.text:__TI_auto_init_nobinit_nopinit)
                  00001050    00000038     LaunchPad.o (.text.ActivatePortA_B)
                  00001088    00000030     RTOS_UARTints.o (.text.copyHardwareToSoftware)
                  000010b8    00000028     RTOS_Lab2.o (.text.Thread0)
                  000010e0    00000028     RTOS_Lab2.o (.text.Thread1)
                  00001108    00000028     RTOS_Lab2.o (.text.Thread2)
                  00001130    00000028     libc.a : boot_cortex_m.c.obj (.text:_c_int00_noargs)
                  00001158    00000020     OS.o (.text.TIMG7_IRQHandler)
                  00001178    0000001e     ST7735_SDC.o (.text.pushColor)
                  00001196    00000002     OS.o (.text.OS_Init)
                  00001198    0000001c     startup_mspm0g3507_ticlang.o (.text.Default_Handler)
                  000011b4    0000001c     startup_mspm0g3507_ticlang.o (.text.HardFault_Handler)
                  000011d0    0000001c     RTOS_Lab2.o (.text.main)
                  000011ec    00000018     TFLuna2.o (.text.TFLuna2_InStatus)
                  00001204    00000018     TFLuna2.o (.text.TFLuna2_OutStatus)
                  0000121c    00000018     RTOS_FIFO.o (.text.TxFifo_Size)
                  00001234    00000014     OS.o (.text.TIMG8_IRQHandler)
                  00001248    00000012     libc.a : memcpy16.S.obj (.text:TI_memcpy_small)
                  0000125a    00000012            : copy_decompress_none.c.obj (.text:decompress:none)
                  0000126c    00000010     LaunchPad.o (.text.Delay)
                  0000127c    00000010     OS.o (.text.OS_Suspend)
                  0000128c    00000010     libc.a : copy_zero_init.c.obj (.text:decompress:ZI)
                  0000129c    0000000e            : memset16.S.obj (.text:TI_memset_small)
                  000012aa    00000002     OS.o (.text.SysTick_Handler)
                  000012ac    0000000c     libclang_rt.builtins.a : aeabi_memset.S.obj (.text.__aeabi_memclr)
                  000012b8    00000008     OS.o (.text.OS_Sleep)
                  000012c0    00000008     libclang_rt.builtins.a : aeabi_memcpy.S.obj (.text.__aeabi_memcpy)
                  000012c8    00000006     libc.a : exit.c.obj (.text:abort)
                  000012ce    00000004     libsysbm.a : hostexit.c.obj (.text.HOSTexit)
                  000012d2    00000004     OS.o (.text.OS_Id)
                  000012d6    00000004     OS.o (.text.OS_Kill)
                  000012da    00000004     OS.o (.text.OS_Time)
                  000012de    00000004     startup_mspm0g3507_ticlang.o (.text.Reset_Handler)
                  000012e2    00000004     libc.a : pre_init.c.obj (.text._system_pre_init)
                  000012e6    00000002     libclang_rt.builtins.a : aeabi_div0.c.obj (.text.__aeabi_idiv0)

.cinit     0    000017e8    00000038     
                  000017e8    00000010     (.cinit..data.load) [load image, compression = lzss]
                  000017f8    0000000c     (__TI_handler_table)
                  00001804    00000008     (.cinit..bss.load) [load image, compression = zero_init]
                  0000180c    00000010     (__TI_cinit_table)
                  0000181c    00000004     --HOLE-- [fill = 0]

.rodata    0    000012e8    00000500     
                  000012e8    000004fb     ST7735_SDC.o (.rodata.Font)
                  000017e3    00000005     --HOLE-- [fill = 0]

.init_array 
*          0    00000000    00000000     UNINITIALIZED

.binit     0    00000000    00000000     

.bss       0    20200000    000005db     UNINITIALIZED
                  20200000    000004b0     (.common:Stacks)
                  202004b0    00000054     (.common:tcbs)
                  20200504    00000040     RTOS_FIFO.o (.bss.TxFifo)
                  20200544    00000010     TFLuna2.o (.bss.Rx2Fifo)
                  20200554    00000010     RTOS_FIFO.o (.bss.RxFifo)
                  20200564    00000010     TFLuna2.o (.bss.Tx2Fifo)
                  20200574    0000000c     (.common:Message)
                  20200580    0000000c     (.common:TFLuna2DataMessage)
                  2020058c    00000004     TFLuna2.o (.bss.Rx2GetI)
                  20200590    00000004     TFLuna2.o (.bss.Rx2PutI)
                  20200594    00000004     TFLuna2.o (.bss.Tx2GetI)
                  20200598    00000004     TFLuna2.o (.bss.Tx2PutI)
                  2020059c    00000004     (.common:BadCheckSum2)
                  202005a0    00000004     (.common:Count0)
                  202005a4    00000004     (.common:Count1)
                  202005a8    00000004     (.common:Count2)
                  202005ac    00000004     (.common:Messageindex)
                  202005b0    00000004     (.common:NumCreated)
                  202005b4    00000004     (.common:RunPt)
                  202005b8    00000004     (.common:RxGetI)
                  202005bc    00000004     (.common:RxPutI)
                  202005c0    00000004     (.common:TFLuna2Distance)
                  202005c4    00000004     (.common:TFLuna2Function)
                  202005c8    00000004     (.common:TFLuna2Index)
                  202005cc    00000004     (.common:TimeMs)
                  202005d0    00000004     (.common:TxGetI)
                  202005d4    00000004     (.common:TxPutI)
                  202005d8    00000001     ST7735_SDC.o (.bss.ColStart)
                  202005d9    00000001     ST7735_SDC.o (.bss.RowStart)
                  202005da    00000001     (.common:TFLuna2LastByte)

.sysmem    0    202005e0    00000200     UNINITIALIZED
                  202005e0    00000010     libc.a : memory.c.obj (.sysmem)
                  202005f0    000001f0     --HOLE--

.data      0    202007e0    0000000c     UNINITIALIZED
                  202007e0    00000004     Clock.o (.data.BusFreq)
                  202007e4    00000004     OS.o (.data.OS_AddThread.thread_idx)
                  202007e8    00000002     ST7735_SDC.o (.data._height)
                  202007ea    00000002     ST7735_SDC.o (.data._width)

.stack     0    20207e00    00000200     UNINITIALIZED
                  20207e00    00000004     libc.a : boot_cortex_m.c.obj (.stack)
                  20207e04    000001fc     --HOLE--

__llvm_prf_cnts 
*          0    20200000    00000000     UNINITIALIZED

__llvm_prf_bits 
*          0    20200000    00000000     UNINITIALIZED

MODULE SUMMARY

       Module                         code   ro data   rw data
       ------                         ----   -------   -------
    ./
       ST7735_SDC.o                   1074   1275      22     
       OS.o                           752    0         1296   
       TFLuna2.o                      688    0         77     
       Clock.o                        436    0         4      
       RTOS_Lab2.o                    352    0         16     
       RTOS_FIFO.o                    176    0         96     
       RTOS_UARTints.o                216    0         0      
       SPI.o                          200    0         0      
       LaunchPad.o                    196    0         0      
       osasm.o                        108    0         0      
    +--+------------------------------+------+---------+---------+
       Total:                         4198   1275      1511   
                                                              
    ./ticlang/
       startup_mspm0g3507_ticlang.o   60     192       0      
    +--+------------------------------+------+---------+---------+
       Total:                         60     192       0      
                                                              
    /Applications/ti/ccs2040/ccs/tools/compiler/ti-cgt-armllvm_4.0.4.LTS/lib/armv6m-ti-none-eabi/c/libc.a
       copy_decompress_lzss.c.obj     124    0         0      
       autoinit.c.obj                 60     0         0      
       boot_cortex_m.c.obj            40     0         0      
       copy_decompress_none.c.obj     18     0         0      
       memcpy16.S.obj                 18     0         0      
       copy_zero_init.c.obj           16     0         0      
       memset16.S.obj                 14     0         0      
       exit.c.obj                     6      0         0      
       pre_init.c.obj                 4      0         0      
    +--+------------------------------+------+---------+---------+
       Total:                         300    0         0      
                                                              
    /Applications/ti/ccs2040/ccs/tools/compiler/ti-cgt-armllvm_4.0.4.LTS/lib/armv6m-ti-none-eabi/c/libsysbm.a
       hostexit.c.obj                 4      0         0      
    +--+------------------------------+------+---------+---------+
       Total:                         4      0         0      
                                                              
    /Applications/ti/ccs2040/ccs/tools/compiler/ti-cgt-armllvm_4.0.4.LTS/lib/armv6m-ti-none-eabi/libclang_rt.builtins.a
       aeabi_uidivmod.S.obj           64     0         0      
       aeabi_memset.S.obj             12     0         0      
       aeabi_memcpy.S.obj             8      0         0      
       aeabi_div0.c.obj               2      0         0      
    +--+------------------------------+------+---------+---------+
       Total:                         86     0         0      
                                                              
       Heap:                          0      0         512    
       Stack:                         0      0         512    
       Linker Generated:              0      52        0      
    +--+------------------------------+------+---------+---------+
       Grand Total:                   4648   1519      2535   


LINKER GENERATED COPY TABLES

__TI_cinit_table @ 0000180c records: 2, size/record: 8, table size: 16
	.data: load addr=000017e8, load size=00000010 bytes, run addr=202007e0, run size=0000000c bytes, compression=lzss
	.bss: load addr=00001804, load size=00000008 bytes, run addr=20200000, run size=000005db bytes, compression=zero_init


LINKER GENERATED HANDLER TABLE

__TI_handler_table @ 000017f8 records: 3, size/record: 4, table size: 12
	index: 0, handler: __TI_decompress_lzss
	index: 1, handler: __TI_decompress_none
	index: 2, handler: __TI_zero_init


GLOBAL SYMBOLS: SORTED ALPHABETICALLY BY Name 

address   name                          
-------   ----                          
00001199  ADC0_IRQHandler               
00001199  ADC1_IRQHandler               
00001199  AES_IRQHandler                
00001051  ActivatePortA_B               
2020059c  BadCheckSum2                  
202007e0  BusFreq                       
000012ce  C$$EXIT                       
00001199  CANFD0_IRQHandler             
000000c1  Clock_Init80MHz               
202005a0  Count0                        
202005a4  Count1                        
202005a8  Count2                        
00001199  DAC0_IRQHandler               
00001199  DMA_IRQHandler                
00001199  Default_Handler               
0000126d  Delay                         
00000a9c  EndCritical                   
00001199  GROUP0_IRQHandler             
00000d29  GROUP1_IRQHandler             
000012cf  HOSTexit                      
000011b5  HardFault_Handler             
00001199  I2C0_IRQHandler               
00001199  I2C1_IRQHandler               
00000921  LaunchPad_Init                
00000c79  Logic_Init                    
20200574  Message                       
202005ac  Messageindex                  
00001199  NMI_Handler                   
202005b0  NumCreated                    
00000a8c  OSDisableInterrupts           
00000a90  OSEnableInterrupts            
0000055d  OS_AddThread                  
000012d3  OS_Id                         
00001197  OS_Init                       
000012d7  OS_Kill                       
00000f95  OS_Launch                     
000012b9  OS_Sleep                      
0000127d  OS_Suspend                    
000012db  OS_Time                       
00000abd  PendSV_Handler                
00001199  RTC_IRQHandler                
000012df  Reset_Handler                 
202005b4  RunPt                         
00000dd1  Rx2Fifo_Put                   
00000e1d  RxFifo_Put                    
202005b8  RxGetI                        
202005bc  RxPutI                        
00001199  SPI0_IRQHandler               
00001199  SPI1_IRQHandler               
00000275  ST7735_DrawChar               
0000089d  ST7735_DrawString             
0000075d  ST7735_Message                
00000cd1  ST7735_OutUDec2               
00000ad7  SVC_Handler                   
0000065d  SetInitialStack               
20200000  Stacks                        
00000a94  StartCritical                 
00000aa2  StartOS                       
000012ab  SysTick_Handler               
20200580  TFLuna2DataMessage            
202005c0  TFLuna2Distance               
202005c4  TFLuna2Function               
202005c8  TFLuna2Index                  
202005da  TFLuna2LastByte               
000011ed  TFLuna2_InStatus              
00001205  TFLuna2_OutStatus             
00000af9  TFT_OutCommand                
00000b5d  TFT_OutData                   
00001199  TIMA0_IRQHandler              
00001199  TIMA1_IRQHandler              
00001199  TIMG0_IRQHandler              
00001199  TIMG12_IRQHandler             
00001199  TIMG6_IRQHandler              
00001159  TIMG7_IRQHandler              
00001235  TIMG8_IRQHandler              
00001249  TI_memcpy_small               
0000129d  TI_memset_small               
00000a19  Testmain1                     
000010b9  Thread0                       
000010e1  Thread1                       
00001109  Thread2                       
202005cc  TimeMs                        
00000f4d  Tx2Fifo_Get                   
00000e69  TxFifo_Get                    
0000121d  TxFifo_Size                   
202005d0  TxGetI                        
202005d4  TxPutI                        
00000bc1  UART0_IRQHandler              
00001199  UART1_IRQHandler              
00000c1d  UART2_IRQHandler              
00001199  UART3_IRQHandler              
20208000  __STACK_END                   
00000200  __STACK_SIZE                  
00000200  __SYSMEM_SIZE                 
00000000  __TI_ATRegion0_region_sz      
00000000  __TI_ATRegion0_src_addr       
00000000  __TI_ATRegion0_trg_addr       
00000000  __TI_ATRegion1_region_sz      
00000000  __TI_ATRegion1_src_addr       
00000000  __TI_ATRegion1_trg_addr       
00000000  __TI_ATRegion2_region_sz      
00000000  __TI_ATRegion2_src_addr       
00000000  __TI_ATRegion2_trg_addr       
0000180c  __TI_CINIT_Base               
0000181c  __TI_CINIT_Limit              
0000181c  __TI_CINIT_Warm               
000017f8  __TI_Handler_Table_Base       
00001804  __TI_Handler_Table_Limit      
00001015  __TI_auto_init_nobinit_nopinit
0000099d  __TI_decompress_lzss          
0000125b  __TI_decompress_none          
ffffffff  __TI_pprof_out_hndl           
ffffffff  __TI_prof_data_size           
ffffffff  __TI_prof_data_start          
00000000  __TI_static_base__            
0000128d  __TI_zero_init                
000012e7  __aeabi_idiv0                 
000012ad  __aeabi_memclr                
000012ad  __aeabi_memclr4               
000012ad  __aeabi_memclr8               
000012c1  __aeabi_memcpy                
000012c1  __aeabi_memcpy4               
000012c1  __aeabi_memcpy8               
00000fd5  __aeabi_uidiv                 
00000fd5  __aeabi_uidivmod              
ffffffff  __binit__                     
UNDEFED   __mpu_init                    
20207e00  __stack                       
20200000  __start___llvm_prf_bits       
20200000  __start___llvm_prf_cnts       
20200000  __stop___llvm_prf_bits        
20200000  __stop___llvm_prf_cnts        
00001131  _c_int00_noargs               
202005e0  _sys_memory                   
UNDEFED   _system_post_cinit            
000012e3  _system_pre_init              
000012c9  abort                         
ffffffff  binit                         
00000d7d  fillmessage                   
00000000  interruptVectors              
000011d1  main                          
202004b0  tcbs                          


GLOBAL SYMBOLS: SORTED BY Symbol Address 

address   name                          
-------   ----                          
00000000  __TI_ATRegion0_region_sz      
00000000  __TI_ATRegion0_src_addr       
00000000  __TI_ATRegion0_trg_addr       
00000000  __TI_ATRegion1_region_sz      
00000000  __TI_ATRegion1_src_addr       
00000000  __TI_ATRegion1_trg_addr       
00000000  __TI_ATRegion2_region_sz      
00000000  __TI_ATRegion2_src_addr       
00000000  __TI_ATRegion2_trg_addr       
00000000  __TI_static_base__            
00000000  interruptVectors              
000000c1  Clock_Init80MHz               
00000200  __STACK_SIZE                  
00000200  __SYSMEM_SIZE                 
00000275  ST7735_DrawChar               
0000055d  OS_AddThread                  
0000065d  SetInitialStack               
0000075d  ST7735_Message                
0000089d  ST7735_DrawString             
00000921  LaunchPad_Init                
0000099d  __TI_decompress_lzss          
00000a19  Testmain1                     
00000a8c  OSDisableInterrupts           
00000a90  OSEnableInterrupts            
00000a94  StartCritical                 
00000a9c  EndCritical                   
00000aa2  StartOS                       
00000abd  PendSV_Handler                
00000ad7  SVC_Handler                   
00000af9  TFT_OutCommand                
00000b5d  TFT_OutData                   
00000bc1  UART0_IRQHandler              
00000c1d  UART2_IRQHandler              
00000c79  Logic_Init                    
00000cd1  ST7735_OutUDec2               
00000d29  GROUP1_IRQHandler             
00000d7d  fillmessage                   
00000dd1  Rx2Fifo_Put                   
00000e1d  RxFifo_Put                    
00000e69  TxFifo_Get                    
00000f4d  Tx2Fifo_Get                   
00000f95  OS_Launch                     
00000fd5  __aeabi_uidiv                 
00000fd5  __aeabi_uidivmod              
00001015  __TI_auto_init_nobinit_nopinit
00001051  ActivatePortA_B               
000010b9  Thread0                       
000010e1  Thread1                       
00001109  Thread2                       
00001131  _c_int00_noargs               
00001159  TIMG7_IRQHandler              
00001197  OS_Init                       
00001199  ADC0_IRQHandler               
00001199  ADC1_IRQHandler               
00001199  AES_IRQHandler                
00001199  CANFD0_IRQHandler             
00001199  DAC0_IRQHandler               
00001199  DMA_IRQHandler                
00001199  Default_Handler               
00001199  GROUP0_IRQHandler             
00001199  I2C0_IRQHandler               
00001199  I2C1_IRQHandler               
00001199  NMI_Handler                   
00001199  RTC_IRQHandler                
00001199  SPI0_IRQHandler               
00001199  SPI1_IRQHandler               
00001199  TIMA0_IRQHandler              
00001199  TIMA1_IRQHandler              
00001199  TIMG0_IRQHandler              
00001199  TIMG12_IRQHandler             
00001199  TIMG6_IRQHandler              
00001199  UART1_IRQHandler              
00001199  UART3_IRQHandler              
000011b5  HardFault_Handler             
000011d1  main                          
000011ed  TFLuna2_InStatus              
00001205  TFLuna2_OutStatus             
0000121d  TxFifo_Size                   
00001235  TIMG8_IRQHandler              
00001249  TI_memcpy_small               
0000125b  __TI_decompress_none          
0000126d  Delay                         
0000127d  OS_Suspend                    
0000128d  __TI_zero_init                
0000129d  TI_memset_small               
000012ab  SysTick_Handler               
000012ad  __aeabi_memclr                
000012ad  __aeabi_memclr4               
000012ad  __aeabi_memclr8               
000012b9  OS_Sleep                      
000012c1  __aeabi_memcpy                
000012c1  __aeabi_memcpy4               
000012c1  __aeabi_memcpy8               
000012c9  abort                         
000012ce  C$$EXIT                       
000012cf  HOSTexit                      
000012d3  OS_Id                         
000012d7  OS_Kill                       
000012db  OS_Time                       
000012df  Reset_Handler                 
000012e3  _system_pre_init              
000012e7  __aeabi_idiv0                 
000017f8  __TI_Handler_Table_Base       
00001804  __TI_Handler_Table_Limit      
0000180c  __TI_CINIT_Base               
0000181c  __TI_CINIT_Limit              
0000181c  __TI_CINIT_Warm               
20200000  Stacks                        
20200000  __start___llvm_prf_bits       
20200000  __start___llvm_prf_cnts       
20200000  __stop___llvm_prf_bits        
20200000  __stop___llvm_prf_cnts        
202004b0  tcbs                          
20200574  Message                       
20200580  TFLuna2DataMessage            
2020059c  BadCheckSum2                  
202005a0  Count0                        
202005a4  Count1                        
202005a8  Count2                        
202005ac  Messageindex                  
202005b0  NumCreated                    
202005b4  RunPt                         
202005b8  RxGetI                        
202005bc  RxPutI                        
202005c0  TFLuna2Distance               
202005c4  TFLuna2Function               
202005c8  TFLuna2Index                  
202005cc  TimeMs                        
202005d0  TxGetI                        
202005d4  TxPutI                        
202005da  TFLuna2LastByte               
202005e0  _sys_memory                   
202007e0  BusFreq                       
20207e00  __stack                       
20208000  __STACK_END                   
ffffffff  __TI_pprof_out_hndl           
ffffffff  __TI_prof_data_size           
ffffffff  __TI_prof_data_start          
ffffffff  __binit__                     
ffffffff  binit                         
UNDEFED   __mpu_init                    
UNDEFED   _system_post_cinit            

[142 symbols]
