******************************************************************************
            TI ARM Clang Linker Unix v4.0.4                    
******************************************************************************
>> Linked Mon Feb  2 11:05:49 2026

OUTPUT FILE NAME:   <RTOS_Lab2_RTOSkernel.out>
ENTRY POINT SYMBOL: "_c_int00_noargs"  address: 00001119


MEMORY CONFIGURATION

         name            origin    length      used     unused   attr    fill
----------------------  --------  ---------  --------  --------  ----  --------
  FLASH                 00000000   00020000  00001800  0001e800  R  X
  SRAM                  20200000   00008000  000009e7  00007619  RW X
  BCR_CONFIG            41c00000   00000080  00000000  00000080  R   
  BSL_CONFIG            41c00100   00000080  00000000  00000080  R   


SEGMENT ALLOCATION MAP

run origin  load origin   length   init length attrs members
----------  ----------- ---------- ----------- ----- -------
00000000    00000000    00001800   00001800    r-x
  00000000    00000000    000000c0   000000c0    r-- .intvecs
  000000c0    000000c0    00001208   00001208    r-x .text
  000012c8    000012c8    00000500   00000500    r-- .rodata
  000017c8    000017c8    00000038   00000038    r-- .cinit
20200000    20200000    000007ec   00000000    rw-
  20200000    20200000    000005db   00000000    rw- .bss
  202005e0    202005e0    00000200   00000000    rw- .sysmem
  202007e0    202007e0    0000000c   00000000    rw- .data
20207e00    20207e00    00000200   00000000    rw-
  20207e00    20207e00    00000200   00000000    rw- .stack


SECTION ALLOCATION MAP

 output                                  attributes/
section   page    origin      length       input sections
--------  ----  ----------  ----------   ----------------
.intvecs   0    00000000    000000c0     
                  00000000    000000c0     startup_mspm0g3507_ticlang.o (.intvecs)

.text      0    000000c0    00001208     
                  000000c0    000001b4     Clock.o (.text.Clock_Init80MHz)
                  00000274    000001a4     ST7735_SDC.o (.text.ST7735_DrawChar)
                  00000418    00000144     TFLuna2.o (.text.copyHardwareToSoftware2)
                  0000055c    00000100     OS.o (.text.OS_AddThread)
                  0000065c    00000100     OS.o (.text.SetInitialStack)
                  0000075c    000000b8     ST7735_SDC.o (.text.ST7735_Message)
                  00000814    00000088     ST7735_SDC.o (.text.setAddrWindow)
                  0000089c    00000084     ST7735_SDC.o (.text.ST7735_DrawString)
                  00000920    0000007c     LaunchPad.o (.text.LaunchPad_Init)
                  0000099c    0000007c     libc.a : copy_decompress_lzss.c.obj (.text:decompress:lzss)
                  00000a18    00000074     RTOS_Lab2.o (.text.Testmain1)
                  00000a8c    00000064     SPI.o (.text.TFT_OutCommand)
                  00000af0    00000064     SPI.o (.text.TFT_OutData)
                  00000b54    0000005c     RTOS_UARTints.o (.text.UART0_IRQHandler)
                  00000bb0    0000005c     TFLuna2.o (.text.UART2_IRQHandler)
                  00000c0c    00000058     RTOS_Lab2.o (.text.Logic_Init)
                  00000c64    00000058     ST7735_SDC.o (.text.ST7735_OutUDec2)
                  00000cbc    00000054     OS.o (.text.GROUP1_IRQHandler)
                  00000d10    00000054     ST7735_SDC.o (.text.fillmessage)
                  00000d64    00000054     osasm.o (.text)
                  00000db8    0000004c     TFLuna2.o (.text.Rx2Fifo_Put)
                  00000e04    0000004c     RTOS_FIFO.o (.text.RxFifo_Put)
                  00000e50    0000004c     RTOS_FIFO.o (.text.TxFifo_Get)
                  00000e9c    0000004c     TFLuna2.o (.text.copySoftwareToHardware2)
                  00000ee8    0000004c     RTOS_UARTints.o (.text.copySoftwareToHardware)
                  00000f34    00000048     TFLuna2.o (.text.Tx2Fifo_Get)
                  00000f7c    00000040     OS.o (.text.OS_Launch)
                  00000fbc    00000040     libclang_rt.builtins.a : aeabi_uidivmod.S.obj (.text.__aeabi_uidivmod)
                  00000ffc    0000003c     libc.a : autoinit.c.obj (.text:__TI_auto_init_nobinit_nopinit)
                  00001038    00000038     LaunchPad.o (.text.ActivatePortA_B)
                  00001070    00000030     RTOS_UARTints.o (.text.copyHardwareToSoftware)
                  000010a0    00000028     RTOS_Lab2.o (.text.Thread0)
                  000010c8    00000028     RTOS_Lab2.o (.text.Thread1)
                  000010f0    00000028     RTOS_Lab2.o (.text.Thread2)
                  00001118    00000028     libc.a : boot_cortex_m.c.obj (.text:_c_int00_noargs)
                  00001140    00000020     OS.o (.text.TIMG7_IRQHandler)
                  00001160    0000001e     ST7735_SDC.o (.text.pushColor)
                  0000117e    00000002     OS.o (.text.OS_Init)
                  00001180    0000001c     startup_mspm0g3507_ticlang.o (.text.Default_Handler)
                  0000119c    0000001c     startup_mspm0g3507_ticlang.o (.text.HardFault_Handler)
                  000011b8    0000001c     RTOS_Lab2.o (.text.main)
                  000011d4    00000018     TFLuna2.o (.text.TFLuna2_InStatus)
                  000011ec    00000018     TFLuna2.o (.text.TFLuna2_OutStatus)
                  00001204    00000018     RTOS_FIFO.o (.text.TxFifo_Size)
                  0000121c    00000014     OS.o (.text.TIMG8_IRQHandler)
                  00001230    00000012     libc.a : memcpy16.S.obj (.text:TI_memcpy_small)
                  00001242    00000012            : copy_decompress_none.c.obj (.text:decompress:none)
                  00001254    00000010     LaunchPad.o (.text.Delay)
                  00001264    00000010     libc.a : copy_zero_init.c.obj (.text:decompress:ZI)
                  00001274    0000000e            : memset16.S.obj (.text:TI_memset_small)
                  00001282    00000002     OS.o (.text.OS_Suspend)
                  00001284    0000000c     libclang_rt.builtins.a : aeabi_memset.S.obj (.text.__aeabi_memclr)
                  00001290    00000008     OS.o (.text.OS_Sleep)
                  00001298    00000008     libclang_rt.builtins.a : aeabi_memcpy.S.obj (.text.__aeabi_memcpy)
                  000012a0    00000006     libc.a : exit.c.obj (.text:abort)
                  000012a6    00000004     libsysbm.a : hostexit.c.obj (.text.HOSTexit)
                  000012aa    00000004     OS.o (.text.OS_Id)
                  000012ae    00000004     OS.o (.text.OS_Kill)
                  000012b2    00000004     OS.o (.text.OS_Time)
                  000012b6    00000004     startup_mspm0g3507_ticlang.o (.text.Reset_Handler)
                  000012ba    00000004     libc.a : pre_init.c.obj (.text._system_pre_init)
                  000012be    00000002     OS.o (.text.SysTick_Handler)
                  000012c0    00000002     libclang_rt.builtins.a : aeabi_div0.c.obj (.text.__aeabi_idiv0)
                  000012c2    00000006     --HOLE-- [fill = 0]

.cinit     0    000017c8    00000038     
                  000017c8    00000010     (.cinit..data.load) [load image, compression = lzss]
                  000017d8    0000000c     (__TI_handler_table)
                  000017e4    00000008     (.cinit..bss.load) [load image, compression = zero_init]
                  000017ec    00000010     (__TI_cinit_table)
                  000017fc    00000004     --HOLE-- [fill = 0]

.rodata    0    000012c8    00000500     
                  000012c8    000004fb     ST7735_SDC.o (.rodata.Font)
                  000017c3    00000005     --HOLE-- [fill = 0]

.init_array 
*          0    00000000    00000000     UNINITIALIZED

.binit     0    00000000    00000000     

.bss       0    20200000    000005db     UNINITIALIZED
                  20200000    000004b0     (.common:Stacks)
                  202004b0    00000054     (.common:tcbs)
                  20200504    00000040     RTOS_FIFO.o (.bss.TxFifo)
                  20200544    00000010     TFLuna2.o (.bss.Rx2Fifo)
                  20200554    00000010     RTOS_FIFO.o (.bss.RxFifo)
                  20200564    00000010     TFLuna2.o (.bss.Tx2Fifo)
                  20200574    0000000c     (.common:Message)
                  20200580    0000000c     (.common:TFLuna2DataMessage)
                  2020058c    00000004     TFLuna2.o (.bss.Rx2GetI)
                  20200590    00000004     TFLuna2.o (.bss.Rx2PutI)
                  20200594    00000004     TFLuna2.o (.bss.Tx2GetI)
                  20200598    00000004     TFLuna2.o (.bss.Tx2PutI)
                  2020059c    00000004     (.common:BadCheckSum2)
                  202005a0    00000004     (.common:Count0)
                  202005a4    00000004     (.common:Count1)
                  202005a8    00000004     (.common:Count2)
                  202005ac    00000004     (.common:Messageindex)
                  202005b0    00000004     (.common:NumCreated)
                  202005b4    00000004     (.common:RunPt)
                  202005b8    00000004     (.common:RxGetI)
                  202005bc    00000004     (.common:RxPutI)
                  202005c0    00000004     (.common:TFLuna2Distance)
                  202005c4    00000004     (.common:TFLuna2Function)
                  202005c8    00000004     (.common:TFLuna2Index)
                  202005cc    00000004     (.common:TimeMs)
                  202005d0    00000004     (.common:TxGetI)
                  202005d4    00000004     (.common:TxPutI)
                  202005d8    00000001     ST7735_SDC.o (.bss.ColStart)
                  202005d9    00000001     ST7735_SDC.o (.bss.RowStart)
                  202005da    00000001     (.common:TFLuna2LastByte)

.sysmem    0    202005e0    00000200     UNINITIALIZED
                  202005e0    00000010     libc.a : memory.c.obj (.sysmem)
                  202005f0    000001f0     --HOLE--

.data      0    202007e0    0000000c     UNINITIALIZED
                  202007e0    00000004     Clock.o (.data.BusFreq)
                  202007e4    00000004     OS.o (.data.OS_AddThread.thread_idx)
                  202007e8    00000002     ST7735_SDC.o (.data._height)
                  202007ea    00000002     ST7735_SDC.o (.data._width)

.stack     0    20207e00    00000200     UNINITIALIZED
                  20207e00    00000004     libc.a : boot_cortex_m.c.obj (.stack)
                  20207e04    000001fc     --HOLE--

__llvm_prf_cnts 
*          0    20200000    00000000     UNINITIALIZED

__llvm_prf_bits 
*          0    20200000    00000000     UNINITIALIZED

MODULE SUMMARY

       Module                         code   ro data   rw data
       ------                         ----   -------   -------
    ./
       ST7735_SDC.o                   1074   1275      22     
       OS.o                           738    0         1296   
       TFLuna2.o                      688    0         77     
       Clock.o                        436    0         4      
       RTOS_Lab2.o                    352    0         16     
       RTOS_FIFO.o                    176    0         96     
       RTOS_UARTints.o                216    0         0      
       SPI.o                          200    0         0      
       LaunchPad.o                    196    0         0      
       osasm.o                        84     0         0      
    +--+------------------------------+------+---------+---------+
       Total:                         4160   1275      1511   
                                                              
    ./ticlang/
       startup_mspm0g3507_ticlang.o   60     192       0      
    +--+------------------------------+------+---------+---------+
       Total:                         60     192       0      
                                                              
    /Applications/ti/ccs2040/ccs/tools/compiler/ti-cgt-armllvm_4.0.4.LTS/lib/armv6m-ti-none-eabi/c/libc.a
       copy_decompress_lzss.c.obj     124    0         0      
       autoinit.c.obj                 60     0         0      
       boot_cortex_m.c.obj            40     0         0      
       copy_decompress_none.c.obj     18     0         0      
       memcpy16.S.obj                 18     0         0      
       copy_zero_init.c.obj           16     0         0      
       memset16.S.obj                 14     0         0      
       exit.c.obj                     6      0         0      
       pre_init.c.obj                 4      0         0      
    +--+------------------------------+------+---------+---------+
       Total:                         300    0         0      
                                                              
    /Applications/ti/ccs2040/ccs/tools/compiler/ti-cgt-armllvm_4.0.4.LTS/lib/armv6m-ti-none-eabi/c/libsysbm.a
       hostexit.c.obj                 4      0         0      
    +--+------------------------------+------+---------+---------+
       Total:                         4      0         0      
                                                              
    /Applications/ti/ccs2040/ccs/tools/compiler/ti-cgt-armllvm_4.0.4.LTS/lib/armv6m-ti-none-eabi/libclang_rt.builtins.a
       aeabi_uidivmod.S.obj           64     0         0      
       aeabi_memset.S.obj             12     0         0      
       aeabi_memcpy.S.obj             8      0         0      
       aeabi_div0.c.obj               2      0         0      
    +--+------------------------------+------+---------+---------+
       Total:                         86     0         0      
                                                              
       Heap:                          0      0         512    
       Stack:                         0      0         512    
       Linker Generated:              0      52        0      
    +--+------------------------------+------+---------+---------+
       Grand Total:                   4610   1519      2535   


LINKER GENERATED COPY TABLES

__TI_cinit_table @ 000017ec records: 2, size/record: 8, table size: 16
	.data: load addr=000017c8, load size=00000010 bytes, run addr=202007e0, run size=0000000c bytes, compression=lzss
	.bss: load addr=000017e4, load size=00000008 bytes, run addr=20200000, run size=000005db bytes, compression=zero_init


LINKER GENERATED HANDLER TABLE

__TI_handler_table @ 000017d8 records: 3, size/record: 4, table size: 12
	index: 0, handler: __TI_decompress_lzss
	index: 1, handler: __TI_decompress_none
	index: 2, handler: __TI_zero_init


GLOBAL SYMBOLS: SORTED ALPHABETICALLY BY Name 

address   name                          
-------   ----                          
00001181  ADC0_IRQHandler               
00001181  ADC1_IRQHandler               
00001181  AES_IRQHandler                
00001039  ActivatePortA_B               
2020059c  BadCheckSum2                  
202007e0  BusFreq                       
000012a6  C$$EXIT                       
00001181  CANFD0_IRQHandler             
000000c1  Clock_Init80MHz               
202005a0  Count0                        
202005a4  Count1                        
202005a8  Count2                        
00001181  DAC0_IRQHandler               
00001181  DMA_IRQHandler                
00001181  Default_Handler               
00001255  Delay                         
00000d74  EndCritical                   
00001181  GROUP0_IRQHandler             
00000cbd  GROUP1_IRQHandler             
000012a7  HOSTexit                      
0000119d  HardFault_Handler             
00001181  I2C0_IRQHandler               
00001181  I2C1_IRQHandler               
00000921  LaunchPad_Init                
00000c0d  Logic_Init                    
20200574  Message                       
202005ac  Messageindex                  
00001181  NMI_Handler                   
202005b0  NumCreated                    
00000d64  OSDisableInterrupts           
00000d68  OSEnableInterrupts            
0000055d  OS_AddThread                  
000012ab  OS_Id                         
0000117f  OS_Init                       
000012af  OS_Kill                       
00000f7d  OS_Launch                     
00001291  OS_Sleep                      
00001283  OS_Suspend                    
000012b3  OS_Time                       
00000d95  PendSV_Handler                
00001181  RTC_IRQHandler                
000012b7  Reset_Handler                 
202005b4  RunPt                         
00000db9  Rx2Fifo_Put                   
00000e05  RxFifo_Put                    
202005b8  RxGetI                        
202005bc  RxPutI                        
00001181  SPI0_IRQHandler               
00001181  SPI1_IRQHandler               
00000275  ST7735_DrawChar               
0000089d  ST7735_DrawString             
0000075d  ST7735_Message                
00000c65  ST7735_OutUDec2               
00000d97  SVC_Handler                   
0000065d  SetInitialStack               
20200000  Stacks                        
00000d6c  StartCritical                 
00000d7a  StartOS                       
000012bf  SysTick_Handler               
20200580  TFLuna2DataMessage            
202005c0  TFLuna2Distance               
202005c4  TFLuna2Function               
202005c8  TFLuna2Index                  
202005da  TFLuna2LastByte               
000011d5  TFLuna2_InStatus              
000011ed  TFLuna2_OutStatus             
00000a8d  TFT_OutCommand                
00000af1  TFT_OutData                   
00001181  TIMA0_IRQHandler              
00001181  TIMA1_IRQHandler              
00001181  TIMG0_IRQHandler              
00001181  TIMG12_IRQHandler             
00001181  TIMG6_IRQHandler              
00001141  TIMG7_IRQHandler              
0000121d  TIMG8_IRQHandler              
00001231  TI_memcpy_small               
00001275  TI_memset_small               
00000a19  Testmain1                     
000010a1  Thread0                       
000010c9  Thread1                       
000010f1  Thread2                       
202005cc  TimeMs                        
00000f35  Tx2Fifo_Get                   
00000e51  TxFifo_Get                    
00001205  TxFifo_Size                   
202005d0  TxGetI                        
202005d4  TxPutI                        
00000b55  UART0_IRQHandler              
00001181  UART1_IRQHandler              
00000bb1  UART2_IRQHandler              
00001181  UART3_IRQHandler              
20208000  __STACK_END                   
00000200  __STACK_SIZE                  
00000200  __SYSMEM_SIZE                 
00000000  __TI_ATRegion0_region_sz      
00000000  __TI_ATRegion0_src_addr       
00000000  __TI_ATRegion0_trg_addr       
00000000  __TI_ATRegion1_region_sz      
00000000  __TI_ATRegion1_src_addr       
00000000  __TI_ATRegion1_trg_addr       
00000000  __TI_ATRegion2_region_sz      
00000000  __TI_ATRegion2_src_addr       
00000000  __TI_ATRegion2_trg_addr       
000017ec  __TI_CINIT_Base               
000017fc  __TI_CINIT_Limit              
000017fc  __TI_CINIT_Warm               
000017d8  __TI_Handler_Table_Base       
000017e4  __TI_Handler_Table_Limit      
00000ffd  __TI_auto_init_nobinit_nopinit
0000099d  __TI_decompress_lzss          
00001243  __TI_decompress_none          
ffffffff  __TI_pprof_out_hndl           
ffffffff  __TI_prof_data_size           
ffffffff  __TI_prof_data_start          
00000000  __TI_static_base__            
00001265  __TI_zero_init                
000012c1  __aeabi_idiv0                 
00001285  __aeabi_memclr                
00001285  __aeabi_memclr4               
00001285  __aeabi_memclr8               
00001299  __aeabi_memcpy                
00001299  __aeabi_memcpy4               
00001299  __aeabi_memcpy8               
00000fbd  __aeabi_uidiv                 
00000fbd  __aeabi_uidivmod              
ffffffff  __binit__                     
UNDEFED   __mpu_init                    
20207e00  __stack                       
20200000  __start___llvm_prf_bits       
20200000  __start___llvm_prf_cnts       
20200000  __stop___llvm_prf_bits        
20200000  __stop___llvm_prf_cnts        
00001119  _c_int00_noargs               
202005e0  _sys_memory                   
UNDEFED   _system_post_cinit            
000012bb  _system_pre_init              
000012a1  abort                         
ffffffff  binit                         
00000d11  fillmessage                   
00000000  interruptVectors              
000011b9  main                          
202004b0  tcbs                          


GLOBAL SYMBOLS: SORTED BY Symbol Address 

address   name                          
-------   ----                          
00000000  __TI_ATRegion0_region_sz      
00000000  __TI_ATRegion0_src_addr       
00000000  __TI_ATRegion0_trg_addr       
00000000  __TI_ATRegion1_region_sz      
00000000  __TI_ATRegion1_src_addr       
00000000  __TI_ATRegion1_trg_addr       
00000000  __TI_ATRegion2_region_sz      
00000000  __TI_ATRegion2_src_addr       
00000000  __TI_ATRegion2_trg_addr       
00000000  __TI_static_base__            
00000000  interruptVectors              
000000c1  Clock_Init80MHz               
00000200  __STACK_SIZE                  
00000200  __SYSMEM_SIZE                 
00000275  ST7735_DrawChar               
0000055d  OS_AddThread                  
0000065d  SetInitialStack               
0000075d  ST7735_Message                
0000089d  ST7735_DrawString             
00000921  LaunchPad_Init                
0000099d  __TI_decompress_lzss          
00000a19  Testmain1                     
00000a8d  TFT_OutCommand                
00000af1  TFT_OutData                   
00000b55  UART0_IRQHandler              
00000bb1  UART2_IRQHandler              
00000c0d  Logic_Init                    
00000c65  ST7735_OutUDec2               
00000cbd  GROUP1_IRQHandler             
00000d11  fillmessage                   
00000d64  OSDisableInterrupts           
00000d68  OSEnableInterrupts            
00000d6c  StartCritical                 
00000d74  EndCritical                   
00000d7a  StartOS                       
00000d95  PendSV_Handler                
00000d97  SVC_Handler                   
00000db9  Rx2Fifo_Put                   
00000e05  RxFifo_Put                    
00000e51  TxFifo_Get                    
00000f35  Tx2Fifo_Get                   
00000f7d  OS_Launch                     
00000fbd  __aeabi_uidiv                 
00000fbd  __aeabi_uidivmod              
00000ffd  __TI_auto_init_nobinit_nopinit
00001039  ActivatePortA_B               
000010a1  Thread0                       
000010c9  Thread1                       
000010f1  Thread2                       
00001119  _c_int00_noargs               
00001141  TIMG7_IRQHandler              
0000117f  OS_Init                       
00001181  ADC0_IRQHandler               
00001181  ADC1_IRQHandler               
00001181  AES_IRQHandler                
00001181  CANFD0_IRQHandler             
00001181  DAC0_IRQHandler               
00001181  DMA_IRQHandler                
00001181  Default_Handler               
00001181  GROUP0_IRQHandler             
00001181  I2C0_IRQHandler               
00001181  I2C1_IRQHandler               
00001181  NMI_Handler                   
00001181  RTC_IRQHandler                
00001181  SPI0_IRQHandler               
00001181  SPI1_IRQHandler               
00001181  TIMA0_IRQHandler              
00001181  TIMA1_IRQHandler              
00001181  TIMG0_IRQHandler              
00001181  TIMG12_IRQHandler             
00001181  TIMG6_IRQHandler              
00001181  UART1_IRQHandler              
00001181  UART3_IRQHandler              
0000119d  HardFault_Handler             
000011b9  main                          
000011d5  TFLuna2_InStatus              
000011ed  TFLuna2_OutStatus             
00001205  TxFifo_Size                   
0000121d  TIMG8_IRQHandler              
00001231  TI_memcpy_small               
00001243  __TI_decompress_none          
00001255  Delay                         
00001265  __TI_zero_init                
00001275  TI_memset_small               
00001283  OS_Suspend                    
00001285  __aeabi_memclr                
00001285  __aeabi_memclr4               
00001285  __aeabi_memclr8               
00001291  OS_Sleep                      
00001299  __aeabi_memcpy                
00001299  __aeabi_memcpy4               
00001299  __aeabi_memcpy8               
000012a1  abort                         
000012a6  C$$EXIT                       
000012a7  HOSTexit                      
000012ab  OS_Id                         
000012af  OS_Kill                       
000012b3  OS_Time                       
000012b7  Reset_Handler                 
000012bb  _system_pre_init              
000012bf  SysTick_Handler               
000012c1  __aeabi_idiv0                 
000017d8  __TI_Handler_Table_Base       
000017e4  __TI_Handler_Table_Limit      
000017ec  __TI_CINIT_Base               
000017fc  __TI_CINIT_Limit              
000017fc  __TI_CINIT_Warm               
20200000  Stacks                        
20200000  __start___llvm_prf_bits       
20200000  __start___llvm_prf_cnts       
20200000  __stop___llvm_prf_bits        
20200000  __stop___llvm_prf_cnts        
202004b0  tcbs                          
20200574  Message                       
20200580  TFLuna2DataMessage            
2020059c  BadCheckSum2                  
202005a0  Count0                        
202005a4  Count1                        
202005a8  Count2                        
202005ac  Messageindex                  
202005b0  NumCreated                    
202005b4  RunPt                         
202005b8  RxGetI                        
202005bc  RxPutI                        
202005c0  TFLuna2Distance               
202005c4  TFLuna2Function               
202005c8  TFLuna2Index                  
202005cc  TimeMs                        
202005d0  TxGetI                        
202005d4  TxPutI                        
202005da  TFLuna2LastByte               
202005e0  _sys_memory                   
202007e0  BusFreq                       
20207e00  __stack                       
20208000  __STACK_END                   
ffffffff  __TI_pprof_out_hndl           
ffffffff  __TI_prof_data_size           
ffffffff  __TI_prof_data_start          
ffffffff  __binit__                     
ffffffff  binit                         
UNDEFED   __mpu_init                    
UNDEFED   _system_post_cinit            

[142 symbols]
