******************************************************************************
            TI ARM Clang Linker Unix v4.0.4                    
******************************************************************************
>> Linked Mon Feb  2 12:51:35 2026

OUTPUT FILE NAME:   <RTOS_Lab2_RTOSkernel.out>
ENTRY POINT SYMBOL: "_c_int00_noargs"  address: 00001085


MEMORY CONFIGURATION

         name            origin    length      used     unused   attr    fill
----------------------  --------  ---------  --------  --------  ----  --------
  FLASH                 00000000   00020000  00001790  0001e870  R  X
  SRAM                  20200000   00008000  000009db  00007625  RW X
  BCR_CONFIG            41c00000   00000080  00000000  00000080  R   
  BSL_CONFIG            41c00100   00000080  00000000  00000080  R   


SEGMENT ALLOCATION MAP

run origin  load origin   length   init length attrs members
----------  ----------- ---------- ----------- ----- -------
00000000    00000000    00001790   00001790    r-x
  00000000    00000000    000000c0   000000c0    r-- .intvecs
  000000c0    000000c0    00001198   00001198    r-x .text
  00001258    00001258    00000500   00000500    r-- .rodata
  00001758    00001758    00000038   00000038    r-- .cinit
20200000    20200000    000007dc   00000000    rw-
  20200000    20200000    000005cf   00000000    rw- .bss
  202005d0    202005d0    00000200   00000000    rw- .sysmem
  202007d0    202007d0    0000000c   00000000    rw- .data
20207e00    20207e00    00000200   00000000    rw-
  20207e00    20207e00    00000200   00000000    rw- .stack


SECTION ALLOCATION MAP

 output                                  attributes/
section   page    origin      length       input sections
--------  ----  ----------  ----------   ----------------
.intvecs   0    00000000    000000c0     
                  00000000    000000c0     startup_mspm0g3507_ticlang.o (.intvecs)

.text      0    000000c0    00001198     
                  000000c0    000001b4     Clock.o (.text.Clock_Init80MHz)
                  00000274    000001a4     ST7735_SDC.o (.text.ST7735_DrawChar)
                  00000418    00000144     TFLuna2.o (.text.copyHardwareToSoftware2)
                  0000055c    00000100     OS.o (.text.OS_AddThread)
                  0000065c    00000100     OS.o (.text.SetInitialStack)
                  0000075c    000000b8     ST7735_SDC.o (.text.ST7735_Message)
                  00000814    00000088     ST7735_SDC.o (.text.setAddrWindow)
                  0000089c    00000084     ST7735_SDC.o (.text.ST7735_DrawString)
                  00000920    0000007c     LaunchPad.o (.text.LaunchPad_Init)
                  0000099c    0000007c     libc.a : copy_decompress_lzss.c.obj (.text:decompress:lzss)
                  00000a18    0000006c     osasm.o (.text)
                  00000a84    00000064     SPI.o (.text.TFT_OutCommand)
                  00000ae8    00000064     SPI.o (.text.TFT_OutData)
                  00000b4c    0000005c     RTOS_UARTints.o (.text.UART0_IRQHandler)
                  00000ba8    0000005c     TFLuna2.o (.text.UART2_IRQHandler)
                  00000c04    00000058     RTOS_Lab2.o (.text.Logic_Init)
                  00000c5c    00000058     ST7735_SDC.o (.text.ST7735_OutUDec2)
                  00000cb4    00000054     OS.o (.text.GROUP1_IRQHandler)
                  00000d08    00000054     ST7735_SDC.o (.text.fillmessage)
                  00000d5c    0000004c     TFLuna2.o (.text.Rx2Fifo_Put)
                  00000da8    0000004c     RTOS_FIFO.o (.text.RxFifo_Put)
                  00000df4    0000004c     RTOS_FIFO.o (.text.TxFifo_Get)
                  00000e40    0000004c     TFLuna2.o (.text.copySoftwareToHardware2)
                  00000e8c    0000004c     RTOS_UARTints.o (.text.copySoftwareToHardware)
                  00000ed8    00000048     TFLuna2.o (.text.Tx2Fifo_Get)
                  00000f20    00000040     OS.o (.text.OS_Launch)
                  00000f60    00000040     RTOS_Lab2.o (.text.TestmainCS)
                  00000fa0    00000040     libclang_rt.builtins.a : aeabi_uidivmod.S.obj (.text.__aeabi_uidivmod)
                  00000fe0    0000003c     libc.a : autoinit.c.obj (.text:__TI_auto_init_nobinit_nopinit)
                  0000101c    00000038     LaunchPad.o (.text.ActivatePortA_B)
                  00001054    00000030     RTOS_UARTints.o (.text.copyHardwareToSoftware)
                  00001084    00000028     libc.a : boot_cortex_m.c.obj (.text:_c_int00_noargs)
                  000010ac    00000020     OS.o (.text.TIMG7_IRQHandler)
                  000010cc    0000001e     ST7735_SDC.o (.text.pushColor)
                  000010ea    00000002     OS.o (.text.OS_Init)
                  000010ec    0000001c     startup_mspm0g3507_ticlang.o (.text.Default_Handler)
                  00001108    0000001c     startup_mspm0g3507_ticlang.o (.text.HardFault_Handler)
                  00001124    0000001c     RTOS_Lab2.o (.text.main)
                  00001140    00000018     TFLuna2.o (.text.TFLuna2_InStatus)
                  00001158    00000018     TFLuna2.o (.text.TFLuna2_OutStatus)
                  00001170    00000018     RTOS_FIFO.o (.text.TxFifo_Size)
                  00001188    00000014     OS.o (.text.TIMG8_IRQHandler)
                  0000119c    00000012     libc.a : memcpy16.S.obj (.text:TI_memcpy_small)
                  000011ae    00000012            : copy_decompress_none.c.obj (.text:decompress:none)
                  000011c0    00000010     LaunchPad.o (.text.Delay)
                  000011d0    00000010     OS.o (.text.OS_Suspend)
                  000011e0    00000010     RTOS_Lab2.o (.text.ThreadCS)
                  000011f0    00000010     libc.a : copy_zero_init.c.obj (.text:decompress:ZI)
                  00001200    0000000e            : memset16.S.obj (.text:TI_memset_small)
                  0000120e    00000002     libclang_rt.builtins.a : aeabi_div0.c.obj (.text.__aeabi_idiv0)
                  00001210    0000000c                            : aeabi_memset.S.obj (.text.__aeabi_memclr)
                  0000121c    00000008     OS.o (.text.OS_Sleep)
                  00001224    00000008     OS.o (.text.SysTick_Handler)
                  0000122c    00000008     libclang_rt.builtins.a : aeabi_memcpy.S.obj (.text.__aeabi_memcpy)
                  00001234    00000006     libc.a : exit.c.obj (.text:abort)
                  0000123a    00000004     libsysbm.a : hostexit.c.obj (.text.HOSTexit)
                  0000123e    00000004     OS.o (.text.OS_Id)
                  00001242    00000004     OS.o (.text.OS_Kill)
                  00001246    00000004     OS.o (.text.OS_Time)
                  0000124a    00000004     startup_mspm0g3507_ticlang.o (.text.Reset_Handler)
                  0000124e    00000004     libc.a : pre_init.c.obj (.text._system_pre_init)
                  00001252    00000006     --HOLE-- [fill = 0]

.cinit     0    00001758    00000038     
                  00001758    00000010     (.cinit..data.load) [load image, compression = lzss]
                  00001768    0000000c     (__TI_handler_table)
                  00001774    00000008     (.cinit..bss.load) [load image, compression = zero_init]
                  0000177c    00000010     (__TI_cinit_table)
                  0000178c    00000004     --HOLE-- [fill = 0]

.rodata    0    00001258    00000500     
                  00001258    000004fb     ST7735_SDC.o (.rodata.Font)
                  00001753    00000005     --HOLE-- [fill = 0]

.init_array 
*          0    00000000    00000000     UNINITIALIZED

.binit     0    00000000    00000000     

.bss       0    20200000    000005cf     UNINITIALIZED
                  20200000    000004b0     (.common:Stacks)
                  202004b0    00000054     (.common:tcbs)
                  20200504    00000040     RTOS_FIFO.o (.bss.TxFifo)
                  20200544    00000010     TFLuna2.o (.bss.Rx2Fifo)
                  20200554    00000010     RTOS_FIFO.o (.bss.RxFifo)
                  20200564    00000010     TFLuna2.o (.bss.Tx2Fifo)
                  20200574    0000000c     (.common:Message)
                  20200580    0000000c     (.common:TFLuna2DataMessage)
                  2020058c    00000004     TFLuna2.o (.bss.Rx2GetI)
                  20200590    00000004     TFLuna2.o (.bss.Rx2PutI)
                  20200594    00000004     TFLuna2.o (.bss.Tx2GetI)
                  20200598    00000004     TFLuna2.o (.bss.Tx2PutI)
                  2020059c    00000004     (.common:BadCheckSum2)
                  202005a0    00000004     (.common:Messageindex)
                  202005a4    00000004     (.common:NumCreated)
                  202005a8    00000004     (.common:RunPt)
                  202005ac    00000004     (.common:RxGetI)
                  202005b0    00000004     (.common:RxPutI)
                  202005b4    00000004     (.common:TFLuna2Distance)
                  202005b8    00000004     (.common:TFLuna2Function)
                  202005bc    00000004     (.common:TFLuna2Index)
                  202005c0    00000004     (.common:TimeMs)
                  202005c4    00000004     (.common:TxGetI)
                  202005c8    00000004     (.common:TxPutI)
                  202005cc    00000001     ST7735_SDC.o (.bss.ColStart)
                  202005cd    00000001     ST7735_SDC.o (.bss.RowStart)
                  202005ce    00000001     (.common:TFLuna2LastByte)

.sysmem    0    202005d0    00000200     UNINITIALIZED
                  202005d0    00000010     libc.a : memory.c.obj (.sysmem)
                  202005e0    000001f0     --HOLE--

.data      0    202007d0    0000000c     UNINITIALIZED
                  202007d0    00000004     Clock.o (.data.BusFreq)
                  202007d4    00000004     OS.o (.data.OS_AddThread.thread_idx)
                  202007d8    00000002     ST7735_SDC.o (.data._height)
                  202007da    00000002     ST7735_SDC.o (.data._width)

.stack     0    20207e00    00000200     UNINITIALIZED
                  20207e00    00000004     libc.a : boot_cortex_m.c.obj (.stack)
                  20207e04    000001fc     --HOLE--

__llvm_prf_cnts 
*          0    20200000    00000000     UNINITIALIZED

__llvm_prf_bits 
*          0    20200000    00000000     UNINITIALIZED

MODULE SUMMARY

       Module                         code   ro data   rw data
       ------                         ----   -------   -------
    ./
       ST7735_SDC.o                   1074   1275      22     
       OS.o                           758    0         1296   
       TFLuna2.o                      688    0         77     
       Clock.o                        436    0         4      
       RTOS_FIFO.o                    176    0         96     
       RTOS_UARTints.o                216    0         0      
       RTOS_Lab2.o                    196    0         4      
       SPI.o                          200    0         0      
       LaunchPad.o                    196    0         0      
       osasm.o                        108    0         0      
    +--+------------------------------+------+---------+---------+
       Total:                         4048   1275      1499   
                                                              
    ./ticlang/
       startup_mspm0g3507_ticlang.o   60     192       0      
    +--+------------------------------+------+---------+---------+
       Total:                         60     192       0      
                                                              
    /Applications/ti/ccs2040/ccs/tools/compiler/ti-cgt-armllvm_4.0.4.LTS/lib/armv6m-ti-none-eabi/c/libc.a
       copy_decompress_lzss.c.obj     124    0         0      
       autoinit.c.obj                 60     0         0      
       boot_cortex_m.c.obj            40     0         0      
       copy_decompress_none.c.obj     18     0         0      
       memcpy16.S.obj                 18     0         0      
       copy_zero_init.c.obj           16     0         0      
       memset16.S.obj                 14     0         0      
       exit.c.obj                     6      0         0      
       pre_init.c.obj                 4      0         0      
    +--+------------------------------+------+---------+---------+
       Total:                         300    0         0      
                                                              
    /Applications/ti/ccs2040/ccs/tools/compiler/ti-cgt-armllvm_4.0.4.LTS/lib/armv6m-ti-none-eabi/c/libsysbm.a
       hostexit.c.obj                 4      0         0      
    +--+------------------------------+------+---------+---------+
       Total:                         4      0         0      
                                                              
    /Applications/ti/ccs2040/ccs/tools/compiler/ti-cgt-armllvm_4.0.4.LTS/lib/armv6m-ti-none-eabi/libclang_rt.builtins.a
       aeabi_uidivmod.S.obj           64     0         0      
       aeabi_memset.S.obj             12     0         0      
       aeabi_memcpy.S.obj             8      0         0      
       aeabi_div0.c.obj               2      0         0      
    +--+------------------------------+------+---------+---------+
       Total:                         86     0         0      
                                                              
       Heap:                          0      0         512    
       Stack:                         0      0         512    
       Linker Generated:              0      52        0      
    +--+------------------------------+------+---------+---------+
       Grand Total:                   4498   1519      2523   


LINKER GENERATED COPY TABLES

__TI_cinit_table @ 0000177c records: 2, size/record: 8, table size: 16
	.data: load addr=00001758, load size=00000010 bytes, run addr=202007d0, run size=0000000c bytes, compression=lzss
	.bss: load addr=00001774, load size=00000008 bytes, run addr=20200000, run size=000005cf bytes, compression=zero_init


LINKER GENERATED HANDLER TABLE

__TI_handler_table @ 00001768 records: 3, size/record: 4, table size: 12
	index: 0, handler: __TI_decompress_lzss
	index: 1, handler: __TI_decompress_none
	index: 2, handler: __TI_zero_init


GLOBAL SYMBOLS: SORTED ALPHABETICALLY BY Name 

address   name                          
-------   ----                          
000010ed  ADC0_IRQHandler               
000010ed  ADC1_IRQHandler               
000010ed  AES_IRQHandler                
0000101d  ActivatePortA_B               
2020059c  BadCheckSum2                  
202007d0  BusFreq                       
0000123a  C$$EXIT                       
000010ed  CANFD0_IRQHandler             
000000c1  Clock_Init80MHz               
000010ed  DAC0_IRQHandler               
000010ed  DMA_IRQHandler                
000010ed  Default_Handler               
000011c1  Delay                         
00000a28  EndCritical                   
000010ed  GROUP0_IRQHandler             
00000cb5  GROUP1_IRQHandler             
0000123b  HOSTexit                      
00001109  HardFault_Handler             
000010ed  I2C0_IRQHandler               
000010ed  I2C1_IRQHandler               
00000921  LaunchPad_Init                
00000c05  Logic_Init                    
20200574  Message                       
202005a0  Messageindex                  
000010ed  NMI_Handler                   
202005a4  NumCreated                    
00000a18  OSDisableInterrupts           
00000a1c  OSEnableInterrupts            
0000055d  OS_AddThread                  
0000123f  OS_Id                         
000010eb  OS_Init                       
00001243  OS_Kill                       
00000f21  OS_Launch                     
0000121d  OS_Sleep                      
000011d1  OS_Suspend                    
00001247  OS_Time                       
00000a49  PendSV_Handler                
000010ed  RTC_IRQHandler                
0000124b  Reset_Handler                 
202005a8  RunPt                         
00000d5d  Rx2Fifo_Put                   
00000da9  RxFifo_Put                    
202005ac  RxGetI                        
202005b0  RxPutI                        
000010ed  SPI0_IRQHandler               
000010ed  SPI1_IRQHandler               
00000275  ST7735_DrawChar               
0000089d  ST7735_DrawString             
0000075d  ST7735_Message                
00000c5d  ST7735_OutUDec2               
00000a63  SVC_Handler                   
0000065d  SetInitialStack               
20200000  Stacks                        
00000a20  StartCritical                 
00000a2e  StartOS                       
00001225  SysTick_Handler               
20200580  TFLuna2DataMessage            
202005b4  TFLuna2Distance               
202005b8  TFLuna2Function               
202005bc  TFLuna2Index                  
202005ce  TFLuna2LastByte               
00001141  TFLuna2_InStatus              
00001159  TFLuna2_OutStatus             
00000a85  TFT_OutCommand                
00000ae9  TFT_OutData                   
000010ed  TIMA0_IRQHandler              
000010ed  TIMA1_IRQHandler              
000010ed  TIMG0_IRQHandler              
000010ed  TIMG12_IRQHandler             
000010ed  TIMG6_IRQHandler              
000010ad  TIMG7_IRQHandler              
00001189  TIMG8_IRQHandler              
0000119d  TI_memcpy_small               
00001201  TI_memset_small               
00000f61  TestmainCS                    
000011e1  ThreadCS                      
202005c0  TimeMs                        
00000ed9  Tx2Fifo_Get                   
00000df5  TxFifo_Get                    
00001171  TxFifo_Size                   
202005c4  TxGetI                        
202005c8  TxPutI                        
00000b4d  UART0_IRQHandler              
000010ed  UART1_IRQHandler              
00000ba9  UART2_IRQHandler              
000010ed  UART3_IRQHandler              
20208000  __STACK_END                   
00000200  __STACK_SIZE                  
00000200  __SYSMEM_SIZE                 
00000000  __TI_ATRegion0_region_sz      
00000000  __TI_ATRegion0_src_addr       
00000000  __TI_ATRegion0_trg_addr       
00000000  __TI_ATRegion1_region_sz      
00000000  __TI_ATRegion1_src_addr       
00000000  __TI_ATRegion1_trg_addr       
00000000  __TI_ATRegion2_region_sz      
00000000  __TI_ATRegion2_src_addr       
00000000  __TI_ATRegion2_trg_addr       
0000177c  __TI_CINIT_Base               
0000178c  __TI_CINIT_Limit              
0000178c  __TI_CINIT_Warm               
00001768  __TI_Handler_Table_Base       
00001774  __TI_Handler_Table_Limit      
00000fe1  __TI_auto_init_nobinit_nopinit
0000099d  __TI_decompress_lzss          
000011af  __TI_decompress_none          
ffffffff  __TI_pprof_out_hndl           
ffffffff  __TI_prof_data_size           
ffffffff  __TI_prof_data_start          
00000000  __TI_static_base__            
000011f1  __TI_zero_init                
0000120f  __aeabi_idiv0                 
00001211  __aeabi_memclr                
00001211  __aeabi_memclr4               
00001211  __aeabi_memclr8               
0000122d  __aeabi_memcpy                
0000122d  __aeabi_memcpy4               
0000122d  __aeabi_memcpy8               
00000fa1  __aeabi_uidiv                 
00000fa1  __aeabi_uidivmod              
ffffffff  __binit__                     
UNDEFED   __mpu_init                    
20207e00  __stack                       
20200000  __start___llvm_prf_bits       
20200000  __start___llvm_prf_cnts       
20200000  __stop___llvm_prf_bits        
20200000  __stop___llvm_prf_cnts        
00001085  _c_int00_noargs               
202005d0  _sys_memory                   
UNDEFED   _system_post_cinit            
0000124f  _system_pre_init              
00001235  abort                         
ffffffff  binit                         
00000d09  fillmessage                   
00000000  interruptVectors              
00001125  main                          
202004b0  tcbs                          


GLOBAL SYMBOLS: SORTED BY Symbol Address 

address   name                          
-------   ----                          
00000000  __TI_ATRegion0_region_sz      
00000000  __TI_ATRegion0_src_addr       
00000000  __TI_ATRegion0_trg_addr       
00000000  __TI_ATRegion1_region_sz      
00000000  __TI_ATRegion1_src_addr       
00000000  __TI_ATRegion1_trg_addr       
00000000  __TI_ATRegion2_region_sz      
00000000  __TI_ATRegion2_src_addr       
00000000  __TI_ATRegion2_trg_addr       
00000000  __TI_static_base__            
00000000  interruptVectors              
000000c1  Clock_Init80MHz               
00000200  __STACK_SIZE                  
00000200  __SYSMEM_SIZE                 
00000275  ST7735_DrawChar               
0000055d  OS_AddThread                  
0000065d  SetInitialStack               
0000075d  ST7735_Message                
0000089d  ST7735_DrawString             
00000921  LaunchPad_Init                
0000099d  __TI_decompress_lzss          
00000a18  OSDisableInterrupts           
00000a1c  OSEnableInterrupts            
00000a20  StartCritical                 
00000a28  EndCritical                   
00000a2e  StartOS                       
00000a49  PendSV_Handler                
00000a63  SVC_Handler                   
00000a85  TFT_OutCommand                
00000ae9  TFT_OutData                   
00000b4d  UART0_IRQHandler              
00000ba9  UART2_IRQHandler              
00000c05  Logic_Init                    
00000c5d  ST7735_OutUDec2               
00000cb5  GROUP1_IRQHandler             
00000d09  fillmessage                   
00000d5d  Rx2Fifo_Put                   
00000da9  RxFifo_Put                    
00000df5  TxFifo_Get                    
00000ed9  Tx2Fifo_Get                   
00000f21  OS_Launch                     
00000f61  TestmainCS                    
00000fa1  __aeabi_uidiv                 
00000fa1  __aeabi_uidivmod              
00000fe1  __TI_auto_init_nobinit_nopinit
0000101d  ActivatePortA_B               
00001085  _c_int00_noargs               
000010ad  TIMG7_IRQHandler              
000010eb  OS_Init                       
000010ed  ADC0_IRQHandler               
000010ed  ADC1_IRQHandler               
000010ed  AES_IRQHandler                
000010ed  CANFD0_IRQHandler             
000010ed  DAC0_IRQHandler               
000010ed  DMA_IRQHandler                
000010ed  Default_Handler               
000010ed  GROUP0_IRQHandler             
000010ed  I2C0_IRQHandler               
000010ed  I2C1_IRQHandler               
000010ed  NMI_Handler                   
000010ed  RTC_IRQHandler                
000010ed  SPI0_IRQHandler               
000010ed  SPI1_IRQHandler               
000010ed  TIMA0_IRQHandler              
000010ed  TIMA1_IRQHandler              
000010ed  TIMG0_IRQHandler              
000010ed  TIMG12_IRQHandler             
000010ed  TIMG6_IRQHandler              
000010ed  UART1_IRQHandler              
000010ed  UART3_IRQHandler              
00001109  HardFault_Handler             
00001125  main                          
00001141  TFLuna2_InStatus              
00001159  TFLuna2_OutStatus             
00001171  TxFifo_Size                   
00001189  TIMG8_IRQHandler              
0000119d  TI_memcpy_small               
000011af  __TI_decompress_none          
000011c1  Delay                         
000011d1  OS_Suspend                    
000011e1  ThreadCS                      
000011f1  __TI_zero_init                
00001201  TI_memset_small               
0000120f  __aeabi_idiv0                 
00001211  __aeabi_memclr                
00001211  __aeabi_memclr4               
00001211  __aeabi_memclr8               
0000121d  OS_Sleep                      
00001225  SysTick_Handler               
0000122d  __aeabi_memcpy                
0000122d  __aeabi_memcpy4               
0000122d  __aeabi_memcpy8               
00001235  abort                         
0000123a  C$$EXIT                       
0000123b  HOSTexit                      
0000123f  OS_Id                         
00001243  OS_Kill                       
00001247  OS_Time                       
0000124b  Reset_Handler                 
0000124f  _system_pre_init              
00001768  __TI_Handler_Table_Base       
00001774  __TI_Handler_Table_Limit      
0000177c  __TI_CINIT_Base               
0000178c  __TI_CINIT_Limit              
0000178c  __TI_CINIT_Warm               
20200000  Stacks                        
20200000  __start___llvm_prf_bits       
20200000  __start___llvm_prf_cnts       
20200000  __stop___llvm_prf_bits        
20200000  __stop___llvm_prf_cnts        
202004b0  tcbs                          
20200574  Message                       
20200580  TFLuna2DataMessage            
2020059c  BadCheckSum2                  
202005a0  Messageindex                  
202005a4  NumCreated                    
202005a8  RunPt                         
202005ac  RxGetI                        
202005b0  RxPutI                        
202005b4  TFLuna2Distance               
202005b8  TFLuna2Function               
202005bc  TFLuna2Index                  
202005c0  TimeMs                        
202005c4  TxGetI                        
202005c8  TxPutI                        
202005ce  TFLuna2LastByte               
202005d0  _sys_memory                   
202007d0  BusFreq                       
20207e00  __stack                       
20208000  __STACK_END                   
ffffffff  __TI_pprof_out_hndl           
ffffffff  __TI_prof_data_size           
ffffffff  __TI_prof_data_start          
ffffffff  __binit__                     
ffffffff  binit                         
UNDEFED   __mpu_init                    
UNDEFED   _system_post_cinit            

[137 symbols]
