******************************************************************************
            TI ARM Clang Linker Unix v4.0.4                    
******************************************************************************
>> Linked Wed Jan 28 09:51:41 2026

OUTPUT FILE NAME:   <MotorTest.out>
ENTRY POINT SYMBOL: "_c_int00_noargs"  address: 00000565


MEMORY CONFIGURATION

         name            origin    length      used     unused   attr    fill
----------------------  --------  ---------  --------  --------  ----  --------
  FLASH                 00000000   00020000  00000688  0001f978  R  X
  SRAM                  20200000   00008000  00000214  00007dec  RW X
  BCR_CONFIG            41c00000   00000080  00000000  00000080  R   
  BSL_CONFIG            41c00100   00000080  00000000  00000080  R   


SEGMENT ALLOCATION MAP

run origin  load origin   length   init length attrs members
----------  ----------- ---------- ----------- ----- -------
00000000    00000000    00000688   00000688    r-x
  00000000    00000000    000000c0   000000c0    r-- .intvecs
  000000c0    000000c0    00000598   00000598    r-x .text
  00000658    00000658    00000030   00000030    r-- .cinit
20200000    20200000    00000014   00000000    rw-
  20200000    20200000    00000010   00000000    rw- .bss
  20200010    20200010    00000004   00000000    rw- .data
20207e00    20207e00    00000200   00000000    rw-
  20207e00    20207e00    00000200   00000000    rw- .stack


SECTION ALLOCATION MAP

 output                                  attributes/
section   page    origin      length       input sections
--------  ----  ----------  ----------   ----------------
.intvecs   0    00000000    000000c0     
                  00000000    000000c0     startup_mspm0g3507_ticlang.o (.intvecs)

.text      0    000000c0    00000598     
                  000000c0    000001b4     Clock.o (.text.Clock_Init80MHz)
                  00000274    000000d4     PWMG6.o (.text.PWMG6_Init)
                  00000348    000000b0     MotorTestmain.o (.text.main)
                  000003f8    0000007c     LaunchPad.o (.text.LaunchPad_Init)
                  00000474    0000007c     libc.a : copy_decompress_lzss.c.obj (.text:decompress:lzss)
                  000004f0    0000003c            : autoinit.c.obj (.text:__TI_auto_init_nobinit_nopinit)
                  0000052c    00000038     LaunchPad.o (.text.ActivatePortA_B)
                  00000564    00000028     libc.a : boot_cortex_m.c.obj (.text:_c_int00_noargs)
                  0000058c    0000001c     startup_mspm0g3507_ticlang.o (.text.Default_Handler)
                  000005a8    0000001c     startup_mspm0g3507_ticlang.o (.text.HardFault_Handler)
                  000005c4    0000001c     PWMG6.o (.text.PWMG6_SetDuty)
                  000005e0    00000016     libc.a : copy_zero_init.c.obj (.text:decompress:ZI:__TI_zero_init_nomemset)
                  000005f6    00000012            : memcpy16.S.obj (.text:TI_memcpy_small)
                  00000608    00000012            : copy_decompress_none.c.obj (.text:decompress:none)
                  0000061a    00000010     Clock.o (.text.Clock_Delay)
                  0000062a    00000010     LaunchPad.o (.text.Delay)
                  0000063a    00000002     --HOLE-- [fill = 0]
                  0000063c    00000008     libclang_rt.builtins.a : aeabi_memcpy.S.obj (.text.__aeabi_memcpy)
                  00000644    00000006     libc.a : exit.c.obj (.text:abort)
                  0000064a    00000004     libsysbm.a : hostexit.c.obj (.text.HOSTexit)
                  0000064e    00000004     startup_mspm0g3507_ticlang.o (.text.Reset_Handler)
                  00000652    00000004     libc.a : pre_init.c.obj (.text._system_pre_init)
                  00000656    00000002     --HOLE-- [fill = 0]

.cinit     0    00000658    00000030     
                  00000658    0000000c     (__TI_handler_table)
                  00000664    00000008     (.cinit..bss.load) [load image, compression = zero_init]
                  0000066c    00000008     (.cinit..data.load) [load image, compression = lzss]
                  00000674    00000010     (__TI_cinit_table)
                  00000684    00000004     --HOLE-- [fill = 0]

.init_array 
*          0    00000000    00000000     UNINITIALIZED

.binit     0    00000000    00000000     

.bss       0    20200000    00000010     UNINITIALIZED
                  20200000    00000004     (.common:Change)
                  20200004    00000004     (.common:Duty)
                  20200008    00000004     (.common:PWMG6_Period)
                  2020000c    00000004     (.common:Period)

.data      0    20200010    00000004     UNINITIALIZED
                  20200010    00000004     Clock.o (.data.BusFreq)

.stack     0    20207e00    00000200     UNINITIALIZED
                  20207e00    00000004     libc.a : boot_cortex_m.c.obj (.stack)
                  20207e04    000001fc     --HOLE--

__llvm_prf_cnts 
*          0    20200000    00000000     UNINITIALIZED

__llvm_prf_bits 
*          0    20200000    00000000     UNINITIALIZED

MODULE SUMMARY

       Module                         code   ro data   rw data
       ------                         ----   -------   -------
    ./
       Clock.o                        452    0         4      
       PWMG6.o                        240    0         4      
       LaunchPad.o                    196    0         0      
       MotorTestmain.o                176    0         12     
    +--+------------------------------+------+---------+---------+
       Total:                         1064   0         20     
                                                              
    ./ticlang/
       startup_mspm0g3507_ticlang.o   60     192       0      
    +--+------------------------------+------+---------+---------+
       Total:                         60     192       0      
                                                              
    /Applications/ti/ccs2040/ccs/tools/compiler/ti-cgt-armllvm_4.0.4.LTS/lib/armv6m-ti-none-eabi/c/libc.a
       copy_decompress_lzss.c.obj     124    0         0      
       autoinit.c.obj                 60     0         0      
       boot_cortex_m.c.obj            40     0         0      
       copy_zero_init.c.obj           22     0         0      
       copy_decompress_none.c.obj     18     0         0      
       memcpy16.S.obj                 18     0         0      
       exit.c.obj                     6      0         0      
       pre_init.c.obj                 4      0         0      
    +--+------------------------------+------+---------+---------+
       Total:                         292    0         0      
                                                              
    /Applications/ti/ccs2040/ccs/tools/compiler/ti-cgt-armllvm_4.0.4.LTS/lib/armv6m-ti-none-eabi/c/libsysbm.a
       hostexit.c.obj                 4      0         0      
    +--+------------------------------+------+---------+---------+
       Total:                         4      0         0      
                                                              
    /Applications/ti/ccs2040/ccs/tools/compiler/ti-cgt-armllvm_4.0.4.LTS/lib/armv6m-ti-none-eabi/libclang_rt.builtins.a
       aeabi_memcpy.S.obj             8      0         0      
    +--+------------------------------+------+---------+---------+
       Total:                         8      0         0      
                                                              
       Stack:                         0      0         512    
       Linker Generated:              0      44        0      
    +--+------------------------------+------+---------+---------+
       Grand Total:                   1428   236       532    


LINKER GENERATED COPY TABLES

__TI_cinit_table @ 00000674 records: 2, size/record: 8, table size: 16
	.bss: load addr=00000664, load size=00000008 bytes, run addr=20200000, run size=00000010 bytes, compression=zero_init
	.data: load addr=0000066c, load size=00000008 bytes, run addr=20200010, run size=00000004 bytes, compression=lzss


LINKER GENERATED HANDLER TABLE

__TI_handler_table @ 00000658 records: 3, size/record: 4, table size: 12
	index: 0, handler: __TI_decompress_lzss
	index: 1, handler: __TI_decompress_none
	index: 2, handler: __TI_zero_init


GLOBAL SYMBOLS: SORTED ALPHABETICALLY BY Name 

address   name                          
-------   ----                          
0000058d  ADC0_IRQHandler               
0000058d  ADC1_IRQHandler               
0000058d  AES_IRQHandler                
0000052d  ActivatePortA_B               
20200010  BusFreq                       
0000064a  C$$EXIT                       
0000058d  CANFD0_IRQHandler             
20200000  Change                        
0000061b  Clock_Delay                   
000000c1  Clock_Init80MHz               
0000058d  DAC0_IRQHandler               
0000058d  DMA_IRQHandler                
0000058d  Default_Handler               
0000062b  Delay                         
20200004  Duty                          
0000058d  GROUP0_IRQHandler             
0000058d  GROUP1_IRQHandler             
0000064b  HOSTexit                      
000005a9  HardFault_Handler             
0000058d  I2C0_IRQHandler               
0000058d  I2C1_IRQHandler               
000003f9  LaunchPad_Init                
0000058d  NMI_Handler                   
00000275  PWMG6_Init                    
20200008  PWMG6_Period                  
000005c5  PWMG6_SetDuty                 
0000058d  PendSV_Handler                
2020000c  Period                        
0000058d  RTC_IRQHandler                
0000064f  Reset_Handler                 
0000058d  SPI0_IRQHandler               
0000058d  SPI1_IRQHandler               
0000058d  SVC_Handler                   
0000058d  SysTick_Handler               
0000058d  TIMA0_IRQHandler              
0000058d  TIMA1_IRQHandler              
0000058d  TIMG0_IRQHandler              
0000058d  TIMG12_IRQHandler             
0000058d  TIMG6_IRQHandler              
0000058d  TIMG7_IRQHandler              
0000058d  TIMG8_IRQHandler              
000005f7  TI_memcpy_small               
0000058d  UART0_IRQHandler              
0000058d  UART1_IRQHandler              
0000058d  UART2_IRQHandler              
0000058d  UART3_IRQHandler              
20208000  __STACK_END                   
00000200  __STACK_SIZE                  
00000000  __TI_ATRegion0_region_sz      
00000000  __TI_ATRegion0_src_addr       
00000000  __TI_ATRegion0_trg_addr       
00000000  __TI_ATRegion1_region_sz      
00000000  __TI_ATRegion1_src_addr       
00000000  __TI_ATRegion1_trg_addr       
00000000  __TI_ATRegion2_region_sz      
00000000  __TI_ATRegion2_src_addr       
00000000  __TI_ATRegion2_trg_addr       
00000674  __TI_CINIT_Base               
00000684  __TI_CINIT_Limit              
00000684  __TI_CINIT_Warm               
00000658  __TI_Handler_Table_Base       
00000664  __TI_Handler_Table_Limit      
000004f1  __TI_auto_init_nobinit_nopinit
00000475  __TI_decompress_lzss          
00000609  __TI_decompress_none          
ffffffff  __TI_pprof_out_hndl           
ffffffff  __TI_prof_data_size           
ffffffff  __TI_prof_data_start          
00000000  __TI_static_base__            
000005e1  __TI_zero_init_nomemset       
0000063d  __aeabi_memcpy                
0000063d  __aeabi_memcpy4               
0000063d  __aeabi_memcpy8               
ffffffff  __binit__                     
UNDEFED   __mpu_init                    
20207e00  __stack                       
20200000  __start___llvm_prf_bits       
20200000  __start___llvm_prf_cnts       
20200000  __stop___llvm_prf_bits        
20200000  __stop___llvm_prf_cnts        
00000565  _c_int00_noargs               
UNDEFED   _system_post_cinit            
00000653  _system_pre_init              
00000645  abort                         
ffffffff  binit                         
00000000  interruptVectors              
00000349  main                          


GLOBAL SYMBOLS: SORTED BY Symbol Address 

address   name                          
-------   ----                          
00000000  __TI_ATRegion0_region_sz      
00000000  __TI_ATRegion0_src_addr       
00000000  __TI_ATRegion0_trg_addr       
00000000  __TI_ATRegion1_region_sz      
00000000  __TI_ATRegion1_src_addr       
00000000  __TI_ATRegion1_trg_addr       
00000000  __TI_ATRegion2_region_sz      
00000000  __TI_ATRegion2_src_addr       
00000000  __TI_ATRegion2_trg_addr       
00000000  __TI_static_base__            
00000000  interruptVectors              
000000c1  Clock_Init80MHz               
00000200  __STACK_SIZE                  
00000275  PWMG6_Init                    
00000349  main                          
000003f9  LaunchPad_Init                
00000475  __TI_decompress_lzss          
000004f1  __TI_auto_init_nobinit_nopinit
0000052d  ActivatePortA_B               
00000565  _c_int00_noargs               
0000058d  ADC0_IRQHandler               
0000058d  ADC1_IRQHandler               
0000058d  AES_IRQHandler                
0000058d  CANFD0_IRQHandler             
0000058d  DAC0_IRQHandler               
0000058d  DMA_IRQHandler                
0000058d  Default_Handler               
0000058d  GROUP0_IRQHandler             
0000058d  GROUP1_IRQHandler             
0000058d  I2C0_IRQHandler               
0000058d  I2C1_IRQHandler               
0000058d  NMI_Handler                   
0000058d  PendSV_Handler                
0000058d  RTC_IRQHandler                
0000058d  SPI0_IRQHandler               
0000058d  SPI1_IRQHandler               
0000058d  SVC_Handler                   
0000058d  SysTick_Handler               
0000058d  TIMA0_IRQHandler              
0000058d  TIMA1_IRQHandler              
0000058d  TIMG0_IRQHandler              
0000058d  TIMG12_IRQHandler             
0000058d  TIMG6_IRQHandler              
0000058d  TIMG7_IRQHandler              
0000058d  TIMG8_IRQHandler              
0000058d  UART0_IRQHandler              
0000058d  UART1_IRQHandler              
0000058d  UART2_IRQHandler              
0000058d  UART3_IRQHandler              
000005a9  HardFault_Handler             
000005c5  PWMG6_SetDuty                 
000005e1  __TI_zero_init_nomemset       
000005f7  TI_memcpy_small               
00000609  __TI_decompress_none          
0000061b  Clock_Delay                   
0000062b  Delay                         
0000063d  __aeabi_memcpy                
0000063d  __aeabi_memcpy4               
0000063d  __aeabi_memcpy8               
00000645  abort                         
0000064a  C$$EXIT                       
0000064b  HOSTexit                      
0000064f  Reset_Handler                 
00000653  _system_pre_init              
00000658  __TI_Handler_Table_Base       
00000664  __TI_Handler_Table_Limit      
00000674  __TI_CINIT_Base               
00000684  __TI_CINIT_Limit              
00000684  __TI_CINIT_Warm               
20200000  Change                        
20200000  __start___llvm_prf_bits       
20200000  __start___llvm_prf_cnts       
20200000  __stop___llvm_prf_bits        
20200000  __stop___llvm_prf_cnts        
20200004  Duty                          
20200008  PWMG6_Period                  
2020000c  Period                        
20200010  BusFreq                       
20207e00  __stack                       
20208000  __STACK_END                   
ffffffff  __TI_pprof_out_hndl           
ffffffff  __TI_prof_data_size           
ffffffff  __TI_prof_data_start          
ffffffff  __binit__                     
ffffffff  binit                         
UNDEFED   __mpu_init                    
UNDEFED   _system_post_cinit            

[87 symbols]
