******************************************************************************
            TI ARM Clang Linker Unix v4.0.4                    
******************************************************************************
>> Linked Sun Feb  1 23:30:41 2026

OUTPUT FILE NAME:   <RTOS_Lab4_FileSystem.out>
ENTRY POINT SYMBOL: "_c_int00_noargs"  address: 00001cbd


MEMORY CONFIGURATION

         name            origin    length      used     unused   attr    fill
----------------------  --------  ---------  --------  --------  ----  --------
  FLASH                 00000000   00020000  000025d0  0001da30  R  X
  SRAM                  20200000   00008000  00000703  000078fd  RW X
  BCR_CONFIG            41c00000   00000080  00000000  00000080  R   
  BSL_CONFIG            41c00100   00000080  00000000  00000080  R   


SEGMENT ALLOCATION MAP

run origin  load origin   length   init length attrs members
----------  ----------- ---------- ----------- ----- -------
00000000    00000000    000025d0   000025d0    r-x
  00000000    00000000    000000c0   000000c0    r-- .intvecs
  000000c0    000000c0    00001ed8   00001ed8    r-x .text
  00001f98    00001f98    00000600   00000600    r-- .rodata
  00002598    00002598    00000038   00000038    r-- .cinit
20200000    20200000    00000503   00000000    rw-
  20200000    20200000    000002e8   00000000    rw- .bss
  202002e8    202002e8    00000200   00000000    rw- .sysmem
  202004e8    202004e8    0000001b   00000000    rw- .data
20207e00    20207e00    00000200   00000000    rw-
  20207e00    20207e00    00000200   00000000    rw- .stack


SECTION ALLOCATION MAP

 output                                  attributes/
section   page    origin      length       input sections
--------  ----  ----------  ----------   ----------------
.intvecs   0    00000000    000000c0     
                  00000000    000000c0     startup_mspm0g3507_ticlang.o (.intvecs)

.text      0    000000c0    00001ed8     
                  000000c0    00000228     eDisk.o (.text.eDisk_Init)
                  000002e8    000001dc     RTOS_Lab4.o (.text.TestDisk)
                  000004c4    000001b4     Clock.o (.text.Clock_Init80MHz)
                  00000678    000001a4     ST7735_SDC.o (.text.ST7735_DrawChar)
                  0000081c    00000144     TFLuna2.o (.text.copyHardwareToSoftware2)
                  00000960    00000126     eDisk.o (.text.send_cmd)
                  00000a86    00000002     OS.o (.text.OS_Init)
                  00000a88    00000120     SPI.o (.text.SPI1_Init)
                  00000ba8    00000118     eDisk.o (.text.eDisk_Write)
                  00000cc0    000000e4     eDisk.o (.text.eDisk_Read)
                  00000da4    000000b8     ST7735_SDC.o (.text.ST7735_Message)
                  00000e5c    0000008c     RTOS_Lab4.o (.text.Testmain1)
                  00000ee8    00000088     ST7735_SDC.o (.text.setAddrWindow)
                  00000f70    00000084     ST7735_SDC.o (.text.ST7735_DrawString)
                  00000ff4    00000084     ST7735_SDC.o (.text.ST7735_OutUDec)
                  00001078    0000007c     LaunchPad.o (.text.LaunchPad_Init)
                  000010f4    0000007c     libc.a : copy_decompress_lzss.c.obj (.text:decompress:lzss)
                  00001170    00000078     eDisk.o (.text.rcvr_datablock)
                  000011e8    00000076     eDisk.o (.text.xmit_datablock)
                  0000125e    00000002     OS.o (.text.SysTick_Handler)
                  00001260    00000070     eDisk.o (.text.disk_timerproc)
                  000012d0    0000006c     RTOS_Lab4.o (.text.diskError)
                  0000133c    00000064     SPI.o (.text.TFT_OutCommand)
                  000013a0    00000064     SPI.o (.text.TFT_OutData)
                  00001404    00000064     RTOS_Lab4.o (.text.VirusDetector)
                  00001468    0000005c     RTOS_UARTints.o (.text.UART0_IRQHandler)
                  000014c4    0000005c     TFLuna2.o (.text.UART2_IRQHandler)
                  00001520    00000058     RTOS_Lab4.o (.text.Logic_Init)
                  00001578    00000058     ST7735_SDC.o (.text.ST7735_OutUDec2)
                  000015d0    00000054     OS.o (.text.GROUP1_IRQHandler)
                  00001624    00000054     ST7735_SDC.o (.text.fillmessage)
                  00001678    00000050     eDisk.o (.text.wait_ready)
                  000016c8    00000050     eDisk.o (.text.xmit_spi_multi)
                  00001718    0000004c     TFLuna2.o (.text.Rx2Fifo_Put)
                  00001764    0000004c     RTOS_FIFO.o (.text.RxFifo_Put)
                  000017b0    0000004c     RTOS_FIFO.o (.text.TxFifo_Get)
                  000017fc    0000004c     RTOS_FIFO.o (.text.TxFifo_Put)
                  00001848    0000004c     TFLuna2.o (.text.copySoftwareToHardware2)
                  00001894    0000004c     RTOS_UARTints.o (.text.copySoftwareToHardware)
                  000018e0    00000048     TFLuna2.o (.text.Tx2Fifo_Get)
                  00001928    00000048     eDisk.o (.text.xchg_spi)
                  00001970    00000044     eDisk.o (.text.select)
                  000019b4    00000040     SPI.o (.text.SPI1_Reset)
                  000019f4    00000040     RTOS_UARTints.o (.text.UART_OutChar)
                  00001a34    00000040     libclang_rt.builtins.a : aeabi_uidivmod.S.obj (.text.__aeabi_uidivmod)
                  00001a74    0000003c     eDisk.o (.text.rcvr_spi)
                  00001ab0    0000003c     libc.a : autoinit.c.obj (.text:__TI_auto_init_nobinit_nopinit)
                  00001aec    00000038     LaunchPad.o (.text.ActivatePortA_B)
                  00001b24    00000036     RTOS_UART.o (.text.UART_OutUDec)
                  00001b5a    00000002     libclang_rt.builtins.a : aeabi_div0.c.obj (.text.__aeabi_idiv0)
                  00001b5c    00000036     osasm.o (.text)
                  00001b92    00000002     --HOLE-- [fill = 0]
                  00001b94    00000034     Clock.o (.text.Clock_Delay1ms)
                  00001bc8    00000034     ST7735_SDC.o (.text.ST7735_SetCursor)
                  00001bfc    00000034     RTOS_Lab4.o (.text.StartTestDisk)
                  00001c30    00000030     RTOS_Lab4.o (.text.Check)
                  00001c60    00000030     RTOS_UARTints.o (.text.copyHardwareToSoftware)
                  00001c90    0000002c     eDisk.o (.text.rcvr_spi_multi)
                  00001cbc    00000028     libc.a : boot_cortex_m.c.obj (.text:_c_int00_noargs)
                  00001ce4    00000026     RTOS_UART.o (.text.UART_OutString)
                  00001d0a    00000002     --HOLE-- [fill = 0]
                  00001d0c    00000024     SPI.o (.text.CS_Init)
                  00001d30    00000020     RTOS_Lab4.o (.text.Random32)
                  00001d50    00000020     OS.o (.text.TIMG7_IRQHandler)
                  00001d70    0000001e     ST7735_SDC.o (.text.pushColor)
                  00001d8e    00000002     --HOLE-- [fill = 0]
                  00001d90    0000001c     startup_mspm0g3507_ticlang.o (.text.Default_Handler)
                  00001dac    0000001c     startup_mspm0g3507_ticlang.o (.text.HardFault_Handler)
                  00001dc8    0000001c     RTOS_Lab4.o (.text.main)
                  00001de4    00000018     TFLuna2.o (.text.TFLuna2_InStatus)
                  00001dfc    00000018     TFLuna2.o (.text.TFLuna2_OutStatus)
                  00001e14    00000018     RTOS_FIFO.o (.text.TxFifo_Size)
                  00001e2c    00000018     eDisk.o (.text.eDisk_ReadBlock)
                  00001e44    00000018     eDisk.o (.text.eDisk_WriteBlock)
                  00001e5c    00000018     eDisk.o (.text.init_spi)
                  00001e74    00000016     libc.a : copy_zero_init.c.obj (.text:decompress:ZI:__TI_zero_init_nomemset)
                  00001e8a    00000002     --HOLE-- [fill = 0]
                  00001e8c    00000014     ST7735_SDC.o (.text.ST7735_SetTextColor)
                  00001ea0    00000014     OS.o (.text.TIMG8_IRQHandler)
                  00001eb4    00000014     eDisk.o (.text.deselect)
                  00001ec8    00000012     libc.a : memcpy16.S.obj (.text:TI_memcpy_small)
                  00001eda    00000012            : copy_decompress_none.c.obj (.text:decompress:none)
                  00001eec    00000010     Clock.o (.text.Clock_Delay)
                  00001efc    00000010     LaunchPad.o (.text.Delay)
                  00001f0c    0000000e     OS.o (.text.OS_AddPeriodicThread)
                  00001f1a    0000000e     OS.o (.text.OS_AddThread)
                  00001f28    0000000c     Clock.o (.text.Clock_Freq)
                  00001f34    0000000c     OS.o (.text.OS_AddPA28Task)
                  00001f40    0000000c     OS.o (.text.OS_AddS2Task)
                  00001f4c    0000000a     RTOS_Lab4.o (.text.Random8)
                  00001f56    00000008     OS.o (.text.OS_Launch)
                  00001f5e    00000008     OS.o (.text.OS_Sleep)
                  00001f66    00000008     OS.o (.text.OS_bSignal)
                  00001f6e    00000002     --HOLE-- [fill = 0]
                  00001f70    00000008     libclang_rt.builtins.a : aeabi_memcpy.S.obj (.text.__aeabi_memcpy)
                  00001f78    00000006     libc.a : exit.c.obj (.text:abort)
                  00001f7e    00000004     libsysbm.a : hostexit.c.obj (.text.HOSTexit)
                  00001f82    00000004     OS.o (.text.OS_Id)
                  00001f86    00000004     OS.o (.text.OS_Kill)
                  00001f8a    00000004     OS.o (.text.OS_Time)
                  00001f8e    00000004     startup_mspm0g3507_ticlang.o (.text.Reset_Handler)
                  00001f92    00000004     libc.a : pre_init.c.obj (.text._system_pre_init)
                  00001f96    00000002     --HOLE-- [fill = 0]

.cinit     0    00002598    00000038     
                  00002598    00000014     (.cinit..data.load) [load image, compression = lzss]
                  000025ac    0000000c     (__TI_handler_table)
                  000025b8    00000008     (.cinit..bss.load) [load image, compression = zero_init]
                  000025c0    00000010     (__TI_cinit_table)

.rodata    0    00001f98    00000600     
                  00001f98    000004fb     ST7735_SDC.o (.rodata.Font)
                  00002493    00000029     RTOS_Lab4.o (.rodata.str1.7311154991851211108.1)
                  000024bc    00000020     RTOS_Lab4.o (.rodata.str1.6837049094189945938.1)
                  000024dc    0000001e     RTOS_Lab4.o (.rodata.str1.14228268872972887264.1)
                  000024fa    00000011     RTOS_Lab4.o (.rodata.str1.10301530792065855583.1)
                  0000250b    00000011     RTOS_Lab4.o (.rodata.str1.1050382796086933273.1)
                  0000251c    00000011     RTOS_Lab4.o (.rodata.str1.15278129946318270186.1)
                  0000252d    00000011     RTOS_Lab4.o (.rodata.str1.15448288740872795977.1)
                  0000253e    00000011     RTOS_Lab4.o (.rodata.str1.5923069061183206525.1)
                  0000254f    00000010     RTOS_Lab4.o (.rodata.str1.11206165847214459049.1)
                  0000255f    0000000c     RTOS_Lab4.o (.rodata.str1.8229618897703649964.1)
                  0000256b    0000000b     RTOS_Lab4.o (.rodata.str1.11500409742209980179.1)
                  00002576    0000000b     RTOS_Lab4.o (.rodata.str1.15362941047366836075.1)
                  00002581    00000008     RTOS_Lab4.o (.rodata.str1.3583415386369134498.1)
                  00002589    00000006     RTOS_Lab4.o (.rodata.str1.9083732885720202194.1)
                  0000258f    00000005     RTOS_Lab4.o (.rodata.str1.3422587475573452349.1)
                  00002594    00000003     RTOS_Lab4.o (.rodata.str1.14055571167711525929.1)
                  00002597    00000001     --HOLE-- [fill = 0]

.init_array 
*          0    00000000    00000000     UNINITIALIZED

.binit     0    00000000    00000000     

.bss       0    20200000    000002e8     UNINITIALIZED
                  20200000    00000200     (.common:buffer)
                  20200200    00000040     RTOS_FIFO.o (.bss.TxFifo)
                  20200240    00000010     TFLuna2.o (.bss.Rx2Fifo)
                  20200250    00000010     RTOS_FIFO.o (.bss.RxFifo)
                  20200260    00000010     TFLuna2.o (.bss.Tx2Fifo)
                  20200270    0000000c     (.common:Message)
                  2020027c    0000000c     (.common:TFLuna2DataMessage)
                  20200288    00000004     TFLuna2.o (.bss.Rx2GetI)
                  2020028c    00000004     TFLuna2.o (.bss.Rx2PutI)
                  20200290    00000004     eDisk.o (.bss.Timer1)
                  20200294    00000004     eDisk.o (.bss.Timer2)
                  20200298    00000004     TFLuna2.o (.bss.Tx2GetI)
                  2020029c    00000004     TFLuna2.o (.bss.Tx2PutI)
                  202002a0    00000004     (.common:BadCheckSum2)
                  202002a4    00000004     (.common:Checks)
                  202002a8    00000004     (.common:Checksum)
                  202002ac    00000004     (.common:ChecksumErrors)
                  202002b0    00000004     (.common:ChecksumOriginal)
                  202002b4    00000004     (.common:LCDFree)
                  202002b8    00000004     (.common:Messageindex)
                  202002bc    00000004     (.common:NumCreated)
                  202002c0    00000004     (.common:Running)
                  202002c4    00000004     (.common:RxGetI)
                  202002c8    00000004     (.common:RxPutI)
                  202002cc    00000004     (.common:TFLuna2Distance)
                  202002d0    00000004     (.common:TFLuna2Function)
                  202002d4    00000004     (.common:TFLuna2Index)
                  202002d8    00000004     (.common:TimeMs)
                  202002dc    00000004     (.common:TxGetI)
                  202002e0    00000004     (.common:TxPutI)
                  202002e4    00000001     eDisk.o (.bss.CardType)
                  202002e5    00000001     ST7735_SDC.o (.bss.ColStart)
                  202002e6    00000001     ST7735_SDC.o (.bss.RowStart)
                  202002e7    00000001     (.common:TFLuna2LastByte)

.sysmem    0    202002e8    00000200     UNINITIALIZED
                  202002e8    00000010     libc.a : memory.c.obj (.sysmem)
                  202002f8    000001f0     --HOLE--

.data      0    202004e8    0000001b     UNINITIALIZED
                  202004e8    00000004     Clock.o (.data.BusFreq)
                  202004ec    00000004     RTOS_Lab4.o (.data.M)
                  202004f0    00000004     SPI.o (.data.SPI1_init_Flag)
                  202004f4    00000004     ST7735_SDC.o (.data.StX)
                  202004f8    00000004     ST7735_SDC.o (.data.StY)
                  202004fc    00000002     ST7735_SDC.o (.data.StTextColor)
                  202004fe    00000002     ST7735_SDC.o (.data._height)
                  20200500    00000002     ST7735_SDC.o (.data._width)
                  20200502    00000001     eDisk.o (.data.Stat)

.stack     0    20207e00    00000200     UNINITIALIZED
                  20207e00    00000004     libc.a : boot_cortex_m.c.obj (.stack)
                  20207e04    000001fc     --HOLE--

__llvm_prf_cnts 
*          0    20200000    00000000     UNINITIALIZED

__llvm_prf_bits 
*          0    20200000    00000000     UNINITIALIZED

MODULE SUMMARY

       Module                         code   ro data   rw data
       ------                         ----   -------   -------
    ./
       ST7735_SDC.o                   1278   1275      32     
       eDisk.o                        2200   0         10     
       RTOS_Lab4.o                    1082   260       544    
       TFLuna2.o                      688    0         77     
       SPI.o                          588    0         4      
       Clock.o                        516    0         4      
       RTOS_FIFO.o                    252    0         96     
       RTOS_UARTints.o                280    0         0      
       OS.o                           228    0         4      
       LaunchPad.o                    196    0         0      
       RTOS_UART.o                    92     0         0      
       osasm.o                        54     0         0      
    +--+------------------------------+------+---------+---------+
       Total:                         7454   1535      771    
                                                              
    ./ticlang/
       startup_mspm0g3507_ticlang.o   60     192       0      
    +--+------------------------------+------+---------+---------+
       Total:                         60     192       0      
                                                              
    /Applications/ti/ccs2040/ccs/tools/compiler/ti-cgt-armllvm_4.0.4.LTS/lib/armv6m-ti-none-eabi/c/libc.a
       copy_decompress_lzss.c.obj     124    0         0      
       autoinit.c.obj                 60     0         0      
       boot_cortex_m.c.obj            40     0         0      
       copy_zero_init.c.obj           22     0         0      
       copy_decompress_none.c.obj     18     0         0      
       memcpy16.S.obj                 18     0         0      
       exit.c.obj                     6      0         0      
       pre_init.c.obj                 4      0         0      
    +--+------------------------------+------+---------+---------+
       Total:                         292    0         0      
                                                              
    /Applications/ti/ccs2040/ccs/tools/compiler/ti-cgt-armllvm_4.0.4.LTS/lib/armv6m-ti-none-eabi/c/libsysbm.a
       hostexit.c.obj                 4      0         0      
    +--+------------------------------+------+---------+---------+
       Total:                         4      0         0      
                                                              
    /Applications/ti/ccs2040/ccs/tools/compiler/ti-cgt-armllvm_4.0.4.LTS/lib/armv6m-ti-none-eabi/libclang_rt.builtins.a
       aeabi_uidivmod.S.obj           64     0         0      
       aeabi_memcpy.S.obj             8      0         0      
       aeabi_div0.c.obj               2      0         0      
    +--+------------------------------+------+---------+---------+
       Total:                         74     0         0      
                                                              
       Heap:                          0      0         512    
       Stack:                         0      0         512    
       Linker Generated:              0      56        0      
    +--+------------------------------+------+---------+---------+
       Grand Total:                   7884   1783      1795   


LINKER GENERATED COPY TABLES

__TI_cinit_table @ 000025c0 records: 2, size/record: 8, table size: 16
	.data: load addr=00002598, load size=00000014 bytes, run addr=202004e8, run size=0000001b bytes, compression=lzss
	.bss: load addr=000025b8, load size=00000008 bytes, run addr=20200000, run size=000002e8 bytes, compression=zero_init


LINKER GENERATED HANDLER TABLE

__TI_handler_table @ 000025ac records: 3, size/record: 4, table size: 12
	index: 0, handler: __TI_decompress_lzss
	index: 1, handler: __TI_decompress_none
	index: 2, handler: __TI_zero_init


GLOBAL SYMBOLS: SORTED ALPHABETICALLY BY Name 

address   name                          
-------   ----                          
00001d91  ADC0_IRQHandler               
00001d91  ADC1_IRQHandler               
00001d91  AES_IRQHandler                
00001aed  ActivatePortA_B               
202002a0  BadCheckSum2                  
202004e8  BusFreq                       
00001f7e  C$$EXIT                       
00001d91  CANFD0_IRQHandler             
00001d0d  CS_Init                       
00001c31  Check                         
202002a4  Checks                        
202002a8  Checksum                      
202002ac  ChecksumErrors                
202002b0  ChecksumOriginal              
00001eed  Clock_Delay                   
00001b95  Clock_Delay1ms                
00001f29  Clock_Freq                    
000004c5  Clock_Init80MHz               
00001d91  DAC0_IRQHandler               
00001d91  DMA_IRQHandler                
00001d91  Default_Handler               
00001efd  Delay                         
00001b6c  EndCritical                   
00001d91  GROUP0_IRQHandler             
000015d1  GROUP1_IRQHandler             
00001f7f  HOSTexit                      
00001dad  HardFault_Handler             
00001d91  I2C0_IRQHandler               
00001d91  I2C1_IRQHandler               
202002b4  LCDFree                       
00001079  LaunchPad_Init                
00001521  Logic_Init                    
202004ec  M                             
20200270  Message                       
202002b8  Messageindex                  
00001d91  NMI_Handler                   
202002bc  NumCreated                    
00001b5c  OSDisableInterrupts           
00001b60  OSEnableInterrupts            
00001f35  OS_AddPA28Task                
00001f0d  OS_AddPeriodicThread          
00001f41  OS_AddS2Task                  
00001f1b  OS_AddThread                  
00001f83  OS_Id                         
00000a87  OS_Init                       
00001f87  OS_Kill                       
00001f57  OS_Launch                     
00001f5f  OS_Sleep                      
00001f8b  OS_Time                       
00001f67  OS_bSignal                    
00001b75  PendSV_Handler                
00001d91  RTC_IRQHandler                
00001d31  Random32                      
00001f4d  Random8                       
00001f8f  Reset_Handler                 
202002c0  Running                       
00001719  Rx2Fifo_Put                   
00001765  RxFifo_Put                    
202002c4  RxGetI                        
202002c8  RxPutI                        
00001d91  SPI0_IRQHandler               
00001d91  SPI1_IRQHandler               
00000a89  SPI1_Init                     
000019b5  SPI1_Reset                    
202004f0  SPI1_init_Flag                
00000679  ST7735_DrawChar               
00000f71  ST7735_DrawString             
00000da5  ST7735_Message                
00000ff5  ST7735_OutUDec                
00001579  ST7735_OutUDec2               
00001bc9  ST7735_SetCursor              
00001e8d  ST7735_SetTextColor           
00001b77  SVC_Handler                   
202004fc  StTextColor                   
202004f4  StX                           
202004f8  StY                           
00001b64  StartCritical                 
00001b72  StartOS                       
00001bfd  StartTestDisk                 
0000125f  SysTick_Handler               
2020027c  TFLuna2DataMessage            
202002cc  TFLuna2Distance               
202002d0  TFLuna2Function               
202002d4  TFLuna2Index                  
202002e7  TFLuna2LastByte               
00001de5  TFLuna2_InStatus              
00001dfd  TFLuna2_OutStatus             
0000133d  TFT_OutCommand                
000013a1  TFT_OutData                   
00001d91  TIMA0_IRQHandler              
00001d91  TIMA1_IRQHandler              
00001d91  TIMG0_IRQHandler              
00001d91  TIMG12_IRQHandler             
00001d91  TIMG6_IRQHandler              
00001d51  TIMG7_IRQHandler              
00001ea1  TIMG8_IRQHandler              
00001ec9  TI_memcpy_small               
000002e9  TestDisk                      
00000e5d  Testmain1                     
202002d8  TimeMs                        
000018e1  Tx2Fifo_Get                   
000017b1  TxFifo_Get                    
000017fd  TxFifo_Put                    
00001e15  TxFifo_Size                   
202002dc  TxGetI                        
202002e0  TxPutI                        
00001469  UART0_IRQHandler              
00001d91  UART1_IRQHandler              
000014c5  UART2_IRQHandler              
00001d91  UART3_IRQHandler              
000019f5  UART_OutChar                  
00001ce5  UART_OutString                
00001b25  UART_OutUDec                  
00001405  VirusDetector                 
20208000  __STACK_END                   
00000200  __STACK_SIZE                  
00000200  __SYSMEM_SIZE                 
00000000  __TI_ATRegion0_region_sz      
00000000  __TI_ATRegion0_src_addr       
00000000  __TI_ATRegion0_trg_addr       
00000000  __TI_ATRegion1_region_sz      
00000000  __TI_ATRegion1_src_addr       
00000000  __TI_ATRegion1_trg_addr       
00000000  __TI_ATRegion2_region_sz      
00000000  __TI_ATRegion2_src_addr       
00000000  __TI_ATRegion2_trg_addr       
000025c0  __TI_CINIT_Base               
000025d0  __TI_CINIT_Limit              
000025d0  __TI_CINIT_Warm               
000025ac  __TI_Handler_Table_Base       
000025b8  __TI_Handler_Table_Limit      
00001ab1  __TI_auto_init_nobinit_nopinit
000010f5  __TI_decompress_lzss          
00001edb  __TI_decompress_none          
ffffffff  __TI_pprof_out_hndl           
ffffffff  __TI_prof_data_size           
ffffffff  __TI_prof_data_start          
00000000  __TI_static_base__            
00001e75  __TI_zero_init_nomemset       
00001b5b  __aeabi_idiv0                 
00001f71  __aeabi_memcpy                
00001f71  __aeabi_memcpy4               
00001f71  __aeabi_memcpy8               
00001a35  __aeabi_uidiv                 
00001a35  __aeabi_uidivmod              
ffffffff  __binit__                     
UNDEFED   __mpu_init                    
20207e00  __stack                       
20200000  __start___llvm_prf_bits       
20200000  __start___llvm_prf_cnts       
20200000  __stop___llvm_prf_bits        
20200000  __stop___llvm_prf_cnts        
00001cbd  _c_int00_noargs               
202002e8  _sys_memory                   
UNDEFED   _system_post_cinit            
00001f93  _system_pre_init              
00001f79  abort                         
ffffffff  binit                         
20200000  buffer                        
000012d1  diskError                     
00001261  disk_timerproc                
000000c1  eDisk_Init                    
00000cc1  eDisk_Read                    
00001e2d  eDisk_ReadBlock               
00000ba9  eDisk_Write                   
00001e45  eDisk_WriteBlock              
00001625  fillmessage                   
00000000  interruptVectors              
00001dc9  main                          


GLOBAL SYMBOLS: SORTED BY Symbol Address 

address   name                          
-------   ----                          
00000000  __TI_ATRegion0_region_sz      
00000000  __TI_ATRegion0_src_addr       
00000000  __TI_ATRegion0_trg_addr       
00000000  __TI_ATRegion1_region_sz      
00000000  __TI_ATRegion1_src_addr       
00000000  __TI_ATRegion1_trg_addr       
00000000  __TI_ATRegion2_region_sz      
00000000  __TI_ATRegion2_src_addr       
00000000  __TI_ATRegion2_trg_addr       
00000000  __TI_static_base__            
00000000  interruptVectors              
000000c1  eDisk_Init                    
00000200  __STACK_SIZE                  
00000200  __SYSMEM_SIZE                 
000002e9  TestDisk                      
000004c5  Clock_Init80MHz               
00000679  ST7735_DrawChar               
00000a87  OS_Init                       
00000a89  SPI1_Init                     
00000ba9  eDisk_Write                   
00000cc1  eDisk_Read                    
00000da5  ST7735_Message                
00000e5d  Testmain1                     
00000f71  ST7735_DrawString             
00000ff5  ST7735_OutUDec                
00001079  LaunchPad_Init                
000010f5  __TI_decompress_lzss          
0000125f  SysTick_Handler               
00001261  disk_timerproc                
000012d1  diskError                     
0000133d  TFT_OutCommand                
000013a1  TFT_OutData                   
00001405  VirusDetector                 
00001469  UART0_IRQHandler              
000014c5  UART2_IRQHandler              
00001521  Logic_Init                    
00001579  ST7735_OutUDec2               
000015d1  GROUP1_IRQHandler             
00001625  fillmessage                   
00001719  Rx2Fifo_Put                   
00001765  RxFifo_Put                    
000017b1  TxFifo_Get                    
000017fd  TxFifo_Put                    
000018e1  Tx2Fifo_Get                   
000019b5  SPI1_Reset                    
000019f5  UART_OutChar                  
00001a35  __aeabi_uidiv                 
00001a35  __aeabi_uidivmod              
00001ab1  __TI_auto_init_nobinit_nopinit
00001aed  ActivatePortA_B               
00001b25  UART_OutUDec                  
00001b5b  __aeabi_idiv0                 
00001b5c  OSDisableInterrupts           
00001b60  OSEnableInterrupts            
00001b64  StartCritical                 
00001b6c  EndCritical                   
00001b72  StartOS                       
00001b75  PendSV_Handler                
00001b77  SVC_Handler                   
00001b95  Clock_Delay1ms                
00001bc9  ST7735_SetCursor              
00001bfd  StartTestDisk                 
00001c31  Check                         
00001cbd  _c_int00_noargs               
00001ce5  UART_OutString                
00001d0d  CS_Init                       
00001d31  Random32                      
00001d51  TIMG7_IRQHandler              
00001d91  ADC0_IRQHandler               
00001d91  ADC1_IRQHandler               
00001d91  AES_IRQHandler                
00001d91  CANFD0_IRQHandler             
00001d91  DAC0_IRQHandler               
00001d91  DMA_IRQHandler                
00001d91  Default_Handler               
00001d91  GROUP0_IRQHandler             
00001d91  I2C0_IRQHandler               
00001d91  I2C1_IRQHandler               
00001d91  NMI_Handler                   
00001d91  RTC_IRQHandler                
00001d91  SPI0_IRQHandler               
00001d91  SPI1_IRQHandler               
00001d91  TIMA0_IRQHandler              
00001d91  TIMA1_IRQHandler              
00001d91  TIMG0_IRQHandler              
00001d91  TIMG12_IRQHandler             
00001d91  TIMG6_IRQHandler              
00001d91  UART1_IRQHandler              
00001d91  UART3_IRQHandler              
00001dad  HardFault_Handler             
00001dc9  main                          
00001de5  TFLuna2_InStatus              
00001dfd  TFLuna2_OutStatus             
00001e15  TxFifo_Size                   
00001e2d  eDisk_ReadBlock               
00001e45  eDisk_WriteBlock              
00001e75  __TI_zero_init_nomemset       
00001e8d  ST7735_SetTextColor           
00001ea1  TIMG8_IRQHandler              
00001ec9  TI_memcpy_small               
00001edb  __TI_decompress_none          
00001eed  Clock_Delay                   
00001efd  Delay                         
00001f0d  OS_AddPeriodicThread          
00001f1b  OS_AddThread                  
00001f29  Clock_Freq                    
00001f35  OS_AddPA28Task                
00001f41  OS_AddS2Task                  
00001f4d  Random8                       
00001f57  OS_Launch                     
00001f5f  OS_Sleep                      
00001f67  OS_bSignal                    
00001f71  __aeabi_memcpy                
00001f71  __aeabi_memcpy4               
00001f71  __aeabi_memcpy8               
00001f79  abort                         
00001f7e  C$$EXIT                       
00001f7f  HOSTexit                      
00001f83  OS_Id                         
00001f87  OS_Kill                       
00001f8b  OS_Time                       
00001f8f  Reset_Handler                 
00001f93  _system_pre_init              
000025ac  __TI_Handler_Table_Base       
000025b8  __TI_Handler_Table_Limit      
000025c0  __TI_CINIT_Base               
000025d0  __TI_CINIT_Limit              
000025d0  __TI_CINIT_Warm               
20200000  __start___llvm_prf_bits       
20200000  __start___llvm_prf_cnts       
20200000  __stop___llvm_prf_bits        
20200000  __stop___llvm_prf_cnts        
20200000  buffer                        
20200270  Message                       
2020027c  TFLuna2DataMessage            
202002a0  BadCheckSum2                  
202002a4  Checks                        
202002a8  Checksum                      
202002ac  ChecksumErrors                
202002b0  ChecksumOriginal              
202002b4  LCDFree                       
202002b8  Messageindex                  
202002bc  NumCreated                    
202002c0  Running                       
202002c4  RxGetI                        
202002c8  RxPutI                        
202002cc  TFLuna2Distance               
202002d0  TFLuna2Function               
202002d4  TFLuna2Index                  
202002d8  TimeMs                        
202002dc  TxGetI                        
202002e0  TxPutI                        
202002e7  TFLuna2LastByte               
202002e8  _sys_memory                   
202004e8  BusFreq                       
202004ec  M                             
202004f0  SPI1_init_Flag                
202004f4  StX                           
202004f8  StY                           
202004fc  StTextColor                   
20207e00  __stack                       
20208000  __STACK_END                   
ffffffff  __TI_pprof_out_hndl           
ffffffff  __TI_prof_data_size           
ffffffff  __TI_prof_data_start          
ffffffff  __binit__                     
ffffffff  binit                         
UNDEFED   __mpu_init                    
UNDEFED   _system_post_cinit            

[169 symbols]
