******************************************************************************
            TI ARM Clang Linker Unix v4.0.4                    
******************************************************************************
>> Linked Wed Jan 28 13:42:21 2026

OUTPUT FILE NAME:   <RTOS_Lab4_FileSystem.out>
ENTRY POINT SYMBOL: "_c_int00_noargs"  address: 00001d39


MEMORY CONFIGURATION

         name            origin    length      used     unused   attr    fill
----------------------  --------  ---------  --------  --------  ----  --------
  FLASH                 00000000   00020000  00002678  0001d988  R  X
  SRAM                  20200000   00008000  00000703  000078fd  RW X
  BCR_CONFIG            41c00000   00000080  00000000  00000080  R   
  BSL_CONFIG            41c00100   00000080  00000000  00000080  R   


SEGMENT ALLOCATION MAP

run origin  load origin   length   init length attrs members
----------  ----------- ---------- ----------- ----- -------
00000000    00000000    00002678   00002678    r-x
  00000000    00000000    000000c0   000000c0    r-- .intvecs
  000000c0    000000c0    00001f68   00001f68    r-x .text
  00002028    00002028    00000618   00000618    r-- .rodata
  00002640    00002640    00000038   00000038    r-- .cinit
20200000    20200000    00000503   00000000    rw-
  20200000    20200000    000002e8   00000000    rw- .bss
  202002e8    202002e8    00000200   00000000    rw- .sysmem
  202004e8    202004e8    0000001b   00000000    rw- .data
20207e00    20207e00    00000200   00000000    rw-
  20207e00    20207e00    00000200   00000000    rw- .stack


SECTION ALLOCATION MAP

 output                                  attributes/
section   page    origin      length       input sections
--------  ----  ----------  ----------   ----------------
.intvecs   0    00000000    000000c0     
                  00000000    000000c0     startup_mspm0g3507_ticlang.o (.intvecs)

.text      0    000000c0    00001f68     
                  000000c0    00000228     eDisk.o (.text.eDisk_Init)
                  000002e8    000001dc     RTOS_Lab4.o (.text.TestDisk)
                  000004c4    000001b4     Clock.o (.text.Clock_Init80MHz)
                  00000678    000001a4     ST7735_SDC.o (.text.ST7735_DrawChar)
                  0000081c    00000144     TFLuna2.o (.text.copyHardwareToSoftware2)
                  00000960    00000126     eDisk.o (.text.send_cmd)
                  00000a86    00000002     OS.o (.text.OS_Init)
                  00000a88    00000120     SPI.o (.text.SPI1_Init)
                  00000ba8    00000118     eDisk.o (.text.eDisk_Write)
                  00000cc0    000000e4     eDisk.o (.text.eDisk_Read)
                  00000da4    000000d0     ST7735_SDC.o (.text.ST7735_OutChar)
                  00000e74    0000008c     ST7735_SDC.o (.text.ST7735_Message)
                  00000f00    0000008c     RTOS_Lab4.o (.text.Testmain1)
                  00000f8c    00000088     ST7735_SDC.o (.text.setAddrWindow)
                  00001014    00000084     ST7735_SDC.o (.text.ST7735_DrawString)
                  00001098    00000084     ST7735_SDC.o (.text.ST7735_OutUDec)
                  0000111c    0000007c     LaunchPad.o (.text.LaunchPad_Init)
                  00001198    0000007c     libc.a : copy_decompress_lzss.c.obj (.text:decompress:lzss)
                  00001214    00000078     eDisk.o (.text.rcvr_datablock)
                  0000128c    00000076     eDisk.o (.text.xmit_datablock)
                  00001302    00000002     OS.o (.text.SysTick_Handler)
                  00001304    00000070     eDisk.o (.text.disk_timerproc)
                  00001374    0000006c     RTOS_Lab4.o (.text.diskError)
                  000013e0    00000064     SPI.o (.text.TFT_OutCommand)
                  00001444    00000064     SPI.o (.text.TFT_OutData)
                  000014a8    00000064     RTOS_Lab4.o (.text.VirusDetector)
                  0000150c    0000005c     RTOS_UARTints.o (.text.UART0_IRQHandler)
                  00001568    0000005c     TFLuna2.o (.text.UART2_IRQHandler)
                  000015c4    00000058     RTOS_Lab4.o (.text.Logic_Init)
                  0000161c    00000054     OS.o (.text.GROUP1_IRQHandler)
                  00001670    00000054     ST7735_SDC.o (.text.fillmessage)
                  000016c4    00000050     eDisk.o (.text.wait_ready)
                  00001714    00000050     eDisk.o (.text.xmit_spi_multi)
                  00001764    0000004c     TFLuna2.o (.text.Rx2Fifo_Put)
                  000017b0    0000004c     RTOS_FIFO.o (.text.RxFifo_Put)
                  000017fc    0000004c     RTOS_FIFO.o (.text.TxFifo_Get)
                  00001848    0000004c     RTOS_FIFO.o (.text.TxFifo_Put)
                  00001894    0000004c     TFLuna2.o (.text.copySoftwareToHardware2)
                  000018e0    0000004c     RTOS_UARTints.o (.text.copySoftwareToHardware)
                  0000192c    00000048     TFLuna2.o (.text.Tx2Fifo_Get)
                  00001974    00000048     eDisk.o (.text.xchg_spi)
                  000019bc    00000044     eDisk.o (.text.select)
                  00001a00    00000040     SPI.o (.text.SPI1_Reset)
                  00001a40    00000040     RTOS_UARTints.o (.text.UART_OutChar)
                  00001a80    00000040     libclang_rt.builtins.a : aeabi_uidivmod.S.obj (.text.__aeabi_uidivmod)
                  00001ac0    0000003c     eDisk.o (.text.rcvr_spi)
                  00001afc    0000003c     libc.a : autoinit.c.obj (.text:__TI_auto_init_nobinit_nopinit)
                  00001b38    00000038     LaunchPad.o (.text.ActivatePortA_B)
                  00001b70    00000036     RTOS_UART.o (.text.UART_OutUDec)
                  00001ba6    00000002     libclang_rt.builtins.a : aeabi_div0.c.obj (.text.__aeabi_idiv0)
                  00001ba8    00000036     osasm.o (.text)
                  00001bde    00000002     --HOLE-- [fill = 0]
                  00001be0    00000034     Clock.o (.text.Clock_Delay1ms)
                  00001c14    00000034     ST7735_SDC.o (.text.ST7735_SetCursor)
                  00001c48    00000034     RTOS_Lab4.o (.text.StartTestDisk)
                  00001c7c    00000030     RTOS_Lab4.o (.text.Check)
                  00001cac    00000030     RTOS_UARTints.o (.text.copyHardwareToSoftware)
                  00001cdc    0000002e     ST7735_SDC.o (.text.ST7735_OutSDec)
                  00001d0a    0000002c     eDisk.o (.text.rcvr_spi_multi)
                  00001d36    00000002     --HOLE-- [fill = 0]
                  00001d38    00000028     libc.a : boot_cortex_m.c.obj (.text:_c_int00_noargs)
                  00001d60    00000026     RTOS_UART.o (.text.UART_OutString)
                  00001d86    00000002     --HOLE-- [fill = 0]
                  00001d88    00000024     SPI.o (.text.CS_Init)
                  00001dac    00000020     RTOS_Lab4.o (.text.Random32)
                  00001dcc    00000020     OS.o (.text.TIMG7_IRQHandler)
                  00001dec    0000001e     ST7735_SDC.o (.text.pushColor)
                  00001e0a    00000002     --HOLE-- [fill = 0]
                  00001e0c    0000001c     startup_mspm0g3507_ticlang.o (.text.Default_Handler)
                  00001e28    0000001c     startup_mspm0g3507_ticlang.o (.text.HardFault_Handler)
                  00001e44    0000001c     RTOS_Lab4.o (.text.main)
                  00001e60    00000018     TFLuna2.o (.text.TFLuna2_InStatus)
                  00001e78    00000018     TFLuna2.o (.text.TFLuna2_OutStatus)
                  00001e90    00000018     RTOS_FIFO.o (.text.TxFifo_Size)
                  00001ea8    00000018     eDisk.o (.text.eDisk_ReadBlock)
                  00001ec0    00000018     eDisk.o (.text.eDisk_WriteBlock)
                  00001ed8    00000018     eDisk.o (.text.init_spi)
                  00001ef0    00000016     libc.a : copy_zero_init.c.obj (.text:decompress:ZI:__TI_zero_init_nomemset)
                  00001f06    00000002     --HOLE-- [fill = 0]
                  00001f08    00000014     ST7735_SDC.o (.text.ST7735_SetTextColor)
                  00001f1c    00000014     OS.o (.text.TIMG8_IRQHandler)
                  00001f30    00000014     eDisk.o (.text.deselect)
                  00001f44    00000012     libc.a : memcpy16.S.obj (.text:TI_memcpy_small)
                  00001f56    00000012            : copy_decompress_none.c.obj (.text:decompress:none)
                  00001f68    00000010     Clock.o (.text.Clock_Delay)
                  00001f78    00000010     LaunchPad.o (.text.Delay)
                  00001f88    0000000e     OS.o (.text.OS_AddPeriodicThread)
                  00001f96    0000000e     OS.o (.text.OS_AddThread)
                  00001fa4    0000000e     libc.a : strlen.c.obj (.text.strlen)
                  00001fb2    00000002     --HOLE-- [fill = 0]
                  00001fb4    0000000c     Clock.o (.text.Clock_Freq)
                  00001fc0    0000000c     OS.o (.text.OS_AddPA28Task)
                  00001fcc    0000000c     OS.o (.text.OS_AddS2Task)
                  00001fd8    0000000a     RTOS_Lab4.o (.text.Random8)
                  00001fe2    00000008     OS.o (.text.OS_Launch)
                  00001fea    00000008     OS.o (.text.OS_Sleep)
                  00001ff2    00000008     OS.o (.text.OS_bSignal)
                  00001ffa    00000002     --HOLE-- [fill = 0]
                  00001ffc    00000008     libclang_rt.builtins.a : aeabi_memcpy.S.obj (.text.__aeabi_memcpy)
                  00002004    00000006     libc.a : exit.c.obj (.text:abort)
                  0000200a    00000004     libsysbm.a : hostexit.c.obj (.text.HOSTexit)
                  0000200e    00000004     OS.o (.text.OS_Id)
                  00002012    00000004     OS.o (.text.OS_Kill)
                  00002016    00000004     OS.o (.text.OS_Time)
                  0000201a    00000004     startup_mspm0g3507_ticlang.o (.text.Reset_Handler)
                  0000201e    00000004     libc.a : pre_init.c.obj (.text._system_pre_init)
                  00002022    00000006     --HOLE-- [fill = 0]

.cinit     0    00002640    00000038     
                  00002640    00000014     (.cinit..data.load) [load image, compression = lzss]
                  00002654    0000000c     (__TI_handler_table)
                  00002660    00000008     (.cinit..bss.load) [load image, compression = zero_init]
                  00002668    00000010     (__TI_cinit_table)

.rodata    0    00002028    00000618     
                  00002028    000004fb     ST7735_SDC.o (.rodata.Font)
                  00002523    00000029     RTOS_Lab4.o (.rodata.str1.7311154991851211108.1)
                  0000254c    00000020     RTOS_Lab4.o (.rodata.str1.6837049094189945938.1)
                  0000256c    0000001e     RTOS_Lab4.o (.rodata.str1.14228268872972887264.1)
                  0000258a    00000016     ST7735_SDC.o (.rodata.str1.18061791561094498689.1)
                  000025a0    00000011     RTOS_Lab4.o (.rodata.str1.10301530792065855583.1)
                  000025b1    00000011     RTOS_Lab4.o (.rodata.str1.1050382796086933273.1)
                  000025c2    00000011     RTOS_Lab4.o (.rodata.str1.15278129946318270186.1)
                  000025d3    00000011     RTOS_Lab4.o (.rodata.str1.15448288740872795977.1)
                  000025e4    00000011     RTOS_Lab4.o (.rodata.str1.5923069061183206525.1)
                  000025f5    00000010     RTOS_Lab4.o (.rodata.str1.11206165847214459049.1)
                  00002605    0000000c     RTOS_Lab4.o (.rodata.str1.8229618897703649964.1)
                  00002611    0000000b     RTOS_Lab4.o (.rodata.str1.11500409742209980179.1)
                  0000261c    0000000b     RTOS_Lab4.o (.rodata.str1.15362941047366836075.1)
                  00002627    00000008     RTOS_Lab4.o (.rodata.str1.3583415386369134498.1)
                  0000262f    00000006     RTOS_Lab4.o (.rodata.str1.9083732885720202194.1)
                  00002635    00000005     RTOS_Lab4.o (.rodata.str1.3422587475573452349.1)
                  0000263a    00000003     RTOS_Lab4.o (.rodata.str1.14055571167711525929.1)
                  0000263d    00000003     --HOLE-- [fill = 0]

.init_array 
*          0    00000000    00000000     UNINITIALIZED

.binit     0    00000000    00000000     

.bss       0    20200000    000002e8     UNINITIALIZED
                  20200000    00000200     (.common:buffer)
                  20200200    00000040     RTOS_FIFO.o (.bss.TxFifo)
                  20200240    00000010     TFLuna2.o (.bss.Rx2Fifo)
                  20200250    00000010     RTOS_FIFO.o (.bss.RxFifo)
                  20200260    00000010     TFLuna2.o (.bss.Tx2Fifo)
                  20200270    0000000c     (.common:Message)
                  2020027c    0000000c     (.common:TFLuna2DataMessage)
                  20200288    00000004     TFLuna2.o (.bss.Rx2GetI)
                  2020028c    00000004     TFLuna2.o (.bss.Rx2PutI)
                  20200290    00000004     eDisk.o (.bss.Timer1)
                  20200294    00000004     eDisk.o (.bss.Timer2)
                  20200298    00000004     TFLuna2.o (.bss.Tx2GetI)
                  2020029c    00000004     TFLuna2.o (.bss.Tx2PutI)
                  202002a0    00000004     (.common:BadCheckSum2)
                  202002a4    00000004     (.common:Checks)
                  202002a8    00000004     (.common:Checksum)
                  202002ac    00000004     (.common:ChecksumErrors)
                  202002b0    00000004     (.common:ChecksumOriginal)
                  202002b4    00000004     (.common:LCDFree)
                  202002b8    00000004     (.common:Messageindex)
                  202002bc    00000004     (.common:NumCreated)
                  202002c0    00000004     (.common:Running)
                  202002c4    00000004     (.common:RxGetI)
                  202002c8    00000004     (.common:RxPutI)
                  202002cc    00000004     (.common:TFLuna2Distance)
                  202002d0    00000004     (.common:TFLuna2Function)
                  202002d4    00000004     (.common:TFLuna2Index)
                  202002d8    00000004     (.common:TimeMs)
                  202002dc    00000004     (.common:TxGetI)
                  202002e0    00000004     (.common:TxPutI)
                  202002e4    00000001     eDisk.o (.bss.CardType)
                  202002e5    00000001     ST7735_SDC.o (.bss.ColStart)
                  202002e6    00000001     ST7735_SDC.o (.bss.RowStart)
                  202002e7    00000001     (.common:TFLuna2LastByte)

.sysmem    0    202002e8    00000200     UNINITIALIZED
                  202002e8    00000010     libc.a : memory.c.obj (.sysmem)
                  202002f8    000001f0     --HOLE--

.data      0    202004e8    0000001b     UNINITIALIZED
                  202004e8    00000004     Clock.o (.data.BusFreq)
                  202004ec    00000004     RTOS_Lab4.o (.data.M)
                  202004f0    00000004     SPI.o (.data.SPI1_init_Flag)
                  202004f4    00000004     ST7735_SDC.o (.data.StX)
                  202004f8    00000004     ST7735_SDC.o (.data.StY)
                  202004fc    00000002     ST7735_SDC.o (.data.StTextColor)
                  202004fe    00000002     ST7735_SDC.o (.data._height)
                  20200500    00000002     ST7735_SDC.o (.data._width)
                  20200502    00000001     eDisk.o (.data.Stat)

.stack     0    20207e00    00000200     UNINITIALIZED
                  20207e00    00000004     libc.a : boot_cortex_m.c.obj (.stack)
                  20207e04    000001fc     --HOLE--

__llvm_prf_cnts 
*          0    20200000    00000000     UNINITIALIZED

__llvm_prf_bits 
*          0    20200000    00000000     UNINITIALIZED

MODULE SUMMARY

       Module                         code   ro data   rw data
       ------                         ----   -------   -------
    ./
       ST7735_SDC.o                   1400   1297      32     
       eDisk.o                        2200   0         10     
       RTOS_Lab4.o                    1082   260       544    
       TFLuna2.o                      688    0         77     
       SPI.o                          588    0         4      
       Clock.o                        516    0         4      
       RTOS_FIFO.o                    252    0         96     
       RTOS_UARTints.o                280    0         0      
       OS.o                           228    0         4      
       LaunchPad.o                    196    0         0      
       RTOS_UART.o                    92     0         0      
       osasm.o                        54     0         0      
    +--+------------------------------+------+---------+---------+
       Total:                         7576   1557      771    
                                                              
    ./ticlang/
       startup_mspm0g3507_ticlang.o   60     192       0      
    +--+------------------------------+------+---------+---------+
       Total:                         60     192       0      
                                                              
    /Applications/ti/ccs2040/ccs/tools/compiler/ti-cgt-armllvm_4.0.4.LTS/lib/armv6m-ti-none-eabi/c/libc.a
       copy_decompress_lzss.c.obj     124    0         0      
       autoinit.c.obj                 60     0         0      
       boot_cortex_m.c.obj            40     0         0      
       copy_zero_init.c.obj           22     0         0      
       copy_decompress_none.c.obj     18     0         0      
       memcpy16.S.obj                 18     0         0      
       strlen.c.obj                   14     0         0      
       exit.c.obj                     6      0         0      
       pre_init.c.obj                 4      0         0      
    +--+------------------------------+------+---------+---------+
       Total:                         306    0         0      
                                                              
    /Applications/ti/ccs2040/ccs/tools/compiler/ti-cgt-armllvm_4.0.4.LTS/lib/armv6m-ti-none-eabi/c/libsysbm.a
       hostexit.c.obj                 4      0         0      
    +--+------------------------------+------+---------+---------+
       Total:                         4      0         0      
                                                              
    /Applications/ti/ccs2040/ccs/tools/compiler/ti-cgt-armllvm_4.0.4.LTS/lib/armv6m-ti-none-eabi/libclang_rt.builtins.a
       aeabi_uidivmod.S.obj           64     0         0      
       aeabi_memcpy.S.obj             8      0         0      
       aeabi_div0.c.obj               2      0         0      
    +--+------------------------------+------+---------+---------+
       Total:                         74     0         0      
                                                              
       Heap:                          0      0         512    
       Stack:                         0      0         512    
       Linker Generated:              0      56        0      
    +--+------------------------------+------+---------+---------+
       Grand Total:                   8020   1805      1795   


LINKER GENERATED COPY TABLES

__TI_cinit_table @ 00002668 records: 2, size/record: 8, table size: 16
	.data: load addr=00002640, load size=00000014 bytes, run addr=202004e8, run size=0000001b bytes, compression=lzss
	.bss: load addr=00002660, load size=00000008 bytes, run addr=20200000, run size=000002e8 bytes, compression=zero_init


LINKER GENERATED HANDLER TABLE

__TI_handler_table @ 00002654 records: 3, size/record: 4, table size: 12
	index: 0, handler: __TI_decompress_lzss
	index: 1, handler: __TI_decompress_none
	index: 2, handler: __TI_zero_init


GLOBAL SYMBOLS: SORTED ALPHABETICALLY BY Name 

address   name                          
-------   ----                          
00001e0d  ADC0_IRQHandler               
00001e0d  ADC1_IRQHandler               
00001e0d  AES_IRQHandler                
00001b39  ActivatePortA_B               
202002a0  BadCheckSum2                  
202004e8  BusFreq                       
0000200a  C$$EXIT                       
00001e0d  CANFD0_IRQHandler             
00001d89  CS_Init                       
00001c7d  Check                         
202002a4  Checks                        
202002a8  Checksum                      
202002ac  ChecksumErrors                
202002b0  ChecksumOriginal              
00001f69  Clock_Delay                   
00001be1  Clock_Delay1ms                
00001fb5  Clock_Freq                    
000004c5  Clock_Init80MHz               
00001e0d  DAC0_IRQHandler               
00001e0d  DMA_IRQHandler                
00001e0d  Default_Handler               
00001f79  Delay                         
00001bb8  EndCritical                   
00001e0d  GROUP0_IRQHandler             
0000161d  GROUP1_IRQHandler             
0000200b  HOSTexit                      
00001e29  HardFault_Handler             
00001e0d  I2C0_IRQHandler               
00001e0d  I2C1_IRQHandler               
202002b4  LCDFree                       
0000111d  LaunchPad_Init                
000015c5  Logic_Init                    
202004ec  M                             
20200270  Message                       
202002b8  Messageindex                  
00001e0d  NMI_Handler                   
202002bc  NumCreated                    
00001ba8  OSDisableInterrupts           
00001bac  OSEnableInterrupts            
00001fc1  OS_AddPA28Task                
00001f89  OS_AddPeriodicThread          
00001fcd  OS_AddS2Task                  
00001f97  OS_AddThread                  
0000200f  OS_Id                         
00000a87  OS_Init                       
00002013  OS_Kill                       
00001fe3  OS_Launch                     
00001feb  OS_Sleep                      
00002017  OS_Time                       
00001ff3  OS_bSignal                    
00001bc1  PendSV_Handler                
00001e0d  RTC_IRQHandler                
00001dad  Random32                      
00001fd9  Random8                       
0000201b  Reset_Handler                 
202002c0  Running                       
00001765  Rx2Fifo_Put                   
000017b1  RxFifo_Put                    
202002c4  RxGetI                        
202002c8  RxPutI                        
00001e0d  SPI0_IRQHandler               
00001e0d  SPI1_IRQHandler               
00000a89  SPI1_Init                     
00001a01  SPI1_Reset                    
202004f0  SPI1_init_Flag                
00000679  ST7735_DrawChar               
00001015  ST7735_DrawString             
00000e75  ST7735_Message                
00000da5  ST7735_OutChar                
00001cdd  ST7735_OutSDec                
00001099  ST7735_OutUDec                
00001c15  ST7735_SetCursor              
00001f09  ST7735_SetTextColor           
00001bc3  SVC_Handler                   
202004fc  StTextColor                   
202004f4  StX                           
202004f8  StY                           
00001bb0  StartCritical                 
00001bbe  StartOS                       
00001c49  StartTestDisk                 
00001303  SysTick_Handler               
2020027c  TFLuna2DataMessage            
202002cc  TFLuna2Distance               
202002d0  TFLuna2Function               
202002d4  TFLuna2Index                  
202002e7  TFLuna2LastByte               
00001e61  TFLuna2_InStatus              
00001e79  TFLuna2_OutStatus             
000013e1  TFT_OutCommand                
00001445  TFT_OutData                   
00001e0d  TIMA0_IRQHandler              
00001e0d  TIMA1_IRQHandler              
00001e0d  TIMG0_IRQHandler              
00001e0d  TIMG12_IRQHandler             
00001e0d  TIMG6_IRQHandler              
00001dcd  TIMG7_IRQHandler              
00001f1d  TIMG8_IRQHandler              
00001f45  TI_memcpy_small               
000002e9  TestDisk                      
00000f01  Testmain1                     
202002d8  TimeMs                        
0000192d  Tx2Fifo_Get                   
000017fd  TxFifo_Get                    
00001849  TxFifo_Put                    
00001e91  TxFifo_Size                   
202002dc  TxGetI                        
202002e0  TxPutI                        
0000150d  UART0_IRQHandler              
00001e0d  UART1_IRQHandler              
00001569  UART2_IRQHandler              
00001e0d  UART3_IRQHandler              
00001a41  UART_OutChar                  
00001d61  UART_OutString                
00001b71  UART_OutUDec                  
000014a9  VirusDetector                 
20208000  __STACK_END                   
00000200  __STACK_SIZE                  
00000200  __SYSMEM_SIZE                 
00000000  __TI_ATRegion0_region_sz      
00000000  __TI_ATRegion0_src_addr       
00000000  __TI_ATRegion0_trg_addr       
00000000  __TI_ATRegion1_region_sz      
00000000  __TI_ATRegion1_src_addr       
00000000  __TI_ATRegion1_trg_addr       
00000000  __TI_ATRegion2_region_sz      
00000000  __TI_ATRegion2_src_addr       
00000000  __TI_ATRegion2_trg_addr       
00002668  __TI_CINIT_Base               
00002678  __TI_CINIT_Limit              
00002678  __TI_CINIT_Warm               
00002654  __TI_Handler_Table_Base       
00002660  __TI_Handler_Table_Limit      
00001afd  __TI_auto_init_nobinit_nopinit
00001199  __TI_decompress_lzss          
00001f57  __TI_decompress_none          
ffffffff  __TI_pprof_out_hndl           
ffffffff  __TI_prof_data_size           
ffffffff  __TI_prof_data_start          
00000000  __TI_static_base__            
00001ef1  __TI_zero_init_nomemset       
00001ba7  __aeabi_idiv0                 
00001ffd  __aeabi_memcpy                
00001ffd  __aeabi_memcpy4               
00001ffd  __aeabi_memcpy8               
00001a81  __aeabi_uidiv                 
00001a81  __aeabi_uidivmod              
ffffffff  __binit__                     
UNDEFED   __mpu_init                    
20207e00  __stack                       
20200000  __start___llvm_prf_bits       
20200000  __start___llvm_prf_cnts       
20200000  __stop___llvm_prf_bits        
20200000  __stop___llvm_prf_cnts        
00001d39  _c_int00_noargs               
202002e8  _sys_memory                   
UNDEFED   _system_post_cinit            
0000201f  _system_pre_init              
00002005  abort                         
ffffffff  binit                         
20200000  buffer                        
00001375  diskError                     
00001305  disk_timerproc                
000000c1  eDisk_Init                    
00000cc1  eDisk_Read                    
00001ea9  eDisk_ReadBlock               
00000ba9  eDisk_Write                   
00001ec1  eDisk_WriteBlock              
00001671  fillmessage                   
00000000  interruptVectors              
00001e45  main                          
00001fa5  strlen                        


GLOBAL SYMBOLS: SORTED BY Symbol Address 

address   name                          
-------   ----                          
00000000  __TI_ATRegion0_region_sz      
00000000  __TI_ATRegion0_src_addr       
00000000  __TI_ATRegion0_trg_addr       
00000000  __TI_ATRegion1_region_sz      
00000000  __TI_ATRegion1_src_addr       
00000000  __TI_ATRegion1_trg_addr       
00000000  __TI_ATRegion2_region_sz      
00000000  __TI_ATRegion2_src_addr       
00000000  __TI_ATRegion2_trg_addr       
00000000  __TI_static_base__            
00000000  interruptVectors              
000000c1  eDisk_Init                    
00000200  __STACK_SIZE                  
00000200  __SYSMEM_SIZE                 
000002e9  TestDisk                      
000004c5  Clock_Init80MHz               
00000679  ST7735_DrawChar               
00000a87  OS_Init                       
00000a89  SPI1_Init                     
00000ba9  eDisk_Write                   
00000cc1  eDisk_Read                    
00000da5  ST7735_OutChar                
00000e75  ST7735_Message                
00000f01  Testmain1                     
00001015  ST7735_DrawString             
00001099  ST7735_OutUDec                
0000111d  LaunchPad_Init                
00001199  __TI_decompress_lzss          
00001303  SysTick_Handler               
00001305  disk_timerproc                
00001375  diskError                     
000013e1  TFT_OutCommand                
00001445  TFT_OutData                   
000014a9  VirusDetector                 
0000150d  UART0_IRQHandler              
00001569  UART2_IRQHandler              
000015c5  Logic_Init                    
0000161d  GROUP1_IRQHandler             
00001671  fillmessage                   
00001765  Rx2Fifo_Put                   
000017b1  RxFifo_Put                    
000017fd  TxFifo_Get                    
00001849  TxFifo_Put                    
0000192d  Tx2Fifo_Get                   
00001a01  SPI1_Reset                    
00001a41  UART_OutChar                  
00001a81  __aeabi_uidiv                 
00001a81  __aeabi_uidivmod              
00001afd  __TI_auto_init_nobinit_nopinit
00001b39  ActivatePortA_B               
00001b71  UART_OutUDec                  
00001ba7  __aeabi_idiv0                 
00001ba8  OSDisableInterrupts           
00001bac  OSEnableInterrupts            
00001bb0  StartCritical                 
00001bb8  EndCritical                   
00001bbe  StartOS                       
00001bc1  PendSV_Handler                
00001bc3  SVC_Handler                   
00001be1  Clock_Delay1ms                
00001c15  ST7735_SetCursor              
00001c49  StartTestDisk                 
00001c7d  Check                         
00001cdd  ST7735_OutSDec                
00001d39  _c_int00_noargs               
00001d61  UART_OutString                
00001d89  CS_Init                       
00001dad  Random32                      
00001dcd  TIMG7_IRQHandler              
00001e0d  ADC0_IRQHandler               
00001e0d  ADC1_IRQHandler               
00001e0d  AES_IRQHandler                
00001e0d  CANFD0_IRQHandler             
00001e0d  DAC0_IRQHandler               
00001e0d  DMA_IRQHandler                
00001e0d  Default_Handler               
00001e0d  GROUP0_IRQHandler             
00001e0d  I2C0_IRQHandler               
00001e0d  I2C1_IRQHandler               
00001e0d  NMI_Handler                   
00001e0d  RTC_IRQHandler                
00001e0d  SPI0_IRQHandler               
00001e0d  SPI1_IRQHandler               
00001e0d  TIMA0_IRQHandler              
00001e0d  TIMA1_IRQHandler              
00001e0d  TIMG0_IRQHandler              
00001e0d  TIMG12_IRQHandler             
00001e0d  TIMG6_IRQHandler              
00001e0d  UART1_IRQHandler              
00001e0d  UART3_IRQHandler              
00001e29  HardFault_Handler             
00001e45  main                          
00001e61  TFLuna2_InStatus              
00001e79  TFLuna2_OutStatus             
00001e91  TxFifo_Size                   
00001ea9  eDisk_ReadBlock               
00001ec1  eDisk_WriteBlock              
00001ef1  __TI_zero_init_nomemset       
00001f09  ST7735_SetTextColor           
00001f1d  TIMG8_IRQHandler              
00001f45  TI_memcpy_small               
00001f57  __TI_decompress_none          
00001f69  Clock_Delay                   
00001f79  Delay                         
00001f89  OS_AddPeriodicThread          
00001f97  OS_AddThread                  
00001fa5  strlen                        
00001fb5  Clock_Freq                    
00001fc1  OS_AddPA28Task                
00001fcd  OS_AddS2Task                  
00001fd9  Random8                       
00001fe3  OS_Launch                     
00001feb  OS_Sleep                      
00001ff3  OS_bSignal                    
00001ffd  __aeabi_memcpy                
00001ffd  __aeabi_memcpy4               
00001ffd  __aeabi_memcpy8               
00002005  abort                         
0000200a  C$$EXIT                       
0000200b  HOSTexit                      
0000200f  OS_Id                         
00002013  OS_Kill                       
00002017  OS_Time                       
0000201b  Reset_Handler                 
0000201f  _system_pre_init              
00002654  __TI_Handler_Table_Base       
00002660  __TI_Handler_Table_Limit      
00002668  __TI_CINIT_Base               
00002678  __TI_CINIT_Limit              
00002678  __TI_CINIT_Warm               
20200000  __start___llvm_prf_bits       
20200000  __start___llvm_prf_cnts       
20200000  __stop___llvm_prf_bits        
20200000  __stop___llvm_prf_cnts        
20200000  buffer                        
20200270  Message                       
2020027c  TFLuna2DataMessage            
202002a0  BadCheckSum2                  
202002a4  Checks                        
202002a8  Checksum                      
202002ac  ChecksumErrors                
202002b0  ChecksumOriginal              
202002b4  LCDFree                       
202002b8  Messageindex                  
202002bc  NumCreated                    
202002c0  Running                       
202002c4  RxGetI                        
202002c8  RxPutI                        
202002cc  TFLuna2Distance               
202002d0  TFLuna2Function               
202002d4  TFLuna2Index                  
202002d8  TimeMs                        
202002dc  TxGetI                        
202002e0  TxPutI                        
202002e7  TFLuna2LastByte               
202002e8  _sys_memory                   
202004e8  BusFreq                       
202004ec  M                             
202004f0  SPI1_init_Flag                
202004f4  StX                           
202004f8  StY                           
202004fc  StTextColor                   
20207e00  __stack                       
20208000  __STACK_END                   
ffffffff  __TI_pprof_out_hndl           
ffffffff  __TI_prof_data_size           
ffffffff  __TI_prof_data_start          
ffffffff  __binit__                     
ffffffff  binit                         
UNDEFED   __mpu_init                    
UNDEFED   _system_post_cinit            

[171 symbols]
