******************************************************************************
            TI ARM Clang Linker Unix v4.0.4                    
******************************************************************************
>> Linked Wed Jan 28 09:51:39 2026

OUTPUT FILE NAME:   <GP2Y0A.out>
ENTRY POINT SYMBOL: "_c_int00_noargs"  address: 000005e1


MEMORY CONFIGURATION

         name            origin    length      used     unused   attr    fill
----------------------  --------  ---------  --------  --------  ----  --------
  FLASH                 00000000   00020000  000006e8  0001f918  R  X
  SRAM                  20200000   00008000  00000210  00007df0  RW X
  BCR_CONFIG            41c00000   00000080  00000000  00000080  R   
  BSL_CONFIG            41c00100   00000080  00000000  00000080  R   


SEGMENT ALLOCATION MAP

run origin  load origin   length   init length attrs members
----------  ----------- ---------- ----------- ----- -------
00000000    00000000    000006e8   000006e8    r-x
  00000000    00000000    000000c0   000000c0    r-- .intvecs
  000000c0    000000c0    000005f8   000005f8    r-x .text
  000006b8    000006b8    00000030   00000030    r-- .cinit
20200000    20200000    00000010   00000000    rw-
  20200000    20200000    0000000c   00000000    rw- .bss
  2020000c    2020000c    00000004   00000000    rw- .data
20207e00    20207e00    00000200   00000000    rw-
  20207e00    20207e00    00000200   00000000    rw- .stack


SECTION ALLOCATION MAP

 output                                  attributes/
section   page    origin      length       input sections
--------  ----  ----------  ----------   ----------------
.intvecs   0    00000000    000000c0     
                  00000000    000000c0     startup_mspm0g3507_ticlang.o (.intvecs)

.text      0    000000c0    000005f8     
                  000000c0    000001b4     Clock.o (.text.Clock_Init80MHz)
                  00000274    00000130     ADC.o (.text.ADC_InitTriple)
                  000003a4    0000007c     LaunchPad.o (.text.LaunchPad_Init)
                  00000420    0000007c     libc.a : copy_decompress_lzss.c.obj (.text:decompress:lzss)
                  0000049c    00000074     ADC.o (.text.ADC_InTriple)
                  00000510    0000005c     GP2Y0ATestmain.o (.text.main)
                  0000056c    0000003c     libc.a : autoinit.c.obj (.text:__TI_auto_init_nobinit_nopinit)
                  000005a8    00000038     LaunchPad.o (.text.ActivatePortA_B)
                  000005e0    00000028     libc.a : boot_cortex_m.c.obj (.text:_c_int00_noargs)
                  00000608    0000001c     startup_mspm0g3507_ticlang.o (.text.Default_Handler)
                  00000624    0000001c     startup_mspm0g3507_ticlang.o (.text.HardFault_Handler)
                  00000640    00000016     libc.a : copy_zero_init.c.obj (.text:decompress:ZI:__TI_zero_init_nomemset)
                  00000656    00000012            : memcpy16.S.obj (.text:TI_memcpy_small)
                  00000668    00000012            : copy_decompress_none.c.obj (.text:decompress:none)
                  0000067a    00000010     Clock.o (.text.Clock_Delay)
                  0000068a    00000010     LaunchPad.o (.text.Delay)
                  0000069a    00000002     --HOLE-- [fill = 0]
                  0000069c    00000008     libclang_rt.builtins.a : aeabi_memcpy.S.obj (.text.__aeabi_memcpy)
                  000006a4    00000006     libc.a : exit.c.obj (.text:abort)
                  000006aa    00000004     libsysbm.a : hostexit.c.obj (.text.HOSTexit)
                  000006ae    00000004     startup_mspm0g3507_ticlang.o (.text.Reset_Handler)
                  000006b2    00000004     libc.a : pre_init.c.obj (.text._system_pre_init)
                  000006b6    00000002     --HOLE-- [fill = 0]

.cinit     0    000006b8    00000030     
                  000006b8    0000000c     (__TI_handler_table)
                  000006c4    00000008     (.cinit..bss.load) [load image, compression = zero_init]
                  000006cc    00000008     (.cinit..data.load) [load image, compression = lzss]
                  000006d4    00000010     (__TI_cinit_table)
                  000006e4    00000004     --HOLE-- [fill = 0]

.init_array 
*          0    00000000    00000000     UNINITIALIZED

.binit     0    00000000    00000000     

.bss       0    20200000    0000000c     UNINITIALIZED
                  20200000    00000004     (.common:Center)
                  20200004    00000004     (.common:Left)
                  20200008    00000004     (.common:Right)

.data      0    2020000c    00000004     UNINITIALIZED
                  2020000c    00000004     Clock.o (.data.BusFreq)

.stack     0    20207e00    00000200     UNINITIALIZED
                  20207e00    00000004     libc.a : boot_cortex_m.c.obj (.stack)
                  20207e04    000001fc     --HOLE--

__llvm_prf_cnts 
*          0    20200000    00000000     UNINITIALIZED

__llvm_prf_bits 
*          0    20200000    00000000     UNINITIALIZED

MODULE SUMMARY

       Module                         code   ro data   rw data
       ------                         ----   -------   -------
    ./
       Clock.o                        452    0         4      
       ADC.o                          420    0         0      
       LaunchPad.o                    196    0         0      
       GP2Y0ATestmain.o               92     0         12     
    +--+------------------------------+------+---------+---------+
       Total:                         1160   0         16     
                                                              
    ./ticlang/
       startup_mspm0g3507_ticlang.o   60     192       0      
    +--+------------------------------+------+---------+---------+
       Total:                         60     192       0      
                                                              
    /Applications/ti/ccs2040/ccs/tools/compiler/ti-cgt-armllvm_4.0.4.LTS/lib/armv6m-ti-none-eabi/c/libc.a
       copy_decompress_lzss.c.obj     124    0         0      
       autoinit.c.obj                 60     0         0      
       boot_cortex_m.c.obj            40     0         0      
       copy_zero_init.c.obj           22     0         0      
       copy_decompress_none.c.obj     18     0         0      
       memcpy16.S.obj                 18     0         0      
       exit.c.obj                     6      0         0      
       pre_init.c.obj                 4      0         0      
    +--+------------------------------+------+---------+---------+
       Total:                         292    0         0      
                                                              
    /Applications/ti/ccs2040/ccs/tools/compiler/ti-cgt-armllvm_4.0.4.LTS/lib/armv6m-ti-none-eabi/c/libsysbm.a
       hostexit.c.obj                 4      0         0      
    +--+------------------------------+------+---------+---------+
       Total:                         4      0         0      
                                                              
    /Applications/ti/ccs2040/ccs/tools/compiler/ti-cgt-armllvm_4.0.4.LTS/lib/armv6m-ti-none-eabi/libclang_rt.builtins.a
       aeabi_memcpy.S.obj             8      0         0      
    +--+------------------------------+------+---------+---------+
       Total:                         8      0         0      
                                                              
       Stack:                         0      0         512    
       Linker Generated:              0      44        0      
    +--+------------------------------+------+---------+---------+
       Grand Total:                   1524   236       528    


LINKER GENERATED COPY TABLES

__TI_cinit_table @ 000006d4 records: 2, size/record: 8, table size: 16
	.bss: load addr=000006c4, load size=00000008 bytes, run addr=20200000, run size=0000000c bytes, compression=zero_init
	.data: load addr=000006cc, load size=00000008 bytes, run addr=2020000c, run size=00000004 bytes, compression=lzss


LINKER GENERATED HANDLER TABLE

__TI_handler_table @ 000006b8 records: 3, size/record: 4, table size: 12
	index: 0, handler: __TI_decompress_lzss
	index: 1, handler: __TI_decompress_none
	index: 2, handler: __TI_zero_init


GLOBAL SYMBOLS: SORTED ALPHABETICALLY BY Name 

address   name                          
-------   ----                          
00000609  ADC0_IRQHandler               
00000609  ADC1_IRQHandler               
0000049d  ADC_InTriple                  
00000275  ADC_InitTriple                
00000609  AES_IRQHandler                
000005a9  ActivatePortA_B               
2020000c  BusFreq                       
000006aa  C$$EXIT                       
00000609  CANFD0_IRQHandler             
20200000  Center                        
0000067b  Clock_Delay                   
000000c1  Clock_Init80MHz               
00000609  DAC0_IRQHandler               
00000609  DMA_IRQHandler                
00000609  Default_Handler               
0000068b  Delay                         
00000609  GROUP0_IRQHandler             
00000609  GROUP1_IRQHandler             
000006ab  HOSTexit                      
00000625  HardFault_Handler             
00000609  I2C0_IRQHandler               
00000609  I2C1_IRQHandler               
000003a5  LaunchPad_Init                
20200004  Left                          
00000609  NMI_Handler                   
00000609  PendSV_Handler                
00000609  RTC_IRQHandler                
000006af  Reset_Handler                 
20200008  Right                         
00000609  SPI0_IRQHandler               
00000609  SPI1_IRQHandler               
00000609  SVC_Handler                   
00000609  SysTick_Handler               
00000609  TIMA0_IRQHandler              
00000609  TIMA1_IRQHandler              
00000609  TIMG0_IRQHandler              
00000609  TIMG12_IRQHandler             
00000609  TIMG6_IRQHandler              
00000609  TIMG7_IRQHandler              
00000609  TIMG8_IRQHandler              
00000657  TI_memcpy_small               
00000609  UART0_IRQHandler              
00000609  UART1_IRQHandler              
00000609  UART2_IRQHandler              
00000609  UART3_IRQHandler              
20208000  __STACK_END                   
00000200  __STACK_SIZE                  
00000000  __TI_ATRegion0_region_sz      
00000000  __TI_ATRegion0_src_addr       
00000000  __TI_ATRegion0_trg_addr       
00000000  __TI_ATRegion1_region_sz      
00000000  __TI_ATRegion1_src_addr       
00000000  __TI_ATRegion1_trg_addr       
00000000  __TI_ATRegion2_region_sz      
00000000  __TI_ATRegion2_src_addr       
00000000  __TI_ATRegion2_trg_addr       
000006d4  __TI_CINIT_Base               
000006e4  __TI_CINIT_Limit              
000006e4  __TI_CINIT_Warm               
000006b8  __TI_Handler_Table_Base       
000006c4  __TI_Handler_Table_Limit      
0000056d  __TI_auto_init_nobinit_nopinit
00000421  __TI_decompress_lzss          
00000669  __TI_decompress_none          
ffffffff  __TI_pprof_out_hndl           
ffffffff  __TI_prof_data_size           
ffffffff  __TI_prof_data_start          
00000000  __TI_static_base__            
00000641  __TI_zero_init_nomemset       
0000069d  __aeabi_memcpy                
0000069d  __aeabi_memcpy4               
0000069d  __aeabi_memcpy8               
ffffffff  __binit__                     
UNDEFED   __mpu_init                    
20207e00  __stack                       
20200000  __start___llvm_prf_bits       
20200000  __start___llvm_prf_cnts       
20200000  __stop___llvm_prf_bits        
20200000  __stop___llvm_prf_cnts        
000005e1  _c_int00_noargs               
UNDEFED   _system_post_cinit            
000006b3  _system_pre_init              
000006a5  abort                         
ffffffff  binit                         
00000000  interruptVectors              
00000511  main                          


GLOBAL SYMBOLS: SORTED BY Symbol Address 

address   name                          
-------   ----                          
00000000  __TI_ATRegion0_region_sz      
00000000  __TI_ATRegion0_src_addr       
00000000  __TI_ATRegion0_trg_addr       
00000000  __TI_ATRegion1_region_sz      
00000000  __TI_ATRegion1_src_addr       
00000000  __TI_ATRegion1_trg_addr       
00000000  __TI_ATRegion2_region_sz      
00000000  __TI_ATRegion2_src_addr       
00000000  __TI_ATRegion2_trg_addr       
00000000  __TI_static_base__            
00000000  interruptVectors              
000000c1  Clock_Init80MHz               
00000200  __STACK_SIZE                  
00000275  ADC_InitTriple                
000003a5  LaunchPad_Init                
00000421  __TI_decompress_lzss          
0000049d  ADC_InTriple                  
00000511  main                          
0000056d  __TI_auto_init_nobinit_nopinit
000005a9  ActivatePortA_B               
000005e1  _c_int00_noargs               
00000609  ADC0_IRQHandler               
00000609  ADC1_IRQHandler               
00000609  AES_IRQHandler                
00000609  CANFD0_IRQHandler             
00000609  DAC0_IRQHandler               
00000609  DMA_IRQHandler                
00000609  Default_Handler               
00000609  GROUP0_IRQHandler             
00000609  GROUP1_IRQHandler             
00000609  I2C0_IRQHandler               
00000609  I2C1_IRQHandler               
00000609  NMI_Handler                   
00000609  PendSV_Handler                
00000609  RTC_IRQHandler                
00000609  SPI0_IRQHandler               
00000609  SPI1_IRQHandler               
00000609  SVC_Handler                   
00000609  SysTick_Handler               
00000609  TIMA0_IRQHandler              
00000609  TIMA1_IRQHandler              
00000609  TIMG0_IRQHandler              
00000609  TIMG12_IRQHandler             
00000609  TIMG6_IRQHandler              
00000609  TIMG7_IRQHandler              
00000609  TIMG8_IRQHandler              
00000609  UART0_IRQHandler              
00000609  UART1_IRQHandler              
00000609  UART2_IRQHandler              
00000609  UART3_IRQHandler              
00000625  HardFault_Handler             
00000641  __TI_zero_init_nomemset       
00000657  TI_memcpy_small               
00000669  __TI_decompress_none          
0000067b  Clock_Delay                   
0000068b  Delay                         
0000069d  __aeabi_memcpy                
0000069d  __aeabi_memcpy4               
0000069d  __aeabi_memcpy8               
000006a5  abort                         
000006aa  C$$EXIT                       
000006ab  HOSTexit                      
000006af  Reset_Handler                 
000006b3  _system_pre_init              
000006b8  __TI_Handler_Table_Base       
000006c4  __TI_Handler_Table_Limit      
000006d4  __TI_CINIT_Base               
000006e4  __TI_CINIT_Limit              
000006e4  __TI_CINIT_Warm               
20200000  Center                        
20200000  __start___llvm_prf_bits       
20200000  __start___llvm_prf_cnts       
20200000  __stop___llvm_prf_bits        
20200000  __stop___llvm_prf_cnts        
20200004  Left                          
20200008  Right                         
2020000c  BusFreq                       
20207e00  __stack                       
20208000  __STACK_END                   
ffffffff  __TI_pprof_out_hndl           
ffffffff  __TI_prof_data_size           
ffffffff  __TI_prof_data_start          
ffffffff  __binit__                     
ffffffff  binit                         
UNDEFED   __mpu_init                    
UNDEFED   _system_post_cinit            

[86 symbols]
