******************************************************************************
            TI ARM Clang Linker Unix v4.0.4                    
******************************************************************************
>> Linked Mon Feb  2 09:40:53 2026

OUTPUT FILE NAME:   <RTOS_Lab1.out>
ENTRY POINT SYMBOL: "_c_int00_noargs"  address: 000026f1


MEMORY CONFIGURATION

         name            origin    length      used     unused   attr    fill
----------------------  --------  ---------  --------  --------  ----  --------
  FLASH                 00000000   00020000  000032d8  0001cd28  R  X
  SRAM                  20200000   00008000  00000a6a  00007596  RW X
  BCR_CONFIG            41c00000   00000080  00000000  00000080  R   
  BSL_CONFIG            41c00100   00000080  00000000  00000080  R   


SEGMENT ALLOCATION MAP

run origin  load origin   length   init length attrs members
----------  ----------- ---------- ----------- ----- -------
00000000    00000000    000032d8   000032d8    r-x
  00000000    00000000    000000c0   000000c0    r-- .intvecs
  000000c0    000000c0    00002960   00002960    r-x .text
  00002a20    00002a20    00000858   00000858    r-- .rodata
  00003278    00003278    00000060   00000060    r-- .cinit
20200000    20200000    0000086e   00000000    rw-
  20200000    20200000    00000634   00000000    rw- .bss
  20200638    20200638    00000200   00000000    rw- .sysmem
  20200838    20200838    00000036   00000000    rw- .data
20207e00    20207e00    00000200   00000000    rw-
  20207e00    20207e00    00000200   00000000    rw- .stack


SECTION ALLOCATION MAP

 output                                  attributes/
section   page    origin      length       input sections
--------  ----  ----------  ----------   ----------------
.intvecs   0    00000000    000000c0     
                  00000000    000000c0     startup_mspm0g3507_ticlang.o (.intvecs)

.text      0    000000c0    00002960     
                  000000c0    000001b4     Clock.o (.text.Clock_Init80MHz)
                  00000274    000001a4     RTOS_Lab1.o (.text.Lab1_Results)
                  00000418    000001a4     ST7735_SDC.o (.text.ST7735_DrawChar)
                  000005bc    00000174     TFLuna2.o (.text.TFLuna2_Init)
                  00000730    00000144     TFLuna2.o (.text.copyHardwareToSoftware2)
                  00000874    00000138     RTOS_UARTints.o (.text.UART_Init)
                  000009ac    00000128     RTOS_Lab1.o (.text.TIMG6_IRQHandler)
                  00000ad4    00000120     SPI.o (.text.SPI1_Init)
                  00000bf4    0000011c     RTOS_Lab1.o (.text.TIMA0_IRQHandler)
                  00000d10    00000118     ST7735_SDC.o (.text.ST7735_FillRect)
                  00000e28    000000fc     ADC.o (.text.ADC1_Init)
                  00000f24    000000fc     RTOS_Lab1.o (.text.Background2)
                  00001020    000000f4     ADC.o (.text.ADC0_Init)
                  00001114    000000d0     ST7735_SDC.o (.text.ST7735_OutChar)
                  000011e4    000000c4     RTOS_Lab1.o (.text.main)
                  000012a8    000000c2     Interpreter.o (.text.Interpreter)
                  0000136a    00000002     OS.o (.text.SysTick_Handler)
                  0000136c    000000b8     ST7735_SDC.o (.text.ST7735_Message)
                  00001424    000000a8     Interpreter.o (.text.Cmd_Help)
                  000014cc    000000a8     DAC.o (.text.DAC_Init)
                  00001574    000000a8     Timer.o (.text.TimerA0_IntArm)
                  0000161c    000000a8     Timer.o (.text.TimerG6_IntArm)
                  000016c4    000000a8     Timer.o (.text.TimerG7_IntArm)
                  0000176c    000000a4     LPF.o (.text.Median)
                  00001810    000000a2     ST7735_SDC.o (.text.commandList)
                  000018b2    00000002     libclang_rt.builtins.a : aeabi_div0.c.obj (.text.__aeabi_idiv0)
                  000018b4    0000009c     Interpreter.o (.text.ParseArgs)
                  00001950    00000098     ST7735_SDC.o (.text.ST7735_InitR)
                  000019e8    00000088     ST7735_SDC.o (.text.setAddrWindow)
                  00001a70    00000088     libc.a : strcmp-armv6m.S.obj (.text:strcmp)
                  00001af8    00000084     ST7735_SDC.o (.text.ST7735_DrawString)
                  00001b7c    0000007c     LaunchPad.o (.text.LaunchPad_Init)
                  00001bf8    0000007c     libc.a : copy_decompress_lzss.c.obj (.text:decompress:lzss)
                  00001c74    00000068     LPF.o (.text.LPF_Init7)
                  00001cdc    00000064     SPI.o (.text.TFT_OutCommand)
                  00001d40    00000064     SPI.o (.text.TFT_OutData)
                  00001da4    0000005c     RTOS_UARTints.o (.text.UART0_IRQHandler)
                  00001e00    0000005c     TFLuna2.o (.text.UART2_IRQHandler)
                  00001e5c    00000058     IRDistance.o (.text.IRDistance_Convert)
                  00001eb4    00000058     RTOS_Lab1.o (.text.Logic_Init)
                  00001f0c    00000058     ST7735_SDC.o (.text.ST7735_OutUDec2)
                  00001f64    00000056     libclang_rt.builtins.a : aeabi_idivmod.S.obj (.text.__aeabi_idivmod)
                  00001fba    00000002     --HOLE-- [fill = 0]
                  00001fbc    00000054     OS.o (.text.GROUP1_IRQHandler)
                  00002010    00000054     ST7735_SDC.o (.text.fillmessage)
                  00002064    0000004c     TFLuna2.o (.text.Rx2Fifo_Put)
                  000020b0    0000004c     RTOS_FIFO.o (.text.RxFifo_Get)
                  000020fc    0000004c     RTOS_FIFO.o (.text.RxFifo_Put)
                  00002148    0000004c     TFLuna2.o (.text.Tx2Fifo_Put)
                  00002194    0000004c     RTOS_FIFO.o (.text.TxFifo_Get)
                  000021e0    0000004c     RTOS_FIFO.o (.text.TxFifo_Put)
                  0000222c    0000004c     TFLuna2.o (.text.copySoftwareToHardware2)
                  00002278    0000004c     RTOS_UARTints.o (.text.copySoftwareToHardware)
                  000022c4    00000048     Interpreter.o (.text.Cmd_Print)
                  0000230c    00000048     TFLuna2.o (.text.Tx2Fifo_Get)
                  00002354    00000044     ADC.o (.text.ADC0_In)
                  00002398    00000044     ADC.o (.text.ADC1_In)
                  000023dc    00000042     LPF.o (.text.sqrt2)
                  0000241e    00000002     --HOLE-- [fill = 0]
                  00002420    00000040     SPI.o (.text.SPI1_Reset)
                  00002460    00000040     TFLuna2.o (.text.TFLuna2_OutChar)
                  000024a0    00000040     RTOS_UARTints.o (.text.UART_OutChar)
                  000024e0    00000040     libclang_rt.builtins.a : aeabi_uidivmod.S.obj (.text.__aeabi_uidivmod)
                  00002520    0000003c     libc.a : autoinit.c.obj (.text:__TI_auto_init_nobinit_nopinit)
                  0000255c    00000038     LaunchPad.o (.text.ActivatePortA_B)
                  00002594    00000036     RTOS_UART.o (.text.UART_OutUDec)
                  000025ca    00000002     --HOLE-- [fill = 0]
                  000025cc    00000034     Clock.o (.text.Clock_Delay1ms)
                  00002600    00000034     ST7735_SDC.o (.text.ST7735_SetCursor)
                  00002634    00000030     TFLuna2.o (.text.TFLuna2_SendMessage)
                  00002664    00000030     ST7735_SDC.o (.text.commonInit)
                  00002694    00000030     RTOS_UARTints.o (.text.copyHardwareToSoftware)
                  000026c4    0000002c     ST7735_SDC.o (.text.ST7735_FillScreen)
                  000026f0    00000028     libc.a : boot_cortex_m.c.obj (.text:_c_int00_noargs)
                  00002718    00000026     ST7735_SDC.o (.text.ST7735_OutString)
                  0000273e    00000026     RTOS_UART.o (.text.UART_OutString)
                  00002764    00000024     SPI.o (.text.CS_Init)
                  00002788    00000022     RTOS_UARTints.o (.text.UART_InChar)
                  000027aa    00000002     --HOLE-- [fill = 0]
                  000027ac    00000020     OS.o (.text.TIMG7_IRQHandler)
                  000027cc    0000001e     ST7735_SDC.o (.text.pushColor)
                  000027ea    00000002     --HOLE-- [fill = 0]
                  000027ec    0000001c     Interpreter.o (.text.Cmd_Lab1_Results)
                  00002808    0000001c     startup_mspm0g3507_ticlang.o (.text.Default_Handler)
                  00002824    0000001c     startup_mspm0g3507_ticlang.o (.text.HardFault_Handler)
                  00002840    0000001c     OS.o (.text.OS_ClearMsTime)
                  0000285c    00000018     TFLuna2.o (.text.TFLuna2_InStatus)
                  00002874    00000018     TFLuna2.o (.text.TFLuna2_OutStatus)
                  0000288c    00000018     RTOS_FIFO.o (.text.TxFifo_Size)
                  000028a4    00000014     DAC.o (.text.DAC_Out)
                  000028b8    00000014     TFLuna2.o (.text.Rx2Fifo_Init)
                  000028cc    00000014     RTOS_FIFO.o (.text.RxFifo_Init)
                  000028e0    00000014     OS.o (.text.TIMG8_IRQHandler)
                  000028f4    00000014     TFLuna2.o (.text.Tx2Fifo_Init)
                  00002908    00000014     RTOS_FIFO.o (.text.TxFifo_Init)
                  0000291c    00000012     Interpreter.o (.text.Cmd_Flush)
                  0000292e    00000012     libc.a : memcpy16.S.obj (.text:TI_memcpy_small)
                  00002940    00000012            : copy_decompress_none.c.obj (.text:decompress:none)
                  00002952    00000010     Clock.o (.text.Clock_Delay)
                  00002962    00000010     LaunchPad.o (.text.Delay)
                  00002972    00000002     --HOLE-- [fill = 0]
                  00002974    00000010     TFLuna2.o (.text.TFLuna2_Format_Standard_mm)
                  00002984    00000010     TFLuna2.o (.text.TFLuna2_Frame_Rate)
                  00002994    00000010     TFLuna2.o (.text.TFLuna2_SaveSettings)
                  000029a4    00000010     TFLuna2.o (.text.TFLuna2_System_Reset)
                  000029b4    00000010     libc.a : copy_zero_init.c.obj (.text:decompress:ZI)
                  000029c4    0000000e            : memset16.S.obj (.text:TI_memset_small)
                  000029d2    00000002     --HOLE-- [fill = 0]
                  000029d4    0000000c     Clock.o (.text.Clock_Freq)
                  000029e0    0000000c     OS.o (.text.OS_MsTime)
                  000029ec    0000000c     libclang_rt.builtins.a : aeabi_memset.S.obj (.text.__aeabi_memclr)
                  000029f8    00000008                            : aeabi_memcpy.S.obj (.text.__aeabi_memcpy)
                  00002a00    00000006     libc.a : exit.c.obj (.text:abort)
                  00002a06    00000004     libsysbm.a : hostexit.c.obj (.text.HOSTexit)
                  00002a0a    00000004     startup_mspm0g3507_ticlang.o (.text.Reset_Handler)
                  00002a0e    00000004     libc.a : pre_init.c.obj (.text._system_pre_init)
                  00002a12    0000000e     --HOLE-- [fill = 0]

.cinit     0    00003278    00000060     
                  00003278    00000035     (.cinit..data.load) [load image, compression = lzss]
                  000032ad    00000003     --HOLE-- [fill = 0]
                  000032b0    0000000c     (__TI_handler_table)
                  000032bc    00000008     (.cinit..bss.load) [load image, compression = zero_init]
                  000032c4    00000010     (__TI_cinit_table)
                  000032d4    00000004     --HOLE-- [fill = 0]

.rodata    0    00002a20    00000858     
                  00002a20    000004fb     ST7735_SDC.o (.rodata.Font)
                  00002f1b    0000003b     ST7735_SDC.o (.rodata.Rcmd1)
                  00002f56    00000039     Interpreter.o (.rodata.str1.10788060859246666907.1)
                  00002f8f    00000038     Interpreter.o (.rodata.str1.6099132036730984718.1)
                  00002fc7    00000033     Interpreter.o (.rodata.str1.6869798450878480225.1)
                  00002ffa    0000002e     Interpreter.o (.rodata.str1.9303564720754203623.1)
                  00003028    0000002b     ST7735_SDC.o (.rodata.Rcmd3)
                  00003053    00000026     Interpreter.o (.rodata.str1.15287782171638189172.1)
                  00003079    0000001d     RTOS_Lab1.o (.rodata.str1.17149027475003377368.1)
                  00003096    0000001c     Interpreter.o (.rodata.str1.8740789795297769696.1)
                  000030b2    00000019     RTOS_Lab1.o (.rodata.str1.6710437066061228311.1)
                  000030cb    00000018     RTOS_Lab1.o (.rodata.str1.13653641550479727842.1)
                  000030e3    00000016     ST7735_SDC.o (.rodata.str1.18061791561094498689.1)
                  000030f9    00000002     Interpreter.o (.rodata.str1.16145079996052228972.1)
                  000030fb    00000001     --HOLE-- [fill = 0]
                  000030fc    00000010     IRDistance.o (.rodata.A)
                  0000310c    00000010     IRDistance.o (.rodata.B)
                  0000311c    00000010     IRDistance.o (.rodata.C)
                  0000312c    00000010     IRDistance.o (.rodata.IRmax)
                  0000313c    00000010     Interpreter.o (.rodata.str1.13584691219899174016.1)
                  0000314c    0000000d     ST7735_SDC.o (.rodata.Rcmd2green)
                  00003159    0000000d     ST7735_SDC.o (.rodata.Rcmd2red)
                  00003166    0000000d     RTOS_Lab1.o (.rodata.str1.11838468398654095400.1)
                  00003173    0000000d     RTOS_Lab1.o (.rodata.str1.13577813728945005915.1)
                  00003180    0000000d     RTOS_Lab1.o (.rodata.str1.1375110146677575038.1)
                  0000318d    0000000d     RTOS_Lab1.o (.rodata.str1.13912951216136700269.1)
                  0000319a    0000000d     RTOS_Lab1.o (.rodata.str1.15448373249320475412.1)
                  000031a7    0000000d     RTOS_Lab1.o (.rodata.str1.16823780130053390204.1)
                  000031b4    0000000d     RTOS_Lab1.o (.rodata.str1.7636077153904724128.1)
                  000031c1    0000000d     RTOS_Lab1.o (.rodata.str1.7769780173207988818.1)
                  000031ce    0000000d     RTOS_Lab1.o (.rodata.str1.8577999337833339601.1)
                  000031db    0000000d     RTOS_Lab1.o (.rodata.str1.8776176202181347073.1)
                  000031e8    0000000c     RTOS_Lab1.o (.rodata.str1.11272792892799421156.1)
                  000031f4    0000000c     RTOS_Lab1.o (.rodata.str1.11574485366205695140.1)
                  00003200    0000000c     RTOS_Lab1.o (.rodata.str1.12785890692379290192.1)
                  0000320c    0000000c     RTOS_Lab1.o (.rodata.str1.16899926648135717270.1)
                  00003218    0000000c     RTOS_Lab1.o (.rodata.str1.18405204903051438535.1)
                  00003224    0000000c     RTOS_Lab1.o (.rodata.str1.5468190838814815195.1)
                  00003230    0000000c     RTOS_Lab1.o (.rodata.str1.8501076849612753619.1)
                  0000323c    0000000c     Interpreter.o (.rodata.str1.8801398533620989010.1)
                  00003248    0000000c     RTOS_Lab1.o (.rodata.str1.9211350115573621973.1)
                  00003254    00000006     TFLunaCommon.o (.rodata.Frame_Rate)
                  0000325a    00000006     Interpreter.o (.rodata.str1.1287619923014008887.1)
                  00003260    00000006     Interpreter.o (.rodata.str1.8834951582488220755.1)
                  00003266    00000005     TFLunaCommon.o (.rodata.Format_Standard_mm)
                  0000326b    00000004     TFLunaCommon.o (.rodata.SaveSettings)
                  0000326f    00000004     TFLunaCommon.o (.rodata.System_Reset)
                  00003273    00000002     Interpreter.o (.rodata.str1.438584629756741659.1)
                  00003275    00000003     --HOLE-- [fill = 0]

.init_array 
*          0    00000000    00000000     UNINITIALIZED

.binit     0    00000000    00000000     

.bss       0    20200000    00000634     UNINITIALIZED
                  20200000    00000190     (.common:DataBuf)
                  20200190    00000190     (.common:DataBuf2)
                  20200320    00000190     (.common:DataBuf3)
                  202004b0    00000040     RTOS_FIFO.o (.bss.TxFifo)
                  202004f0    00000040     (.common:x7)
                  20200530    00000010     TFLuna2.o (.bss.Rx2Fifo)
                  20200540    00000010     RTOS_FIFO.o (.bss.RxFifo)
                  20200550    00000010     TFLuna2.o (.bss.Tx2Fifo)
                  20200560    0000000c     (.common:Message)
                  2020056c    0000000c     (.common:TFLuna2DataMessage)
                  20200578    00000004     TFLuna2.o (.bss.Rx2GetI)
                  2020057c    00000004     TFLuna2.o (.bss.Rx2PutI)
                  20200580    00000004     TFLuna2.o (.bss.Tx2GetI)
                  20200584    00000004     TFLuna2.o (.bss.Tx2PutI)
                  20200588    00000004     (.common:ADCdata)
                  2020058c    00000004     (.common:ADCdata3)
                  20200590    00000004     (.common:BadCheckSum2)
                  20200594    00000004     (.common:Count2)
                  20200598    00000004     (.common:Distance)
                  2020059c    00000004     (.common:Distance2)
                  202005a0    00000004     (.common:FilterOutput)
                  202005a4    00000004     (.common:I7)
                  202005a8    00000004     (.common:Index)
                  202005ac    00000004     (.common:Index2)
                  202005b0    00000004     (.common:Index3)
                  202005b4    00000004     (.common:LPFSum7)
                  202005b8    00000004     (.common:LostData2)
                  202005bc    00000004     (.common:Messageindex)
                  202005c0    00000004     (.common:RxGetI)
                  202005c4    00000004     (.common:RxPutI)
                  202005c8    00000004     (.common:SNR)
                  202005cc    00000004     (.common:SNR2)
                  202005d0    00000004     (.common:SNR3)
                  202005d4    00000004     (.common:Size7)
                  202005d8    00000004     (.common:TFLuna2Distance)
                  202005dc    00000004     (.common:TFLuna2Function)
                  202005e0    00000004     (.common:TFLuna2Index)
                  202005e4    00000004     (.common:TheNoise)
                  202005e8    00000004     (.common:TheNoise2)
                  202005ec    00000004     (.common:TheNoise3)
                  202005f0    00000004     (.common:TheSignal)
                  202005f4    00000004     (.common:TheSignal2)
                  202005f8    00000004     (.common:TheSignal3)
                  202005fc    00000004     (.common:TimeMs)
                  20200600    00000004     (.common:TxGetI)
                  20200604    00000004     (.common:TxPutI)
                  20200608    00000004     (.common:Voltage3)
                  2020060c    00000004     (.common:sum)
                  20200610    00000004     (.common:sum2)
                  20200614    00000004     (.common:sum3)
                  20200618    00000004     (.common:sumsq)
                  2020061c    00000004     (.common:sumsq2)
                  20200620    00000004     (.common:sumsq3)
                  20200624    00000004     (.common:u1)
                  20200628    00000004     (.common:u2)
                  2020062c    00000004     (.common:u3)
                  20200630    00000001     ST7735_SDC.o (.bss.ColStart)
                  20200631    00000001     ST7735_SDC.o (.bss.RowStart)
                  20200632    00000001     ST7735_SDC.o (.bss.TabColor)
                  20200633    00000001     (.common:TFLuna2LastByte)

.sysmem    0    20200638    00000200     UNINITIALIZED
                  20200638    00000010     libc.a : memory.c.obj (.sysmem)
                  20200648    000001f0     --HOLE--

.data      0    20200838    00000036     UNINITIALIZED
                  20200838    00000020     Interpreter.o (.data.commands)
                  20200858    00000004     Clock.o (.data.BusFreq)
                  2020085c    00000004     SPI.o (.data.SPI1_init_Flag)
                  20200860    00000004     ST7735_SDC.o (.data.StX)
                  20200864    00000004     ST7735_SDC.o (.data.StY)
                  20200868    00000002     ST7735_SDC.o (.data.StTextColor)
                  2020086a    00000002     ST7735_SDC.o (.data._height)
                  2020086c    00000002     ST7735_SDC.o (.data._width)

.stack     0    20207e00    00000200     UNINITIALIZED
                  20207e00    00000004     libc.a : boot_cortex_m.c.obj (.stack)
                  20207e04    000001fc     --HOLE--

__llvm_prf_cnts 
*          0    20200000    00000000     UNINITIALIZED

__llvm_prf_bits 
*          0    20200000    00000000     UNINITIALIZED

MODULE SUMMARY

       Module                         code    ro data   rw data
       ------                         ----    -------   -------
    ./
       ST7735_SDC.o                   2058    1425      33     
       RTOS_Lab1.o                    1536    304       1300   
       TFLuna2.o                      1352    0         81     
       Interpreter.o                  636     320       32     
       ADC.o                          632     0         0      
       RTOS_UARTints.o                626     0         0      
       SPI.o                          588     0         4      
       Clock.o                        516     0         4      
       Timer.o                        504     0         0      
       RTOS_FIFO.o                    368     0         96     
       LPF.o                          334     0         88     
       LaunchPad.o                    196     0         0      
       DAC.o                          188     0         0      
       OS.o                           178     0         4      
       IRDistance.o                   88      64        0      
       RTOS_UART.o                    92      0         0      
       TFLunaCommon.o                 0       19        0      
    +--+------------------------------+-------+---------+---------+
       Total:                         9892    2132      1642   
                                                               
    ./ticlang/
       startup_mspm0g3507_ticlang.o   60      192       0      
    +--+------------------------------+-------+---------+---------+
       Total:                         60      192       0      
                                                               
    /Applications/ti/ccs2040/ccs/tools/compiler/ti-cgt-armllvm_4.0.4.LTS/lib/armv6m-ti-none-eabi/c/libc.a
       strcmp-armv6m.S.obj            136     0         0      
       copy_decompress_lzss.c.obj     124     0         0      
       autoinit.c.obj                 60      0         0      
       boot_cortex_m.c.obj            40      0         0      
       copy_decompress_none.c.obj     18      0         0      
       memcpy16.S.obj                 18      0         0      
       copy_zero_init.c.obj           16      0         0      
       memset16.S.obj                 14      0         0      
       exit.c.obj                     6       0         0      
       pre_init.c.obj                 4       0         0      
    +--+------------------------------+-------+---------+---------+
       Total:                         436     0         0      
                                                               
    /Applications/ti/ccs2040/ccs/tools/compiler/ti-cgt-armllvm_4.0.4.LTS/lib/armv6m-ti-none-eabi/c/libsysbm.a
       hostexit.c.obj                 4       0         0      
    +--+------------------------------+-------+---------+---------+
       Total:                         4       0         0      
                                                               
    /Applications/ti/ccs2040/ccs/tools/compiler/ti-cgt-armllvm_4.0.4.LTS/lib/armv6m-ti-none-eabi/libclang_rt.builtins.a
       aeabi_idivmod.S.obj            86      0         0      
       aeabi_uidivmod.S.obj           64      0         0      
       aeabi_memset.S.obj             12      0         0      
       aeabi_memcpy.S.obj             8       0         0      
       aeabi_div0.c.obj               2       0         0      
    +--+------------------------------+-------+---------+---------+
       Total:                         172     0         0      
                                                               
       Heap:                          0       0         512    
       Stack:                         0       0         512    
       Linker Generated:              0       89        0      
    +--+------------------------------+-------+---------+---------+
       Grand Total:                   10564   2413      2666   


LINKER GENERATED COPY TABLES

__TI_cinit_table @ 000032c4 records: 2, size/record: 8, table size: 16
	.data: load addr=00003278, load size=00000035 bytes, run addr=20200838, run size=00000036 bytes, compression=lzss
	.bss: load addr=000032bc, load size=00000008 bytes, run addr=20200000, run size=00000634 bytes, compression=zero_init


LINKER GENERATED HANDLER TABLE

__TI_handler_table @ 000032b0 records: 3, size/record: 4, table size: 12
	index: 0, handler: __TI_decompress_lzss
	index: 1, handler: __TI_decompress_none
	index: 2, handler: __TI_zero_init


GLOBAL SYMBOLS: SORTED ALPHABETICALLY BY Name 

address   name                          
-------   ----                          
000030fc  A                             
00002809  ADC0_IRQHandler               
00002355  ADC0_In                       
00001021  ADC0_Init                     
00002809  ADC1_IRQHandler               
00002399  ADC1_In                       
00000e29  ADC1_Init                     
20200588  ADCdata                       
2020058c  ADCdata3                      
00002809  AES_IRQHandler                
0000255d  ActivatePortA_B               
0000310c  B                             
00000f25  Background2                   
20200590  BadCheckSum2                  
20200858  BusFreq                       
0000311c  C                             
00002a06  C$$EXIT                       
00002809  CANFD0_IRQHandler             
00002765  CS_Init                       
00002953  Clock_Delay                   
000025cd  Clock_Delay1ms                
000029d5  Clock_Freq                    
000000c1  Clock_Init80MHz               
0000291d  Cmd_Flush                     
00001425  Cmd_Help                      
000027ed  Cmd_Lab1_Results              
000022c5  Cmd_Print                     
20200594  Count2                        
00002809  DAC0_IRQHandler               
000014cd  DAC_Init                      
000028a5  DAC_Out                       
00002809  DMA_IRQHandler                
20200000  DataBuf                       
20200190  DataBuf2                      
20200320  DataBuf3                      
00002809  Default_Handler               
00002963  Delay                         
20200598  Distance                      
2020059c  Distance2                     
202005a0  FilterOutput                  
00003266  Format_Standard_mm            
00003254  Frame_Rate                    
00002809  GROUP0_IRQHandler             
00001fbd  GROUP1_IRQHandler             
00002a07  HOSTexit                      
00002825  HardFault_Handler             
00002809  I2C0_IRQHandler               
00002809  I2C1_IRQHandler               
202005a4  I7                            
00001e5d  IRDistance_Convert            
0000312c  IRmax                         
202005a8  Index                         
202005ac  Index2                        
202005b0  Index3                        
000012a9  Interpreter                   
202005b4  LPFSum7                       
00001c75  LPF_Init7                     
00000275  Lab1_Results                  
00001b7d  LaunchPad_Init                
00001eb5  Logic_Init                    
202005b8  LostData2                     
0000176d  Median                        
20200560  Message                       
202005bc  Messageindex                  
00002809  NMI_Handler                   
00002841  OS_ClearMsTime                
000029e1  OS_MsTime                     
000018b5  ParseArgs                     
00002809  PendSV_Handler                
00002809  RTC_IRQHandler                
00002a0b  Reset_Handler                 
000028b9  Rx2Fifo_Init                  
00002065  Rx2Fifo_Put                   
000020b1  RxFifo_Get                    
000028cd  RxFifo_Init                   
000020fd  RxFifo_Put                    
202005c0  RxGetI                        
202005c4  RxPutI                        
202005c8  SNR                           
202005cc  SNR2                          
202005d0  SNR3                          
00002809  SPI0_IRQHandler               
00002809  SPI1_IRQHandler               
00000ad5  SPI1_Init                     
00002421  SPI1_Reset                    
2020085c  SPI1_init_Flag                
00000419  ST7735_DrawChar               
00001af9  ST7735_DrawString             
00000d11  ST7735_FillRect               
000026c5  ST7735_FillScreen             
00001951  ST7735_InitR                  
0000136d  ST7735_Message                
00001115  ST7735_OutChar                
00002719  ST7735_OutString              
00001f0d  ST7735_OutUDec2               
00002601  ST7735_SetCursor              
00002809  SVC_Handler                   
0000326b  SaveSettings                  
202005d4  Size7                         
20200868  StTextColor                   
20200860  StX                           
20200864  StY                           
0000136b  SysTick_Handler               
0000326f  System_Reset                  
2020056c  TFLuna2DataMessage            
202005d8  TFLuna2Distance               
202005dc  TFLuna2Function               
202005e0  TFLuna2Index                  
20200633  TFLuna2LastByte               
00002975  TFLuna2_Format_Standard_mm    
00002985  TFLuna2_Frame_Rate            
0000285d  TFLuna2_InStatus              
000005bd  TFLuna2_Init                  
00002461  TFLuna2_OutChar               
00002875  TFLuna2_OutStatus             
00002995  TFLuna2_SaveSettings          
00002635  TFLuna2_SendMessage           
000029a5  TFLuna2_System_Reset          
00001cdd  TFT_OutCommand                
00001d41  TFT_OutData                   
00000bf5  TIMA0_IRQHandler              
00002809  TIMA1_IRQHandler              
00002809  TIMG0_IRQHandler              
00002809  TIMG12_IRQHandler             
000009ad  TIMG6_IRQHandler              
000027ad  TIMG7_IRQHandler              
000028e1  TIMG8_IRQHandler              
0000292f  TI_memcpy_small               
000029c5  TI_memset_small               
202005e4  TheNoise                      
202005e8  TheNoise2                     
202005ec  TheNoise3                     
202005f0  TheSignal                     
202005f4  TheSignal2                    
202005f8  TheSignal3                    
202005fc  TimeMs                        
00001575  TimerA0_IntArm                
0000161d  TimerG6_IntArm                
000016c5  TimerG7_IntArm                
0000230d  Tx2Fifo_Get                   
000028f5  Tx2Fifo_Init                  
00002149  Tx2Fifo_Put                   
00002195  TxFifo_Get                    
00002909  TxFifo_Init                   
000021e1  TxFifo_Put                    
0000288d  TxFifo_Size                   
20200600  TxGetI                        
20200604  TxPutI                        
00001da5  UART0_IRQHandler              
00002809  UART1_IRQHandler              
00001e01  UART2_IRQHandler              
00002809  UART3_IRQHandler              
00002789  UART_InChar                   
00000875  UART_Init                     
000024a1  UART_OutChar                  
0000273f  UART_OutString                
00002595  UART_OutUDec                  
20200608  Voltage3                      
20208000  __STACK_END                   
00000200  __STACK_SIZE                  
00000200  __SYSMEM_SIZE                 
00000000  __TI_ATRegion0_region_sz      
00000000  __TI_ATRegion0_src_addr       
00000000  __TI_ATRegion0_trg_addr       
00000000  __TI_ATRegion1_region_sz      
00000000  __TI_ATRegion1_src_addr       
00000000  __TI_ATRegion1_trg_addr       
00000000  __TI_ATRegion2_region_sz      
00000000  __TI_ATRegion2_src_addr       
00000000  __TI_ATRegion2_trg_addr       
000032c4  __TI_CINIT_Base               
000032d4  __TI_CINIT_Limit              
000032d4  __TI_CINIT_Warm               
000032b0  __TI_Handler_Table_Base       
000032bc  __TI_Handler_Table_Limit      
00002521  __TI_auto_init_nobinit_nopinit
00001bf9  __TI_decompress_lzss          
00002941  __TI_decompress_none          
ffffffff  __TI_pprof_out_hndl           
ffffffff  __TI_prof_data_size           
ffffffff  __TI_prof_data_start          
00000000  __TI_static_base__            
000029b5  __TI_zero_init                
00001f65  __aeabi_idiv                  
000018b3  __aeabi_idiv0                 
00001f65  __aeabi_idivmod               
000029ed  __aeabi_memclr                
000029ed  __aeabi_memclr4               
000029ed  __aeabi_memclr8               
000029f9  __aeabi_memcpy                
000029f9  __aeabi_memcpy4               
000029f9  __aeabi_memcpy8               
000024e1  __aeabi_uidiv                 
000024e1  __aeabi_uidivmod              
ffffffff  __binit__                     
UNDEFED   __mpu_init                    
20207e00  __stack                       
20200000  __start___llvm_prf_bits       
20200000  __start___llvm_prf_cnts       
20200000  __stop___llvm_prf_bits        
20200000  __stop___llvm_prf_cnts        
000026f1  _c_int00_noargs               
20200638  _sys_memory                   
UNDEFED   _system_post_cinit            
00002a0f  _system_pre_init              
00002a01  abort                         
ffffffff  binit                         
20200838  commands                      
00002011  fillmessage                   
00000000  interruptVectors              
000011e5  main                          
000023dd  sqrt2                         
00001a71  strcmp                        
2020060c  sum                           
20200610  sum2                          
20200614  sum3                          
20200618  sumsq                         
2020061c  sumsq2                        
20200620  sumsq3                        
20200624  u1                            
20200628  u2                            
2020062c  u3                            
202004f0  x7                            


GLOBAL SYMBOLS: SORTED BY Symbol Address 

address   name                          
-------   ----                          
00000000  __TI_ATRegion0_region_sz      
00000000  __TI_ATRegion0_src_addr       
00000000  __TI_ATRegion0_trg_addr       
00000000  __TI_ATRegion1_region_sz      
00000000  __TI_ATRegion1_src_addr       
00000000  __TI_ATRegion1_trg_addr       
00000000  __TI_ATRegion2_region_sz      
00000000  __TI_ATRegion2_src_addr       
00000000  __TI_ATRegion2_trg_addr       
00000000  __TI_static_base__            
00000000  interruptVectors              
000000c1  Clock_Init80MHz               
00000200  __STACK_SIZE                  
00000200  __SYSMEM_SIZE                 
00000275  Lab1_Results                  
00000419  ST7735_DrawChar               
000005bd  TFLuna2_Init                  
00000875  UART_Init                     
000009ad  TIMG6_IRQHandler              
00000ad5  SPI1_Init                     
00000bf5  TIMA0_IRQHandler              
00000d11  ST7735_FillRect               
00000e29  ADC1_Init                     
00000f25  Background2                   
00001021  ADC0_Init                     
00001115  ST7735_OutChar                
000011e5  main                          
000012a9  Interpreter                   
0000136b  SysTick_Handler               
0000136d  ST7735_Message                
00001425  Cmd_Help                      
000014cd  DAC_Init                      
00001575  TimerA0_IntArm                
0000161d  TimerG6_IntArm                
000016c5  TimerG7_IntArm                
0000176d  Median                        
000018b3  __aeabi_idiv0                 
000018b5  ParseArgs                     
00001951  ST7735_InitR                  
00001a71  strcmp                        
00001af9  ST7735_DrawString             
00001b7d  LaunchPad_Init                
00001bf9  __TI_decompress_lzss          
00001c75  LPF_Init7                     
00001cdd  TFT_OutCommand                
00001d41  TFT_OutData                   
00001da5  UART0_IRQHandler              
00001e01  UART2_IRQHandler              
00001e5d  IRDistance_Convert            
00001eb5  Logic_Init                    
00001f0d  ST7735_OutUDec2               
00001f65  __aeabi_idiv                  
00001f65  __aeabi_idivmod               
00001fbd  GROUP1_IRQHandler             
00002011  fillmessage                   
00002065  Rx2Fifo_Put                   
000020b1  RxFifo_Get                    
000020fd  RxFifo_Put                    
00002149  Tx2Fifo_Put                   
00002195  TxFifo_Get                    
000021e1  TxFifo_Put                    
000022c5  Cmd_Print                     
0000230d  Tx2Fifo_Get                   
00002355  ADC0_In                       
00002399  ADC1_In                       
000023dd  sqrt2                         
00002421  SPI1_Reset                    
00002461  TFLuna2_OutChar               
000024a1  UART_OutChar                  
000024e1  __aeabi_uidiv                 
000024e1  __aeabi_uidivmod              
00002521  __TI_auto_init_nobinit_nopinit
0000255d  ActivatePortA_B               
00002595  UART_OutUDec                  
000025cd  Clock_Delay1ms                
00002601  ST7735_SetCursor              
00002635  TFLuna2_SendMessage           
000026c5  ST7735_FillScreen             
000026f1  _c_int00_noargs               
00002719  ST7735_OutString              
0000273f  UART_OutString                
00002765  CS_Init                       
00002789  UART_InChar                   
000027ad  TIMG7_IRQHandler              
000027ed  Cmd_Lab1_Results              
00002809  ADC0_IRQHandler               
00002809  ADC1_IRQHandler               
00002809  AES_IRQHandler                
00002809  CANFD0_IRQHandler             
00002809  DAC0_IRQHandler               
00002809  DMA_IRQHandler                
00002809  Default_Handler               
00002809  GROUP0_IRQHandler             
00002809  I2C0_IRQHandler               
00002809  I2C1_IRQHandler               
00002809  NMI_Handler                   
00002809  PendSV_Handler                
00002809  RTC_IRQHandler                
00002809  SPI0_IRQHandler               
00002809  SPI1_IRQHandler               
00002809  SVC_Handler                   
00002809  TIMA1_IRQHandler              
00002809  TIMG0_IRQHandler              
00002809  TIMG12_IRQHandler             
00002809  UART1_IRQHandler              
00002809  UART3_IRQHandler              
00002825  HardFault_Handler             
00002841  OS_ClearMsTime                
0000285d  TFLuna2_InStatus              
00002875  TFLuna2_OutStatus             
0000288d  TxFifo_Size                   
000028a5  DAC_Out                       
000028b9  Rx2Fifo_Init                  
000028cd  RxFifo_Init                   
000028e1  TIMG8_IRQHandler              
000028f5  Tx2Fifo_Init                  
00002909  TxFifo_Init                   
0000291d  Cmd_Flush                     
0000292f  TI_memcpy_small               
00002941  __TI_decompress_none          
00002953  Clock_Delay                   
00002963  Delay                         
00002975  TFLuna2_Format_Standard_mm    
00002985  TFLuna2_Frame_Rate            
00002995  TFLuna2_SaveSettings          
000029a5  TFLuna2_System_Reset          
000029b5  __TI_zero_init                
000029c5  TI_memset_small               
000029d5  Clock_Freq                    
000029e1  OS_MsTime                     
000029ed  __aeabi_memclr                
000029ed  __aeabi_memclr4               
000029ed  __aeabi_memclr8               
000029f9  __aeabi_memcpy                
000029f9  __aeabi_memcpy4               
000029f9  __aeabi_memcpy8               
00002a01  abort                         
00002a06  C$$EXIT                       
00002a07  HOSTexit                      
00002a0b  Reset_Handler                 
00002a0f  _system_pre_init              
000030fc  A                             
0000310c  B                             
0000311c  C                             
0000312c  IRmax                         
00003254  Frame_Rate                    
00003266  Format_Standard_mm            
0000326b  SaveSettings                  
0000326f  System_Reset                  
000032b0  __TI_Handler_Table_Base       
000032bc  __TI_Handler_Table_Limit      
000032c4  __TI_CINIT_Base               
000032d4  __TI_CINIT_Limit              
000032d4  __TI_CINIT_Warm               
20200000  DataBuf                       
20200000  __start___llvm_prf_bits       
20200000  __start___llvm_prf_cnts       
20200000  __stop___llvm_prf_bits        
20200000  __stop___llvm_prf_cnts        
20200190  DataBuf2                      
20200320  DataBuf3                      
202004f0  x7                            
20200560  Message                       
2020056c  TFLuna2DataMessage            
20200588  ADCdata                       
2020058c  ADCdata3                      
20200590  BadCheckSum2                  
20200594  Count2                        
20200598  Distance                      
2020059c  Distance2                     
202005a0  FilterOutput                  
202005a4  I7                            
202005a8  Index                         
202005ac  Index2                        
202005b0  Index3                        
202005b4  LPFSum7                       
202005b8  LostData2                     
202005bc  Messageindex                  
202005c0  RxGetI                        
202005c4  RxPutI                        
202005c8  SNR                           
202005cc  SNR2                          
202005d0  SNR3                          
202005d4  Size7                         
202005d8  TFLuna2Distance               
202005dc  TFLuna2Function               
202005e0  TFLuna2Index                  
202005e4  TheNoise                      
202005e8  TheNoise2                     
202005ec  TheNoise3                     
202005f0  TheSignal                     
202005f4  TheSignal2                    
202005f8  TheSignal3                    
202005fc  TimeMs                        
20200600  TxGetI                        
20200604  TxPutI                        
20200608  Voltage3                      
2020060c  sum                           
20200610  sum2                          
20200614  sum3                          
20200618  sumsq                         
2020061c  sumsq2                        
20200620  sumsq3                        
20200624  u1                            
20200628  u2                            
2020062c  u3                            
20200633  TFLuna2LastByte               
20200638  _sys_memory                   
20200838  commands                      
20200858  BusFreq                       
2020085c  SPI1_init_Flag                
20200860  StX                           
20200864  StY                           
20200868  StTextColor                   
20207e00  __stack                       
20208000  __STACK_END                   
ffffffff  __TI_pprof_out_hndl           
ffffffff  __TI_prof_data_size           
ffffffff  __TI_prof_data_start          
ffffffff  __binit__                     
ffffffff  binit                         
UNDEFED   __mpu_init                    
UNDEFED   _system_post_cinit            

[223 symbols]
