******************************************************************************
            TI ARM Clang Linker Unix v4.0.4                    
******************************************************************************
>> Linked Wed Jan 28 13:36:25 2026

OUTPUT FILE NAME:   <RTOS_Lab1.out>
ENTRY POINT SYMBOL: "_c_int00_noargs"  address: 000026f1


MEMORY CONFIGURATION

         name            origin    length      used     unused   attr    fill
----------------------  --------  ---------  --------  --------  ----  --------
  FLASH                 00000000   00020000  00003258  0001cda8  R  X
  SRAM                  20200000   00008000  00000a4a  000075b6  RW X
  BCR_CONFIG            41c00000   00000080  00000000  00000080  R   
  BSL_CONFIG            41c00100   00000080  00000000  00000080  R   


SEGMENT ALLOCATION MAP

run origin  load origin   length   init length attrs members
----------  ----------- ---------- ----------- ----- -------
00000000    00000000    00003258   00003258    r-x
  00000000    00000000    000000c0   000000c0    r-- .intvecs
  000000c0    000000c0    00002900   00002900    r-x .text
  000029c0    000029c0    00000860   00000860    r-- .rodata
  00003220    00003220    00000038   00000038    r-- .cinit
20200000    20200000    0000084e   00000000    rw-
  20200000    20200000    00000634   00000000    rw- .bss
  20200638    20200638    00000200   00000000    rw- .sysmem
  20200838    20200838    00000016   00000000    rw- .data
20207e00    20207e00    00000200   00000000    rw-
  20207e00    20207e00    00000200   00000000    rw- .stack


SECTION ALLOCATION MAP

 output                                  attributes/
section   page    origin      length       input sections
--------  ----  ----------  ----------   ----------------
.intvecs   0    00000000    000000c0     
                  00000000    000000c0     startup_mspm0g3507_ticlang.o (.intvecs)

.text      0    000000c0    00002900     
                  000000c0    000001b4     Clock.o (.text.Clock_Init80MHz)
                  00000274    000001a4     RTOS_Lab1.o (.text.Lab1_Results)
                  00000418    000001a4     ST7735_SDC.o (.text.ST7735_DrawChar)
                  000005bc    00000174     TFLuna2.o (.text.TFLuna2_Init)
                  00000730    00000148     Interpreter.o (.text.Interpreter)
                  00000878    00000144     TFLuna2.o (.text.copyHardwareToSoftware2)
                  000009bc    00000138     RTOS_UARTints.o (.text.UART_Init)
                  00000af4    00000128     RTOS_Lab1.o (.text.TIMG6_IRQHandler)
                  00000c1c    00000120     SPI.o (.text.SPI1_Init)
                  00000d3c    0000011c     RTOS_Lab1.o (.text.TIMA0_IRQHandler)
                  00000e58    00000118     ST7735_SDC.o (.text.ST7735_FillRect)
                  00000f70    000000fc     ADC.o (.text.ADC1_Init)
                  0000106c    000000fc     RTOS_Lab1.o (.text.Background2)
                  00001168    000000f4     ADC.o (.text.ADC0_Init)
                  0000125c    000000d0     ST7735_SDC.o (.text.ST7735_OutChar)
                  0000132c    000000c4     RTOS_Lab1.o (.text.main)
                  000013f0    000000a8     DAC.o (.text.DAC_Init)
                  00001498    000000a8     Timer.o (.text.TimerA0_IntArm)
                  00001540    000000a8     Timer.o (.text.TimerG6_IntArm)
                  000015e8    000000a4     LPF.o (.text.Median)
                  0000168c    000000a2     ST7735_SDC.o (.text.commandList)
                  0000172e    00000002     OS.o (.text.SysTick_Handler)
                  00001730    00000098     ST7735_SDC.o (.text.ST7735_InitR)
                  000017c8    0000008e     RTOS_UART.o (.text.UART_InUDec)
                  00001856    00000002     libclang_rt.builtins.a : aeabi_div0.c.obj (.text.__aeabi_idiv0)
                  00001858    0000008c     ST7735_SDC.o (.text.ST7735_Message)
                  000018e4    00000088     RTOS_UART.o (.text.UART_InString)
                  0000196c    00000088     ST7735_SDC.o (.text.setAddrWindow)
                  000019f4    0000000c     Clock.o (.text.Clock_Freq)
                  00001a00    00000088     libc.a : strcmp-armv6m.S.obj (.text:strcmp)
                  00001a88    00000084     ST7735_SDC.o (.text.ST7735_DrawString)
                  00001b0c    00000084     ST7735_SDC.o (.text.ST7735_OutUDec)
                  00001b90    0000007c     LaunchPad.o (.text.LaunchPad_Init)
                  00001c0c    0000007c     libc.a : copy_decompress_lzss.c.obj (.text:decompress:lzss)
                  00001c88    00000068     LPF.o (.text.LPF_Init7)
                  00001cf0    00000064     SPI.o (.text.TFT_OutCommand)
                  00001d54    00000064     SPI.o (.text.TFT_OutData)
                  00001db8    0000005c     RTOS_UARTints.o (.text.UART0_IRQHandler)
                  00001e14    0000005c     TFLuna2.o (.text.UART2_IRQHandler)
                  00001e70    00000058     IRDistance.o (.text.IRDistance_Convert)
                  00001ec8    00000058     RTOS_Lab1.o (.text.Logic_Init)
                  00001f20    00000056     libclang_rt.builtins.a : aeabi_idivmod.S.obj (.text.__aeabi_idivmod)
                  00001f76    00000002     --HOLE-- [fill = 0]
                  00001f78    00000054     OS.o (.text.GROUP1_IRQHandler)
                  00001fcc    00000054     ST7735_SDC.o (.text.fillmessage)
                  00002020    0000004c     TFLuna2.o (.text.Rx2Fifo_Put)
                  0000206c    0000004c     RTOS_FIFO.o (.text.RxFifo_Get)
                  000020b8    0000004c     RTOS_FIFO.o (.text.RxFifo_Put)
                  00002104    0000004c     TFLuna2.o (.text.Tx2Fifo_Put)
                  00002150    0000004c     RTOS_FIFO.o (.text.TxFifo_Get)
                  0000219c    0000004c     RTOS_FIFO.o (.text.TxFifo_Put)
                  000021e8    0000004c     TFLuna2.o (.text.copySoftwareToHardware2)
                  00002234    0000004c     RTOS_UARTints.o (.text.copySoftwareToHardware)
                  00002280    00000048     TFLuna2.o (.text.Tx2Fifo_Get)
                  000022c8    00000044     ADC.o (.text.ADC0_In)
                  0000230c    00000044     ADC.o (.text.ADC1_In)
                  00002350    00000042     LPF.o (.text.sqrt2)
                  00002392    00000002     --HOLE-- [fill = 0]
                  00002394    00000040     SPI.o (.text.SPI1_Reset)
                  000023d4    00000040     TFLuna2.o (.text.TFLuna2_OutChar)
                  00002414    00000040     RTOS_UARTints.o (.text.UART_OutChar)
                  00002454    00000040     libclang_rt.builtins.a : aeabi_uidivmod.S.obj (.text.__aeabi_uidivmod)
                  00002494    0000003c     libc.a : autoinit.c.obj (.text:__TI_auto_init_nobinit_nopinit)
                  000024d0    00000038     LaunchPad.o (.text.ActivatePortA_B)
                  00002508    00000036     RTOS_UART.o (.text.UART_OutUDec)
                  0000253e    00000002     --HOLE-- [fill = 0]
                  00002540    00000034     Clock.o (.text.Clock_Delay1ms)
                  00002574    00000034     OS.o (.text.OS_ClearMsTime)
                  000025a8    00000034     ST7735_SDC.o (.text.ST7735_SetCursor)
                  000025dc    00000030     TFLuna2.o (.text.TFLuna2_SendMessage)
                  0000260c    00000030     ST7735_SDC.o (.text.commonInit)
                  0000263c    00000030     RTOS_UARTints.o (.text.copyHardwareToSoftware)
                  0000266c    0000002e     ST7735_SDC.o (.text.ST7735_OutSDec)
                  0000269a    00000002     --HOLE-- [fill = 0]
                  0000269c    0000002c     ST7735_SDC.o (.text.ST7735_FillScreen)
                  000026c8    00000028     OS.o (.text.OS_MsTime)
                  000026f0    00000028     libc.a : boot_cortex_m.c.obj (.text:_c_int00_noargs)
                  00002718    00000026     ST7735_SDC.o (.text.ST7735_OutString)
                  0000273e    00000026     RTOS_UART.o (.text.UART_OutString)
                  00002764    00000024     SPI.o (.text.CS_Init)
                  00002788    00000022     RTOS_UARTints.o (.text.UART_InChar)
                  000027aa    00000002     --HOLE-- [fill = 0]
                  000027ac    00000020     OS.o (.text.TIMG7_IRQHandler)
                  000027cc    0000001e     ST7735_SDC.o (.text.pushColor)
                  000027ea    00000002     --HOLE-- [fill = 0]
                  000027ec    0000001c     startup_mspm0g3507_ticlang.o (.text.Default_Handler)
                  00002808    0000001c     startup_mspm0g3507_ticlang.o (.text.HardFault_Handler)
                  00002824    00000018     TFLuna2.o (.text.TFLuna2_InStatus)
                  0000283c    00000018     TFLuna2.o (.text.TFLuna2_OutStatus)
                  00002854    00000018     RTOS_FIFO.o (.text.TxFifo_Size)
                  0000286c    00000014     DAC.o (.text.DAC_Out)
                  00002880    00000014     TFLuna2.o (.text.Rx2Fifo_Init)
                  00002894    00000014     RTOS_FIFO.o (.text.RxFifo_Init)
                  000028a8    00000014     OS.o (.text.TIMG8_IRQHandler)
                  000028bc    00000014     TFLuna2.o (.text.Tx2Fifo_Init)
                  000028d0    00000014     RTOS_FIFO.o (.text.TxFifo_Init)
                  000028e4    00000012     libc.a : memcpy16.S.obj (.text:TI_memcpy_small)
                  000028f6    00000012            : copy_decompress_none.c.obj (.text:decompress:none)
                  00002908    00000010     Clock.o (.text.Clock_Delay)
                  00002918    00000010     LaunchPad.o (.text.Delay)
                  00002928    00000010     TFLuna2.o (.text.TFLuna2_Format_Standard_mm)
                  00002938    00000010     TFLuna2.o (.text.TFLuna2_Frame_Rate)
                  00002948    00000010     TFLuna2.o (.text.TFLuna2_SaveSettings)
                  00002958    00000010     TFLuna2.o (.text.TFLuna2_System_Reset)
                  00002968    00000010     libc.a : copy_zero_init.c.obj (.text:decompress:ZI)
                  00002978    0000000e            : strlen.c.obj (.text.strlen)
                  00002986    0000000e            : memset16.S.obj (.text:TI_memset_small)
                  00002994    0000000c     libclang_rt.builtins.a : aeabi_memset.S.obj (.text.__aeabi_memclr)
                  000029a0    00000008                            : aeabi_memcpy.S.obj (.text.__aeabi_memcpy)
                  000029a8    00000006     libc.a : exit.c.obj (.text:abort)
                  000029ae    00000004     libsysbm.a : hostexit.c.obj (.text.HOSTexit)
                  000029b2    00000004     startup_mspm0g3507_ticlang.o (.text.Reset_Handler)
                  000029b6    00000004     libc.a : pre_init.c.obj (.text._system_pre_init)
                  000029ba    00000006     --HOLE-- [fill = 0]

.cinit     0    00003220    00000038     
                  00003220    00000012     (.cinit..data.load) [load image, compression = lzss]
                  00003232    00000002     --HOLE-- [fill = 0]
                  00003234    0000000c     (__TI_handler_table)
                  00003240    00000008     (.cinit..bss.load) [load image, compression = zero_init]
                  00003248    00000010     (__TI_cinit_table)

.rodata    0    000029c0    00000860     
                  000029c0    000004fb     ST7735_SDC.o (.rodata.Font)
                  00002ebb    0000003b     ST7735_SDC.o (.rodata.Rcmd1)
                  00002ef6    0000002b     ST7735_SDC.o (.rodata.Rcmd3)
                  00002f21    00000026     Interpreter.o (.rodata.str1.6099132036730984718.1)
                  00002f47    00000021     Interpreter.o (.rodata.str1.13584691219899174016.1)
                  00002f68    00000021     Interpreter.o (.rodata.str1.9303564720754203623.1)
                  00002f89    0000001d     Interpreter.o (.rodata.str1.10788060859246666907.1)
                  00002fa6    0000001d     RTOS_Lab1.o (.rodata.str1.17149027475003377368.1)
                  00002fc3    00000019     RTOS_Lab1.o (.rodata.str1.6710437066061228311.1)
                  00002fdc    00000018     RTOS_Lab1.o (.rodata.str1.13653641550479727842.1)
                  00002ff4    00000018     Interpreter.o (.rodata.str1.1890611713944335580.1)
                  0000300c    00000016     ST7735_SDC.o (.rodata.str1.18061791561094498689.1)
                  00003022    00000016     Interpreter.o (.rodata.str1.6869798450878480225.1)
                  00003038    00000015     Interpreter.o (.rodata.str1.8801398533620989010.1)
                  0000304d    00000013     Interpreter.o (.rodata.str1.11371354337695463545.1)
                  00003060    00000013     Interpreter.o (.rodata.str1.8834951582488220755.1)
                  00003073    00000001     --HOLE-- [fill = 0]
                  00003074    00000010     IRDistance.o (.rodata.A)
                  00003084    00000010     IRDistance.o (.rodata.B)
                  00003094    00000010     IRDistance.o (.rodata.C)
                  000030a4    00000010     IRDistance.o (.rodata.IRmax)
                  000030b4    0000000e     Interpreter.o (.rodata.str1.1287619923014008887.1)
                  000030c2    0000000e     Interpreter.o (.rodata.str1.17318961184984262945.1)
                  000030d0    0000000e     Interpreter.o (.rodata.str1.3865723553975578614.1)
                  000030de    0000000d     ST7735_SDC.o (.rodata.Rcmd2green)
                  000030eb    0000000d     ST7735_SDC.o (.rodata.Rcmd2red)
                  000030f8    0000000d     RTOS_Lab1.o (.rodata.str1.11838468398654095400.1)
                  00003105    0000000d     RTOS_Lab1.o (.rodata.str1.13577813728945005915.1)
                  00003112    0000000d     RTOS_Lab1.o (.rodata.str1.1375110146677575038.1)
                  0000311f    0000000d     RTOS_Lab1.o (.rodata.str1.13912951216136700269.1)
                  0000312c    0000000d     RTOS_Lab1.o (.rodata.str1.15448373249320475412.1)
                  00003139    0000000d     RTOS_Lab1.o (.rodata.str1.16823780130053390204.1)
                  00003146    0000000d     RTOS_Lab1.o (.rodata.str1.7636077153904724128.1)
                  00003153    0000000d     RTOS_Lab1.o (.rodata.str1.7769780173207988818.1)
                  00003160    0000000d     RTOS_Lab1.o (.rodata.str1.8577999337833339601.1)
                  0000316d    0000000d     RTOS_Lab1.o (.rodata.str1.8776176202181347073.1)
                  0000317a    0000000c     RTOS_Lab1.o (.rodata.str1.11272792892799421156.1)
                  00003186    0000000c     RTOS_Lab1.o (.rodata.str1.11574485366205695140.1)
                  00003192    0000000c     RTOS_Lab1.o (.rodata.str1.12785890692379290192.1)
                  0000319e    0000000c     RTOS_Lab1.o (.rodata.str1.16899926648135717270.1)
                  000031aa    0000000c     RTOS_Lab1.o (.rodata.str1.18405204903051438535.1)
                  000031b6    0000000c     RTOS_Lab1.o (.rodata.str1.5468190838814815195.1)
                  000031c2    0000000c     RTOS_Lab1.o (.rodata.str1.8501076849612753619.1)
                  000031ce    0000000c     RTOS_Lab1.o (.rodata.str1.9211350115573621973.1)
                  000031da    0000000b     Interpreter.o (.rodata.str1.1827009460364060299.1)
                  000031e5    00000008     Interpreter.o (.rodata.str1.15874607606149105548.1)
                  000031ed    00000006     TFLunaCommon.o (.rodata.Frame_Rate)
                  000031f3    00000006     Interpreter.o (.rodata.str1.15341649103122110242.1)
                  000031f9    00000005     TFLunaCommon.o (.rodata.Format_Standard_mm)
                  000031fe    00000005     Interpreter.o (.rodata.str1.15287782171638189172.1)
                  00003203    00000005     Interpreter.o (.rodata.str1.16145079996052228972.1)
                  00003208    00000005     Interpreter.o (.rodata.str1.310310424903037747.1)
                  0000320d    00000004     TFLunaCommon.o (.rodata.SaveSettings)
                  00003211    00000004     TFLunaCommon.o (.rodata.System_Reset)
                  00003215    00000004     Interpreter.o (.rodata.str1.6623216276457726575.1)
                  00003219    00000003     Interpreter.o (.rodata.str1.8740789795297769696.1)
                  0000321c    00000002     Interpreter.o (.rodata.str1.438584629756741659.1)
                  0000321e    00000002     --HOLE-- [fill = 0]

.init_array 
*          0    00000000    00000000     UNINITIALIZED

.binit     0    00000000    00000000     

.bss       0    20200000    00000634     UNINITIALIZED
                  20200000    00000190     (.common:DataBuf)
                  20200190    00000190     (.common:DataBuf2)
                  20200320    00000190     (.common:DataBuf3)
                  202004b0    00000040     RTOS_FIFO.o (.bss.TxFifo)
                  202004f0    00000040     (.common:x7)
                  20200530    00000010     TFLuna2.o (.bss.Rx2Fifo)
                  20200540    00000010     RTOS_FIFO.o (.bss.RxFifo)
                  20200550    00000010     TFLuna2.o (.bss.Tx2Fifo)
                  20200560    0000000c     (.common:Message)
                  2020056c    0000000c     (.common:TFLuna2DataMessage)
                  20200578    00000004     TFLuna2.o (.bss.Rx2GetI)
                  2020057c    00000004     TFLuna2.o (.bss.Rx2PutI)
                  20200580    00000004     TFLuna2.o (.bss.Tx2GetI)
                  20200584    00000004     TFLuna2.o (.bss.Tx2PutI)
                  20200588    00000004     (.common:ADCdata)
                  2020058c    00000004     (.common:ADCdata3)
                  20200590    00000004     (.common:BadCheckSum2)
                  20200594    00000004     (.common:Count2)
                  20200598    00000004     (.common:Distance)
                  2020059c    00000004     (.common:Distance2)
                  202005a0    00000004     (.common:FilterOutput)
                  202005a4    00000004     (.common:I7)
                  202005a8    00000004     (.common:Index)
                  202005ac    00000004     (.common:Index2)
                  202005b0    00000004     (.common:Index3)
                  202005b4    00000004     (.common:LPFSum7)
                  202005b8    00000004     (.common:LostData2)
                  202005bc    00000004     (.common:Messageindex)
                  202005c0    00000004     (.common:RxGetI)
                  202005c4    00000004     (.common:RxPutI)
                  202005c8    00000004     (.common:SNR)
                  202005cc    00000004     (.common:SNR2)
                  202005d0    00000004     (.common:SNR3)
                  202005d4    00000004     (.common:Size7)
                  202005d8    00000004     (.common:TFLuna2Distance)
                  202005dc    00000004     (.common:TFLuna2Function)
                  202005e0    00000004     (.common:TFLuna2Index)
                  202005e4    00000004     (.common:TheNoise)
                  202005e8    00000004     (.common:TheNoise2)
                  202005ec    00000004     (.common:TheNoise3)
                  202005f0    00000004     (.common:TheSignal)
                  202005f4    00000004     (.common:TheSignal2)
                  202005f8    00000004     (.common:TheSignal3)
                  202005fc    00000004     (.common:TimeMs)
                  20200600    00000004     (.common:TxGetI)
                  20200604    00000004     (.common:TxPutI)
                  20200608    00000004     (.common:Voltage3)
                  2020060c    00000004     (.common:sum)
                  20200610    00000004     (.common:sum2)
                  20200614    00000004     (.common:sum3)
                  20200618    00000004     (.common:sumsq)
                  2020061c    00000004     (.common:sumsq2)
                  20200620    00000004     (.common:sumsq3)
                  20200624    00000004     (.common:u1)
                  20200628    00000004     (.common:u2)
                  2020062c    00000004     (.common:u3)
                  20200630    00000001     ST7735_SDC.o (.bss.ColStart)
                  20200631    00000001     ST7735_SDC.o (.bss.RowStart)
                  20200632    00000001     ST7735_SDC.o (.bss.TabColor)
                  20200633    00000001     (.common:TFLuna2LastByte)

.sysmem    0    20200638    00000200     UNINITIALIZED
                  20200638    00000010     libc.a : memory.c.obj (.sysmem)
                  20200648    000001f0     --HOLE--

.data      0    20200838    00000016     UNINITIALIZED
                  20200838    00000004     Clock.o (.data.BusFreq)
                  2020083c    00000004     SPI.o (.data.SPI1_init_Flag)
                  20200840    00000004     ST7735_SDC.o (.data.StX)
                  20200844    00000004     ST7735_SDC.o (.data.StY)
                  20200848    00000002     ST7735_SDC.o (.data.StTextColor)
                  2020084a    00000002     ST7735_SDC.o (.data._height)
                  2020084c    00000002     ST7735_SDC.o (.data._width)

.stack     0    20207e00    00000200     UNINITIALIZED
                  20207e00    00000004     libc.a : boot_cortex_m.c.obj (.stack)
                  20207e04    000001fc     --HOLE--

__llvm_prf_cnts 
*          0    20200000    00000000     UNINITIALIZED

__llvm_prf_bits 
*          0    20200000    00000000     UNINITIALIZED

MODULE SUMMARY

       Module                         code    ro data   rw data
       ------                         ----    -------   -------
    ./
       ST7735_SDC.o                   2104    1425      33     
       RTOS_Lab1.o                    1536    304       1300   
       TFLuna2.o                      1352    0         81     
       Interpreter.o                  328     329       0      
       ADC.o                          632     0         0      
       RTOS_UARTints.o                626     0         0      
       SPI.o                          588     0         4      
       Clock.o                        516     0         4      
       RTOS_FIFO.o                    368     0         96     
       LPF.o                          334     0         88     
       RTOS_UART.o                    370     0         0      
       Timer.o                        336     0         0      
       OS.o                           230     0         4      
       LaunchPad.o                    196     0         0      
       DAC.o                          188     0         0      
       IRDistance.o                   88      64        0      
       TFLunaCommon.o                 0       19        0      
    +--+------------------------------+-------+---------+---------+
       Total:                         9792    2141      1610   
                                                               
    ./ticlang/
       startup_mspm0g3507_ticlang.o   60      192       0      
    +--+------------------------------+-------+---------+---------+
       Total:                         60      192       0      
                                                               
    /Applications/ti/ccs2040/ccs/tools/compiler/ti-cgt-armllvm_4.0.4.LTS/lib/armv6m-ti-none-eabi/c/libc.a
       strcmp-armv6m.S.obj            136     0         0      
       copy_decompress_lzss.c.obj     124     0         0      
       autoinit.c.obj                 60      0         0      
       boot_cortex_m.c.obj            40      0         0      
       copy_decompress_none.c.obj     18      0         0      
       memcpy16.S.obj                 18      0         0      
       copy_zero_init.c.obj           16      0         0      
       memset16.S.obj                 14      0         0      
       strlen.c.obj                   14      0         0      
       exit.c.obj                     6       0         0      
       pre_init.c.obj                 4       0         0      
    +--+------------------------------+-------+---------+---------+
       Total:                         450     0         0      
                                                               
    /Applications/ti/ccs2040/ccs/tools/compiler/ti-cgt-armllvm_4.0.4.LTS/lib/armv6m-ti-none-eabi/c/libsysbm.a
       hostexit.c.obj                 4       0         0      
    +--+------------------------------+-------+---------+---------+
       Total:                         4       0         0      
                                                               
    /Applications/ti/ccs2040/ccs/tools/compiler/ti-cgt-armllvm_4.0.4.LTS/lib/armv6m-ti-none-eabi/libclang_rt.builtins.a
       aeabi_idivmod.S.obj            86      0         0      
       aeabi_uidivmod.S.obj           64      0         0      
       aeabi_memset.S.obj             12      0         0      
       aeabi_memcpy.S.obj             8       0         0      
       aeabi_div0.c.obj               2       0         0      
    +--+------------------------------+-------+---------+---------+
       Total:                         172     0         0      
                                                               
       Heap:                          0       0         512    
       Stack:                         0       0         512    
       Linker Generated:              0       54        0      
    +--+------------------------------+-------+---------+---------+
       Grand Total:                   10478   2387      2634   


LINKER GENERATED COPY TABLES

__TI_cinit_table @ 00003248 records: 2, size/record: 8, table size: 16
	.data: load addr=00003220, load size=00000012 bytes, run addr=20200838, run size=00000016 bytes, compression=lzss
	.bss: load addr=00003240, load size=00000008 bytes, run addr=20200000, run size=00000634 bytes, compression=zero_init


LINKER GENERATED HANDLER TABLE

__TI_handler_table @ 00003234 records: 3, size/record: 4, table size: 12
	index: 0, handler: __TI_decompress_lzss
	index: 1, handler: __TI_decompress_none
	index: 2, handler: __TI_zero_init


GLOBAL SYMBOLS: SORTED ALPHABETICALLY BY Name 

address   name                          
-------   ----                          
00003074  A                             
000027ed  ADC0_IRQHandler               
000022c9  ADC0_In                       
00001169  ADC0_Init                     
000027ed  ADC1_IRQHandler               
0000230d  ADC1_In                       
00000f71  ADC1_Init                     
20200588  ADCdata                       
2020058c  ADCdata3                      
000027ed  AES_IRQHandler                
000024d1  ActivatePortA_B               
00003084  B                             
0000106d  Background2                   
20200590  BadCheckSum2                  
20200838  BusFreq                       
00003094  C                             
000029ae  C$$EXIT                       
000027ed  CANFD0_IRQHandler             
00002765  CS_Init                       
00002909  Clock_Delay                   
00002541  Clock_Delay1ms                
000019f5  Clock_Freq                    
000000c1  Clock_Init80MHz               
20200594  Count2                        
000027ed  DAC0_IRQHandler               
000013f1  DAC_Init                      
0000286d  DAC_Out                       
000027ed  DMA_IRQHandler                
20200000  DataBuf                       
20200190  DataBuf2                      
20200320  DataBuf3                      
000027ed  Default_Handler               
00002919  Delay                         
20200598  Distance                      
2020059c  Distance2                     
202005a0  FilterOutput                  
000031f9  Format_Standard_mm            
000031ed  Frame_Rate                    
000027ed  GROUP0_IRQHandler             
00001f79  GROUP1_IRQHandler             
000029af  HOSTexit                      
00002809  HardFault_Handler             
000027ed  I2C0_IRQHandler               
000027ed  I2C1_IRQHandler               
202005a4  I7                            
00001e71  IRDistance_Convert            
000030a4  IRmax                         
202005a8  Index                         
202005ac  Index2                        
202005b0  Index3                        
00000731  Interpreter                   
202005b4  LPFSum7                       
00001c89  LPF_Init7                     
00000275  Lab1_Results                  
00001b91  LaunchPad_Init                
00001ec9  Logic_Init                    
202005b8  LostData2                     
000015e9  Median                        
20200560  Message                       
202005bc  Messageindex                  
000027ed  NMI_Handler                   
00002575  OS_ClearMsTime                
000026c9  OS_MsTime                     
000027ed  PendSV_Handler                
000027ed  RTC_IRQHandler                
000029b3  Reset_Handler                 
00002881  Rx2Fifo_Init                  
00002021  Rx2Fifo_Put                   
0000206d  RxFifo_Get                    
00002895  RxFifo_Init                   
000020b9  RxFifo_Put                    
202005c0  RxGetI                        
202005c4  RxPutI                        
202005c8  SNR                           
202005cc  SNR2                          
202005d0  SNR3                          
000027ed  SPI0_IRQHandler               
000027ed  SPI1_IRQHandler               
00000c1d  SPI1_Init                     
00002395  SPI1_Reset                    
2020083c  SPI1_init_Flag                
00000419  ST7735_DrawChar               
00001a89  ST7735_DrawString             
00000e59  ST7735_FillRect               
0000269d  ST7735_FillScreen             
00001731  ST7735_InitR                  
00001859  ST7735_Message                
0000125d  ST7735_OutChar                
0000266d  ST7735_OutSDec                
00002719  ST7735_OutString              
00001b0d  ST7735_OutUDec                
000025a9  ST7735_SetCursor              
000027ed  SVC_Handler                   
0000320d  SaveSettings                  
202005d4  Size7                         
20200848  StTextColor                   
20200840  StX                           
20200844  StY                           
0000172f  SysTick_Handler               
00003211  System_Reset                  
2020056c  TFLuna2DataMessage            
202005d8  TFLuna2Distance               
202005dc  TFLuna2Function               
202005e0  TFLuna2Index                  
20200633  TFLuna2LastByte               
00002929  TFLuna2_Format_Standard_mm    
00002939  TFLuna2_Frame_Rate            
00002825  TFLuna2_InStatus              
000005bd  TFLuna2_Init                  
000023d5  TFLuna2_OutChar               
0000283d  TFLuna2_OutStatus             
00002949  TFLuna2_SaveSettings          
000025dd  TFLuna2_SendMessage           
00002959  TFLuna2_System_Reset          
00001cf1  TFT_OutCommand                
00001d55  TFT_OutData                   
00000d3d  TIMA0_IRQHandler              
000027ed  TIMA1_IRQHandler              
000027ed  TIMG0_IRQHandler              
000027ed  TIMG12_IRQHandler             
00000af5  TIMG6_IRQHandler              
000027ad  TIMG7_IRQHandler              
000028a9  TIMG8_IRQHandler              
000028e5  TI_memcpy_small               
00002987  TI_memset_small               
202005e4  TheNoise                      
202005e8  TheNoise2                     
202005ec  TheNoise3                     
202005f0  TheSignal                     
202005f4  TheSignal2                    
202005f8  TheSignal3                    
202005fc  TimeMs                        
00001499  TimerA0_IntArm                
00001541  TimerG6_IntArm                
00002281  Tx2Fifo_Get                   
000028bd  Tx2Fifo_Init                  
00002105  Tx2Fifo_Put                   
00002151  TxFifo_Get                    
000028d1  TxFifo_Init                   
0000219d  TxFifo_Put                    
00002855  TxFifo_Size                   
20200600  TxGetI                        
20200604  TxPutI                        
00001db9  UART0_IRQHandler              
000027ed  UART1_IRQHandler              
00001e15  UART2_IRQHandler              
000027ed  UART3_IRQHandler              
00002789  UART_InChar                   
000018e5  UART_InString                 
000017c9  UART_InUDec                   
000009bd  UART_Init                     
00002415  UART_OutChar                  
0000273f  UART_OutString                
00002509  UART_OutUDec                  
20200608  Voltage3                      
20208000  __STACK_END                   
00000200  __STACK_SIZE                  
00000200  __SYSMEM_SIZE                 
00000000  __TI_ATRegion0_region_sz      
00000000  __TI_ATRegion0_src_addr       
00000000  __TI_ATRegion0_trg_addr       
00000000  __TI_ATRegion1_region_sz      
00000000  __TI_ATRegion1_src_addr       
00000000  __TI_ATRegion1_trg_addr       
00000000  __TI_ATRegion2_region_sz      
00000000  __TI_ATRegion2_src_addr       
00000000  __TI_ATRegion2_trg_addr       
00003248  __TI_CINIT_Base               
00003258  __TI_CINIT_Limit              
00003258  __TI_CINIT_Warm               
00003234  __TI_Handler_Table_Base       
00003240  __TI_Handler_Table_Limit      
00002495  __TI_auto_init_nobinit_nopinit
00001c0d  __TI_decompress_lzss          
000028f7  __TI_decompress_none          
ffffffff  __TI_pprof_out_hndl           
ffffffff  __TI_prof_data_size           
ffffffff  __TI_prof_data_start          
00000000  __TI_static_base__            
00002969  __TI_zero_init                
00001f21  __aeabi_idiv                  
00001857  __aeabi_idiv0                 
00001f21  __aeabi_idivmod               
00002995  __aeabi_memclr                
00002995  __aeabi_memclr4               
00002995  __aeabi_memclr8               
000029a1  __aeabi_memcpy                
000029a1  __aeabi_memcpy4               
000029a1  __aeabi_memcpy8               
00002455  __aeabi_uidiv                 
00002455  __aeabi_uidivmod              
ffffffff  __binit__                     
UNDEFED   __mpu_init                    
20207e00  __stack                       
20200000  __start___llvm_prf_bits       
20200000  __start___llvm_prf_cnts       
20200000  __stop___llvm_prf_bits        
20200000  __stop___llvm_prf_cnts        
000026f1  _c_int00_noargs               
20200638  _sys_memory                   
UNDEFED   _system_post_cinit            
000029b7  _system_pre_init              
000029a9  abort                         
ffffffff  binit                         
00001fcd  fillmessage                   
00000000  interruptVectors              
0000132d  main                          
00002351  sqrt2                         
00001a01  strcmp                        
00002979  strlen                        
2020060c  sum                           
20200610  sum2                          
20200614  sum3                          
20200618  sumsq                         
2020061c  sumsq2                        
20200620  sumsq3                        
20200624  u1                            
20200628  u2                            
2020062c  u3                            
202004f0  x7                            


GLOBAL SYMBOLS: SORTED BY Symbol Address 

address   name                          
-------   ----                          
00000000  __TI_ATRegion0_region_sz      
00000000  __TI_ATRegion0_src_addr       
00000000  __TI_ATRegion0_trg_addr       
00000000  __TI_ATRegion1_region_sz      
00000000  __TI_ATRegion1_src_addr       
00000000  __TI_ATRegion1_trg_addr       
00000000  __TI_ATRegion2_region_sz      
00000000  __TI_ATRegion2_src_addr       
00000000  __TI_ATRegion2_trg_addr       
00000000  __TI_static_base__            
00000000  interruptVectors              
000000c1  Clock_Init80MHz               
00000200  __STACK_SIZE                  
00000200  __SYSMEM_SIZE                 
00000275  Lab1_Results                  
00000419  ST7735_DrawChar               
000005bd  TFLuna2_Init                  
00000731  Interpreter                   
000009bd  UART_Init                     
00000af5  TIMG6_IRQHandler              
00000c1d  SPI1_Init                     
00000d3d  TIMA0_IRQHandler              
00000e59  ST7735_FillRect               
00000f71  ADC1_Init                     
0000106d  Background2                   
00001169  ADC0_Init                     
0000125d  ST7735_OutChar                
0000132d  main                          
000013f1  DAC_Init                      
00001499  TimerA0_IntArm                
00001541  TimerG6_IntArm                
000015e9  Median                        
0000172f  SysTick_Handler               
00001731  ST7735_InitR                  
000017c9  UART_InUDec                   
00001857  __aeabi_idiv0                 
00001859  ST7735_Message                
000018e5  UART_InString                 
000019f5  Clock_Freq                    
00001a01  strcmp                        
00001a89  ST7735_DrawString             
00001b0d  ST7735_OutUDec                
00001b91  LaunchPad_Init                
00001c0d  __TI_decompress_lzss          
00001c89  LPF_Init7                     
00001cf1  TFT_OutCommand                
00001d55  TFT_OutData                   
00001db9  UART0_IRQHandler              
00001e15  UART2_IRQHandler              
00001e71  IRDistance_Convert            
00001ec9  Logic_Init                    
00001f21  __aeabi_idiv                  
00001f21  __aeabi_idivmod               
00001f79  GROUP1_IRQHandler             
00001fcd  fillmessage                   
00002021  Rx2Fifo_Put                   
0000206d  RxFifo_Get                    
000020b9  RxFifo_Put                    
00002105  Tx2Fifo_Put                   
00002151  TxFifo_Get                    
0000219d  TxFifo_Put                    
00002281  Tx2Fifo_Get                   
000022c9  ADC0_In                       
0000230d  ADC1_In                       
00002351  sqrt2                         
00002395  SPI1_Reset                    
000023d5  TFLuna2_OutChar               
00002415  UART_OutChar                  
00002455  __aeabi_uidiv                 
00002455  __aeabi_uidivmod              
00002495  __TI_auto_init_nobinit_nopinit
000024d1  ActivatePortA_B               
00002509  UART_OutUDec                  
00002541  Clock_Delay1ms                
00002575  OS_ClearMsTime                
000025a9  ST7735_SetCursor              
000025dd  TFLuna2_SendMessage           
0000266d  ST7735_OutSDec                
0000269d  ST7735_FillScreen             
000026c9  OS_MsTime                     
000026f1  _c_int00_noargs               
00002719  ST7735_OutString              
0000273f  UART_OutString                
00002765  CS_Init                       
00002789  UART_InChar                   
000027ad  TIMG7_IRQHandler              
000027ed  ADC0_IRQHandler               
000027ed  ADC1_IRQHandler               
000027ed  AES_IRQHandler                
000027ed  CANFD0_IRQHandler             
000027ed  DAC0_IRQHandler               
000027ed  DMA_IRQHandler                
000027ed  Default_Handler               
000027ed  GROUP0_IRQHandler             
000027ed  I2C0_IRQHandler               
000027ed  I2C1_IRQHandler               
000027ed  NMI_Handler                   
000027ed  PendSV_Handler                
000027ed  RTC_IRQHandler                
000027ed  SPI0_IRQHandler               
000027ed  SPI1_IRQHandler               
000027ed  SVC_Handler                   
000027ed  TIMA1_IRQHandler              
000027ed  TIMG0_IRQHandler              
000027ed  TIMG12_IRQHandler             
000027ed  UART1_IRQHandler              
000027ed  UART3_IRQHandler              
00002809  HardFault_Handler             
00002825  TFLuna2_InStatus              
0000283d  TFLuna2_OutStatus             
00002855  TxFifo_Size                   
0000286d  DAC_Out                       
00002881  Rx2Fifo_Init                  
00002895  RxFifo_Init                   
000028a9  TIMG8_IRQHandler              
000028bd  Tx2Fifo_Init                  
000028d1  TxFifo_Init                   
000028e5  TI_memcpy_small               
000028f7  __TI_decompress_none          
00002909  Clock_Delay                   
00002919  Delay                         
00002929  TFLuna2_Format_Standard_mm    
00002939  TFLuna2_Frame_Rate            
00002949  TFLuna2_SaveSettings          
00002959  TFLuna2_System_Reset          
00002969  __TI_zero_init                
00002979  strlen                        
00002987  TI_memset_small               
00002995  __aeabi_memclr                
00002995  __aeabi_memclr4               
00002995  __aeabi_memclr8               
000029a1  __aeabi_memcpy                
000029a1  __aeabi_memcpy4               
000029a1  __aeabi_memcpy8               
000029a9  abort                         
000029ae  C$$EXIT                       
000029af  HOSTexit                      
000029b3  Reset_Handler                 
000029b7  _system_pre_init              
00003074  A                             
00003084  B                             
00003094  C                             
000030a4  IRmax                         
000031ed  Frame_Rate                    
000031f9  Format_Standard_mm            
0000320d  SaveSettings                  
00003211  System_Reset                  
00003234  __TI_Handler_Table_Base       
00003240  __TI_Handler_Table_Limit      
00003248  __TI_CINIT_Base               
00003258  __TI_CINIT_Limit              
00003258  __TI_CINIT_Warm               
20200000  DataBuf                       
20200000  __start___llvm_prf_bits       
20200000  __start___llvm_prf_cnts       
20200000  __stop___llvm_prf_bits        
20200000  __stop___llvm_prf_cnts        
20200190  DataBuf2                      
20200320  DataBuf3                      
202004f0  x7                            
20200560  Message                       
2020056c  TFLuna2DataMessage            
20200588  ADCdata                       
2020058c  ADCdata3                      
20200590  BadCheckSum2                  
20200594  Count2                        
20200598  Distance                      
2020059c  Distance2                     
202005a0  FilterOutput                  
202005a4  I7                            
202005a8  Index                         
202005ac  Index2                        
202005b0  Index3                        
202005b4  LPFSum7                       
202005b8  LostData2                     
202005bc  Messageindex                  
202005c0  RxGetI                        
202005c4  RxPutI                        
202005c8  SNR                           
202005cc  SNR2                          
202005d0  SNR3                          
202005d4  Size7                         
202005d8  TFLuna2Distance               
202005dc  TFLuna2Function               
202005e0  TFLuna2Index                  
202005e4  TheNoise                      
202005e8  TheNoise2                     
202005ec  TheNoise3                     
202005f0  TheSignal                     
202005f4  TheSignal2                    
202005f8  TheSignal3                    
202005fc  TimeMs                        
20200600  TxGetI                        
20200604  TxPutI                        
20200608  Voltage3                      
2020060c  sum                           
20200610  sum2                          
20200614  sum3                          
20200618  sumsq                         
2020061c  sumsq2                        
20200620  sumsq3                        
20200624  u1                            
20200628  u2                            
2020062c  u3                            
20200633  TFLuna2LastByte               
20200638  _sys_memory                   
20200838  BusFreq                       
2020083c  SPI1_init_Flag                
20200840  StX                           
20200844  StY                           
20200848  StTextColor                   
20207e00  __stack                       
20208000  __STACK_END                   
ffffffff  __TI_pprof_out_hndl           
ffffffff  __TI_prof_data_size           
ffffffff  __TI_prof_data_start          
ffffffff  __binit__                     
ffffffff  binit                         
UNDEFED   __mpu_init                    
UNDEFED   _system_post_cinit            

[220 symbols]
