******************************************************************************
            TI ARM Clang Linker Unix v4.0.4                    
******************************************************************************
>> Linked Wed Jan 28 09:51:36 2026

OUTPUT FILE NAME:   <ADCTimerTrigger.out>
ENTRY POINT SYMBOL: "_c_int00_noargs"  address: 0000090d


MEMORY CONFIGURATION

         name            origin    length      used     unused   attr    fill
----------------------  --------  ---------  --------  --------  ----  --------
  FLASH                 00000000   00020000  00000a18  0001f5e8  R  X
  SRAM                  20200000   00008000  00000228  00007dd8  RW X
  BCR_CONFIG            41c00000   00000080  00000000  00000080  R   
  BSL_CONFIG            41c00100   00000080  00000000  00000080  R   


SEGMENT ALLOCATION MAP

run origin  load origin   length   init length attrs members
----------  ----------- ---------- ----------- ----- -------
00000000    00000000    00000a18   00000a18    r-x
  00000000    00000000    000000c0   000000c0    r-- .intvecs
  000000c0    000000c0    00000928   00000928    r-x .text
  000009e8    000009e8    00000030   00000030    r-- .cinit
20200000    20200000    00000028   00000000    rw-
  20200000    20200000    00000024   00000000    rw- .bss
  20200024    20200024    00000004   00000000    rw- .data
20207e00    20207e00    00000200   00000000    rw-
  20207e00    20207e00    00000200   00000000    rw- .stack


SECTION ALLOCATION MAP

 output                                  attributes/
section   page    origin      length       input sections
--------  ----  ----------  ----------   ----------------
.intvecs   0    00000000    000000c0     
                  00000000    000000c0     startup_mspm0g3507_ticlang.o (.intvecs)

.text      0    000000c0    00000928     
                  000000c0    000001b4     Clock.o (.text.Clock_Init80MHz)
                  00000274    000001b0     ADCTimer.o (.text.ADC1_TimerG8_Init)
                  00000424    000001ac     ADCTimer.o (.text.ADC0_TimerG0_Init)
                  000005d0    000000e0     ADCTimertriggerTestmain.o (.text.main)
                  000006b0    0000007c     LaunchPad.o (.text.LaunchPad_Init)
                  0000072c    0000007c     libc.a : copy_decompress_lzss.c.obj (.text:decompress:lzss)
                  000007a8    00000078     ADCTimertriggerTestmain.o (.text.ADC0_IRQHandler)
                  00000820    00000078     ADCTimertriggerTestmain.o (.text.ADC1_IRQHandler)
                  00000898    0000003c     libc.a : autoinit.c.obj (.text:__TI_auto_init_nobinit_nopinit)
                  000008d4    00000038     LaunchPad.o (.text.ActivatePortA_B)
                  0000090c    00000028     libc.a : boot_cortex_m.c.obj (.text:_c_int00_noargs)
                  00000934    0000001c     startup_mspm0g3507_ticlang.o (.text.Default_Handler)
                  00000950    0000001c     startup_mspm0g3507_ticlang.o (.text.HardFault_Handler)
                  0000096c    00000016     libc.a : copy_zero_init.c.obj (.text:decompress:ZI:__TI_zero_init_nomemset)
                  00000982    00000012            : memcpy16.S.obj (.text:TI_memcpy_small)
                  00000994    00000012            : copy_decompress_none.c.obj (.text:decompress:none)
                  000009a6    00000010     Clock.o (.text.Clock_Delay)
                  000009b6    00000010     LaunchPad.o (.text.Delay)
                  000009c6    00000002     --HOLE-- [fill = 0]
                  000009c8    00000008     libclang_rt.builtins.a : aeabi_memcpy.S.obj (.text.__aeabi_memcpy)
                  000009d0    00000006     libc.a : exit.c.obj (.text:abort)
                  000009d6    00000004     libsysbm.a : hostexit.c.obj (.text.HOSTexit)
                  000009da    00000004     startup_mspm0g3507_ticlang.o (.text.Reset_Handler)
                  000009de    00000004     libc.a : pre_init.c.obj (.text._system_pre_init)
                  000009e2    00000006     --HOLE-- [fill = 0]

.cinit     0    000009e8    00000030     
                  000009e8    0000000c     (__TI_handler_table)
                  000009f4    00000008     (.cinit..bss.load) [load image, compression = zero_init]
                  000009fc    00000008     (.cinit..data.load) [load image, compression = lzss]
                  00000a04    00000010     (__TI_cinit_table)
                  00000a14    00000004     --HOLE-- [fill = 0]

.init_array 
*          0    00000000    00000000     UNINITIALIZED

.binit     0    00000000    00000000     

.bss       0    20200000    00000024     UNINITIALIZED
                  20200000    00000004     (.common:Data0)
                  20200004    00000004     (.common:Data1)
                  20200008    00000004     (.common:Flag0)
                  2020000c    00000004     (.common:Flag1)
                  20200010    00000004     (.common:TimeSec0)
                  20200014    00000004     (.common:TimeSec1)
                  20200018    00000004     (.common:Timems0)
                  2020001c    00000004     (.common:Timems1)
                  20200020    00000002     (.common:volt0)
                  20200022    00000002     (.common:volt1)

.data      0    20200024    00000004     UNINITIALIZED
                  20200024    00000004     Clock.o (.data.BusFreq)

.stack     0    20207e00    00000200     UNINITIALIZED
                  20207e00    00000004     libc.a : boot_cortex_m.c.obj (.stack)
                  20207e04    000001fc     --HOLE--

__llvm_prf_cnts 
*          0    20200000    00000000     UNINITIALIZED

__llvm_prf_bits 
*          0    20200000    00000000     UNINITIALIZED

MODULE SUMMARY

       Module                         code   ro data   rw data
       ------                         ----   -------   -------
    ./
       ADCTimer.o                     860    0         0      
       ADCTimertriggerTestmain.o      464    0         36     
       Clock.o                        452    0         4      
       LaunchPad.o                    196    0         0      
    +--+------------------------------+------+---------+---------+
       Total:                         1972   0         40     
                                                              
    ./ticlang/
       startup_mspm0g3507_ticlang.o   60     192       0      
    +--+------------------------------+------+---------+---------+
       Total:                         60     192       0      
                                                              
    /Applications/ti/ccs2040/ccs/tools/compiler/ti-cgt-armllvm_4.0.4.LTS/lib/armv6m-ti-none-eabi/c/libc.a
       copy_decompress_lzss.c.obj     124    0         0      
       autoinit.c.obj                 60     0         0      
       boot_cortex_m.c.obj            40     0         0      
       copy_zero_init.c.obj           22     0         0      
       copy_decompress_none.c.obj     18     0         0      
       memcpy16.S.obj                 18     0         0      
       exit.c.obj                     6      0         0      
       pre_init.c.obj                 4      0         0      
    +--+------------------------------+------+---------+---------+
       Total:                         292    0         0      
                                                              
    /Applications/ti/ccs2040/ccs/tools/compiler/ti-cgt-armllvm_4.0.4.LTS/lib/armv6m-ti-none-eabi/c/libsysbm.a
       hostexit.c.obj                 4      0         0      
    +--+------------------------------+------+---------+---------+
       Total:                         4      0         0      
                                                              
    /Applications/ti/ccs2040/ccs/tools/compiler/ti-cgt-armllvm_4.0.4.LTS/lib/armv6m-ti-none-eabi/libclang_rt.builtins.a
       aeabi_memcpy.S.obj             8      0         0      
    +--+------------------------------+------+---------+---------+
       Total:                         8      0         0      
                                                              
       Stack:                         0      0         512    
       Linker Generated:              0      44        0      
    +--+------------------------------+------+---------+---------+
       Grand Total:                   2336   236       552    


LINKER GENERATED COPY TABLES

__TI_cinit_table @ 00000a04 records: 2, size/record: 8, table size: 16
	.bss: load addr=000009f4, load size=00000008 bytes, run addr=20200000, run size=00000024 bytes, compression=zero_init
	.data: load addr=000009fc, load size=00000008 bytes, run addr=20200024, run size=00000004 bytes, compression=lzss


LINKER GENERATED HANDLER TABLE

__TI_handler_table @ 000009e8 records: 3, size/record: 4, table size: 12
	index: 0, handler: __TI_decompress_lzss
	index: 1, handler: __TI_decompress_none
	index: 2, handler: __TI_zero_init


GLOBAL SYMBOLS: SORTED ALPHABETICALLY BY Name 

address   name                          
-------   ----                          
000007a9  ADC0_IRQHandler               
00000425  ADC0_TimerG0_Init             
00000821  ADC1_IRQHandler               
00000275  ADC1_TimerG8_Init             
00000935  AES_IRQHandler                
000008d5  ActivatePortA_B               
20200024  BusFreq                       
000009d6  C$$EXIT                       
00000935  CANFD0_IRQHandler             
000009a7  Clock_Delay                   
000000c1  Clock_Init80MHz               
00000935  DAC0_IRQHandler               
00000935  DMA_IRQHandler                
20200000  Data0                         
20200004  Data1                         
00000935  Default_Handler               
000009b7  Delay                         
20200008  Flag0                         
2020000c  Flag1                         
00000935  GROUP0_IRQHandler             
00000935  GROUP1_IRQHandler             
000009d7  HOSTexit                      
00000951  HardFault_Handler             
00000935  I2C0_IRQHandler               
00000935  I2C1_IRQHandler               
000006b1  LaunchPad_Init                
00000935  NMI_Handler                   
00000935  PendSV_Handler                
00000935  RTC_IRQHandler                
000009db  Reset_Handler                 
00000935  SPI0_IRQHandler               
00000935  SPI1_IRQHandler               
00000935  SVC_Handler                   
00000935  SysTick_Handler               
00000935  TIMA0_IRQHandler              
00000935  TIMA1_IRQHandler              
00000935  TIMG0_IRQHandler              
00000935  TIMG12_IRQHandler             
00000935  TIMG6_IRQHandler              
00000935  TIMG7_IRQHandler              
00000935  TIMG8_IRQHandler              
00000983  TI_memcpy_small               
20200010  TimeSec0                      
20200014  TimeSec1                      
20200018  Timems0                       
2020001c  Timems1                       
00000935  UART0_IRQHandler              
00000935  UART1_IRQHandler              
00000935  UART2_IRQHandler              
00000935  UART3_IRQHandler              
20208000  __STACK_END                   
00000200  __STACK_SIZE                  
00000000  __TI_ATRegion0_region_sz      
00000000  __TI_ATRegion0_src_addr       
00000000  __TI_ATRegion0_trg_addr       
00000000  __TI_ATRegion1_region_sz      
00000000  __TI_ATRegion1_src_addr       
00000000  __TI_ATRegion1_trg_addr       
00000000  __TI_ATRegion2_region_sz      
00000000  __TI_ATRegion2_src_addr       
00000000  __TI_ATRegion2_trg_addr       
00000a04  __TI_CINIT_Base               
00000a14  __TI_CINIT_Limit              
00000a14  __TI_CINIT_Warm               
000009e8  __TI_Handler_Table_Base       
000009f4  __TI_Handler_Table_Limit      
00000899  __TI_auto_init_nobinit_nopinit
0000072d  __TI_decompress_lzss          
00000995  __TI_decompress_none          
ffffffff  __TI_pprof_out_hndl           
ffffffff  __TI_prof_data_size           
ffffffff  __TI_prof_data_start          
00000000  __TI_static_base__            
0000096d  __TI_zero_init_nomemset       
000009c9  __aeabi_memcpy                
000009c9  __aeabi_memcpy4               
000009c9  __aeabi_memcpy8               
ffffffff  __binit__                     
UNDEFED   __mpu_init                    
20207e00  __stack                       
20200000  __start___llvm_prf_bits       
20200000  __start___llvm_prf_cnts       
20200000  __stop___llvm_prf_bits        
20200000  __stop___llvm_prf_cnts        
0000090d  _c_int00_noargs               
UNDEFED   _system_post_cinit            
000009df  _system_pre_init              
000009d1  abort                         
ffffffff  binit                         
00000000  interruptVectors              
000005d1  main                          
20200020  volt0                         
20200022  volt1                         


GLOBAL SYMBOLS: SORTED BY Symbol Address 

address   name                          
-------   ----                          
00000000  __TI_ATRegion0_region_sz      
00000000  __TI_ATRegion0_src_addr       
00000000  __TI_ATRegion0_trg_addr       
00000000  __TI_ATRegion1_region_sz      
00000000  __TI_ATRegion1_src_addr       
00000000  __TI_ATRegion1_trg_addr       
00000000  __TI_ATRegion2_region_sz      
00000000  __TI_ATRegion2_src_addr       
00000000  __TI_ATRegion2_trg_addr       
00000000  __TI_static_base__            
00000000  interruptVectors              
000000c1  Clock_Init80MHz               
00000200  __STACK_SIZE                  
00000275  ADC1_TimerG8_Init             
00000425  ADC0_TimerG0_Init             
000005d1  main                          
000006b1  LaunchPad_Init                
0000072d  __TI_decompress_lzss          
000007a9  ADC0_IRQHandler               
00000821  ADC1_IRQHandler               
00000899  __TI_auto_init_nobinit_nopinit
000008d5  ActivatePortA_B               
0000090d  _c_int00_noargs               
00000935  AES_IRQHandler                
00000935  CANFD0_IRQHandler             
00000935  DAC0_IRQHandler               
00000935  DMA_IRQHandler                
00000935  Default_Handler               
00000935  GROUP0_IRQHandler             
00000935  GROUP1_IRQHandler             
00000935  I2C0_IRQHandler               
00000935  I2C1_IRQHandler               
00000935  NMI_Handler                   
00000935  PendSV_Handler                
00000935  RTC_IRQHandler                
00000935  SPI0_IRQHandler               
00000935  SPI1_IRQHandler               
00000935  SVC_Handler                   
00000935  SysTick_Handler               
00000935  TIMA0_IRQHandler              
00000935  TIMA1_IRQHandler              
00000935  TIMG0_IRQHandler              
00000935  TIMG12_IRQHandler             
00000935  TIMG6_IRQHandler              
00000935  TIMG7_IRQHandler              
00000935  TIMG8_IRQHandler              
00000935  UART0_IRQHandler              
00000935  UART1_IRQHandler              
00000935  UART2_IRQHandler              
00000935  UART3_IRQHandler              
00000951  HardFault_Handler             
0000096d  __TI_zero_init_nomemset       
00000983  TI_memcpy_small               
00000995  __TI_decompress_none          
000009a7  Clock_Delay                   
000009b7  Delay                         
000009c9  __aeabi_memcpy                
000009c9  __aeabi_memcpy4               
000009c9  __aeabi_memcpy8               
000009d1  abort                         
000009d6  C$$EXIT                       
000009d7  HOSTexit                      
000009db  Reset_Handler                 
000009df  _system_pre_init              
000009e8  __TI_Handler_Table_Base       
000009f4  __TI_Handler_Table_Limit      
00000a04  __TI_CINIT_Base               
00000a14  __TI_CINIT_Limit              
00000a14  __TI_CINIT_Warm               
20200000  Data0                         
20200000  __start___llvm_prf_bits       
20200000  __start___llvm_prf_cnts       
20200000  __stop___llvm_prf_bits        
20200000  __stop___llvm_prf_cnts        
20200004  Data1                         
20200008  Flag0                         
2020000c  Flag1                         
20200010  TimeSec0                      
20200014  TimeSec1                      
20200018  Timems0                       
2020001c  Timems1                       
20200020  volt0                         
20200022  volt1                         
20200024  BusFreq                       
20207e00  __stack                       
20208000  __STACK_END                   
ffffffff  __TI_pprof_out_hndl           
ffffffff  __TI_prof_data_size           
ffffffff  __TI_prof_data_start          
ffffffff  __binit__                     
ffffffff  binit                         
UNDEFED   __mpu_init                    
UNDEFED   _system_post_cinit            

[93 symbols]
