******************************************************************************
            TI ARM Clang Linker PC v4.0.3                      
******************************************************************************
>> Linked Fri Dec 19 15:53:15 2025

OUTPUT FILE NAME:   <RTOS_TimerPeriodicInt.out>
ENTRY POINT SYMBOL: "_c_int00_noargs"  address: 000008b5


MEMORY CONFIGURATION

         name            origin    length      used     unused   attr    fill
----------------------  --------  ---------  --------  --------  ----  --------
  FLASH                 00000000   00020000  000009f8  0001f608  R  X
  SRAM                  20200000   00008000  000006f4  0000790c  RW X
  BCR_CONFIG            41c00000   00000080  00000000  00000080  R   
  BSL_CONFIG            41c00100   00000080  00000000  00000080  R   


SEGMENT ALLOCATION MAP

run origin  load origin   length   init length attrs members
----------  ----------- ---------- ----------- ----- -------
00000000    00000000    000009f8   000009f8    r-x
  00000000    00000000    000000c0   000000c0    r-- .intvecs
  000000c0    000000c0    000008e8   000008e8    r-x .text
  000009a8    000009a8    00000050   00000050    r-- .cinit
20200000    20200000    000004f4   00000000    rw-
  20200000    20200000    000004cc   00000000    rw- .data
  202004cc    202004cc    00000028   00000000    rw- .bss
20207e00    20207e00    00000200   00000000    rw-
  20207e00    20207e00    00000200   00000000    rw- .stack


SECTION ALLOCATION MAP

 output                                  attributes/
section   page    origin      length       input sections
--------  ----  ----------  ----------   ----------------
.intvecs   0    00000000    000000c0     
                  00000000    000000c0     startup_mspm0g3507_ticlang.o (.intvecs)

.text      0    000000c0    000008e8     
                  000000c0    000001b4     Clock.o (.text.Clock_Init80MHz)
                  00000274    000000c0     TimerPeriodicIntmain.o (.text.TogglePA16)
                  00000334    000000c0     TimerPeriodicIntmain.o (.text.TogglePA9)
                  000003f4    000000b4     TimerPeriodicIntmain.o (.text.TogglePA8)
                  000004a8    000000a0     TimerPeriodicIntmain.o (.text.TimerG7_IntArm)
                  00000548    0000007c     LaunchPad.o (.text.LaunchPad_Init)
                  000005c4    0000007c     libc.a : copy_decompress_lzss.c.obj (.text:decompress:lzss)
                  00000640    00000060     TimerPeriodicIntmain.o (.text.TimerG12_Init)
                  000006a0    0000005c     TimerPeriodicIntmain.o (.text.Jitter_Init)
                  000006fc    00000058     TimerPeriodicIntmain.o (.text.Logic_Init)
                  00000754    00000058     TimerPeriodicIntmain.o (.text.TIMG7_IRQHandler)
                  000007ac    00000054     TimerPeriodicIntmain.o (.text.main)
                  00000800    00000040     libclang_rt.builtins.a : aeabi_uidivmod.S.obj (.text.__aeabi_uidivmod)
                  00000840    0000003c     libc.a : autoinit.c.obj (.text:__TI_auto_init_nobinit_nopinit)
                  0000087c    00000038     LaunchPad.o (.text.ActivatePortA_B)
                  000008b4    00000028     libc.a : boot_cortex_m.c.obj (.text:_c_int00_noargs)
                  000008dc    0000001c     startup_mspm0g3507_ticlang.o (.text.Default_Handler)
                  000008f8    0000001c     startup_mspm0g3507_ticlang.o (.text.HardFault_Handler)
                  00000914    00000016     libc.a : copy_zero_init.c.obj (.text:decompress:ZI:__TI_zero_init_nomemset)
                  0000092a    00000012            : memcpy16.S.obj (.text:TI_memcpy_small)
                  0000093c    00000012            : copy_decompress_none.c.obj (.text:decompress:none)
                  0000094e    00000010     Clock.o (.text.Clock_Delay)
                  0000095e    00000010     LaunchPad.o (.text.Delay)
                  0000096e    00000002     libclang_rt.builtins.a : aeabi_div0.c.obj (.text.__aeabi_idiv0)
                  00000970    0000000c     TimerPeriodicIntmain.o (.text.TheTime)
                  0000097c    0000000c     TimerPeriodicIntmain.o (.text.TogglePB1)
                  00000988    00000008     libclang_rt.builtins.a : aeabi_memcpy.S.obj (.text.__aeabi_memcpy)
                  00000990    00000006     libc.a : exit.c.obj (.text:abort)
                  00000996    00000004     libsysbm.a : hostexit.c.obj (.text.HOSTexit)
                  0000099a    00000004     startup_mspm0g3507_ticlang.o (.text.Reset_Handler)
                  0000099e    00000004     libc.a : pre_init.c.obj (.text._system_pre_init)
                  000009a2    00000006     --HOLE-- [fill = 0]

.cinit     0    000009a8    00000050     
                  000009a8    00000026     (.cinit..data.load) [load image, compression = lzss]
                  000009ce    00000002     --HOLE-- [fill = 0]
                  000009d0    0000000c     (__TI_handler_table)
                  000009dc    00000008     (.cinit..bss.load) [load image, compression = zero_init]
                  000009e4    00000010     (__TI_cinit_table)
                  000009f4    00000004     --HOLE-- [fill = 0]

.init_array 
*          0    00000000    00000000     UNINITIALIZED

.binit     0    00000000    00000000     

.data      0    20200000    000004cc     UNINITIALIZED
                  20200000    000004b0     TimerPeriodicIntmain.o (.data.JitterHistogram)
                  202004b0    00000018     TimerPeriodicIntmain.o (.data.Tasks)
                  202004c8    00000004     Clock.o (.data.BusFreq)

.bss       0    202004cc    00000028     UNINITIALIZED
                  202004cc    0000000c     (.common:MaxJitter)
                  202004d8    00000004     TimerPeriodicIntmain.o (.bss.TogglePA16.LastTime)
                  202004dc    00000004     TimerPeriodicIntmain.o (.bss.TogglePA8.LastTime)
                  202004e0    00000004     TimerPeriodicIntmain.o (.bss.TogglePA9.LastTime)
                  202004e4    00000004     (.common:Count0)
                  202004e8    00000004     (.common:Count1)
                  202004ec    00000004     (.common:Count2)
                  202004f0    00000004     (.common:ThisTask)

.stack     0    20207e00    00000200     UNINITIALIZED
                  20207e00    00000004     libc.a : boot_cortex_m.c.obj (.stack)
                  20207e04    000001fc     --HOLE--

__llvm_prf_cnts 
*          0    20200000    00000000     UNINITIALIZED

__llvm_prf_bits 
*          0    20200000    00000000     UNINITIALIZED

MODULE SUMMARY

       Module                         code   ro data   rw data
       ------                         ----   -------   -------
    .\
       TimerPeriodicIntmain.o         1196   0         1264   
       Clock.o                        452    0         4      
       LaunchPad.o                    196    0         0      
    +--+------------------------------+------+---------+---------+
       Total:                         1844   0         1268   
                                                              
    .\ticlang\
       startup_mspm0g3507_ticlang.o   60     192       0      
    +--+------------------------------+------+---------+---------+
       Total:                         60     192       0      
                                                              
    C:\ti\ccs2020\ccs\tools\compiler\ti-cgt-armllvm_4.0.3.LTS\lib\armv6m-ti-none-eabi/c/libc.a
       copy_decompress_lzss.c.obj     124    0         0      
       autoinit.c.obj                 60     0         0      
       boot_cortex_m.c.obj            40     0         0      
       copy_zero_init.c.obj           22     0         0      
       copy_decompress_none.c.obj     18     0         0      
       memcpy16.S.obj                 18     0         0      
       exit.c.obj                     6      0         0      
       pre_init.c.obj                 4      0         0      
    +--+------------------------------+------+---------+---------+
       Total:                         292    0         0      
                                                              
    C:\ti\ccs2020\ccs\tools\compiler\ti-cgt-armllvm_4.0.3.LTS\lib\armv6m-ti-none-eabi/c/libsysbm.a
       hostexit.c.obj                 4      0         0      
    +--+------------------------------+------+---------+---------+
       Total:                         4      0         0      
                                                              
    C:\ti\ccs2020\ccs\tools\compiler\ti-cgt-armllvm_4.0.3.LTS\lib\armv6m-ti-none-eabi/libclang_rt.builtins.a
       aeabi_uidivmod.S.obj           64     0         0      
       aeabi_memcpy.S.obj             8      0         0      
       aeabi_div0.c.obj               2      0         0      
    +--+------------------------------+------+---------+---------+
       Total:                         74     0         0      
                                                              
       Stack:                         0      0         512    
       Linker Generated:              0      74        0      
    +--+------------------------------+------+---------+---------+
       Grand Total:                   2274   266       1780   


LINKER GENERATED COPY TABLES

__TI_cinit_table @ 000009e4 records: 2, size/record: 8, table size: 16
	.data: load addr=000009a8, load size=00000026 bytes, run addr=20200000, run size=000004cc bytes, compression=lzss
	.bss: load addr=000009dc, load size=00000008 bytes, run addr=202004cc, run size=00000028 bytes, compression=zero_init


LINKER GENERATED HANDLER TABLE

__TI_handler_table @ 000009d0 records: 3, size/record: 4, table size: 12
	index: 0, handler: __TI_decompress_lzss
	index: 1, handler: __TI_decompress_none
	index: 2, handler: __TI_zero_init


GLOBAL SYMBOLS: SORTED ALPHABETICALLY BY Name 

address   name                          
-------   ----                          
000008dd  ADC0_IRQHandler               
000008dd  ADC1_IRQHandler               
000008dd  AES_IRQHandler                
0000087d  ActivatePortA_B               
202004c8  BusFreq                       
00000996  C$$EXIT                       
000008dd  CANFD0_IRQHandler             
0000094f  Clock_Delay                   
000000c1  Clock_Init80MHz               
202004e4  Count0                        
202004e8  Count1                        
202004ec  Count2                        
000008dd  DAC0_IRQHandler               
000008dd  DMA_IRQHandler                
000008dd  Default_Handler               
0000095f  Delay                         
000008dd  GROUP0_IRQHandler             
000008dd  GROUP1_IRQHandler             
00000997  HOSTexit                      
000008f9  HardFault_Handler             
000008dd  I2C0_IRQHandler               
000008dd  I2C1_IRQHandler               
20200000  JitterHistogram               
000006a1  Jitter_Init                   
00000549  LaunchPad_Init                
000006fd  Logic_Init                    
202004cc  MaxJitter                     
000008dd  NMI_Handler                   
000008dd  PendSV_Handler                
000008dd  RTC_IRQHandler                
0000099b  Reset_Handler                 
000008dd  SPI0_IRQHandler               
000008dd  SPI1_IRQHandler               
000008dd  SVC_Handler                   
000008dd  SysTick_Handler               
000008dd  TIMA0_IRQHandler              
000008dd  TIMA1_IRQHandler              
000008dd  TIMG0_IRQHandler              
000008dd  TIMG12_IRQHandler             
000008dd  TIMG6_IRQHandler              
00000755  TIMG7_IRQHandler              
000008dd  TIMG8_IRQHandler              
0000092b  TI_memcpy_small               
202004b0  Tasks                         
00000971  TheTime                       
202004f0  ThisTask                      
00000641  TimerG12_Init                 
000004a9  TimerG7_IntArm                
00000275  TogglePA16                    
000003f5  TogglePA8                     
00000335  TogglePA9                     
0000097d  TogglePB1                     
000008dd  UART0_IRQHandler              
000008dd  UART1_IRQHandler              
000008dd  UART2_IRQHandler              
000008dd  UART3_IRQHandler              
20208000  __STACK_END                   
00000200  __STACK_SIZE                  
00000000  __TI_ATRegion0_region_sz      
00000000  __TI_ATRegion0_src_addr       
00000000  __TI_ATRegion0_trg_addr       
00000000  __TI_ATRegion1_region_sz      
00000000  __TI_ATRegion1_src_addr       
00000000  __TI_ATRegion1_trg_addr       
00000000  __TI_ATRegion2_region_sz      
00000000  __TI_ATRegion2_src_addr       
00000000  __TI_ATRegion2_trg_addr       
000009e4  __TI_CINIT_Base               
000009f4  __TI_CINIT_Limit              
000009f4  __TI_CINIT_Warm               
000009d0  __TI_Handler_Table_Base       
000009dc  __TI_Handler_Table_Limit      
00000841  __TI_auto_init_nobinit_nopinit
000005c5  __TI_decompress_lzss          
0000093d  __TI_decompress_none          
ffffffff  __TI_pprof_out_hndl           
ffffffff  __TI_prof_data_size           
ffffffff  __TI_prof_data_start          
00000000  __TI_static_base__            
00000915  __TI_zero_init_nomemset       
0000096f  __aeabi_idiv0                 
00000989  __aeabi_memcpy                
00000989  __aeabi_memcpy4               
00000989  __aeabi_memcpy8               
00000801  __aeabi_uidiv                 
00000801  __aeabi_uidivmod              
ffffffff  __binit__                     
UNDEFED   __mpu_init                    
20207e00  __stack                       
20200000  __start___llvm_prf_bits       
20200000  __start___llvm_prf_cnts       
20200000  __stop___llvm_prf_bits        
20200000  __stop___llvm_prf_cnts        
000008b5  _c_int00_noargs               
UNDEFED   _system_post_cinit            
0000099f  _system_pre_init              
00000991  abort                         
ffffffff  binit                         
00000000  interruptVectors              
000007ad  main                          


GLOBAL SYMBOLS: SORTED BY Symbol Address 

address   name                          
-------   ----                          
00000000  __TI_ATRegion0_region_sz      
00000000  __TI_ATRegion0_src_addr       
00000000  __TI_ATRegion0_trg_addr       
00000000  __TI_ATRegion1_region_sz      
00000000  __TI_ATRegion1_src_addr       
00000000  __TI_ATRegion1_trg_addr       
00000000  __TI_ATRegion2_region_sz      
00000000  __TI_ATRegion2_src_addr       
00000000  __TI_ATRegion2_trg_addr       
00000000  __TI_static_base__            
00000000  interruptVectors              
000000c1  Clock_Init80MHz               
00000200  __STACK_SIZE                  
00000275  TogglePA16                    
00000335  TogglePA9                     
000003f5  TogglePA8                     
000004a9  TimerG7_IntArm                
00000549  LaunchPad_Init                
000005c5  __TI_decompress_lzss          
00000641  TimerG12_Init                 
000006a1  Jitter_Init                   
000006fd  Logic_Init                    
00000755  TIMG7_IRQHandler              
000007ad  main                          
00000801  __aeabi_uidiv                 
00000801  __aeabi_uidivmod              
00000841  __TI_auto_init_nobinit_nopinit
0000087d  ActivatePortA_B               
000008b5  _c_int00_noargs               
000008dd  ADC0_IRQHandler               
000008dd  ADC1_IRQHandler               
000008dd  AES_IRQHandler                
000008dd  CANFD0_IRQHandler             
000008dd  DAC0_IRQHandler               
000008dd  DMA_IRQHandler                
000008dd  Default_Handler               
000008dd  GROUP0_IRQHandler             
000008dd  GROUP1_IRQHandler             
000008dd  I2C0_IRQHandler               
000008dd  I2C1_IRQHandler               
000008dd  NMI_Handler                   
000008dd  PendSV_Handler                
000008dd  RTC_IRQHandler                
000008dd  SPI0_IRQHandler               
000008dd  SPI1_IRQHandler               
000008dd  SVC_Handler                   
000008dd  SysTick_Handler               
000008dd  TIMA0_IRQHandler              
000008dd  TIMA1_IRQHandler              
000008dd  TIMG0_IRQHandler              
000008dd  TIMG12_IRQHandler             
000008dd  TIMG6_IRQHandler              
000008dd  TIMG8_IRQHandler              
000008dd  UART0_IRQHandler              
000008dd  UART1_IRQHandler              
000008dd  UART2_IRQHandler              
000008dd  UART3_IRQHandler              
000008f9  HardFault_Handler             
00000915  __TI_zero_init_nomemset       
0000092b  TI_memcpy_small               
0000093d  __TI_decompress_none          
0000094f  Clock_Delay                   
0000095f  Delay                         
0000096f  __aeabi_idiv0                 
00000971  TheTime                       
0000097d  TogglePB1                     
00000989  __aeabi_memcpy                
00000989  __aeabi_memcpy4               
00000989  __aeabi_memcpy8               
00000991  abort                         
00000996  C$$EXIT                       
00000997  HOSTexit                      
0000099b  Reset_Handler                 
0000099f  _system_pre_init              
000009d0  __TI_Handler_Table_Base       
000009dc  __TI_Handler_Table_Limit      
000009e4  __TI_CINIT_Base               
000009f4  __TI_CINIT_Limit              
000009f4  __TI_CINIT_Warm               
20200000  JitterHistogram               
20200000  __start___llvm_prf_bits       
20200000  __start___llvm_prf_cnts       
20200000  __stop___llvm_prf_bits        
20200000  __stop___llvm_prf_cnts        
202004b0  Tasks                         
202004c8  BusFreq                       
202004cc  MaxJitter                     
202004e4  Count0                        
202004e8  Count1                        
202004ec  Count2                        
202004f0  ThisTask                      
20207e00  __stack                       
20208000  __STACK_END                   
ffffffff  __TI_pprof_out_hndl           
ffffffff  __TI_prof_data_size           
ffffffff  __TI_prof_data_start          
ffffffff  __binit__                     
ffffffff  binit                         
UNDEFED   __mpu_init                    
UNDEFED   _system_post_cinit            

[100 symbols]
