******************************************************************************
            TI ARM Clang Linker Unix v4.0.4                    
******************************************************************************
>> Linked Wed Jan 28 09:51:49 2026

OUTPUT FILE NAME:   <RTOS_aPeriodicInt.out>
ENTRY POINT SYMBOL: "_c_int00_noargs"  address: 00000875


MEMORY CONFIGURATION

         name            origin    length      used     unused   attr    fill
----------------------  --------  ---------  --------  --------  ----  --------
  FLASH                 00000000   00020000  000009b0  0001f650  R  X
  SRAM                  20200000   00008000  000003ac  00007c54  RW X
  BCR_CONFIG            41c00000   00000080  00000000  00000080  R   
  BSL_CONFIG            41c00100   00000080  00000000  00000080  R   


SEGMENT ALLOCATION MAP

run origin  load origin   length   init length attrs members
----------  ----------- ---------- ----------- ----- -------
00000000    00000000    000009b0   000009b0    r-x
  00000000    00000000    000000c0   000000c0    r-- .intvecs
  000000c0    000000c0    000008a8   000008a8    r-x .text
  00000968    00000968    00000018   00000018    r-- .rodata
  00000980    00000980    00000030   00000030    r-- .cinit
20200000    20200000    000001ac   00000000    rw-
  20200000    20200000    00000184   00000000    rw- .data
  20200184    20200184    00000028   00000000    rw- .bss
20207e00    20207e00    00000200   00000000    rw-
  20207e00    20207e00    00000200   00000000    rw- .stack


SECTION ALLOCATION MAP

 output                                  attributes/
section   page    origin      length       input sections
--------  ----  ----------  ----------   ----------------
.intvecs   0    00000000    000000c0     
                  00000000    000000c0     startup_mspm0g3507_ticlang.o (.intvecs)

.text      0    000000c0    000008a8     
                  000000c0    000001b4     Clock.o (.text.Clock_Init80MHz)
                  00000274    000000ac     aPeriodicIntmain.o (.text.Task2)
                  00000320    000000a8     aPeriodicIntmain.o (.text.Task1)
                  000003c8    000000a4     aPeriodicIntmain.o (.text.Task0)
                  0000046c    000000a0     aPeriodicIntmain.o (.text.TimerG7_IntArm)
                  0000050c    0000007c     LaunchPad.o (.text.LaunchPad_Init)
                  00000588    0000007c     libc.a : copy_decompress_lzss.c.obj (.text:decompress:lzss)
                  00000604    00000060     aPeriodicIntmain.o (.text.TimerG12_Init)
                  00000664    00000058     aPeriodicIntmain.o (.text.Jitter_Init)
                  000006bc    00000058     aPeriodicIntmain.o (.text.Logic_Init)
                  00000714    00000058     aPeriodicIntmain.o (.text.TIMG7_IRQHandler)
                  0000076c    00000054     aPeriodicIntmain.o (.text.main)
                  000007c0    00000040     libclang_rt.builtins.a : aeabi_uidivmod.S.obj (.text.__aeabi_uidivmod)
                  00000800    0000003c     libc.a : autoinit.c.obj (.text:__TI_auto_init_nobinit_nopinit)
                  0000083c    00000038     LaunchPad.o (.text.ActivatePortA_B)
                  00000874    00000028     libc.a : boot_cortex_m.c.obj (.text:_c_int00_noargs)
                  0000089c    0000001c     startup_mspm0g3507_ticlang.o (.text.Default_Handler)
                  000008b8    0000001c     startup_mspm0g3507_ticlang.o (.text.HardFault_Handler)
                  000008d4    00000016     libc.a : copy_zero_init.c.obj (.text:decompress:ZI:__TI_zero_init_nomemset)
                  000008ea    00000012            : memcpy16.S.obj (.text:TI_memcpy_small)
                  000008fc    00000012            : copy_decompress_none.c.obj (.text:decompress:none)
                  0000090e    00000010     Clock.o (.text.Clock_Delay)
                  0000091e    00000010     LaunchPad.o (.text.Delay)
                  0000092e    00000002     libclang_rt.builtins.a : aeabi_div0.c.obj (.text.__aeabi_idiv0)
                  00000930    0000000c     aPeriodicIntmain.o (.text.TheTime)
                  0000093c    0000000c     aPeriodicIntmain.o (.text.TogglePB1)
                  00000948    00000008     libclang_rt.builtins.a : aeabi_memcpy.S.obj (.text.__aeabi_memcpy)
                  00000950    00000006     libc.a : exit.c.obj (.text:abort)
                  00000956    00000004     libsysbm.a : hostexit.c.obj (.text.HOSTexit)
                  0000095a    00000004     startup_mspm0g3507_ticlang.o (.text.Reset_Handler)
                  0000095e    00000004     libc.a : pre_init.c.obj (.text._system_pre_init)
                  00000962    00000006     --HOLE-- [fill = 0]

.cinit     0    00000980    00000030     
                  00000980    0000000c     (.cinit..data.load) [load image, compression = lzss]
                  0000098c    0000000c     (__TI_handler_table)
                  00000998    00000008     (.cinit..bss.load) [load image, compression = zero_init]
                  000009a0    00000010     (__TI_cinit_table)

.rodata    0    00000968    00000018     
                  00000968    00000018     aPeriodicIntmain.o (.rodata.Tasks)

.init_array 
*          0    00000000    00000000     UNINITIALIZED

.binit     0    00000000    00000000     

.data      0    20200000    00000184     UNINITIALIZED
                  20200000    00000180     aPeriodicIntmain.o (.data.JitterHistogram)
                  20200180    00000004     Clock.o (.data.BusFreq)

.bss       0    20200184    00000028     UNINITIALIZED
                  20200184    0000000c     (.common:MaxJitter)
                  20200190    00000004     aPeriodicIntmain.o (.bss.Task0.LastTime)
                  20200194    00000004     aPeriodicIntmain.o (.bss.Task1.LastTime)
                  20200198    00000004     aPeriodicIntmain.o (.bss.Task2.LastTime)
                  2020019c    00000004     (.common:Count0)
                  202001a0    00000004     (.common:Count1)
                  202001a4    00000004     (.common:Count2)
                  202001a8    00000004     (.common:ThisTask)

.stack     0    20207e00    00000200     UNINITIALIZED
                  20207e00    00000004     libc.a : boot_cortex_m.c.obj (.stack)
                  20207e04    000001fc     --HOLE--

__llvm_prf_cnts 
*          0    20200000    00000000     UNINITIALIZED

__llvm_prf_bits 
*          0    20200000    00000000     UNINITIALIZED

MODULE SUMMARY

       Module                         code   ro data   rw data
       ------                         ----   -------   -------
    ./
       aPeriodicIntmain.o             1132   24        424    
       Clock.o                        452    0         4      
       LaunchPad.o                    196    0         0      
    +--+------------------------------+------+---------+---------+
       Total:                         1780   24        428    
                                                              
    ./ticlang/
       startup_mspm0g3507_ticlang.o   60     192       0      
    +--+------------------------------+------+---------+---------+
       Total:                         60     192       0      
                                                              
    /Applications/ti/ccs2040/ccs/tools/compiler/ti-cgt-armllvm_4.0.4.LTS/lib/armv6m-ti-none-eabi/c/libc.a
       copy_decompress_lzss.c.obj     124    0         0      
       autoinit.c.obj                 60     0         0      
       boot_cortex_m.c.obj            40     0         0      
       copy_zero_init.c.obj           22     0         0      
       copy_decompress_none.c.obj     18     0         0      
       memcpy16.S.obj                 18     0         0      
       exit.c.obj                     6      0         0      
       pre_init.c.obj                 4      0         0      
    +--+------------------------------+------+---------+---------+
       Total:                         292    0         0      
                                                              
    /Applications/ti/ccs2040/ccs/tools/compiler/ti-cgt-armllvm_4.0.4.LTS/lib/armv6m-ti-none-eabi/c/libsysbm.a
       hostexit.c.obj                 4      0         0      
    +--+------------------------------+------+---------+---------+
       Total:                         4      0         0      
                                                              
    /Applications/ti/ccs2040/ccs/tools/compiler/ti-cgt-armllvm_4.0.4.LTS/lib/armv6m-ti-none-eabi/libclang_rt.builtins.a
       aeabi_uidivmod.S.obj           64     0         0      
       aeabi_memcpy.S.obj             8      0         0      
       aeabi_div0.c.obj               2      0         0      
    +--+------------------------------+------+---------+---------+
       Total:                         74     0         0      
                                                              
       Stack:                         0      0         512    
       Linker Generated:              0      48        0      
    +--+------------------------------+------+---------+---------+
       Grand Total:                   2210   264       940    


LINKER GENERATED COPY TABLES

__TI_cinit_table @ 000009a0 records: 2, size/record: 8, table size: 16
	.data: load addr=00000980, load size=0000000c bytes, run addr=20200000, run size=00000184 bytes, compression=lzss
	.bss: load addr=00000998, load size=00000008 bytes, run addr=20200184, run size=00000028 bytes, compression=zero_init


LINKER GENERATED HANDLER TABLE

__TI_handler_table @ 0000098c records: 3, size/record: 4, table size: 12
	index: 0, handler: __TI_decompress_lzss
	index: 1, handler: __TI_decompress_none
	index: 2, handler: __TI_zero_init


GLOBAL SYMBOLS: SORTED ALPHABETICALLY BY Name 

address   name                          
-------   ----                          
0000089d  ADC0_IRQHandler               
0000089d  ADC1_IRQHandler               
0000089d  AES_IRQHandler                
0000083d  ActivatePortA_B               
20200180  BusFreq                       
00000956  C$$EXIT                       
0000089d  CANFD0_IRQHandler             
0000090f  Clock_Delay                   
000000c1  Clock_Init80MHz               
2020019c  Count0                        
202001a0  Count1                        
202001a4  Count2                        
0000089d  DAC0_IRQHandler               
0000089d  DMA_IRQHandler                
0000089d  Default_Handler               
0000091f  Delay                         
0000089d  GROUP0_IRQHandler             
0000089d  GROUP1_IRQHandler             
00000957  HOSTexit                      
000008b9  HardFault_Handler             
0000089d  I2C0_IRQHandler               
0000089d  I2C1_IRQHandler               
20200000  JitterHistogram               
00000665  Jitter_Init                   
0000050d  LaunchPad_Init                
000006bd  Logic_Init                    
20200184  MaxJitter                     
0000089d  NMI_Handler                   
0000089d  PendSV_Handler                
0000089d  RTC_IRQHandler                
0000095b  Reset_Handler                 
0000089d  SPI0_IRQHandler               
0000089d  SPI1_IRQHandler               
0000089d  SVC_Handler                   
0000089d  SysTick_Handler               
0000089d  TIMA0_IRQHandler              
0000089d  TIMA1_IRQHandler              
0000089d  TIMG0_IRQHandler              
0000089d  TIMG12_IRQHandler             
0000089d  TIMG6_IRQHandler              
00000715  TIMG7_IRQHandler              
0000089d  TIMG8_IRQHandler              
000008eb  TI_memcpy_small               
000003c9  Task0                         
00000321  Task1                         
00000275  Task2                         
00000968  Tasks                         
00000931  TheTime                       
202001a8  ThisTask                      
00000605  TimerG12_Init                 
0000046d  TimerG7_IntArm                
0000093d  TogglePB1                     
0000089d  UART0_IRQHandler              
0000089d  UART1_IRQHandler              
0000089d  UART2_IRQHandler              
0000089d  UART3_IRQHandler              
20208000  __STACK_END                   
00000200  __STACK_SIZE                  
00000000  __TI_ATRegion0_region_sz      
00000000  __TI_ATRegion0_src_addr       
00000000  __TI_ATRegion0_trg_addr       
00000000  __TI_ATRegion1_region_sz      
00000000  __TI_ATRegion1_src_addr       
00000000  __TI_ATRegion1_trg_addr       
00000000  __TI_ATRegion2_region_sz      
00000000  __TI_ATRegion2_src_addr       
00000000  __TI_ATRegion2_trg_addr       
000009a0  __TI_CINIT_Base               
000009b0  __TI_CINIT_Limit              
000009b0  __TI_CINIT_Warm               
0000098c  __TI_Handler_Table_Base       
00000998  __TI_Handler_Table_Limit      
00000801  __TI_auto_init_nobinit_nopinit
00000589  __TI_decompress_lzss          
000008fd  __TI_decompress_none          
ffffffff  __TI_pprof_out_hndl           
ffffffff  __TI_prof_data_size           
ffffffff  __TI_prof_data_start          
00000000  __TI_static_base__            
000008d5  __TI_zero_init_nomemset       
0000092f  __aeabi_idiv0                 
00000949  __aeabi_memcpy                
00000949  __aeabi_memcpy4               
00000949  __aeabi_memcpy8               
000007c1  __aeabi_uidiv                 
000007c1  __aeabi_uidivmod              
ffffffff  __binit__                     
UNDEFED   __mpu_init                    
20207e00  __stack                       
20200000  __start___llvm_prf_bits       
20200000  __start___llvm_prf_cnts       
20200000  __stop___llvm_prf_bits        
20200000  __stop___llvm_prf_cnts        
00000875  _c_int00_noargs               
UNDEFED   _system_post_cinit            
0000095f  _system_pre_init              
00000951  abort                         
ffffffff  binit                         
00000000  interruptVectors              
0000076d  main                          


GLOBAL SYMBOLS: SORTED BY Symbol Address 

address   name                          
-------   ----                          
00000000  __TI_ATRegion0_region_sz      
00000000  __TI_ATRegion0_src_addr       
00000000  __TI_ATRegion0_trg_addr       
00000000  __TI_ATRegion1_region_sz      
00000000  __TI_ATRegion1_src_addr       
00000000  __TI_ATRegion1_trg_addr       
00000000  __TI_ATRegion2_region_sz      
00000000  __TI_ATRegion2_src_addr       
00000000  __TI_ATRegion2_trg_addr       
00000000  __TI_static_base__            
00000000  interruptVectors              
000000c1  Clock_Init80MHz               
00000200  __STACK_SIZE                  
00000275  Task2                         
00000321  Task1                         
000003c9  Task0                         
0000046d  TimerG7_IntArm                
0000050d  LaunchPad_Init                
00000589  __TI_decompress_lzss          
00000605  TimerG12_Init                 
00000665  Jitter_Init                   
000006bd  Logic_Init                    
00000715  TIMG7_IRQHandler              
0000076d  main                          
000007c1  __aeabi_uidiv                 
000007c1  __aeabi_uidivmod              
00000801  __TI_auto_init_nobinit_nopinit
0000083d  ActivatePortA_B               
00000875  _c_int00_noargs               
0000089d  ADC0_IRQHandler               
0000089d  ADC1_IRQHandler               
0000089d  AES_IRQHandler                
0000089d  CANFD0_IRQHandler             
0000089d  DAC0_IRQHandler               
0000089d  DMA_IRQHandler                
0000089d  Default_Handler               
0000089d  GROUP0_IRQHandler             
0000089d  GROUP1_IRQHandler             
0000089d  I2C0_IRQHandler               
0000089d  I2C1_IRQHandler               
0000089d  NMI_Handler                   
0000089d  PendSV_Handler                
0000089d  RTC_IRQHandler                
0000089d  SPI0_IRQHandler               
0000089d  SPI1_IRQHandler               
0000089d  SVC_Handler                   
0000089d  SysTick_Handler               
0000089d  TIMA0_IRQHandler              
0000089d  TIMA1_IRQHandler              
0000089d  TIMG0_IRQHandler              
0000089d  TIMG12_IRQHandler             
0000089d  TIMG6_IRQHandler              
0000089d  TIMG8_IRQHandler              
0000089d  UART0_IRQHandler              
0000089d  UART1_IRQHandler              
0000089d  UART2_IRQHandler              
0000089d  UART3_IRQHandler              
000008b9  HardFault_Handler             
000008d5  __TI_zero_init_nomemset       
000008eb  TI_memcpy_small               
000008fd  __TI_decompress_none          
0000090f  Clock_Delay                   
0000091f  Delay                         
0000092f  __aeabi_idiv0                 
00000931  TheTime                       
0000093d  TogglePB1                     
00000949  __aeabi_memcpy                
00000949  __aeabi_memcpy4               
00000949  __aeabi_memcpy8               
00000951  abort                         
00000956  C$$EXIT                       
00000957  HOSTexit                      
0000095b  Reset_Handler                 
0000095f  _system_pre_init              
00000968  Tasks                         
0000098c  __TI_Handler_Table_Base       
00000998  __TI_Handler_Table_Limit      
000009a0  __TI_CINIT_Base               
000009b0  __TI_CINIT_Limit              
000009b0  __TI_CINIT_Warm               
20200000  JitterHistogram               
20200000  __start___llvm_prf_bits       
20200000  __start___llvm_prf_cnts       
20200000  __stop___llvm_prf_bits        
20200000  __stop___llvm_prf_cnts        
20200180  BusFreq                       
20200184  MaxJitter                     
2020019c  Count0                        
202001a0  Count1                        
202001a4  Count2                        
202001a8  ThisTask                      
20207e00  __stack                       
20208000  __STACK_END                   
ffffffff  __TI_pprof_out_hndl           
ffffffff  __TI_prof_data_size           
ffffffff  __TI_prof_data_start          
ffffffff  __binit__                     
ffffffff  binit                         
UNDEFED   __mpu_init                    
UNDEFED   _system_post_cinit            

[100 symbols]
