<?xml version="1.0" encoding="ISO-8859-1" ?>
<link_info>
   <banner>TI ARM Clang Linker Unix v4.0.4.LTS</banner>
   <copyright>Copyright (c) 1996-2018 Texas Instruments Incorporated</copyright>
   <command_line>/Applications/ti/ccs2040/ccs/tools/compiler/ti-cgt-armllvm_4.0.4.LTS/bin/tiarmlnk -I/Applications/ti/ccs2040/ccs/tools/compiler/ti-cgt-armllvm_4.0.4.LTS/lib -o LD19Tester.out -mLD19Tester.map --stack_size=512 -i/Users/samarthkabbur/Documents/MSPM0LabProjects/LD19Tester/Debug/syscfg -i/Applications/ti/ccs2040/ccs/tools/compiler/ti-cgt-armllvm_4.0.4.LTS/lib --diag_wrap=off --display_error_number --warn_sections --xml_link_info=LD19Tester_linkInfo.xml --rom_model ./Clock.o ./LD19.o ./LaunchPad.o ./RTOS_LD19.o ./SPI.o ./ST7735_SDC.o ./Timer.o ./fixed.o ./ticlang/startup_mspm0g3507_ticlang.o ../mspm0g3507.cmd -l/Applications/ti/mspm0_sdk_2_09_00_01/source/ti/driverlib/lib/ticlang/m0p/mspm0g1x0x_g3x0x/driverlib.a -llibc.a --start-group -llibc++.a -llibc++abi.a -llibc.a -llibsys.a -llibsysbm.a -llibclang_rt.builtins.a -llibclang_rt.profile.a --end-group --cg_opt_level=0</command_line>
   <link_time>0x697a308c</link_time>
   <link_errors>0x0</link_errors>
   <output_file>/Users/samarthkabbur/Documents/MSPM0LabProjects/LD19Tester/Debug/LD19Tester.out</output_file>
   <entry_point>
      <name>_c_int00_noargs</name>
      <address>0x140d</address>
   </entry_point>
   <input_file_list>
      <input_file id="fl-1">
         <path>/Users/samarthkabbur/Documents/MSPM0LabProjects/LD19Tester/Debug/./</path>
         <kind>object</kind>
         <file>Clock.o</file>
         <name>Clock.o</name>
      </input_file>
      <input_file id="fl-2">
         <path>/Users/samarthkabbur/Documents/MSPM0LabProjects/LD19Tester/Debug/./</path>
         <kind>object</kind>
         <file>LD19.o</file>
         <name>LD19.o</name>
      </input_file>
      <input_file id="fl-3">
         <path>/Users/samarthkabbur/Documents/MSPM0LabProjects/LD19Tester/Debug/./</path>
         <kind>object</kind>
         <file>LaunchPad.o</file>
         <name>LaunchPad.o</name>
      </input_file>
      <input_file id="fl-4">
         <path>/Users/samarthkabbur/Documents/MSPM0LabProjects/LD19Tester/Debug/./</path>
         <kind>object</kind>
         <file>RTOS_LD19.o</file>
         <name>RTOS_LD19.o</name>
      </input_file>
      <input_file id="fl-5">
         <path>/Users/samarthkabbur/Documents/MSPM0LabProjects/LD19Tester/Debug/./</path>
         <kind>object</kind>
         <file>SPI.o</file>
         <name>SPI.o</name>
      </input_file>
      <input_file id="fl-6">
         <path>/Users/samarthkabbur/Documents/MSPM0LabProjects/LD19Tester/Debug/./</path>
         <kind>object</kind>
         <file>ST7735_SDC.o</file>
         <name>ST7735_SDC.o</name>
      </input_file>
      <input_file id="fl-7">
         <path>/Users/samarthkabbur/Documents/MSPM0LabProjects/LD19Tester/Debug/./</path>
         <kind>object</kind>
         <file>Timer.o</file>
         <name>Timer.o</name>
      </input_file>
      <input_file id="fl-8">
         <path>/Users/samarthkabbur/Documents/MSPM0LabProjects/LD19Tester/Debug/./</path>
         <kind>object</kind>
         <file>fixed.o</file>
         <name>fixed.o</name>
      </input_file>
      <input_file id="fl-9">
         <path>/Users/samarthkabbur/Documents/MSPM0LabProjects/LD19Tester/Debug/./ticlang/</path>
         <kind>object</kind>
         <file>startup_mspm0g3507_ticlang.o</file>
         <name>startup_mspm0g3507_ticlang.o</name>
      </input_file>
      <input_file id="fl-15">
         <path>/Users/samarthkabbur/Documents/MSPM0LabProjects/LD19Tester/Debug/</path>
         <kind>object</kind>
         <file>&lt;internal&gt;</file>
         <name>&lt;internal&gt;</name>
      </input_file>
      <input_file id="fl-2c">
         <path>/Applications/ti/ccs2040/ccs/tools/compiler/ti-cgt-armllvm_4.0.4.LTS/lib/armv6m-ti-none-eabi/c/</path>
         <kind>archive</kind>
         <file>libc.a</file>
         <name>fopen.c.obj</name>
      </input_file>
      <input_file id="fl-2d">
         <path>/Applications/ti/ccs2040/ccs/tools/compiler/ti-cgt-armllvm_4.0.4.LTS/lib/armv6m-ti-none-eabi/c/</path>
         <kind>archive</kind>
         <file>libc.a</file>
         <name>setvbuf.c.obj</name>
      </input_file>
      <input_file id="fl-2e">
         <path>/Applications/ti/ccs2040/ccs/tools/compiler/ti-cgt-armllvm_4.0.4.LTS/lib/armv6m-ti-none-eabi/c/</path>
         <kind>archive</kind>
         <file>libc.a</file>
         <name>aeabi_portable.c.obj</name>
      </input_file>
      <input_file id="fl-2f">
         <path>/Applications/ti/ccs2040/ccs/tools/compiler/ti-cgt-armllvm_4.0.4.LTS/lib/armv6m-ti-none-eabi/c/</path>
         <kind>archive</kind>
         <file>libc.a</file>
         <name>exit.c.obj</name>
      </input_file>
      <input_file id="fl-30">
         <path>/Applications/ti/ccs2040/ccs/tools/compiler/ti-cgt-armllvm_4.0.4.LTS/lib/armv6m-ti-none-eabi/c/</path>
         <kind>archive</kind>
         <file>libc.a</file>
         <name>_lock.c.obj</name>
      </input_file>
      <input_file id="fl-31">
         <path>/Applications/ti/ccs2040/ccs/tools/compiler/ti-cgt-armllvm_4.0.4.LTS/lib/armv6m-ti-none-eabi/c/</path>
         <kind>archive</kind>
         <file>libc.a</file>
         <name>assert.c.obj</name>
      </input_file>
      <input_file id="fl-32">
         <path>/Applications/ti/ccs2040/ccs/tools/compiler/ti-cgt-armllvm_4.0.4.LTS/lib/armv6m-ti-none-eabi/c/</path>
         <kind>archive</kind>
         <file>libc.a</file>
         <name>defs.c.obj</name>
      </input_file>
      <input_file id="fl-33">
         <path>/Applications/ti/ccs2040/ccs/tools/compiler/ti-cgt-armllvm_4.0.4.LTS/lib/armv6m-ti-none-eabi/c/</path>
         <kind>archive</kind>
         <file>libc.a</file>
         <name>memory.c.obj</name>
      </input_file>
      <input_file id="fl-34">
         <path>/Applications/ti/ccs2040/ccs/tools/compiler/ti-cgt-armllvm_4.0.4.LTS/lib/armv6m-ti-none-eabi/c/</path>
         <kind>archive</kind>
         <file>libc.a</file>
         <name>strlen.c.obj</name>
      </input_file>
      <input_file id="fl-35">
         <path>/Applications/ti/ccs2040/ccs/tools/compiler/ti-cgt-armllvm_4.0.4.LTS/lib/armv6m-ti-none-eabi/c/</path>
         <kind>archive</kind>
         <file>libc.a</file>
         <name>boot_cortex_m.c.obj</name>
      </input_file>
      <input_file id="fl-36">
         <path>/Applications/ti/ccs2040/ccs/tools/compiler/ti-cgt-armllvm_4.0.4.LTS/lib/armv6m-ti-none-eabi/c/</path>
         <kind>archive</kind>
         <file>libc.a</file>
         <name>mathacl_init.c.obj</name>
      </input_file>
      <input_file id="fl-37">
         <path>/Applications/ti/ccs2040/ccs/tools/compiler/ti-cgt-armllvm_4.0.4.LTS/lib/armv6m-ti-none-eabi/c/</path>
         <kind>archive</kind>
         <file>libc.a</file>
         <name>autoinit.c.obj</name>
      </input_file>
      <input_file id="fl-38">
         <path>/Applications/ti/ccs2040/ccs/tools/compiler/ti-cgt-armllvm_4.0.4.LTS/lib/armv6m-ti-none-eabi/c/</path>
         <kind>archive</kind>
         <file>libc.a</file>
         <name>pre_init.c.obj</name>
      </input_file>
      <input_file id="fl-39">
         <path>/Applications/ti/ccs2040/ccs/tools/compiler/ti-cgt-armllvm_4.0.4.LTS/lib/armv6m-ti-none-eabi/c/</path>
         <kind>archive</kind>
         <file>libc.a</file>
         <name>cpy_tbl.c.obj</name>
      </input_file>
      <input_file id="fl-3a">
         <path>/Applications/ti/ccs2040/ccs/tools/compiler/ti-cgt-armllvm_4.0.4.LTS/lib/armv6m-ti-none-eabi/c/</path>
         <kind>archive</kind>
         <file>libc.a</file>
         <name>copy_zero_init.c.obj</name>
      </input_file>
      <input_file id="fl-3b">
         <path>/Applications/ti/ccs2040/ccs/tools/compiler/ti-cgt-armllvm_4.0.4.LTS/lib/armv6m-ti-none-eabi/c/</path>
         <kind>archive</kind>
         <file>libc.a</file>
         <name>copy_decompress_none.c.obj</name>
      </input_file>
      <input_file id="fl-3c">
         <path>/Applications/ti/ccs2040/ccs/tools/compiler/ti-cgt-armllvm_4.0.4.LTS/lib/armv6m-ti-none-eabi/c/</path>
         <kind>archive</kind>
         <file>libc.a</file>
         <name>copy_decompress_lzss.c.obj</name>
      </input_file>
      <input_file id="fl-3d">
         <path>/Applications/ti/ccs2040/ccs/tools/compiler/ti-cgt-armllvm_4.0.4.LTS/lib/armv6m-ti-none-eabi/c/</path>
         <kind>archive</kind>
         <file>libc.a</file>
         <name>sprintf.c.obj</name>
      </input_file>
      <input_file id="fl-3e">
         <path>/Applications/ti/ccs2040/ccs/tools/compiler/ti-cgt-armllvm_4.0.4.LTS/lib/armv6m-ti-none-eabi/c/</path>
         <kind>archive</kind>
         <file>libc.a</file>
         <name>fclose.c.obj</name>
      </input_file>
      <input_file id="fl-3f">
         <path>/Applications/ti/ccs2040/ccs/tools/compiler/ti-cgt-armllvm_4.0.4.LTS/lib/armv6m-ti-none-eabi/c/</path>
         <kind>archive</kind>
         <file>libc.a</file>
         <name>fflush.c.obj</name>
      </input_file>
      <input_file id="fl-40">
         <path>/Applications/ti/ccs2040/ccs/tools/compiler/ti-cgt-armllvm_4.0.4.LTS/lib/armv6m-ti-none-eabi/c/</path>
         <kind>archive</kind>
         <file>libc.a</file>
         <name>fputs.c.obj</name>
      </input_file>
      <input_file id="fl-41">
         <path>/Applications/ti/ccs2040/ccs/tools/compiler/ti-cgt-armllvm_4.0.4.LTS/lib/armv6m-ti-none-eabi/c/</path>
         <kind>archive</kind>
         <file>libc.a</file>
         <name>_io_perm.c.obj</name>
      </input_file>
      <input_file id="fl-42">
         <path>/Applications/ti/ccs2040/ccs/tools/compiler/ti-cgt-armllvm_4.0.4.LTS/lib/armv6m-ti-none-eabi/c/</path>
         <kind>archive</kind>
         <file>libc.a</file>
         <name>args_main.c.obj</name>
      </input_file>
      <input_file id="fl-43">
         <path>/Applications/ti/ccs2040/ccs/tools/compiler/ti-cgt-armllvm_4.0.4.LTS/lib/armv6m-ti-none-eabi/c/</path>
         <kind>archive</kind>
         <file>libc.a</file>
         <name>_printfi.c.obj</name>
      </input_file>
      <input_file id="fl-44">
         <path>/Applications/ti/ccs2040/ccs/tools/compiler/ti-cgt-armllvm_4.0.4.LTS/lib/armv6m-ti-none-eabi/c/</path>
         <kind>archive</kind>
         <file>libc.a</file>
         <name>fseek.c.obj</name>
      </input_file>
      <input_file id="fl-45">
         <path>/Applications/ti/ccs2040/ccs/tools/compiler/ti-cgt-armllvm_4.0.4.LTS/lib/armv6m-ti-none-eabi/c/</path>
         <kind>archive</kind>
         <file>libc.a</file>
         <name>_ltoa.c.obj</name>
      </input_file>
      <input_file id="fl-46">
         <path>/Applications/ti/ccs2040/ccs/tools/compiler/ti-cgt-armllvm_4.0.4.LTS/lib/armv6m-ti-none-eabi/c/</path>
         <kind>archive</kind>
         <file>libc.a</file>
         <name>atoi.c.obj</name>
      </input_file>
      <input_file id="fl-47">
         <path>/Applications/ti/ccs2040/ccs/tools/compiler/ti-cgt-armllvm_4.0.4.LTS/lib/armv6m-ti-none-eabi/c/</path>
         <kind>archive</kind>
         <file>libc.a</file>
         <name>memccpy.c.obj</name>
      </input_file>
      <input_file id="fl-48">
         <path>/Applications/ti/ccs2040/ccs/tools/compiler/ti-cgt-armllvm_4.0.4.LTS/lib/armv6m-ti-none-eabi/c/</path>
         <kind>archive</kind>
         <file>libc.a</file>
         <name>s_frexp.c.obj</name>
      </input_file>
      <input_file id="fl-49">
         <path>/Applications/ti/ccs2040/ccs/tools/compiler/ti-cgt-armllvm_4.0.4.LTS/lib/armv6m-ti-none-eabi/c/</path>
         <kind>archive</kind>
         <file>libc.a</file>
         <name>s_scalbn.c.obj</name>
      </input_file>
      <input_file id="fl-4a">
         <path>/Applications/ti/ccs2040/ccs/tools/compiler/ti-cgt-armllvm_4.0.4.LTS/lib/armv6m-ti-none-eabi/c/</path>
         <kind>archive</kind>
         <file>libc.a</file>
         <name>wcslen.c.obj</name>
      </input_file>
      <input_file id="fl-4b">
         <path>/Applications/ti/ccs2040/ccs/tools/compiler/ti-cgt-armllvm_4.0.4.LTS/lib/armv6m-ti-none-eabi/c/</path>
         <kind>archive</kind>
         <file>libc.a</file>
         <name>aeabi_ctype.S.obj</name>
      </input_file>
      <input_file id="fl-eb">
         <path>/Applications/ti/ccs2040/ccs/tools/compiler/ti-cgt-armllvm_4.0.4.LTS/lib/armv6m-ti-none-eabi/c/</path>
         <kind>archive</kind>
         <file>libsysbm.a</file>
         <name>hostexit.c.obj</name>
      </input_file>
      <input_file id="fl-ec">
         <path>/Applications/ti/ccs2040/ccs/tools/compiler/ti-cgt-armllvm_4.0.4.LTS/lib/armv6m-ti-none-eabi/c/</path>
         <kind>archive</kind>
         <file>libsysbm.a</file>
         <name>write.c.obj</name>
      </input_file>
      <input_file id="fl-ed">
         <path>/Applications/ti/ccs2040/ccs/tools/compiler/ti-cgt-armllvm_4.0.4.LTS/lib/armv6m-ti-none-eabi/c/</path>
         <kind>archive</kind>
         <file>libsysbm.a</file>
         <name>host_device.c.obj</name>
      </input_file>
      <input_file id="fl-ee">
         <path>/Applications/ti/ccs2040/ccs/tools/compiler/ti-cgt-armllvm_4.0.4.LTS/lib/armv6m-ti-none-eabi/c/</path>
         <kind>archive</kind>
         <file>libsysbm.a</file>
         <name>remove.c.obj</name>
      </input_file>
      <input_file id="fl-ef">
         <path>/Applications/ti/ccs2040/ccs/tools/compiler/ti-cgt-armllvm_4.0.4.LTS/lib/armv6m-ti-none-eabi/c/</path>
         <kind>archive</kind>
         <file>libsysbm.a</file>
         <name>open.c.obj</name>
      </input_file>
      <input_file id="fl-f0">
         <path>/Applications/ti/ccs2040/ccs/tools/compiler/ti-cgt-armllvm_4.0.4.LTS/lib/armv6m-ti-none-eabi/c/</path>
         <kind>archive</kind>
         <file>libsysbm.a</file>
         <name>lseek.c.obj</name>
      </input_file>
      <input_file id="fl-f1">
         <path>/Applications/ti/ccs2040/ccs/tools/compiler/ti-cgt-armllvm_4.0.4.LTS/lib/armv6m-ti-none-eabi/c/</path>
         <kind>archive</kind>
         <file>libsysbm.a</file>
         <name>close.c.obj</name>
      </input_file>
      <input_file id="fl-f2">
         <path>/Applications/ti/ccs2040/ccs/tools/compiler/ti-cgt-armllvm_4.0.4.LTS/lib/armv6m-ti-none-eabi/c/</path>
         <kind>archive</kind>
         <file>libsysbm.a</file>
         <name>add_device.c.obj</name>
      </input_file>
      <input_file id="fl-f3">
         <path>/Applications/ti/ccs2040/ccs/tools/compiler/ti-cgt-armllvm_4.0.4.LTS/lib/armv6m-ti-none-eabi/c/</path>
         <kind>archive</kind>
         <file>libsysbm.a</file>
         <name>unlink.c.obj</name>
      </input_file>
      <input_file id="fl-f4">
         <path>/Applications/ti/ccs2040/ccs/tools/compiler/ti-cgt-armllvm_4.0.4.LTS/lib/armv6m-ti-none-eabi/c/</path>
         <kind>archive</kind>
         <file>libsysbm.a</file>
         <name>hostclose.c.obj</name>
      </input_file>
      <input_file id="fl-f5">
         <path>/Applications/ti/ccs2040/ccs/tools/compiler/ti-cgt-armllvm_4.0.4.LTS/lib/armv6m-ti-none-eabi/c/</path>
         <kind>archive</kind>
         <file>libsysbm.a</file>
         <name>hostlseek.c.obj</name>
      </input_file>
      <input_file id="fl-f6">
         <path>/Applications/ti/ccs2040/ccs/tools/compiler/ti-cgt-armllvm_4.0.4.LTS/lib/armv6m-ti-none-eabi/c/</path>
         <kind>archive</kind>
         <file>libsysbm.a</file>
         <name>hostopen.c.obj</name>
      </input_file>
      <input_file id="fl-f7">
         <path>/Applications/ti/ccs2040/ccs/tools/compiler/ti-cgt-armllvm_4.0.4.LTS/lib/armv6m-ti-none-eabi/c/</path>
         <kind>archive</kind>
         <file>libsysbm.a</file>
         <name>hostread.c.obj</name>
      </input_file>
      <input_file id="fl-f8">
         <path>/Applications/ti/ccs2040/ccs/tools/compiler/ti-cgt-armllvm_4.0.4.LTS/lib/armv6m-ti-none-eabi/c/</path>
         <kind>archive</kind>
         <file>libsysbm.a</file>
         <name>hostrename.c.obj</name>
      </input_file>
      <input_file id="fl-f9">
         <path>/Applications/ti/ccs2040/ccs/tools/compiler/ti-cgt-armllvm_4.0.4.LTS/lib/armv6m-ti-none-eabi/c/</path>
         <kind>archive</kind>
         <file>libsysbm.a</file>
         <name>hostunlink.c.obj</name>
      </input_file>
      <input_file id="fl-fa">
         <path>/Applications/ti/ccs2040/ccs/tools/compiler/ti-cgt-armllvm_4.0.4.LTS/lib/armv6m-ti-none-eabi/c/</path>
         <kind>archive</kind>
         <file>libsysbm.a</file>
         <name>hostwrite.c.obj</name>
      </input_file>
      <input_file id="fl-fb">
         <path>/Applications/ti/ccs2040/ccs/tools/compiler/ti-cgt-armllvm_4.0.4.LTS/lib/armv6m-ti-none-eabi/c/</path>
         <kind>archive</kind>
         <file>libsysbm.a</file>
         <name>trgmsg.c.obj</name>
      </input_file>
      <input_file id="fl-fc">
         <path>/Applications/ti/ccs2040/ccs/tools/compiler/ti-cgt-armllvm_4.0.4.LTS/lib/armv6m-ti-none-eabi/</path>
         <kind>archive</kind>
         <file>libclang_rt.builtins.a</file>
         <name>adddf3.S.obj</name>
      </input_file>
      <input_file id="fl-fd">
         <path>/Applications/ti/ccs2040/ccs/tools/compiler/ti-cgt-armllvm_4.0.4.LTS/lib/armv6m-ti-none-eabi/</path>
         <kind>archive</kind>
         <file>libclang_rt.builtins.a</file>
         <name>muldf3.S.obj</name>
      </input_file>
      <input_file id="fl-fe">
         <path>/Applications/ti/ccs2040/ccs/tools/compiler/ti-cgt-armllvm_4.0.4.LTS/lib/armv6m-ti-none-eabi/</path>
         <kind>archive</kind>
         <file>libclang_rt.builtins.a</file>
         <name>muldsi3.S.obj</name>
      </input_file>
      <input_file id="fl-ff">
         <path>/Applications/ti/ccs2040/ccs/tools/compiler/ti-cgt-armllvm_4.0.4.LTS/lib/armv6m-ti-none-eabi/</path>
         <kind>archive</kind>
         <file>libclang_rt.builtins.a</file>
         <name>divdf3.S.obj</name>
      </input_file>
      <input_file id="fl-100">
         <path>/Applications/ti/ccs2040/ccs/tools/compiler/ti-cgt-armllvm_4.0.4.LTS/lib/armv6m-ti-none-eabi/</path>
         <kind>archive</kind>
         <file>libclang_rt.builtins.a</file>
         <name>fixdfsi.S.obj</name>
      </input_file>
      <input_file id="fl-101">
         <path>/Applications/ti/ccs2040/ccs/tools/compiler/ti-cgt-armllvm_4.0.4.LTS/lib/armv6m-ti-none-eabi/</path>
         <kind>archive</kind>
         <file>libclang_rt.builtins.a</file>
         <name>floatsidf.S.obj</name>
      </input_file>
      <input_file id="fl-102">
         <path>/Applications/ti/ccs2040/ccs/tools/compiler/ti-cgt-armllvm_4.0.4.LTS/lib/armv6m-ti-none-eabi/</path>
         <kind>archive</kind>
         <file>libclang_rt.builtins.a</file>
         <name>muldi3.S.obj</name>
      </input_file>
      <input_file id="fl-103">
         <path>/Applications/ti/ccs2040/ccs/tools/compiler/ti-cgt-armllvm_4.0.4.LTS/lib/armv6m-ti-none-eabi/</path>
         <kind>archive</kind>
         <file>libclang_rt.builtins.a</file>
         <name>aeabi_dcmp.S.obj</name>
      </input_file>
      <input_file id="fl-104">
         <path>/Applications/ti/ccs2040/ccs/tools/compiler/ti-cgt-armllvm_4.0.4.LTS/lib/armv6m-ti-none-eabi/</path>
         <kind>archive</kind>
         <file>libclang_rt.builtins.a</file>
         <name>aeabi_idivmod.S.obj</name>
      </input_file>
      <input_file id="fl-105">
         <path>/Applications/ti/ccs2040/ccs/tools/compiler/ti-cgt-armllvm_4.0.4.LTS/lib/armv6m-ti-none-eabi/</path>
         <kind>archive</kind>
         <file>libclang_rt.builtins.a</file>
         <name>aeabi_memcpy.S.obj</name>
      </input_file>
      <input_file id="fl-106">
         <path>/Applications/ti/ccs2040/ccs/tools/compiler/ti-cgt-armllvm_4.0.4.LTS/lib/armv6m-ti-none-eabi/</path>
         <kind>archive</kind>
         <file>libclang_rt.builtins.a</file>
         <name>aeabi_memset.S.obj</name>
      </input_file>
      <input_file id="fl-107">
         <path>/Applications/ti/ccs2040/ccs/tools/compiler/ti-cgt-armllvm_4.0.4.LTS/lib/armv6m-ti-none-eabi/</path>
         <kind>archive</kind>
         <file>libclang_rt.builtins.a</file>
         <name>aeabi_uidivmod.S.obj</name>
      </input_file>
      <input_file id="fl-108">
         <path>/Applications/ti/ccs2040/ccs/tools/compiler/ti-cgt-armllvm_4.0.4.LTS/lib/armv6m-ti-none-eabi/</path>
         <kind>archive</kind>
         <file>libclang_rt.builtins.a</file>
         <name>aeabi_uldivmod.S.obj</name>
      </input_file>
      <input_file id="fl-109">
         <path>/Applications/ti/ccs2040/ccs/tools/compiler/ti-cgt-armllvm_4.0.4.LTS/lib/armv6m-ti-none-eabi/</path>
         <kind>archive</kind>
         <file>libclang_rt.builtins.a</file>
         <name>udivmoddi4.S.obj</name>
      </input_file>
      <input_file id="fl-10a">
         <path>/Applications/ti/ccs2040/ccs/tools/compiler/ti-cgt-armllvm_4.0.4.LTS/lib/armv6m-ti-none-eabi/</path>
         <kind>archive</kind>
         <file>libclang_rt.builtins.a</file>
         <name>ashldi3.S.obj</name>
      </input_file>
      <input_file id="fl-10b">
         <path>/Applications/ti/ccs2040/ccs/tools/compiler/ti-cgt-armllvm_4.0.4.LTS/lib/armv6m-ti-none-eabi/</path>
         <kind>archive</kind>
         <file>libclang_rt.builtins.a</file>
         <name>comparedf2.c.obj</name>
      </input_file>
      <input_file id="fl-10c">
         <path>/Applications/ti/ccs2040/ccs/tools/compiler/ti-cgt-armllvm_4.0.4.LTS/lib/armv6m-ti-none-eabi/</path>
         <kind>archive</kind>
         <file>libclang_rt.builtins.a</file>
         <name>aeabi_div0.c.obj</name>
      </input_file>
      <input_file id="fl-10d">
         <path>/Applications/ti/ccs2040/ccs/tools/compiler/ti-cgt-armllvm_4.0.4.LTS/lib/armv6m-ti-none-eabi/c/</path>
         <kind>archive</kind>
         <file>libc.a</file>
         <name>getdevice.c.obj</name>
      </input_file>
      <input_file id="fl-10e">
         <path>/Applications/ti/ccs2040/ccs/tools/compiler/ti-cgt-armllvm_4.0.4.LTS/lib/armv6m-ti-none-eabi/c/</path>
         <kind>archive</kind>
         <file>libc.a</file>
         <name>memcpy16.S.obj</name>
      </input_file>
      <input_file id="fl-10f">
         <path>/Applications/ti/ccs2040/ccs/tools/compiler/ti-cgt-armllvm_4.0.4.LTS/lib/armv6m-ti-none-eabi/c/</path>
         <kind>archive</kind>
         <file>libc.a</file>
         <name>memset16.S.obj</name>
      </input_file>
      <input_file id="fl-110">
         <path>/Applications/ti/ccs2040/ccs/tools/compiler/ti-cgt-armllvm_4.0.4.LTS/lib/armv6m-ti-none-eabi/c/</path>
         <kind>archive</kind>
         <file>libc.a</file>
         <name>strcmp-armv6m.S.obj</name>
      </input_file>
   </input_file_list>
   <object_component_list>
      <object_component id="oc-18">
         <name>.intvecs</name>
         <load_address>0x0</load_address>
         <readonly>true</readonly>
         <run_address>0x0</run_address>
         <size>0xc0</size>
         <alignment>0x4</alignment>
         <input_file_ref idref="fl-9"/>
      </object_component>
      <object_component id="oc-5c">
         <name>.text.copyHardwareToSoftwareLD19</name>
         <load_address>0xc0</load_address>
         <readonly>true</readonly>
         <executable>true</executable>
         <run_address>0xc0</run_address>
         <size>0x1e0</size>
         <alignment>0x4</alignment>
         <input_file_ref idref="fl-2"/>
      </object_component>
      <object_component id="oc-8f">
         <name>.text.Clock_Init80MHz</name>
         <load_address>0x2a0</load_address>
         <readonly>true</readonly>
         <executable>true</executable>
         <run_address>0x2a0</run_address>
         <size>0x1b4</size>
         <alignment>0x4</alignment>
         <input_file_ref idref="fl-1"/>
      </object_component>
      <object_component id="oc-122">
         <name>.text.ST7735_DrawChar</name>
         <load_address>0x454</load_address>
         <readonly>true</readonly>
         <executable>true</executable>
         <run_address>0x454</run_address>
         <size>0x1a4</size>
         <alignment>0x4</alignment>
         <input_file_ref idref="fl-6"/>
      </object_component>
      <object_component id="oc-a6">
         <name>.text.LD19_Init</name>
         <load_address>0x5f8</load_address>
         <readonly>true</readonly>
         <executable>true</executable>
         <run_address>0x5f8</run_address>
         <size>0x180</size>
         <alignment>0x4</alignment>
         <input_file_ref idref="fl-2"/>
      </object_component>
      <object_component id="oc-6c">
         <name>.text.main</name>
         <load_address>0x778</load_address>
         <readonly>true</readonly>
         <executable>true</executable>
         <run_address>0x778</run_address>
         <size>0x17c</size>
         <alignment>0x4</alignment>
         <input_file_ref idref="fl-4"/>
      </object_component>
      <object_component id="oc-99">
         <name>.text.SPI1_Init</name>
         <load_address>0x8f4</load_address>
         <readonly>true</readonly>
         <executable>true</executable>
         <run_address>0x8f4</run_address>
         <size>0x120</size>
         <alignment>0x4</alignment>
         <input_file_ref idref="fl-5"/>
      </object_component>
      <object_component id="oc-fc">
         <name>.text.ST7735_FillRect</name>
         <load_address>0xa14</load_address>
         <readonly>true</readonly>
         <executable>true</executable>
         <run_address>0xa14</run_address>
         <size>0x118</size>
         <alignment>0x4</alignment>
         <input_file_ref idref="fl-6"/>
      </object_component>
      <object_component id="oc-101">
         <name>.text.ST7735_OutChar</name>
         <load_address>0xb2c</load_address>
         <readonly>true</readonly>
         <executable>true</executable>
         <run_address>0xb2c</run_address>
         <size>0xd0</size>
         <alignment>0x4</alignment>
         <input_file_ref idref="fl-6"/>
      </object_component>
      <object_component id="oc-ac">
         <name>.text.cos540</name>
         <load_address>0xbfc</load_address>
         <readonly>true</readonly>
         <executable>true</executable>
         <run_address>0xbfc</run_address>
         <size>0xc0</size>
         <alignment>0x4</alignment>
         <input_file_ref idref="fl-8"/>
      </object_component>
      <object_component id="oc-ef">
         <name>.text.commandList</name>
         <load_address>0xcbc</load_address>
         <readonly>true</readonly>
         <executable>true</executable>
         <run_address>0xcbc</run_address>
         <size>0xa2</size>
         <alignment>0x2</alignment>
         <input_file_ref idref="fl-6"/>
      </object_component>
      <object_component id="oc-106">
         <name>.text.__aeabi_idiv0</name>
         <load_address>0xd5e</load_address>
         <readonly>true</readonly>
         <executable>true</executable>
         <run_address>0xd5e</run_address>
         <size>0x2</size>
         <alignment>0x2</alignment>
         <input_file_ref idref="fl-10c"/>
      </object_component>
      <object_component id="oc-9e">
         <name>.text.ST7735_InitR</name>
         <load_address>0xd60</load_address>
         <readonly>true</readonly>
         <executable>true</executable>
         <run_address>0xd60</run_address>
         <size>0x98</size>
         <alignment>0x4</alignment>
         <input_file_ref idref="fl-6"/>
      </object_component>
      <object_component id="oc-10c">
         <name>.text.setAddrWindow</name>
         <load_address>0xdf8</load_address>
         <readonly>true</readonly>
         <executable>true</executable>
         <run_address>0xdf8</run_address>
         <size>0x88</size>
         <alignment>0x4</alignment>
         <input_file_ref idref="fl-6"/>
      </object_component>
      <object_component id="oc-121">
         <name>.text.ST7735_DrawString</name>
         <load_address>0xe80</load_address>
         <readonly>true</readonly>
         <executable>true</executable>
         <run_address>0xe80</run_address>
         <size>0x84</size>
         <alignment>0x2</alignment>
         <input_file_ref idref="fl-6"/>
      </object_component>
      <object_component id="oc-94">
         <name>.text.LaunchPad_Init</name>
         <load_address>0xf04</load_address>
         <readonly>true</readonly>
         <executable>true</executable>
         <run_address>0xf04</run_address>
         <size>0x7c</size>
         <alignment>0x4</alignment>
         <input_file_ref idref="fl-3"/>
      </object_component>
      <object_component id="oc-1c">
         <name>.text:decompress:lzss</name>
         <load_address>0xf80</load_address>
         <readonly>true</readonly>
         <executable>true</executable>
         <run_address>0xf80</run_address>
         <size>0x7c</size>
         <alignment>0x4</alignment>
         <input_file_ref idref="fl-3c"/>
      </object_component>
      <object_component id="oc-b1">
         <name>.text.ST7735_DrawPixel</name>
         <load_address>0xffc</load_address>
         <readonly>true</readonly>
         <executable>true</executable>
         <run_address>0xffc</run_address>
         <size>0x70</size>
         <alignment>0x4</alignment>
         <input_file_ref idref="fl-6"/>
      </object_component>
      <object_component id="oc-f0">
         <name>.text.TFT_OutCommand</name>
         <load_address>0x106c</load_address>
         <readonly>true</readonly>
         <executable>true</executable>
         <run_address>0x106c</run_address>
         <size>0x64</size>
         <alignment>0x4</alignment>
         <input_file_ref idref="fl-5"/>
      </object_component>
      <object_component id="oc-f1">
         <name>.text.TFT_OutData</name>
         <load_address>0x10d0</load_address>
         <readonly>true</readonly>
         <executable>true</executable>
         <run_address>0x10d0</run_address>
         <size>0x64</size>
         <alignment>0x4</alignment>
         <input_file_ref idref="fl-5"/>
      </object_component>
      <object_component id="oc-ad">
         <name>.text.__aeabi_idivmod</name>
         <load_address>0x1134</load_address>
         <readonly>true</readonly>
         <executable>true</executable>
         <run_address>0x1134</run_address>
         <size>0x56</size>
         <alignment>0x4</alignment>
         <input_file_ref idref="fl-104"/>
      </object_component>
      <object_component id="oc-7b">
         <name>.text.LD19Fifo_Put</name>
         <load_address>0x118c</load_address>
         <readonly>true</readonly>
         <executable>true</executable>
         <run_address>0x118c</run_address>
         <size>0x4c</size>
         <alignment>0x4</alignment>
         <input_file_ref idref="fl-2"/>
      </object_component>
      <object_component id="oc-35">
         <name>.text.UART3_IRQHandler</name>
         <load_address>0x11d8</load_address>
         <readonly>true</readonly>
         <executable>true</executable>
         <run_address>0x11d8</run_address>
         <size>0x48</size>
         <alignment>0x4</alignment>
         <input_file_ref idref="fl-2"/>
      </object_component>
      <object_component id="oc-ea">
         <name>.text.SPI1_Reset</name>
         <load_address>0x1220</load_address>
         <readonly>true</readonly>
         <executable>true</executable>
         <run_address>0x1220</run_address>
         <size>0x40</size>
         <alignment>0x4</alignment>
         <input_file_ref idref="fl-5"/>
      </object_component>
      <object_component id="oc-e6">
         <name>.text.__aeabi_uidivmod</name>
         <load_address>0x1260</load_address>
         <readonly>true</readonly>
         <executable>true</executable>
         <run_address>0x1260</run_address>
         <size>0x40</size>
         <alignment>0x4</alignment>
         <input_file_ref idref="fl-107"/>
      </object_component>
      <object_component id="oc-c1">
         <name>.text:__TI_auto_init_nobinit_nopinit</name>
         <load_address>0x12a0</load_address>
         <readonly>true</readonly>
         <executable>true</executable>
         <run_address>0x12a0</run_address>
         <size>0x3c</size>
         <alignment>0x4</alignment>
         <input_file_ref idref="fl-37"/>
      </object_component>
      <object_component id="oc-e0">
         <name>.text.ActivatePortA_B</name>
         <load_address>0x12dc</load_address>
         <readonly>true</readonly>
         <executable>true</executable>
         <run_address>0x12dc</run_address>
         <size>0x38</size>
         <alignment>0x4</alignment>
         <input_file_ref idref="fl-3"/>
      </object_component>
      <object_component id="oc-b4">
         <name>.text.Clock_Delay1ms</name>
         <load_address>0x1314</load_address>
         <readonly>true</readonly>
         <executable>true</executable>
         <run_address>0x1314</run_address>
         <size>0x34</size>
         <alignment>0x4</alignment>
         <input_file_ref idref="fl-1"/>
      </object_component>
      <object_component id="oc-a4">
         <name>.text.ST7735_SetCursor</name>
         <load_address>0x1348</load_address>
         <readonly>true</readonly>
         <executable>true</executable>
         <run_address>0x1348</run_address>
         <size>0x34</size>
         <alignment>0x4</alignment>
         <input_file_ref idref="fl-6"/>
      </object_component>
      <object_component id="oc-a7">
         <name>.text.sin540</name>
         <load_address>0x137c</load_address>
         <readonly>true</readonly>
         <executable>true</executable>
         <run_address>0x137c</run_address>
         <size>0x34</size>
         <alignment>0x4</alignment>
         <input_file_ref idref="fl-8"/>
      </object_component>
      <object_component id="oc-ee">
         <name>.text.commonInit</name>
         <load_address>0x13b0</load_address>
         <readonly>true</readonly>
         <executable>true</executable>
         <run_address>0x13b0</run_address>
         <size>0x30</size>
         <alignment>0x4</alignment>
         <input_file_ref idref="fl-6"/>
      </object_component>
      <object_component id="oc-a3">
         <name>.text.ST7735_FillScreen</name>
         <load_address>0x13e0</load_address>
         <readonly>true</readonly>
         <executable>true</executable>
         <run_address>0x13e0</run_address>
         <size>0x2c</size>
         <alignment>0x4</alignment>
         <input_file_ref idref="fl-6"/>
      </object_component>
      <object_component id="oc-55">
         <name>.text:_c_int00_noargs</name>
         <load_address>0x140c</load_address>
         <readonly>true</readonly>
         <executable>true</executable>
         <run_address>0x140c</run_address>
         <size>0x28</size>
         <alignment>0x4</alignment>
         <input_file_ref idref="fl-35"/>
      </object_component>
      <object_component id="oc-a5">
         <name>.text.ST7735_OutString</name>
         <load_address>0x1434</load_address>
         <readonly>true</readonly>
         <executable>true</executable>
         <run_address>0x1434</run_address>
         <size>0x26</size>
         <alignment>0x2</alignment>
         <input_file_ref idref="fl-6"/>
      </object_component>
      <object_component id="oc-e3">
         <name>.text.CS_Init</name>
         <load_address>0x145c</load_address>
         <readonly>true</readonly>
         <executable>true</executable>
         <run_address>0x145c</run_address>
         <size>0x24</size>
         <alignment>0x4</alignment>
         <input_file_ref idref="fl-5"/>
      </object_component>
      <object_component id="oc-b3">
         <name>.text.LaunchPad_InS2</name>
         <load_address>0x1480</load_address>
         <readonly>true</readonly>
         <executable>true</executable>
         <run_address>0x1480</run_address>
         <size>0x20</size>
         <alignment>0x4</alignment>
         <input_file_ref idref="fl-3"/>
      </object_component>
      <object_component id="oc-10d">
         <name>.text.pushColor</name>
         <load_address>0x14a0</load_address>
         <readonly>true</readonly>
         <executable>true</executable>
         <run_address>0x14a0</run_address>
         <size>0x1e</size>
         <alignment>0x2</alignment>
         <input_file_ref idref="fl-6"/>
      </object_component>
      <object_component id="oc-33">
         <name>.text.Default_Handler</name>
         <load_address>0x14c0</load_address>
         <readonly>true</readonly>
         <executable>true</executable>
         <run_address>0x14c0</run_address>
         <size>0x1c</size>
         <alignment>0x4</alignment>
         <input_file_ref idref="fl-9"/>
      </object_component>
      <object_component id="oc-34">
         <name>.text.HardFault_Handler</name>
         <load_address>0x14dc</load_address>
         <readonly>true</readonly>
         <executable>true</executable>
         <run_address>0x14dc</run_address>
         <size>0x1c</size>
         <alignment>0x4</alignment>
         <input_file_ref idref="fl-9"/>
      </object_component>
      <object_component id="oc-b2">
         <name>.text.LaunchPad_InS1</name>
         <load_address>0x14f8</load_address>
         <readonly>true</readonly>
         <executable>true</executable>
         <run_address>0x14f8</run_address>
         <size>0x1c</size>
         <alignment>0x4</alignment>
         <input_file_ref idref="fl-3"/>
      </object_component>
      <object_component id="oc-102">
         <name>.text.LD19Fifo_Init</name>
         <load_address>0x1514</load_address>
         <readonly>true</readonly>
         <executable>true</executable>
         <run_address>0x1514</run_address>
         <size>0x14</size>
         <alignment>0x4</alignment>
         <input_file_ref idref="fl-2"/>
      </object_component>
      <object_component id="oc-85">
         <name>.text:TI_memcpy_small</name>
         <load_address>0x1528</load_address>
         <readonly>true</readonly>
         <executable>true</executable>
         <run_address>0x1528</run_address>
         <size>0x12</size>
         <alignment>0x1</alignment>
         <input_file_ref idref="fl-10e"/>
      </object_component>
      <object_component id="oc-20">
         <name>.text:decompress:none</name>
         <load_address>0x153a</load_address>
         <readonly>true</readonly>
         <executable>true</executable>
         <run_address>0x153a</run_address>
         <size>0x12</size>
         <alignment>0x2</alignment>
         <input_file_ref idref="fl-3b"/>
      </object_component>
      <object_component id="oc-e5">
         <name>.text.Clock_Delay</name>
         <load_address>0x154c</load_address>
         <readonly>true</readonly>
         <executable>true</executable>
         <run_address>0x154c</run_address>
         <size>0x10</size>
         <alignment>0x2</alignment>
         <input_file_ref idref="fl-1"/>
      </object_component>
      <object_component id="oc-11f">
         <name>.text.Delay</name>
         <load_address>0x155c</load_address>
         <readonly>true</readonly>
         <executable>true</executable>
         <run_address>0x155c</run_address>
         <size>0x10</size>
         <alignment>0x2</alignment>
         <input_file_ref idref="fl-3"/>
      </object_component>
      <object_component id="oc-52">
         <name>.text:decompress:ZI</name>
         <load_address>0x156c</load_address>
         <readonly>true</readonly>
         <executable>true</executable>
         <run_address>0x156c</run_address>
         <size>0x10</size>
         <alignment>0x2</alignment>
         <input_file_ref idref="fl-3a"/>
      </object_component>
      <object_component id="oc-d7">
         <name>.text:TI_memset_small</name>
         <load_address>0x157c</load_address>
         <readonly>true</readonly>
         <executable>true</executable>
         <run_address>0x157c</run_address>
         <size>0xe</size>
         <alignment>0x1</alignment>
         <input_file_ref idref="fl-10f"/>
      </object_component>
      <object_component id="oc-e4">
         <name>.text.Clock_Freq</name>
         <load_address>0x158c</load_address>
         <readonly>true</readonly>
         <executable>true</executable>
         <run_address>0x158c</run_address>
         <size>0xc</size>
         <alignment>0x4</alignment>
         <input_file_ref idref="fl-1"/>
      </object_component>
      <object_component id="oc-63">
         <name>.text.__aeabi_memclr</name>
         <load_address>0x1598</load_address>
         <readonly>true</readonly>
         <executable>true</executable>
         <run_address>0x1598</run_address>
         <size>0xc</size>
         <alignment>0x4</alignment>
         <input_file_ref idref="fl-106"/>
      </object_component>
      <object_component id="oc-45">
         <name>.text.__aeabi_memcpy</name>
         <load_address>0x15a4</load_address>
         <readonly>true</readonly>
         <executable>true</executable>
         <run_address>0x15a4</run_address>
         <size>0x8</size>
         <alignment>0x4</alignment>
         <input_file_ref idref="fl-105"/>
      </object_component>
      <object_component id="oc-ba">
         <name>.text:abort</name>
         <load_address>0x15ac</load_address>
         <readonly>true</readonly>
         <executable>true</executable>
         <run_address>0x15ac</run_address>
         <size>0x6</size>
         <alignment>0x2</alignment>
         <input_file_ref idref="fl-2f"/>
      </object_component>
      <object_component id="oc-10e">
         <name>.text.HOSTexit</name>
         <load_address>0x15b2</load_address>
         <readonly>true</readonly>
         <executable>true</executable>
         <run_address>0x15b2</run_address>
         <size>0x4</size>
         <alignment>0x2</alignment>
         <input_file_ref idref="fl-eb"/>
      </object_component>
      <object_component id="oc-2f">
         <name>.text.Reset_Handler</name>
         <load_address>0x15b6</load_address>
         <readonly>true</readonly>
         <executable>true</executable>
         <run_address>0x15b6</run_address>
         <size>0x4</size>
         <alignment>0x2</alignment>
         <input_file_ref idref="fl-9"/>
      </object_component>
      <object_component id="oc-68">
         <name>.text._system_pre_init</name>
         <load_address>0x15ba</load_address>
         <readonly>true</readonly>
         <executable>true</executable>
         <run_address>0x15ba</run_address>
         <size>0x4</size>
         <alignment>0x2</alignment>
         <input_file_ref idref="fl-38"/>
      </object_component>
      <object_component id="oc-174">
         <name>.cinit..data.load</name>
         <load_address>0x1b80</load_address>
         <readonly>true</readonly>
         <run_address>0x1b80</run_address>
         <size>0x6b4</size>
         <alignment>0x1</alignment>
      </object_component>
      <object_component id="oc-172">
         <name>__TI_handler_table</name>
         <load_address>0x2234</load_address>
         <readonly>true</readonly>
         <run_address>0x2234</run_address>
         <size>0xc</size>
         <alignment>0x4</alignment>
      </object_component>
      <object_component id="oc-175">
         <name>.cinit..bss.load</name>
         <load_address>0x2240</load_address>
         <readonly>true</readonly>
         <run_address>0x2240</run_address>
         <size>0x8</size>
         <alignment>0x4</alignment>
      </object_component>
      <object_component id="oc-173">
         <name>__TI_cinit_table</name>
         <load_address>0x2248</load_address>
         <readonly>true</readonly>
         <run_address>0x2248</run_address>
         <size>0x10</size>
         <alignment>0x4</alignment>
      </object_component>
      <object_component id="oc-132">
         <name>.rodata.Font</name>
         <load_address>0x15c0</load_address>
         <readonly>true</readonly>
         <run_address>0x15c0</run_address>
         <size>0x4fb</size>
         <alignment>0x1</alignment>
         <input_file_ref idref="fl-6"/>
      </object_component>
      <object_component id="oc-f2">
         <name>.rodata.Rcmd1</name>
         <load_address>0x1abb</load_address>
         <readonly>true</readonly>
         <run_address>0x1abb</run_address>
         <size>0x3b</size>
         <alignment>0x1</alignment>
         <input_file_ref idref="fl-6"/>
      </object_component>
      <object_component id="oc-f7">
         <name>.rodata.Rcmd3</name>
         <load_address>0x1af6</load_address>
         <readonly>true</readonly>
         <run_address>0x1af6</run_address>
         <size>0x2b</size>
         <alignment>0x1</alignment>
         <input_file_ref idref="fl-6"/>
      </object_component>
      <object_component id="oc-b7">
         <name>.rodata.Colors</name>
         <load_address>0x1b24</load_address>
         <readonly>true</readonly>
         <run_address>0x1b24</run_address>
         <size>0x20</size>
         <alignment>0x4</alignment>
         <input_file_ref idref="fl-4"/>
      </object_component>
      <object_component id="oc-123">
         <name>.rodata.str1.18061791561094498689.1</name>
         <load_address>0x1b44</load_address>
         <readonly>true</readonly>
         <run_address>0x1b44</run_address>
         <size>0x16</size>
         <alignment>0x1</alignment>
         <input_file_ref idref="fl-6"/>
      </object_component>
      <object_component id="oc-f4">
         <name>.rodata.Rcmd2green</name>
         <load_address>0x1b5a</load_address>
         <readonly>true</readonly>
         <run_address>0x1b5a</run_address>
         <size>0xd</size>
         <alignment>0x1</alignment>
         <input_file_ref idref="fl-6"/>
      </object_component>
      <object_component id="oc-f3">
         <name>.rodata.Rcmd2red</name>
         <load_address>0x1b67</load_address>
         <readonly>true</readonly>
         <run_address>0x1b67</run_address>
         <size>0xd</size>
         <alignment>0x1</alignment>
         <input_file_ref idref="fl-6"/>
      </object_component>
      <object_component id="oc-b5">
         <name>.rodata.str1.2267697101658364437.1</name>
         <load_address>0x1b74</load_address>
         <readonly>true</readonly>
         <run_address>0x1b74</run_address>
         <size>0xb</size>
         <alignment>0x1</alignment>
         <input_file_ref idref="fl-4"/>
      </object_component>
      <object_component id="oc-13c">
         <name>.binit</name>
         <load_address>0x0</load_address>
         <readonly>true</readonly>
         <run_address>0x0</run_address>
         <size>0x0</size>
         <alignment>0x4</alignment>
      </object_component>
      <object_component id="oc-dd">
         <name>.data.BusFreq</name>
         <load_address>0x20200878</load_address>
         <readwrite>true</readwrite>
         <run_address>0x20200878</run_address>
         <size>0x4</size>
         <alignment>0x4</alignment>
         <input_file_ref idref="fl-1"/>
      </object_component>
      <object_component id="oc-80">
         <name>.data.BadCnt</name>
         <load_address>0x20200870</load_address>
         <readwrite>true</readwrite>
         <run_address>0x20200870</run_address>
         <size>0x4</size>
         <alignment>0x4</alignment>
         <input_file_ref idref="fl-2"/>
      </object_component>
      <object_component id="oc-82">
         <name>.data.BadDistance</name>
         <load_address>0x20200874</load_address>
         <readwrite>true</readwrite>
         <run_address>0x20200874</run_address>
         <size>0x4</size>
         <alignment>0x4</alignment>
         <input_file_ref idref="fl-2"/>
      </object_component>
      <object_component id="oc-eb">
         <name>.data.SPI1_init_Flag</name>
         <load_address>0x2020087c</load_address>
         <readwrite>true</readwrite>
         <run_address>0x2020087c</run_address>
         <size>0x4</size>
         <alignment>0x4</alignment>
         <input_file_ref idref="fl-5"/>
      </object_component>
      <object_component id="oc-ff">
         <name>.data.StX</name>
         <load_address>0x20200880</load_address>
         <readwrite>true</readwrite>
         <run_address>0x20200880</run_address>
         <size>0x4</size>
         <alignment>0x4</alignment>
         <input_file_ref idref="fl-6"/>
      </object_component>
      <object_component id="oc-100">
         <name>.data.StY</name>
         <load_address>0x20200884</load_address>
         <readwrite>true</readwrite>
         <run_address>0x20200884</run_address>
         <size>0x4</size>
         <alignment>0x4</alignment>
         <input_file_ref idref="fl-6"/>
      </object_component>
      <object_component id="oc-f9">
         <name>.data.StTextColor</name>
         <load_address>0x20200888</load_address>
         <readwrite>true</readwrite>
         <run_address>0x20200888</run_address>
         <size>0x2</size>
         <alignment>0x2</alignment>
         <input_file_ref idref="fl-6"/>
      </object_component>
      <object_component id="oc-fd">
         <name>.data._width</name>
         <load_address>0x2020088c</load_address>
         <readwrite>true</readwrite>
         <run_address>0x2020088c</run_address>
         <size>0x2</size>
         <alignment>0x2</alignment>
         <input_file_ref idref="fl-6"/>
      </object_component>
      <object_component id="oc-fe">
         <name>.data._height</name>
         <load_address>0x2020088a</load_address>
         <readwrite>true</readwrite>
         <run_address>0x2020088a</run_address>
         <size>0x2</size>
         <alignment>0x2</alignment>
         <input_file_ref idref="fl-6"/>
      </object_component>
      <object_component id="oc-103">
         <name>.data.SinTab540</name>
         <load_address>0x20200000</load_address>
         <readwrite>true</readwrite>
         <run_address>0x20200000</run_address>
         <size>0x870</size>
         <alignment>0x4</alignment>
         <input_file_ref idref="fl-8"/>
      </object_component>
      <object_component id="oc-d4">
         <name>.bss.LD19GetI</name>
         <uninitialized>true</uninitialized>
         <readwrite>true</readwrite>
         <run_address>0x20200d48</run_address>
         <size>0x4</size>
         <alignment>0x4</alignment>
         <input_file_ref idref="fl-2"/>
      </object_component>
      <object_component id="oc-d3">
         <name>.bss.LD19PutI</name>
         <uninitialized>true</uninitialized>
         <readwrite>true</readwrite>
         <run_address>0x20200d4c</run_address>
         <size>0x4</size>
         <alignment>0x4</alignment>
         <input_file_ref idref="fl-2"/>
      </object_component>
      <object_component id="oc-d5">
         <name>.bss.LD19Fifo</name>
         <uninitialized>true</uninitialized>
         <readwrite>true</readwrite>
         <run_address>0x20200cc8</run_address>
         <size>0x40</size>
         <alignment>0x1</alignment>
         <input_file_ref idref="fl-2"/>
      </object_component>
      <object_component id="oc-f5">
         <name>.bss.ColStart</name>
         <uninitialized>true</uninitialized>
         <readwrite>true</readwrite>
         <run_address>0x20200d64</run_address>
         <size>0x1</size>
         <alignment>0x1</alignment>
         <input_file_ref idref="fl-6"/>
      </object_component>
      <object_component id="oc-f6">
         <name>.bss.RowStart</name>
         <uninitialized>true</uninitialized>
         <readwrite>true</readwrite>
         <run_address>0x20200d65</run_address>
         <size>0x1</size>
         <alignment>0x1</alignment>
         <input_file_ref idref="fl-6"/>
      </object_component>
      <object_component id="oc-f8">
         <name>.bss.TabColor</name>
         <uninitialized>true</uninitialized>
         <readwrite>true</readwrite>
         <run_address>0x20200d66</run_address>
         <size>0x1</size>
         <alignment>0x1</alignment>
         <input_file_ref idref="fl-6"/>
      </object_component>
      <object_component id="oc-7c">
         <name>.common:Distances</name>
         <uninitialized>true</uninitialized>
         <readwrite>true</readwrite>
         <run_address>0x20200d54</run_address>
         <size>0x4</size>
         <alignment>0x4</alignment>
      </object_component>
      <object_component id="oc-7d">
         <name>.common:LD19Index</name>
         <uninitialized>true</uninitialized>
         <readwrite>true</readwrite>
         <run_address>0x20200d58</run_address>
         <size>0x4</size>
         <alignment>0x4</alignment>
      </object_component>
      <object_component id="oc-81">
         <name>.common:LD19LastByte</name>
         <uninitialized>true</uninitialized>
         <readwrite>true</readwrite>
         <run_address>0x20200d67</run_address>
         <size>0x1</size>
         <alignment>0x1</alignment>
      </object_component>
      <object_component id="oc-7e">
         <name>.common:LD19DataMessage</name>
         <uninitialized>true</uninitialized>
         <readwrite>true</readwrite>
         <run_address>0x20200d08</run_address>
         <size>0x40</size>
         <alignment>0x1</alignment>
      </object_component>
      <object_component id="oc-84">
         <name>.common:LostDataLD19</name>
         <uninitialized>true</uninitialized>
         <readwrite>true</readwrite>
         <run_address>0x20200d5c</run_address>
         <size>0x4</size>
         <alignment>0x4</alignment>
      </object_component>
      <object_component id="oc-7f">
         <name>.common:StartAngle</name>
         <uninitialized>true</uninitialized>
         <readwrite>true</readwrite>
         <run_address>0x20200d60</run_address>
         <size>0x4</size>
         <alignment>0x4</alignment>
      </object_component>
      <object_component id="oc-83">
         <name>.common:BadIntensity</name>
         <uninitialized>true</uninitialized>
         <readwrite>true</readwrite>
         <run_address>0x20200d50</run_address>
         <size>0x4</size>
         <alignment>0x4</alignment>
      </object_component>
      <object_component id="oc-b6">
         <name>.common:Data</name>
         <uninitialized>true</uninitialized>
         <readwrite>true</readwrite>
         <run_address>0x20200890</run_address>
         <size>0x438</size>
         <alignment>0x2</alignment>
      </object_component>
      <object_component id="oc-1a">
         <name>.stack</name>
         <uninitialized>true</uninitialized>
         <readwrite>true</readwrite>
         <run_address>0x20207e00</run_address>
         <size>0x4</size>
         <alignment>0x4</alignment>
         <input_file_ref idref="fl-35"/>
      </object_component>
      <object_component id="oc-177">
         <name>.stack</name>
         <uninitialized>true</uninitialized>
         <readwrite>true</readwrite>
         <run_address>0x20207e00</run_address>
         <size>0x0</size>
         <alignment>0x8</alignment>
      </object_component>
      <object_component id="oc-de">
         <name>.debug_abbrev</name>
         <load_address>0x0</load_address>
         <run_address>0x0</run_address>
         <size>0x16c</size>
         <alignment>0x1</alignment>
         <input_file_ref idref="fl-1"/>
      </object_component>
      <object_component id="oc-5d">
         <name>.debug_abbrev</name>
         <load_address>0x16c</load_address>
         <run_address>0x16c</run_address>
         <size>0x1c3</size>
         <alignment>0x1</alignment>
         <input_file_ref idref="fl-2"/>
      </object_component>
      <object_component id="oc-e1">
         <name>.debug_abbrev</name>
         <load_address>0x32f</load_address>
         <run_address>0x32f</run_address>
         <size>0x10d</size>
         <alignment>0x1</alignment>
         <input_file_ref idref="fl-3"/>
      </object_component>
      <object_component id="oc-b8">
         <name>.debug_abbrev</name>
         <load_address>0x43c</load_address>
         <run_address>0x43c</run_address>
         <size>0xed</size>
         <alignment>0x1</alignment>
         <input_file_ref idref="fl-4"/>
      </object_component>
      <object_component id="oc-ec">
         <name>.debug_abbrev</name>
         <load_address>0x529</load_address>
         <run_address>0x529</run_address>
         <size>0x12b</size>
         <alignment>0x1</alignment>
         <input_file_ref idref="fl-5"/>
      </object_component>
      <object_component id="oc-fa">
         <name>.debug_abbrev</name>
         <load_address>0x654</load_address>
         <run_address>0x654</run_address>
         <size>0x174</size>
         <alignment>0x1</alignment>
         <input_file_ref idref="fl-6"/>
      </object_component>
      <object_component id="oc-104">
         <name>.debug_abbrev</name>
         <load_address>0x7c8</load_address>
         <run_address>0x7c8</run_address>
         <size>0x88</size>
         <alignment>0x1</alignment>
         <input_file_ref idref="fl-8"/>
      </object_component>
      <object_component id="oc-3a">
         <name>.debug_abbrev</name>
         <load_address>0x850</load_address>
         <run_address>0x850</run_address>
         <size>0x6d</size>
         <alignment>0x1</alignment>
         <input_file_ref idref="fl-9"/>
      </object_component>
      <object_component id="oc-112">
         <name>.debug_abbrev</name>
         <load_address>0x8bd</load_address>
         <run_address>0x8bd</run_address>
         <size>0x98</size>
         <alignment>0x1</alignment>
         <input_file_ref idref="fl-2f"/>
      </object_component>
      <object_component id="oc-3c">
         <name>.debug_abbrev</name>
         <load_address>0x955</load_address>
         <run_address>0x955</run_address>
         <size>0xaf</size>
         <alignment>0x1</alignment>
         <input_file_ref idref="fl-35"/>
      </object_component>
      <object_component id="oc-118">
         <name>.debug_abbrev</name>
         <load_address>0xa04</load_address>
         <run_address>0xa04</run_address>
         <size>0x170</size>
         <alignment>0x1</alignment>
         <input_file_ref idref="fl-37"/>
      </object_component>
      <object_component id="oc-8d">
         <name>.debug_abbrev</name>
         <load_address>0xb74</load_address>
         <run_address>0xb74</run_address>
         <size>0x39</size>
         <alignment>0x1</alignment>
         <input_file_ref idref="fl-38"/>
      </object_component>
      <object_component id="oc-61">
         <name>.debug_abbrev</name>
         <load_address>0xbad</load_address>
         <run_address>0xbad</run_address>
         <size>0xc2</size>
         <alignment>0x1</alignment>
         <input_file_ref idref="fl-3a"/>
      </object_component>
      <object_component id="oc-49">
         <name>.debug_abbrev</name>
         <load_address>0xc6f</load_address>
         <run_address>0xc6f</run_address>
         <size>0x70</size>
         <alignment>0x1</alignment>
         <input_file_ref idref="fl-3b"/>
      </object_component>
      <object_component id="oc-41">
         <name>.debug_abbrev</name>
         <load_address>0xcdf</load_address>
         <run_address>0xcdf</run_address>
         <size>0x8d</size>
         <alignment>0x1</alignment>
         <input_file_ref idref="fl-3c"/>
      </object_component>
      <object_component id="oc-127">
         <name>.debug_abbrev</name>
         <load_address>0xd6c</load_address>
         <run_address>0xd6c</run_address>
         <size>0x2c</size>
         <alignment>0x1</alignment>
         <input_file_ref idref="fl-eb"/>
      </object_component>
      <object_component id="oc-10b">
         <name>.debug_abbrev</name>
         <load_address>0xd98</load_address>
         <run_address>0xd98</run_address>
         <size>0x27</size>
         <alignment>0x1</alignment>
         <input_file_ref idref="fl-104"/>
      </object_component>
      <object_component id="oc-60">
         <name>.debug_abbrev</name>
         <load_address>0xdbf</load_address>
         <run_address>0xdbf</run_address>
         <size>0x27</size>
         <alignment>0x1</alignment>
         <input_file_ref idref="fl-105"/>
      </object_component>
      <object_component id="oc-8c">
         <name>.debug_abbrev</name>
         <load_address>0xde6</load_address>
         <run_address>0xde6</run_address>
         <size>0x25</size>
         <alignment>0x1</alignment>
         <input_file_ref idref="fl-106"/>
      </object_component>
      <object_component id="oc-120">
         <name>.debug_abbrev</name>
         <load_address>0xe0b</load_address>
         <run_address>0xe0b</run_address>
         <size>0x27</size>
         <alignment>0x1</alignment>
         <input_file_ref idref="fl-107"/>
      </object_component>
      <object_component id="oc-124">
         <name>.debug_abbrev</name>
         <load_address>0xe32</load_address>
         <run_address>0xe32</run_address>
         <size>0x59</size>
         <alignment>0x1</alignment>
         <input_file_ref idref="fl-10c"/>
      </object_component>
      <object_component id="oc-d6">
         <name>.debug_abbrev</name>
         <load_address>0xe8b</load_address>
         <run_address>0xe8b</run_address>
         <size>0x25</size>
         <alignment>0x1</alignment>
         <input_file_ref idref="fl-10e"/>
      </object_component>
      <object_component id="oc-11e">
         <name>.debug_abbrev</name>
         <load_address>0xeb0</load_address>
         <run_address>0xeb0</run_address>
         <size>0x25</size>
         <alignment>0x1</alignment>
         <input_file_ref idref="fl-10f"/>
      </object_component>
      <object_component id="oc-179">
         <name>.debug_abbrev</name>
         <load_address>0xed5</load_address>
         <run_address>0xed5</run_address>
         <size>0xf</size>
         <alignment>0x0</alignment>
      </object_component>
      <object_component id="oc-90">
         <name>.debug_info</name>
         <load_address>0x0</load_address>
         <run_address>0x0</run_address>
         <size>0x1363</size>
         <alignment>0x1</alignment>
         <input_file_ref idref="fl-1"/>
      </object_component>
      <object_component id="oc-36">
         <name>.debug_info</name>
         <load_address>0x1363</load_address>
         <run_address>0x1363</run_address>
         <size>0xf9c</size>
         <alignment>0x1</alignment>
         <input_file_ref idref="fl-2"/>
      </object_component>
      <object_component id="oc-95">
         <name>.debug_info</name>
         <load_address>0x22ff</load_address>
         <run_address>0x22ff</run_address>
         <size>0x879</size>
         <alignment>0x1</alignment>
         <input_file_ref idref="fl-3"/>
      </object_component>
      <object_component id="oc-6d">
         <name>.debug_info</name>
         <load_address>0x2b78</load_address>
         <run_address>0x2b78</run_address>
         <size>0x52f</size>
         <alignment>0x1</alignment>
         <input_file_ref idref="fl-4"/>
      </object_component>
      <object_component id="oc-9a">
         <name>.debug_info</name>
         <load_address>0x30a7</load_address>
         <run_address>0x30a7</run_address>
         <size>0xbd8</size>
         <alignment>0x1</alignment>
         <input_file_ref idref="fl-5"/>
      </object_component>
      <object_component id="oc-9f">
         <name>.debug_info</name>
         <load_address>0x3c7f</load_address>
         <run_address>0x3c7f</run_address>
         <size>0x1c4b</size>
         <alignment>0x1</alignment>
         <input_file_ref idref="fl-6"/>
      </object_component>
      <object_component id="oc-a8">
         <name>.debug_info</name>
         <load_address>0x58ca</load_address>
         <run_address>0x58ca</run_address>
         <size>0x1d6</size>
         <alignment>0x1</alignment>
         <input_file_ref idref="fl-8"/>
      </object_component>
      <object_component id="oc-19">
         <name>.debug_info</name>
         <load_address>0x5aa0</load_address>
         <run_address>0x5aa0</run_address>
         <size>0x94</size>
         <alignment>0x1</alignment>
         <input_file_ref idref="fl-9"/>
      </object_component>
      <object_component id="oc-bb">
         <name>.debug_info</name>
         <load_address>0x5b34</load_address>
         <run_address>0x5b34</run_address>
         <size>0xf8</size>
         <alignment>0x1</alignment>
         <input_file_ref idref="fl-2f"/>
      </object_component>
      <object_component id="oc-1b">
         <name>.debug_info</name>
         <load_address>0x5c2c</load_address>
         <run_address>0x5c2c</run_address>
         <size>0x423</size>
         <alignment>0x1</alignment>
         <input_file_ref idref="fl-35"/>
      </object_component>
      <object_component id="oc-c3">
         <name>.debug_info</name>
         <load_address>0x604f</load_address>
         <run_address>0x604f</run_address>
         <size>0x744</size>
         <alignment>0x1</alignment>
         <input_file_ref idref="fl-37"/>
      </object_component>
      <object_component id="oc-69">
         <name>.debug_info</name>
         <load_address>0x6793</load_address>
         <run_address>0x6793</run_address>
         <size>0x46</size>
         <alignment>0x1</alignment>
         <input_file_ref idref="fl-38"/>
      </object_component>
      <object_component id="oc-4e">
         <name>.debug_info</name>
         <load_address>0x67d9</load_address>
         <run_address>0x67d9</run_address>
         <size>0x192</size>
         <alignment>0x1</alignment>
         <input_file_ref idref="fl-3a"/>
      </object_component>
      <object_component id="oc-21">
         <name>.debug_info</name>
         <load_address>0x696b</load_address>
         <run_address>0x696b</run_address>
         <size>0xc6</size>
         <alignment>0x1</alignment>
         <input_file_ref idref="fl-3b"/>
      </object_component>
      <object_component id="oc-1d">
         <name>.debug_info</name>
         <load_address>0x6a31</load_address>
         <run_address>0x6a31</run_address>
         <size>0x17c</size>
         <alignment>0x1</alignment>
         <input_file_ref idref="fl-3c"/>
      </object_component>
      <object_component id="oc-10f">
         <name>.debug_info</name>
         <load_address>0x6bad</load_address>
         <run_address>0x6bad</run_address>
         <size>0x3b</size>
         <alignment>0x1</alignment>
         <input_file_ref idref="fl-eb"/>
      </object_component>
      <object_component id="oc-ae">
         <name>.debug_info</name>
         <load_address>0x6be8</load_address>
         <run_address>0x6be8</run_address>
         <size>0x1b3</size>
         <alignment>0x1</alignment>
         <input_file_ref idref="fl-104"/>
      </object_component>
      <object_component id="oc-46">
         <name>.debug_info</name>
         <load_address>0x6d9b</load_address>
         <run_address>0x6d9b</run_address>
         <size>0x193</size>
         <alignment>0x1</alignment>
         <input_file_ref idref="fl-105"/>
      </object_component>
      <object_component id="oc-64">
         <name>.debug_info</name>
         <load_address>0x6f2e</load_address>
         <run_address>0x6f2e</run_address>
         <size>0x1af</size>
         <alignment>0x1</alignment>
         <input_file_ref idref="fl-106"/>
      </object_component>
      <object_component id="oc-e7">
         <name>.debug_info</name>
         <load_address>0x70dd</load_address>
         <run_address>0x70dd</run_address>
         <size>0x1b6</size>
         <alignment>0x1</alignment>
         <input_file_ref idref="fl-107"/>
      </object_component>
      <object_component id="oc-107">
         <name>.debug_info</name>
         <load_address>0x7293</load_address>
         <run_address>0x7293</run_address>
         <size>0x85</size>
         <alignment>0x1</alignment>
         <input_file_ref idref="fl-10c"/>
      </object_component>
      <object_component id="oc-86">
         <name>.debug_info</name>
         <load_address>0x7318</load_address>
         <run_address>0x7318</run_address>
         <size>0x2f7</size>
         <alignment>0x1</alignment>
         <input_file_ref idref="fl-10e"/>
      </object_component>
      <object_component id="oc-d8">
         <name>.debug_info</name>
         <load_address>0x760f</load_address>
         <run_address>0x760f</run_address>
         <size>0x241</size>
         <alignment>0x1</alignment>
         <input_file_ref idref="fl-10f"/>
      </object_component>
      <object_component id="oc-178">
         <name>.debug_info</name>
         <load_address>0x7850</load_address>
         <run_address>0x7850</run_address>
         <size>0xb6</size>
         <alignment>0x0</alignment>
      </object_component>
      <object_component id="oc-91">
         <name>.debug_ranges</name>
         <load_address>0x0</load_address>
         <run_address>0x0</run_address>
         <size>0x58</size>
         <alignment>0x1</alignment>
         <input_file_ref idref="fl-1"/>
      </object_component>
      <object_component id="oc-37">
         <name>.debug_ranges</name>
         <load_address>0x58</load_address>
         <run_address>0x58</run_address>
         <size>0x48</size>
         <alignment>0x1</alignment>
         <input_file_ref idref="fl-2"/>
      </object_component>
      <object_component id="oc-96">
         <name>.debug_ranges</name>
         <load_address>0xa0</load_address>
         <run_address>0xa0</run_address>
         <size>0x60</size>
         <alignment>0x1</alignment>
         <input_file_ref idref="fl-3"/>
      </object_component>
      <object_component id="oc-6e">
         <name>.debug_ranges</name>
         <load_address>0x100</load_address>
         <run_address>0x100</run_address>
         <size>0x28</size>
         <alignment>0x1</alignment>
         <input_file_ref idref="fl-4"/>
      </object_component>
      <object_component id="oc-9b">
         <name>.debug_ranges</name>
         <load_address>0x128</load_address>
         <run_address>0x128</run_address>
         <size>0x30</size>
         <alignment>0x1</alignment>
         <input_file_ref idref="fl-5"/>
      </object_component>
      <object_component id="oc-a0">
         <name>.debug_ranges</name>
         <load_address>0x158</load_address>
         <run_address>0x158</run_address>
         <size>0x220</size>
         <alignment>0x1</alignment>
         <input_file_ref idref="fl-6"/>
      </object_component>
      <object_component id="oc-a9">
         <name>.debug_ranges</name>
         <load_address>0x378</load_address>
         <run_address>0x378</run_address>
         <size>0x38</size>
         <alignment>0x1</alignment>
         <input_file_ref idref="fl-8"/>
      </object_component>
      <object_component id="oc-30">
         <name>.debug_ranges</name>
         <load_address>0x3b0</load_address>
         <run_address>0x3b0</run_address>
         <size>0x20</size>
         <alignment>0x1</alignment>
         <input_file_ref idref="fl-9"/>
      </object_component>
      <object_component id="oc-bc">
         <name>.debug_ranges</name>
         <load_address>0x3d0</load_address>
         <run_address>0x3d0</run_address>
         <size>0x18</size>
         <alignment>0x1</alignment>
         <input_file_ref idref="fl-2f"/>
      </object_component>
      <object_component id="oc-3f">
         <name>.debug_ranges</name>
         <load_address>0x3e8</load_address>
         <run_address>0x3e8</run_address>
         <size>0x48</size>
         <alignment>0x1</alignment>
         <input_file_ref idref="fl-35"/>
      </object_component>
      <object_component id="oc-c4">
         <name>.debug_ranges</name>
         <load_address>0x430</load_address>
         <run_address>0x430</run_address>
         <size>0x48</size>
         <alignment>0x1</alignment>
         <input_file_ref idref="fl-37"/>
      </object_component>
      <object_component id="oc-4f">
         <name>.debug_ranges</name>
         <load_address>0x478</load_address>
         <run_address>0x478</run_address>
         <size>0x18</size>
         <alignment>0x1</alignment>
         <input_file_ref idref="fl-3a"/>
      </object_component>
      <object_component id="oc-44">
         <name>.debug_ranges</name>
         <load_address>0x490</load_address>
         <run_address>0x490</run_address>
         <size>0x50</size>
         <alignment>0x1</alignment>
         <input_file_ref idref="fl-3c"/>
      </object_component>
      <object_component id="oc-66">
         <name>.debug_ranges</name>
         <load_address>0x4e0</load_address>
         <run_address>0x4e0</run_address>
         <size>0x28</size>
         <alignment>0x1</alignment>
         <input_file_ref idref="fl-106"/>
      </object_component>
      <object_component id="oc-108">
         <name>.debug_ranges</name>
         <load_address>0x508</load_address>
         <run_address>0x508</run_address>
         <size>0x18</size>
         <alignment>0x1</alignment>
         <input_file_ref idref="fl-10c"/>
      </object_component>
      <object_component id="oc-88">
         <name>.debug_ranges</name>
         <load_address>0x520</load_address>
         <run_address>0x520</run_address>
         <size>0x28</size>
         <alignment>0x1</alignment>
         <input_file_ref idref="fl-10e"/>
      </object_component>
      <object_component id="oc-da">
         <name>.debug_ranges</name>
         <load_address>0x548</load_address>
         <run_address>0x548</run_address>
         <size>0x28</size>
         <alignment>0x1</alignment>
         <input_file_ref idref="fl-10f"/>
      </object_component>
      <object_component id="oc-df">
         <name>.debug_str</name>
         <load_address>0x0</load_address>
         <run_address>0x0</run_address>
         <size>0x91e</size>
         <alignment>0x1</alignment>
         <input_file_ref idref="fl-1"/>
      </object_component>
      <object_component id="oc-5e">
         <name>.debug_str</name>
         <load_address>0x91e</load_address>
         <run_address>0x91e</run_address>
         <size>0x76d</size>
         <alignment>0x1</alignment>
         <input_file_ref idref="fl-2"/>
      </object_component>
      <object_component id="oc-e2">
         <name>.debug_str</name>
         <load_address>0x108b</load_address>
         <run_address>0x108b</run_address>
         <size>0x560</size>
         <alignment>0x1</alignment>
         <input_file_ref idref="fl-3"/>
      </object_component>
      <object_component id="oc-b9">
         <name>.debug_str</name>
         <load_address>0x15eb</load_address>
         <run_address>0x15eb</run_address>
         <size>0x292</size>
         <alignment>0x1</alignment>
         <input_file_ref idref="fl-4"/>
      </object_component>
      <object_component id="oc-ed">
         <name>.debug_str</name>
         <load_address>0x187d</load_address>
         <run_address>0x187d</run_address>
         <size>0x5e1</size>
         <alignment>0x1</alignment>
         <input_file_ref idref="fl-5"/>
      </object_component>
      <object_component id="oc-fb">
         <name>.debug_str</name>
         <load_address>0x1e5e</load_address>
         <run_address>0x1e5e</run_address>
         <size>0x932</size>
         <alignment>0x1</alignment>
         <input_file_ref idref="fl-6"/>
      </object_component>
      <object_component id="oc-105">
         <name>.debug_str</name>
         <load_address>0x2790</load_address>
         <run_address>0x2790</run_address>
         <size>0x1be</size>
         <alignment>0x1</alignment>
         <input_file_ref idref="fl-8"/>
      </object_component>
      <object_component id="oc-3b">
         <name>.debug_str</name>
         <load_address>0x294e</load_address>
         <run_address>0x294e</run_address>
         <size>0x136</size>
         <alignment>0x1</alignment>
         <input_file_ref idref="fl-9"/>
      </object_component>
      <object_component id="oc-113">
         <name>.debug_str</name>
         <load_address>0x2a84</load_address>
         <run_address>0x2a84</run_address>
         <size>0x145</size>
         <alignment>0x1</alignment>
         <input_file_ref idref="fl-2f"/>
      </object_component>
      <object_component id="oc-3d">
         <name>.debug_str</name>
         <load_address>0x2bc9</load_address>
         <run_address>0x2bc9</run_address>
         <size>0x222</size>
         <alignment>0x1</alignment>
         <input_file_ref idref="fl-35"/>
      </object_component>
      <object_component id="oc-119">
         <name>.debug_str</name>
         <load_address>0x2deb</load_address>
         <run_address>0x2deb</run_address>
         <size>0x32c</size>
         <alignment>0x1</alignment>
         <input_file_ref idref="fl-37"/>
      </object_component>
      <object_component id="oc-8e">
         <name>.debug_str</name>
         <load_address>0x3117</load_address>
         <run_address>0x3117</run_address>
         <size>0xf2</size>
         <alignment>0x1</alignment>
         <input_file_ref idref="fl-38"/>
      </object_component>
      <object_component id="oc-62">
         <name>.debug_str</name>
         <load_address>0x3209</load_address>
         <run_address>0x3209</run_address>
         <size>0x198</size>
         <alignment>0x1</alignment>
         <input_file_ref idref="fl-3a"/>
      </object_component>
      <object_component id="oc-4a">
         <name>.debug_str</name>
         <load_address>0x33a1</load_address>
         <run_address>0x33a1</run_address>
         <size>0x165</size>
         <alignment>0x1</alignment>
         <input_file_ref idref="fl-3b"/>
      </object_component>
      <object_component id="oc-42">
         <name>.debug_str</name>
         <load_address>0x3506</load_address>
         <run_address>0x3506</run_address>
         <size>0x1d2</size>
         <alignment>0x1</alignment>
         <input_file_ref idref="fl-3c"/>
      </object_component>
      <object_component id="oc-128">
         <name>.debug_str</name>
         <load_address>0x36d8</load_address>
         <run_address>0x36d8</run_address>
         <size>0xe6</size>
         <alignment>0x1</alignment>
         <input_file_ref idref="fl-eb"/>
      </object_component>
      <object_component id="oc-125">
         <name>.debug_str</name>
         <load_address>0x37be</load_address>
         <run_address>0x37be</run_address>
         <size>0x18d</size>
         <alignment>0x1</alignment>
         <input_file_ref idref="fl-10c"/>
      </object_component>
      <object_component id="oc-92">
         <name>.debug_frame</name>
         <load_address>0x0</load_address>
         <run_address>0x0</run_address>
         <size>0xf4</size>
         <alignment>0x4</alignment>
         <input_file_ref idref="fl-1"/>
      </object_component>
      <object_component id="oc-38">
         <name>.debug_frame</name>
         <load_address>0xf4</load_address>
         <run_address>0xf4</run_address>
         <size>0xc8</size>
         <alignment>0x4</alignment>
         <input_file_ref idref="fl-2"/>
      </object_component>
      <object_component id="oc-97">
         <name>.debug_frame</name>
         <load_address>0x1bc</load_address>
         <run_address>0x1bc</run_address>
         <size>0xe4</size>
         <alignment>0x4</alignment>
         <input_file_ref idref="fl-3"/>
      </object_component>
      <object_component id="oc-6f">
         <name>.debug_frame</name>
         <load_address>0x2a0</load_address>
         <run_address>0x2a0</run_address>
         <size>0x7c</size>
         <alignment>0x4</alignment>
         <input_file_ref idref="fl-4"/>
      </object_component>
      <object_component id="oc-9c">
         <name>.debug_frame</name>
         <load_address>0x31c</load_address>
         <run_address>0x31c</run_address>
         <size>0x80</size>
         <alignment>0x4</alignment>
         <input_file_ref idref="fl-5"/>
      </object_component>
      <object_component id="oc-a1">
         <name>.debug_frame</name>
         <load_address>0x39c</load_address>
         <run_address>0x39c</run_address>
[...]
         <usage_details>
         </usage_details>
      </memory_area>
   </placement_map>
   <cptbl_list>
      <cptbl>
         <name>__TI_cinit_table</name>
         <cprec>
            <name>.data</name>
            <load_address>0x1b80</load_address>
            <load_size>0x6b4</load_size>
            <run_address>0x20200000</run_address>
            <run_size>0x88e</run_size>
            <compression>lzss</compression>
         </cprec>
         <cprec>
            <name>.bss</name>
            <load_address>0x2240</load_address>
            <load_size>0x8</load_size>
            <run_address>0x20200890</run_address>
            <run_size>0x4d8</run_size>
            <compression>zero_init</compression>
         </cprec>
      </cptbl>
   </cptbl_list>
   <handler_table>
      <handler_table_name>__TI_handler_table</handler_table_name>
      <handler>
         <index>0x0</index>
         <name>__TI_decompress_lzss</name>
      </handler>
      <handler>
         <index>0x1</index>
         <name>__TI_decompress_none</name>
      </handler>
      <handler>
         <index>0x2</index>
         <name>__TI_zero_init</name>
      </handler>
   </handler_table>
   <symbol_table>
      <symbol id="sm-1">
         <name>__start___llvm_prf_cnts</name>
         <value>0x20200000</value>
      </symbol>
      <symbol id="sm-2">
         <name>__stop___llvm_prf_cnts</name>
         <value>0x20200000</value>
      </symbol>
      <symbol id="sm-3">
         <name>__start___llvm_prf_bits</name>
         <value>0x20200000</value>
      </symbol>
      <symbol id="sm-4">
         <name>__stop___llvm_prf_bits</name>
         <value>0x20200000</value>
      </symbol>
      <symbol id="sm-5">
         <name>__TI_CINIT_Base</name>
         <value>0x2248</value>
      </symbol>
      <symbol id="sm-6">
         <name>__TI_CINIT_Limit</name>
         <value>0x2258</value>
      </symbol>
      <symbol id="sm-7">
         <name>__TI_CINIT_Warm</name>
         <value>0x2258</value>
      </symbol>
      <symbol id="sm-8">
         <name>__TI_Handler_Table_Base</name>
         <value>0x2234</value>
      </symbol>
      <symbol id="sm-9">
         <name>__TI_Handler_Table_Limit</name>
         <value>0x2240</value>
      </symbol>
      <symbol id="sm-a">
         <name>binit</name>
         <value>0xffffffff</value>
      </symbol>
      <symbol id="sm-b">
         <name>__binit__</name>
         <value>0xffffffff</value>
      </symbol>
      <symbol id="sm-c">
         <name>__STACK_SIZE</name>
         <value>0x200</value>
      </symbol>
      <symbol id="sm-d">
         <name>__STACK_END</name>
         <value>0x20208000</value>
      </symbol>
      <symbol id="sm-e">
         <name>__TI_pprof_out_hndl</name>
         <value>0xffffffff</value>
      </symbol>
      <symbol id="sm-f">
         <name>__TI_prof_data_start</name>
         <value>0xffffffff</value>
      </symbol>
      <symbol id="sm-10">
         <name>__TI_prof_data_size</name>
         <value>0xffffffff</value>
      </symbol>
      <symbol id="sm-45">
         <name>Clock_Freq</name>
         <value>0x158d</value>
         <object_component_ref idref="oc-e4"/>
      </symbol>
      <symbol id="sm-46">
         <name>BusFreq</name>
         <value>0x20200878</value>
         <object_component_ref idref="oc-dd"/>
      </symbol>
      <symbol id="sm-47">
         <name>Clock_Init80MHz</name>
         <value>0x2a1</value>
         <object_component_ref idref="oc-8f"/>
      </symbol>
      <symbol id="sm-48">
         <name>Clock_Delay</name>
         <value>0x154d</value>
         <object_component_ref idref="oc-e5"/>
      </symbol>
      <symbol id="sm-49">
         <name>Clock_Delay1ms</name>
         <value>0x1315</value>
         <object_component_ref idref="oc-b4"/>
      </symbol>
      <symbol id="sm-66">
         <name>LD19_Init</name>
         <value>0x5f9</value>
         <object_component_ref idref="oc-a6"/>
      </symbol>
      <symbol id="sm-67">
         <name>LD19Fifo_Init</name>
         <value>0x1515</value>
         <object_component_ref idref="oc-102"/>
      </symbol>
      <symbol id="sm-68">
         <name>Distances</name>
         <value>0x20200d54</value>
      </symbol>
      <symbol id="sm-69">
         <name>LD19Index</name>
         <value>0x20200d58</value>
      </symbol>
      <symbol id="sm-6a">
         <name>LD19LastByte</name>
         <value>0x20200d67</value>
      </symbol>
      <symbol id="sm-6b">
         <name>LD19DataMessage</name>
         <value>0x20200d08</value>
      </symbol>
      <symbol id="sm-6c">
         <name>LostDataLD19</name>
         <value>0x20200d5c</value>
      </symbol>
      <symbol id="sm-6d">
         <name>UART3_IRQHandler</name>
         <value>0x11d9</value>
         <object_component_ref idref="oc-35"/>
      </symbol>
      <symbol id="sm-6e">
         <name>LD19Fifo_Put</name>
         <value>0x118d</value>
         <object_component_ref idref="oc-7b"/>
      </symbol>
      <symbol id="sm-6f">
         <name>StartAngle</name>
         <value>0x20200d60</value>
      </symbol>
      <symbol id="sm-70">
         <name>BadCnt</name>
         <value>0x20200870</value>
         <object_component_ref idref="oc-80"/>
      </symbol>
      <symbol id="sm-71">
         <name>BadDistance</name>
         <value>0x20200874</value>
         <object_component_ref idref="oc-82"/>
      </symbol>
      <symbol id="sm-72">
         <name>BadIntensity</name>
         <value>0x20200d50</value>
      </symbol>
      <symbol id="sm-88">
         <name>Delay</name>
         <value>0x155d</value>
         <object_component_ref idref="oc-11f"/>
      </symbol>
      <symbol id="sm-89">
         <name>ActivatePortA_B</name>
         <value>0x12dd</value>
         <object_component_ref idref="oc-e0"/>
      </symbol>
      <symbol id="sm-8a">
         <name>LaunchPad_Init</name>
         <value>0xf05</value>
         <object_component_ref idref="oc-94"/>
      </symbol>
      <symbol id="sm-8b">
         <name>LaunchPad_InS1</name>
         <value>0x14f9</value>
         <object_component_ref idref="oc-b2"/>
      </symbol>
      <symbol id="sm-8c">
         <name>LaunchPad_InS2</name>
         <value>0x1481</value>
         <object_component_ref idref="oc-b3"/>
      </symbol>
      <symbol id="sm-97">
         <name>Data</name>
         <value>0x20200890</value>
      </symbol>
      <symbol id="sm-98">
         <name>Colors</name>
         <value>0x1b24</value>
         <object_component_ref idref="oc-b7"/>
      </symbol>
      <symbol id="sm-99">
         <name>main</name>
         <value>0x779</value>
         <object_component_ref idref="oc-6c"/>
      </symbol>
      <symbol id="sm-af">
         <name>CS_Init</name>
         <value>0x145d</value>
         <object_component_ref idref="oc-e3"/>
      </symbol>
      <symbol id="sm-b0">
         <name>SPI1_Reset</name>
         <value>0x1221</value>
         <object_component_ref idref="oc-ea"/>
      </symbol>
      <symbol id="sm-b1">
         <name>SPI1_Init</name>
         <value>0x8f5</value>
         <object_component_ref idref="oc-99"/>
      </symbol>
      <symbol id="sm-b2">
         <name>SPI1_init_Flag</name>
         <value>0x2020087c</value>
         <object_component_ref idref="oc-eb"/>
      </symbol>
      <symbol id="sm-b3">
         <name>TFT_OutData</name>
         <value>0x10d1</value>
         <object_component_ref idref="oc-f1"/>
      </symbol>
      <symbol id="sm-b4">
         <name>TFT_OutCommand</name>
         <value>0x106d</value>
         <object_component_ref idref="oc-f0"/>
      </symbol>
      <symbol id="sm-f7">
         <name>ST7735_SetCursor</name>
         <value>0x1349</value>
         <object_component_ref idref="oc-a4"/>
      </symbol>
      <symbol id="sm-f8">
         <name>ST7735_FillScreen</name>
         <value>0x13e1</value>
         <object_component_ref idref="oc-a3"/>
      </symbol>
      <symbol id="sm-f9">
         <name>StTextColor</name>
         <value>0x20200888</value>
         <object_component_ref idref="oc-f9"/>
      </symbol>
      <symbol id="sm-fa">
         <name>StX</name>
         <value>0x20200880</value>
         <object_component_ref idref="oc-ff"/>
      </symbol>
      <symbol id="sm-fb">
         <name>StY</name>
         <value>0x20200884</value>
         <object_component_ref idref="oc-100"/>
      </symbol>
      <symbol id="sm-fc">
         <name>ST7735_FillRect</name>
         <value>0xa15</value>
         <object_component_ref idref="oc-fc"/>
      </symbol>
      <symbol id="sm-fd">
         <name>ST7735_InitR</name>
         <value>0xd61</value>
         <object_component_ref idref="oc-9e"/>
      </symbol>
      <symbol id="sm-fe">
         <name>ST7735_DrawPixel</name>
         <value>0xffd</value>
         <object_component_ref idref="oc-b1"/>
      </symbol>
      <symbol id="sm-ff">
         <name>ST7735_DrawChar</name>
         <value>0x455</value>
         <object_component_ref idref="oc-122"/>
      </symbol>
      <symbol id="sm-100">
         <name>ST7735_DrawString</name>
         <value>0xe81</value>
         <object_component_ref idref="oc-121"/>
      </symbol>
      <symbol id="sm-101">
         <name>ST7735_OutChar</name>
         <value>0xb2d</value>
         <object_component_ref idref="oc-101"/>
      </symbol>
      <symbol id="sm-102">
         <name>ST7735_OutString</name>
         <value>0x1435</value>
         <object_component_ref idref="oc-a5"/>
      </symbol>
      <symbol id="sm-110">
         <name>sin540</name>
         <value>0x137d</value>
         <object_component_ref idref="oc-a7"/>
      </symbol>
      <symbol id="sm-111">
         <name>SinTab540</name>
         <value>0x20200000</value>
         <object_component_ref idref="oc-103"/>
      </symbol>
      <symbol id="sm-112">
         <name>cos540</name>
         <value>0xbfd</value>
         <object_component_ref idref="oc-ac"/>
      </symbol>
      <symbol id="sm-123">
         <name>Default_Handler</name>
         <value>0x14c1</value>
         <object_component_ref idref="oc-33"/>
      </symbol>
      <symbol id="sm-124">
         <name>Reset_Handler</name>
         <value>0x15b7</value>
         <object_component_ref idref="oc-2f"/>
      </symbol>
      <symbol id="sm-125">
         <name>HardFault_Handler</name>
         <value>0x14dd</value>
         <object_component_ref idref="oc-34"/>
      </symbol>
      <symbol id="sm-126">
         <name>interruptVectors</name>
         <value>0x0</value>
         <object_component_ref idref="oc-18"/>
      </symbol>
      <symbol id="sm-127">
         <name>NMI_Handler</name>
         <value>0x14c1</value>
         <object_component_ref idref="oc-33"/>
      </symbol>
      <symbol id="sm-128">
         <name>SVC_Handler</name>
         <value>0x14c1</value>
         <object_component_ref idref="oc-33"/>
      </symbol>
      <symbol id="sm-129">
         <name>PendSV_Handler</name>
         <value>0x14c1</value>
         <object_component_ref idref="oc-33"/>
      </symbol>
      <symbol id="sm-12a">
         <name>SysTick_Handler</name>
         <value>0x14c1</value>
         <object_component_ref idref="oc-33"/>
      </symbol>
      <symbol id="sm-12b">
         <name>GROUP0_IRQHandler</name>
         <value>0x14c1</value>
         <object_component_ref idref="oc-33"/>
      </symbol>
      <symbol id="sm-12c">
         <name>GROUP1_IRQHandler</name>
         <value>0x14c1</value>
         <object_component_ref idref="oc-33"/>
      </symbol>
      <symbol id="sm-12d">
         <name>TIMG8_IRQHandler</name>
         <value>0x14c1</value>
         <object_component_ref idref="oc-33"/>
      </symbol>
      <symbol id="sm-12e">
         <name>ADC0_IRQHandler</name>
         <value>0x14c1</value>
         <object_component_ref idref="oc-33"/>
      </symbol>
      <symbol id="sm-12f">
         <name>ADC1_IRQHandler</name>
         <value>0x14c1</value>
         <object_component_ref idref="oc-33"/>
      </symbol>
      <symbol id="sm-130">
         <name>CANFD0_IRQHandler</name>
         <value>0x14c1</value>
         <object_component_ref idref="oc-33"/>
      </symbol>
      <symbol id="sm-131">
         <name>DAC0_IRQHandler</name>
         <value>0x14c1</value>
         <object_component_ref idref="oc-33"/>
      </symbol>
      <symbol id="sm-132">
         <name>SPI0_IRQHandler</name>
         <value>0x14c1</value>
         <object_component_ref idref="oc-33"/>
      </symbol>
      <symbol id="sm-133">
         <name>SPI1_IRQHandler</name>
         <value>0x14c1</value>
         <object_component_ref idref="oc-33"/>
      </symbol>
      <symbol id="sm-134">
         <name>UART1_IRQHandler</name>
         <value>0x14c1</value>
         <object_component_ref idref="oc-33"/>
      </symbol>
      <symbol id="sm-135">
         <name>UART2_IRQHandler</name>
         <value>0x14c1</value>
         <object_component_ref idref="oc-33"/>
      </symbol>
      <symbol id="sm-136">
         <name>UART0_IRQHandler</name>
         <value>0x14c1</value>
         <object_component_ref idref="oc-33"/>
      </symbol>
      <symbol id="sm-137">
         <name>TIMG0_IRQHandler</name>
         <value>0x14c1</value>
         <object_component_ref idref="oc-33"/>
      </symbol>
      <symbol id="sm-138">
         <name>TIMG6_IRQHandler</name>
         <value>0x14c1</value>
         <object_component_ref idref="oc-33"/>
      </symbol>
      <symbol id="sm-139">
         <name>TIMA0_IRQHandler</name>
         <value>0x14c1</value>
         <object_component_ref idref="oc-33"/>
      </symbol>
      <symbol id="sm-13a">
         <name>TIMA1_IRQHandler</name>
         <value>0x14c1</value>
         <object_component_ref idref="oc-33"/>
      </symbol>
      <symbol id="sm-13b">
         <name>TIMG7_IRQHandler</name>
         <value>0x14c1</value>
         <object_component_ref idref="oc-33"/>
      </symbol>
      <symbol id="sm-13c">
         <name>TIMG12_IRQHandler</name>
         <value>0x14c1</value>
         <object_component_ref idref="oc-33"/>
      </symbol>
      <symbol id="sm-13d">
         <name>I2C0_IRQHandler</name>
         <value>0x14c1</value>
         <object_component_ref idref="oc-33"/>
      </symbol>
      <symbol id="sm-13e">
         <name>I2C1_IRQHandler</name>
         <value>0x14c1</value>
         <object_component_ref idref="oc-33"/>
      </symbol>
      <symbol id="sm-13f">
         <name>AES_IRQHandler</name>
         <value>0x14c1</value>
         <object_component_ref idref="oc-33"/>
      </symbol>
      <symbol id="sm-140">
         <name>RTC_IRQHandler</name>
         <value>0x14c1</value>
         <object_component_ref idref="oc-33"/>
      </symbol>
      <symbol id="sm-141">
         <name>DMA_IRQHandler</name>
         <value>0x14c1</value>
         <object_component_ref idref="oc-33"/>
      </symbol>
      <symbol id="sm-142">
         <name>__TI_ATRegion0_src_addr</name>
         <value>0x0</value>
      </symbol>
      <symbol id="sm-143">
         <name>__TI_ATRegion0_trg_addr</name>
         <value>0x0</value>
      </symbol>
      <symbol id="sm-144">
         <name>__TI_ATRegion0_region_sz</name>
         <value>0x0</value>
      </symbol>
      <symbol id="sm-145">
         <name>__TI_ATRegion1_src_addr</name>
         <value>0x0</value>
      </symbol>
      <symbol id="sm-146">
         <name>__TI_ATRegion1_trg_addr</name>
         <value>0x0</value>
      </symbol>
      <symbol id="sm-147">
         <name>__TI_ATRegion1_region_sz</name>
         <value>0x0</value>
      </symbol>
      <symbol id="sm-148">
         <name>__TI_ATRegion2_src_addr</name>
         <value>0x0</value>
      </symbol>
      <symbol id="sm-149">
         <name>__TI_ATRegion2_trg_addr</name>
         <value>0x0</value>
      </symbol>
      <symbol id="sm-14a">
         <name>__TI_ATRegion2_region_sz</name>
         <value>0x0</value>
      </symbol>
      <symbol id="sm-157">
         <name>abort</name>
         <value>0x15ad</value>
         <object_component_ref idref="oc-ba"/>
      </symbol>
      <symbol id="sm-167">
         <name>_c_int00_noargs</name>
         <value>0x140d</value>
         <object_component_ref idref="oc-55"/>
      </symbol>
      <symbol id="sm-168">
         <name>__stack</name>
         <value>0x20207e00</value>
         <object_component_ref idref="oc-1a"/>
      </symbol>
      <symbol id="sm-174">
         <name>__TI_auto_init_nobinit_nopinit</name>
         <value>0x12a1</value>
         <object_component_ref idref="oc-c1"/>
      </symbol>
      <symbol id="sm-17c">
         <name>_system_pre_init</name>
         <value>0x15bb</value>
         <object_component_ref idref="oc-68"/>
      </symbol>
      <symbol id="sm-187">
         <name>__TI_zero_init</name>
         <value>0x156d</value>
         <object_component_ref idref="oc-52"/>
      </symbol>
      <symbol id="sm-190">
         <name>__TI_decompress_none</name>
         <value>0x153b</value>
         <object_component_ref idref="oc-20"/>
      </symbol>
      <symbol id="sm-19b">
         <name>__TI_decompress_lzss</name>
         <value>0xf81</value>
         <object_component_ref idref="oc-1c"/>
      </symbol>
      <symbol id="sm-1b1">
         <name>HOSTexit</name>
         <value>0x15b3</value>
         <object_component_ref idref="oc-10e"/>
      </symbol>
      <symbol id="sm-1b2">
         <name>C$$EXIT</name>
         <value>0x15b2</value>
         <object_component_ref idref="oc-10e"/>
      </symbol>
      <symbol id="sm-1c8">
         <name>__aeabi_idiv</name>
         <value>0x1135</value>
         <object_component_ref idref="oc-ad"/>
      </symbol>
      <symbol id="sm-1c9">
         <name>__aeabi_idivmod</name>
         <value>0x1135</value>
         <object_component_ref idref="oc-ad"/>
      </symbol>
      <symbol id="sm-1cf">
         <name>__aeabi_memcpy</name>
         <value>0x15a5</value>
         <object_component_ref idref="oc-45"/>
      </symbol>
      <symbol id="sm-1d0">
         <name>__aeabi_memcpy4</name>
         <value>0x15a5</value>
         <object_component_ref idref="oc-45"/>
      </symbol>
      <symbol id="sm-1d1">
         <name>__aeabi_memcpy8</name>
         <value>0x15a5</value>
         <object_component_ref idref="oc-45"/>
      </symbol>
      <symbol id="sm-1d8">
         <name>__aeabi_memclr</name>
         <value>0x1599</value>
         <object_component_ref idref="oc-63"/>
      </symbol>
      <symbol id="sm-1d9">
         <name>__aeabi_memclr4</name>
         <value>0x1599</value>
         <object_component_ref idref="oc-63"/>
      </symbol>
      <symbol id="sm-1da">
         <name>__aeabi_memclr8</name>
         <value>0x1599</value>
         <object_component_ref idref="oc-63"/>
      </symbol>
      <symbol id="sm-1e0">
         <name>__aeabi_uidiv</name>
         <value>0x1261</value>
         <object_component_ref idref="oc-e6"/>
      </symbol>
      <symbol id="sm-1e1">
         <name>__aeabi_uidivmod</name>
         <value>0x1261</value>
         <object_component_ref idref="oc-e6"/>
      </symbol>
      <symbol id="sm-1ec">
         <name>__aeabi_idiv0</name>
         <value>0xd5f</value>
         <object_component_ref idref="oc-106"/>
      </symbol>
      <symbol id="sm-1f6">
         <name>TI_memcpy_small</name>
         <value>0x1529</value>
         <object_component_ref idref="oc-85"/>
      </symbol>
      <symbol id="sm-1ff">
         <name>TI_memset_small</name>
         <value>0x157d</value>
         <object_component_ref idref="oc-d7"/>
      </symbol>
      <symbol id="sm-200">
         <name>__TI_static_base__</name>
         <value>0x0</value>
      </symbol>
      <symbol id="sm-203">
         <name>__mpu_init</name>
         <value>0x0</value>
      </symbol>
      <symbol id="sm-204">
         <name>_system_post_cinit</name>
         <value>0x0</value>
      </symbol>
   </symbol_table>
   <title>Link successful</title>
</link_info>
