******************************************************************************
            TI ARM Clang Linker Unix v4.0.4                    
******************************************************************************
>> Linked Sun Feb  1 23:30:31 2026

OUTPUT FILE NAME:   <LD19Tester.out>
ENTRY POINT SYMBOL: "_c_int00_noargs"  address: 0000140d


MEMORY CONFIGURATION

         name            origin    length      used     unused   attr    fill
----------------------  --------  ---------  --------  --------  ----  --------
  FLASH                 00000000   00020000  00002258  0001dda8  R  X
  SRAM                  20200000   00008000  00000f66  0000709a  RW X
  BCR_CONFIG            41c00000   00000080  00000000  00000080  R   
  BSL_CONFIG            41c00100   00000080  00000000  00000080  R   


SEGMENT ALLOCATION MAP

run origin  load origin   length   init length attrs members
----------  ----------- ---------- ----------- ----- -------
00000000    00000000    00002258   00002258    r-x
  00000000    00000000    000000c0   000000c0    r-- .intvecs
  000000c0    000000c0    00001500   00001500    r-x .text
  000015c0    000015c0    000005c0   000005c0    r-- .rodata
  00001b80    00001b80    000006d8   000006d8    r-- .cinit
20200000    20200000    00000d68   00000000    rw-
  20200000    20200000    0000088e   00000000    rw- .data
  20200890    20200890    000004d8   00000000    rw- .bss
20207e00    20207e00    00000200   00000000    rw-
  20207e00    20207e00    00000200   00000000    rw- .stack


SECTION ALLOCATION MAP

 output                                  attributes/
section   page    origin      length       input sections
--------  ----  ----------  ----------   ----------------
.intvecs   0    00000000    000000c0     
                  00000000    000000c0     startup_mspm0g3507_ticlang.o (.intvecs)

.text      0    000000c0    00001500     
                  000000c0    000001e0     LD19.o (.text.copyHardwareToSoftwareLD19)
                  000002a0    000001b4     Clock.o (.text.Clock_Init80MHz)
                  00000454    000001a4     ST7735_SDC.o (.text.ST7735_DrawChar)
                  000005f8    00000180     LD19.o (.text.LD19_Init)
                  00000778    0000017c     RTOS_LD19.o (.text.main)
                  000008f4    00000120     SPI.o (.text.SPI1_Init)
                  00000a14    00000118     ST7735_SDC.o (.text.ST7735_FillRect)
                  00000b2c    000000d0     ST7735_SDC.o (.text.ST7735_OutChar)
                  00000bfc    000000c0     fixed.o (.text.cos540)
                  00000cbc    000000a2     ST7735_SDC.o (.text.commandList)
                  00000d5e    00000002     libclang_rt.builtins.a : aeabi_div0.c.obj (.text.__aeabi_idiv0)
                  00000d60    00000098     ST7735_SDC.o (.text.ST7735_InitR)
                  00000df8    00000088     ST7735_SDC.o (.text.setAddrWindow)
                  00000e80    00000084     ST7735_SDC.o (.text.ST7735_DrawString)
                  00000f04    0000007c     LaunchPad.o (.text.LaunchPad_Init)
                  00000f80    0000007c     libc.a : copy_decompress_lzss.c.obj (.text:decompress:lzss)
                  00000ffc    00000070     ST7735_SDC.o (.text.ST7735_DrawPixel)
                  0000106c    00000064     SPI.o (.text.TFT_OutCommand)
                  000010d0    00000064     SPI.o (.text.TFT_OutData)
                  00001134    00000056     libclang_rt.builtins.a : aeabi_idivmod.S.obj (.text.__aeabi_idivmod)
                  0000118a    00000002     --HOLE-- [fill = 0]
                  0000118c    0000004c     LD19.o (.text.LD19Fifo_Put)
                  000011d8    00000048     LD19.o (.text.UART3_IRQHandler)
                  00001220    00000040     SPI.o (.text.SPI1_Reset)
                  00001260    00000040     libclang_rt.builtins.a : aeabi_uidivmod.S.obj (.text.__aeabi_uidivmod)
                  000012a0    0000003c     libc.a : autoinit.c.obj (.text:__TI_auto_init_nobinit_nopinit)
                  000012dc    00000038     LaunchPad.o (.text.ActivatePortA_B)
                  00001314    00000034     Clock.o (.text.Clock_Delay1ms)
                  00001348    00000034     ST7735_SDC.o (.text.ST7735_SetCursor)
                  0000137c    00000034     fixed.o (.text.sin540)
                  000013b0    00000030     ST7735_SDC.o (.text.commonInit)
                  000013e0    0000002c     ST7735_SDC.o (.text.ST7735_FillScreen)
                  0000140c    00000028     libc.a : boot_cortex_m.c.obj (.text:_c_int00_noargs)
                  00001434    00000026     ST7735_SDC.o (.text.ST7735_OutString)
                  0000145a    00000002     --HOLE-- [fill = 0]
                  0000145c    00000024     SPI.o (.text.CS_Init)
                  00001480    00000020     LaunchPad.o (.text.LaunchPad_InS2)
                  000014a0    0000001e     ST7735_SDC.o (.text.pushColor)
                  000014be    00000002     --HOLE-- [fill = 0]
                  000014c0    0000001c     startup_mspm0g3507_ticlang.o (.text.Default_Handler)
                  000014dc    0000001c     startup_mspm0g3507_ticlang.o (.text.HardFault_Handler)
                  000014f8    0000001c     LaunchPad.o (.text.LaunchPad_InS1)
                  00001514    00000014     LD19.o (.text.LD19Fifo_Init)
                  00001528    00000012     libc.a : memcpy16.S.obj (.text:TI_memcpy_small)
                  0000153a    00000012            : copy_decompress_none.c.obj (.text:decompress:none)
                  0000154c    00000010     Clock.o (.text.Clock_Delay)
                  0000155c    00000010     LaunchPad.o (.text.Delay)
                  0000156c    00000010     libc.a : copy_zero_init.c.obj (.text:decompress:ZI)
                  0000157c    0000000e            : memset16.S.obj (.text:TI_memset_small)
                  0000158a    00000002     --HOLE-- [fill = 0]
                  0000158c    0000000c     Clock.o (.text.Clock_Freq)
                  00001598    0000000c     libclang_rt.builtins.a : aeabi_memset.S.obj (.text.__aeabi_memclr)
                  000015a4    00000008                            : aeabi_memcpy.S.obj (.text.__aeabi_memcpy)
                  000015ac    00000006     libc.a : exit.c.obj (.text:abort)
                  000015b2    00000004     libsysbm.a : hostexit.c.obj (.text.HOSTexit)
                  000015b6    00000004     startup_mspm0g3507_ticlang.o (.text.Reset_Handler)
                  000015ba    00000004     libc.a : pre_init.c.obj (.text._system_pre_init)
                  000015be    00000002     --HOLE-- [fill = 0]

.cinit     0    00001b80    000006d8     
                  00001b80    000006b4     (.cinit..data.load) [load image, compression = lzss]
                  00002234    0000000c     (__TI_handler_table)
                  00002240    00000008     (.cinit..bss.load) [load image, compression = zero_init]
                  00002248    00000010     (__TI_cinit_table)

.rodata    0    000015c0    000005c0     
                  000015c0    000004fb     ST7735_SDC.o (.rodata.Font)
                  00001abb    0000003b     ST7735_SDC.o (.rodata.Rcmd1)
                  00001af6    0000002b     ST7735_SDC.o (.rodata.Rcmd3)
                  00001b21    00000003     --HOLE-- [fill = 0]
                  00001b24    00000020     RTOS_LD19.o (.rodata.Colors)
                  00001b44    00000016     ST7735_SDC.o (.rodata.str1.18061791561094498689.1)
                  00001b5a    0000000d     ST7735_SDC.o (.rodata.Rcmd2green)
                  00001b67    0000000d     ST7735_SDC.o (.rodata.Rcmd2red)
                  00001b74    0000000b     RTOS_LD19.o (.rodata.str1.2267697101658364437.1)
                  00001b7f    00000001     --HOLE-- [fill = 0]

.init_array 
*          0    00000000    00000000     UNINITIALIZED

.binit     0    00000000    00000000     

.data      0    20200000    0000088e     UNINITIALIZED
                  20200000    00000870     fixed.o (.data.SinTab540)
                  20200870    00000004     LD19.o (.data.BadCnt)
                  20200874    00000004     LD19.o (.data.BadDistance)
                  20200878    00000004     Clock.o (.data.BusFreq)
                  2020087c    00000004     SPI.o (.data.SPI1_init_Flag)
                  20200880    00000004     ST7735_SDC.o (.data.StX)
                  20200884    00000004     ST7735_SDC.o (.data.StY)
                  20200888    00000002     ST7735_SDC.o (.data.StTextColor)
                  2020088a    00000002     ST7735_SDC.o (.data._height)
                  2020088c    00000002     ST7735_SDC.o (.data._width)

.bss       0    20200890    000004d8     UNINITIALIZED
                  20200890    00000438     (.common:Data)
                  20200cc8    00000040     LD19.o (.bss.LD19Fifo)
                  20200d08    00000040     (.common:LD19DataMessage)
                  20200d48    00000004     LD19.o (.bss.LD19GetI)
                  20200d4c    00000004     LD19.o (.bss.LD19PutI)
                  20200d50    00000004     (.common:BadIntensity)
                  20200d54    00000004     (.common:Distances)
                  20200d58    00000004     (.common:LD19Index)
                  20200d5c    00000004     (.common:LostDataLD19)
                  20200d60    00000004     (.common:StartAngle)
                  20200d64    00000001     ST7735_SDC.o (.bss.ColStart)
                  20200d65    00000001     ST7735_SDC.o (.bss.RowStart)
                  20200d66    00000001     ST7735_SDC.o (.bss.TabColor)
                  20200d67    00000001     (.common:LD19LastByte)

.stack     0    20207e00    00000200     UNINITIALIZED
                  20207e00    00000004     libc.a : boot_cortex_m.c.obj (.stack)
                  20207e04    000001fc     --HOLE--

__llvm_prf_cnts 
*          0    20200000    00000000     UNINITIALIZED

__llvm_prf_bits 
*          0    20200000    00000000     UNINITIALIZED

MODULE SUMMARY

       Module                         code   ro data   rw data
       ------                         ----   -------   -------
    ./
       ST7735_SDC.o                   1814   1425      17     
       fixed.o                        244    0         2160   
       RTOS_LD19.o                    380    43        1080   
       LD19.o                         1032   0         165    
       SPI.o                          588    0         4      
       Clock.o                        516    0         4      
       LaunchPad.o                    256    0         0      
    +--+------------------------------+------+---------+---------+
       Total:                         4830   1468      3430   
                                                              
    ./ticlang/
       startup_mspm0g3507_ticlang.o   60     192       0      
    +--+------------------------------+------+---------+---------+
       Total:                         60     192       0      
                                                              
    /Applications/ti/ccs2040/ccs/tools/compiler/ti-cgt-armllvm_4.0.4.LTS/lib/armv6m-ti-none-eabi/c/libc.a
       copy_decompress_lzss.c.obj     124    0         0      
       autoinit.c.obj                 60     0         0      
       boot_cortex_m.c.obj            40     0         0      
       copy_decompress_none.c.obj     18     0         0      
       memcpy16.S.obj                 18     0         0      
       copy_zero_init.c.obj           16     0         0      
       memset16.S.obj                 14     0         0      
       exit.c.obj                     6      0         0      
       pre_init.c.obj                 4      0         0      
    +--+------------------------------+------+---------+---------+
       Total:                         300    0         0      
                                                              
    /Applications/ti/ccs2040/ccs/tools/compiler/ti-cgt-armllvm_4.0.4.LTS/lib/armv6m-ti-none-eabi/c/libsysbm.a
       hostexit.c.obj                 4      0         0      
    +--+------------------------------+------+---------+---------+
       Total:                         4      0         0      
                                                              
    /Applications/ti/ccs2040/ccs/tools/compiler/ti-cgt-armllvm_4.0.4.LTS/lib/armv6m-ti-none-eabi/libclang_rt.builtins.a
       aeabi_idivmod.S.obj            86     0         0      
       aeabi_uidivmod.S.obj           64     0         0      
       aeabi_memset.S.obj             12     0         0      
       aeabi_memcpy.S.obj             8      0         0      
       aeabi_div0.c.obj               2      0         0      
    +--+------------------------------+------+---------+---------+
       Total:                         172    0         0      
                                                              
       Stack:                         0      0         512    
       Linker Generated:              0      1752      0      
    +--+------------------------------+------+---------+---------+
       Grand Total:                   5366   3412      3942   


LINKER GENERATED COPY TABLES

__TI_cinit_table @ 00002248 records: 2, size/record: 8, table size: 16
	.data: load addr=00001b80, load size=000006b4 bytes, run addr=20200000, run size=0000088e bytes, compression=lzss
	.bss: load addr=00002240, load size=00000008 bytes, run addr=20200890, run size=000004d8 bytes, compression=zero_init


LINKER GENERATED HANDLER TABLE

__TI_handler_table @ 00002234 records: 3, size/record: 4, table size: 12
	index: 0, handler: __TI_decompress_lzss
	index: 1, handler: __TI_decompress_none
	index: 2, handler: __TI_zero_init


GLOBAL SYMBOLS: SORTED ALPHABETICALLY BY Name 

address   name                          
-------   ----                          
000014c1  ADC0_IRQHandler               
000014c1  ADC1_IRQHandler               
000014c1  AES_IRQHandler                
000012dd  ActivatePortA_B               
20200870  BadCnt                        
20200874  BadDistance                   
20200d50  BadIntensity                  
20200878  BusFreq                       
000015b2  C$$EXIT                       
000014c1  CANFD0_IRQHandler             
0000145d  CS_Init                       
0000154d  Clock_Delay                   
00001315  Clock_Delay1ms                
0000158d  Clock_Freq                    
000002a1  Clock_Init80MHz               
00001b24  Colors                        
000014c1  DAC0_IRQHandler               
000014c1  DMA_IRQHandler                
20200890  Data                          
000014c1  Default_Handler               
0000155d  Delay                         
20200d54  Distances                     
000014c1  GROUP0_IRQHandler             
000014c1  GROUP1_IRQHandler             
000015b3  HOSTexit                      
000014dd  HardFault_Handler             
000014c1  I2C0_IRQHandler               
000014c1  I2C1_IRQHandler               
20200d08  LD19DataMessage               
00001515  LD19Fifo_Init                 
0000118d  LD19Fifo_Put                  
20200d58  LD19Index                     
20200d67  LD19LastByte                  
000005f9  LD19_Init                     
000014f9  LaunchPad_InS1                
00001481  LaunchPad_InS2                
00000f05  LaunchPad_Init                
20200d5c  LostDataLD19                  
000014c1  NMI_Handler                   
000014c1  PendSV_Handler                
000014c1  RTC_IRQHandler                
000015b7  Reset_Handler                 
000014c1  SPI0_IRQHandler               
000014c1  SPI1_IRQHandler               
000008f5  SPI1_Init                     
00001221  SPI1_Reset                    
2020087c  SPI1_init_Flag                
00000455  ST7735_DrawChar               
00000ffd  ST7735_DrawPixel              
00000e81  ST7735_DrawString             
00000a15  ST7735_FillRect               
000013e1  ST7735_FillScreen             
00000d61  ST7735_InitR                  
00000b2d  ST7735_OutChar                
00001435  ST7735_OutString              
00001349  ST7735_SetCursor              
000014c1  SVC_Handler                   
20200000  SinTab540                     
20200888  StTextColor                   
20200880  StX                           
20200884  StY                           
20200d60  StartAngle                    
000014c1  SysTick_Handler               
0000106d  TFT_OutCommand                
000010d1  TFT_OutData                   
000014c1  TIMA0_IRQHandler              
000014c1  TIMA1_IRQHandler              
000014c1  TIMG0_IRQHandler              
000014c1  TIMG12_IRQHandler             
000014c1  TIMG6_IRQHandler              
000014c1  TIMG7_IRQHandler              
000014c1  TIMG8_IRQHandler              
00001529  TI_memcpy_small               
0000157d  TI_memset_small               
000014c1  UART0_IRQHandler              
000014c1  UART1_IRQHandler              
000014c1  UART2_IRQHandler              
000011d9  UART3_IRQHandler              
20208000  __STACK_END                   
00000200  __STACK_SIZE                  
00000000  __TI_ATRegion0_region_sz      
00000000  __TI_ATRegion0_src_addr       
00000000  __TI_ATRegion0_trg_addr       
00000000  __TI_ATRegion1_region_sz      
00000000  __TI_ATRegion1_src_addr       
00000000  __TI_ATRegion1_trg_addr       
00000000  __TI_ATRegion2_region_sz      
00000000  __TI_ATRegion2_src_addr       
00000000  __TI_ATRegion2_trg_addr       
00002248  __TI_CINIT_Base               
00002258  __TI_CINIT_Limit              
00002258  __TI_CINIT_Warm               
00002234  __TI_Handler_Table_Base       
00002240  __TI_Handler_Table_Limit      
000012a1  __TI_auto_init_nobinit_nopinit
00000f81  __TI_decompress_lzss          
0000153b  __TI_decompress_none          
ffffffff  __TI_pprof_out_hndl           
ffffffff  __TI_prof_data_size           
ffffffff  __TI_prof_data_start          
00000000  __TI_static_base__            
0000156d  __TI_zero_init                
00001135  __aeabi_idiv                  
00000d5f  __aeabi_idiv0                 
00001135  __aeabi_idivmod               
00001599  __aeabi_memclr                
00001599  __aeabi_memclr4               
00001599  __aeabi_memclr8               
000015a5  __aeabi_memcpy                
000015a5  __aeabi_memcpy4               
000015a5  __aeabi_memcpy8               
00001261  __aeabi_uidiv                 
00001261  __aeabi_uidivmod              
ffffffff  __binit__                     
UNDEFED   __mpu_init                    
20207e00  __stack                       
20200000  __start___llvm_prf_bits       
20200000  __start___llvm_prf_cnts       
20200000  __stop___llvm_prf_bits        
20200000  __stop___llvm_prf_cnts        
0000140d  _c_int00_noargs               
UNDEFED   _system_post_cinit            
000015bb  _system_pre_init              
000015ad  abort                         
ffffffff  binit                         
00000bfd  cos540                        
00000000  interruptVectors              
00000779  main                          
0000137d  sin540                        


GLOBAL SYMBOLS: SORTED BY Symbol Address 

address   name                          
-------   ----                          
00000000  __TI_ATRegion0_region_sz      
00000000  __TI_ATRegion0_src_addr       
00000000  __TI_ATRegion0_trg_addr       
00000000  __TI_ATRegion1_region_sz      
00000000  __TI_ATRegion1_src_addr       
00000000  __TI_ATRegion1_trg_addr       
00000000  __TI_ATRegion2_region_sz      
00000000  __TI_ATRegion2_src_addr       
00000000  __TI_ATRegion2_trg_addr       
00000000  __TI_static_base__            
00000000  interruptVectors              
00000200  __STACK_SIZE                  
000002a1  Clock_Init80MHz               
00000455  ST7735_DrawChar               
000005f9  LD19_Init                     
00000779  main                          
000008f5  SPI1_Init                     
00000a15  ST7735_FillRect               
00000b2d  ST7735_OutChar                
00000bfd  cos540                        
00000d5f  __aeabi_idiv0                 
00000d61  ST7735_InitR                  
00000e81  ST7735_DrawString             
00000f05  LaunchPad_Init                
00000f81  __TI_decompress_lzss          
00000ffd  ST7735_DrawPixel              
0000106d  TFT_OutCommand                
000010d1  TFT_OutData                   
00001135  __aeabi_idiv                  
00001135  __aeabi_idivmod               
0000118d  LD19Fifo_Put                  
000011d9  UART3_IRQHandler              
00001221  SPI1_Reset                    
00001261  __aeabi_uidiv                 
00001261  __aeabi_uidivmod              
000012a1  __TI_auto_init_nobinit_nopinit
000012dd  ActivatePortA_B               
00001315  Clock_Delay1ms                
00001349  ST7735_SetCursor              
0000137d  sin540                        
000013e1  ST7735_FillScreen             
0000140d  _c_int00_noargs               
00001435  ST7735_OutString              
0000145d  CS_Init                       
00001481  LaunchPad_InS2                
000014c1  ADC0_IRQHandler               
000014c1  ADC1_IRQHandler               
000014c1  AES_IRQHandler                
000014c1  CANFD0_IRQHandler             
000014c1  DAC0_IRQHandler               
000014c1  DMA_IRQHandler                
000014c1  Default_Handler               
000014c1  GROUP0_IRQHandler             
000014c1  GROUP1_IRQHandler             
000014c1  I2C0_IRQHandler               
000014c1  I2C1_IRQHandler               
000014c1  NMI_Handler                   
000014c1  PendSV_Handler                
000014c1  RTC_IRQHandler                
000014c1  SPI0_IRQHandler               
000014c1  SPI1_IRQHandler               
000014c1  SVC_Handler                   
000014c1  SysTick_Handler               
000014c1  TIMA0_IRQHandler              
000014c1  TIMA1_IRQHandler              
000014c1  TIMG0_IRQHandler              
000014c1  TIMG12_IRQHandler             
000014c1  TIMG6_IRQHandler              
000014c1  TIMG7_IRQHandler              
000014c1  TIMG8_IRQHandler              
000014c1  UART0_IRQHandler              
000014c1  UART1_IRQHandler              
000014c1  UART2_IRQHandler              
000014dd  HardFault_Handler             
000014f9  LaunchPad_InS1                
00001515  LD19Fifo_Init                 
00001529  TI_memcpy_small               
0000153b  __TI_decompress_none          
0000154d  Clock_Delay                   
0000155d  Delay                         
0000156d  __TI_zero_init                
0000157d  TI_memset_small               
0000158d  Clock_Freq                    
00001599  __aeabi_memclr                
00001599  __aeabi_memclr4               
00001599  __aeabi_memclr8               
000015a5  __aeabi_memcpy                
000015a5  __aeabi_memcpy4               
000015a5  __aeabi_memcpy8               
000015ad  abort                         
000015b2  C$$EXIT                       
000015b3  HOSTexit                      
000015b7  Reset_Handler                 
000015bb  _system_pre_init              
00001b24  Colors                        
00002234  __TI_Handler_Table_Base       
00002240  __TI_Handler_Table_Limit      
00002248  __TI_CINIT_Base               
00002258  __TI_CINIT_Limit              
00002258  __TI_CINIT_Warm               
20200000  SinTab540                     
20200000  __start___llvm_prf_bits       
20200000  __start___llvm_prf_cnts       
20200000  __stop___llvm_prf_bits        
20200000  __stop___llvm_prf_cnts        
20200870  BadCnt                        
20200874  BadDistance                   
20200878  BusFreq                       
2020087c  SPI1_init_Flag                
20200880  StX                           
20200884  StY                           
20200888  StTextColor                   
20200890  Data                          
20200d08  LD19DataMessage               
20200d50  BadIntensity                  
20200d54  Distances                     
20200d58  LD19Index                     
20200d5c  LostDataLD19                  
20200d60  StartAngle                    
20200d67  LD19LastByte                  
20207e00  __stack                       
20208000  __STACK_END                   
ffffffff  __TI_pprof_out_hndl           
ffffffff  __TI_prof_data_size           
ffffffff  __TI_prof_data_start          
ffffffff  __binit__                     
ffffffff  binit                         
UNDEFED   __mpu_init                    
UNDEFED   _system_post_cinit            

[129 symbols]
