******************************************************************************
            TI ARM Clang Linker Unix v4.0.4                    
******************************************************************************
>> Linked Wed Jan 28 09:51:37 2026

OUTPUT FILE NAME:   <CAN.out>
ENTRY POINT SYMBOL: "_c_int00_noargs"  address: 00000bd1


MEMORY CONFIGURATION

         name            origin    length      used     unused   attr    fill
----------------------  --------  ---------  --------  --------  ----  --------
  FLASH                 00000000   00020000  00000d20  0001f2e0  R  X
  SRAM                  20200000   00008000  000002f2  00007d0e  RW X
  BCR_CONFIG            41c00000   00000080  00000000  00000080  R   
  BSL_CONFIG            41c00100   00000080  00000000  00000080  R   


SEGMENT ALLOCATION MAP

run origin  load origin   length   init length attrs members
----------  ----------- ---------- ----------- ----- -------
00000000    00000000    00000d20   00000d20    r-x
  00000000    00000000    000000c0   000000c0    r-- .intvecs
  000000c0    000000c0    00000c08   00000c08    r-x .text
  00000cc8    00000cc8    00000058   00000058    r-- .cinit
20200000    20200000    000000f2   00000000    rw-
  20200000    20200000    000000b8   00000000    rw- .bss
  202000b8    202000b8    0000003a   00000000    rw- .data
20207e00    20207e00    00000200   00000000    rw-
  20207e00    20207e00    00000200   00000000    rw- .stack


SECTION ALLOCATION MAP

 output                                  attributes/
section   page    origin      length       input sections
--------  ----  ----------  ----------   ----------------
.intvecs   0    00000000    000000c0     
                  00000000    000000c0     startup_mspm0g3507_ticlang.o (.intvecs)

.text      0    000000c0    00000c08     
                  000000c0    0000020c     CAN.o (.text.CAN_Init)
                  000002cc    000001b4     Clock.o (.text.Clock_Init80MHz)
                  00000480    0000016c     CAN.o (.text.ReadCANMsgRam)
                  000005ec    00000140     CAN.o (.text.CAN_Send)
                  0000072c    000000ec     CANtestmain.o (.text.main)
                  00000818    0000008c     CAN.o (.text.CAN_GetMailNonBlock)
                  000008a4    0000007c     LaunchPad.o (.text.LaunchPad_Init)
                  00000920    0000007c     libc.a : copy_decompress_lzss.c.obj (.text:decompress:lzss)
                  0000099c    00000074     CAN.o (.text.CAN_EnableInterrupts)
                  00000a10    00000068     CAN.o (.text.readCANRxMsg)
                  00000a78    0000005c     CAN.o (.text.CANFD0_IRQHandler)
                  00000ad4    00000048     CAN.o (.text.getCANRxFIFOStatus)
                  00000b1c    00000040     libclang_rt.builtins.a : aeabi_uidivmod.S.obj (.text.__aeabi_uidivmod)
                  00000b5c    0000003c     libc.a : autoinit.c.obj (.text:__TI_auto_init_nobinit_nopinit)
                  00000b98    00000038     LaunchPad.o (.text.ActivatePortA_B)
                  00000bd0    00000028     libc.a : boot_cortex_m.c.obj (.text:_c_int00_noargs)
                  00000bf8    0000001c     startup_mspm0g3507_ticlang.o (.text.Default_Handler)
                  00000c14    0000001c     startup_mspm0g3507_ticlang.o (.text.HardFault_Handler)
                  00000c30    00000016     libc.a : copy_zero_init.c.obj (.text:decompress:ZI:__TI_zero_init_nomemset)
                  00000c46    00000012            : memcpy16.S.obj (.text:TI_memcpy_small)
                  00000c58    00000012            : copy_decompress_none.c.obj (.text:decompress:none)
                  00000c6a    00000010     Clock.o (.text.Clock_Delay)
                  00000c7a    00000010     LaunchPad.o (.text.Delay)
                  00000c8a    00000010     CAN.o (.text.READ_REG32_RAW)
                  00000c9a    00000010     CAN.o (.text.WRITE_REG32_RAW)
                  00000caa    00000002     libclang_rt.builtins.a : aeabi_div0.c.obj (.text.__aeabi_idiv0)
                  00000cac    00000008                            : aeabi_memcpy.S.obj (.text.__aeabi_memcpy)
                  00000cb4    00000006     libc.a : exit.c.obj (.text:abort)
                  00000cba    00000004     libsysbm.a : hostexit.c.obj (.text.HOSTexit)
                  00000cbe    00000004     startup_mspm0g3507_ticlang.o (.text.Reset_Handler)
                  00000cc2    00000004     libc.a : pre_init.c.obj (.text._system_pre_init)
                  00000cc6    00000002     --HOLE-- [fill = 0]

.cinit     0    00000cc8    00000058     
                  00000cc8    0000002d     (.cinit..data.load) [load image, compression = lzss]
                  00000cf5    00000003     --HOLE-- [fill = 0]
                  00000cf8    0000000c     (__TI_handler_table)
                  00000d04    00000008     (.cinit..bss.load) [load image, compression = zero_init]
                  00000d0c    00000010     (__TI_cinit_table)
                  00000d1c    00000004     --HOLE-- [fill = 0]

.init_array 
*          0    00000000    00000000     UNINITIALIZED

.binit     0    00000000    00000000     

.bss       0    20200000    000000b8     UNINITIALIZED
                  20200000    00000080     (.common:CANFIFO)
                  20200080    00000018     CAN.o (.bss.readCANRxMsg.rxFS)
                  20200098    00000008     (.common:RecvData)
                  202000a0    00000008     (.common:TheData)
                  202000a8    00000004     (.common:CAN_CREL)
                  202000ac    00000004     (.common:CAN_PID)
                  202000b0    00000004     (.common:RecDLC)
                  202000b4    00000004     (.common:RecvID)

.data      0    202000b8    0000003a     UNINITIALIZED
                  202000b8    00000020     CAN.o (.data.objSize4)
                  202000d8    00000004     Clock.o (.data.BusFreq)
                  202000dc    00000004     CAN.o (.data.CANGetI)
                  202000e0    00000004     CAN.o (.data.CANPutI)
                  202000e4    00000004     CAN.o (.data.CanInterruptLine1Status)
                  202000e8    00000004     CANtestmain.o (.data.TheValue)
                  202000ec    00000004     CANtestmain.o (.data.YourID)
                  202000f0    00000002     CANtestmain.o (.data.TheDLC)

.stack     0    20207e00    00000200     UNINITIALIZED
                  20207e00    00000004     libc.a : boot_cortex_m.c.obj (.stack)
                  20207e04    000001fc     --HOLE--

__llvm_prf_cnts 
*          0    20200000    00000000     UNINITIALIZED

__llvm_prf_bits 
*          0    20200000    00000000     UNINITIALIZED

MODULE SUMMARY

       Module                         code   ro data   rw data
       ------                         ----   -------   -------
    ./
       CAN.o                          1764   0         204    
       Clock.o                        452    0         4      
       CANtestmain.o                  236    0         34     
       LaunchPad.o                    196    0         0      
    +--+------------------------------+------+---------+---------+
       Total:                         2648   0         242    
                                                              
    ./ticlang/
       startup_mspm0g3507_ticlang.o   60     192       0      
    +--+------------------------------+------+---------+---------+
       Total:                         60     192       0      
                                                              
    /Applications/ti/ccs2040/ccs/tools/compiler/ti-cgt-armllvm_4.0.4.LTS/lib/armv6m-ti-none-eabi/c/libc.a
       copy_decompress_lzss.c.obj     124    0         0      
       autoinit.c.obj                 60     0         0      
       boot_cortex_m.c.obj            40     0         0      
       copy_zero_init.c.obj           22     0         0      
       copy_decompress_none.c.obj     18     0         0      
       memcpy16.S.obj                 18     0         0      
       exit.c.obj                     6      0         0      
       pre_init.c.obj                 4      0         0      
    +--+------------------------------+------+---------+---------+
       Total:                         292    0         0      
                                                              
    /Applications/ti/ccs2040/ccs/tools/compiler/ti-cgt-armllvm_4.0.4.LTS/lib/armv6m-ti-none-eabi/c/libsysbm.a
       hostexit.c.obj                 4      0         0      
    +--+------------------------------+------+---------+---------+
       Total:                         4      0         0      
                                                              
    /Applications/ti/ccs2040/ccs/tools/compiler/ti-cgt-armllvm_4.0.4.LTS/lib/armv6m-ti-none-eabi/libclang_rt.builtins.a
       aeabi_uidivmod.S.obj           64     0         0      
       aeabi_memcpy.S.obj             8      0         0      
       aeabi_div0.c.obj               2      0         0      
    +--+------------------------------+------+---------+---------+
       Total:                         74     0         0      
                                                              
       Stack:                         0      0         512    
       Linker Generated:              0      81        0      
    +--+------------------------------+------+---------+---------+
       Grand Total:                   3078   273       754    


LINKER GENERATED COPY TABLES

__TI_cinit_table @ 00000d0c records: 2, size/record: 8, table size: 16
	.data: load addr=00000cc8, load size=0000002d bytes, run addr=202000b8, run size=0000003a bytes, compression=lzss
	.bss: load addr=00000d04, load size=00000008 bytes, run addr=20200000, run size=000000b8 bytes, compression=zero_init


LINKER GENERATED HANDLER TABLE

__TI_handler_table @ 00000cf8 records: 3, size/record: 4, table size: 12
	index: 0, handler: __TI_decompress_lzss
	index: 1, handler: __TI_decompress_none
	index: 2, handler: __TI_zero_init


GLOBAL SYMBOLS: SORTED ALPHABETICALLY BY Name 

address   name                          
-------   ----                          
00000bf9  ADC0_IRQHandler               
00000bf9  ADC1_IRQHandler               
00000bf9  AES_IRQHandler                
00000b99  ActivatePortA_B               
202000d8  BusFreq                       
00000cba  C$$EXIT                       
00000a79  CANFD0_IRQHandler             
20200000  CANFIFO                       
202000dc  CANGetI                       
202000e0  CANPutI                       
202000a8  CAN_CREL                      
0000099d  CAN_EnableInterrupts          
00000819  CAN_GetMailNonBlock           
000000c1  CAN_Init                      
202000ac  CAN_PID                       
000005ed  CAN_Send                      
202000e4  CanInterruptLine1Status       
00000c6b  Clock_Delay                   
000002cd  Clock_Init80MHz               
00000bf9  DAC0_IRQHandler               
00000bf9  DMA_IRQHandler                
00000bf9  Default_Handler               
00000c7b  Delay                         
00000bf9  GROUP0_IRQHandler             
00000bf9  GROUP1_IRQHandler             
00000cbb  HOSTexit                      
00000c15  HardFault_Handler             
00000bf9  I2C0_IRQHandler               
00000bf9  I2C1_IRQHandler               
000008a5  LaunchPad_Init                
00000bf9  NMI_Handler                   
00000bf9  PendSV_Handler                
00000bf9  RTC_IRQHandler                
00000481  ReadCANMsgRam                 
202000b0  RecDLC                        
20200098  RecvData                      
202000b4  RecvID                        
00000cbf  Reset_Handler                 
00000bf9  SPI0_IRQHandler               
00000bf9  SPI1_IRQHandler               
00000bf9  SVC_Handler                   
00000bf9  SysTick_Handler               
00000bf9  TIMA0_IRQHandler              
00000bf9  TIMA1_IRQHandler              
00000bf9  TIMG0_IRQHandler              
00000bf9  TIMG12_IRQHandler             
00000bf9  TIMG6_IRQHandler              
00000bf9  TIMG7_IRQHandler              
00000bf9  TIMG8_IRQHandler              
00000c47  TI_memcpy_small               
202000f0  TheDLC                        
202000a0  TheData                       
202000e8  TheValue                      
00000bf9  UART0_IRQHandler              
00000bf9  UART1_IRQHandler              
00000bf9  UART2_IRQHandler              
00000bf9  UART3_IRQHandler              
202000ec  YourID                        
20208000  __STACK_END                   
00000200  __STACK_SIZE                  
00000000  __TI_ATRegion0_region_sz      
00000000  __TI_ATRegion0_src_addr       
00000000  __TI_ATRegion0_trg_addr       
00000000  __TI_ATRegion1_region_sz      
00000000  __TI_ATRegion1_src_addr       
00000000  __TI_ATRegion1_trg_addr       
00000000  __TI_ATRegion2_region_sz      
00000000  __TI_ATRegion2_src_addr       
00000000  __TI_ATRegion2_trg_addr       
00000d0c  __TI_CINIT_Base               
00000d1c  __TI_CINIT_Limit              
00000d1c  __TI_CINIT_Warm               
00000cf8  __TI_Handler_Table_Base       
00000d04  __TI_Handler_Table_Limit      
00000b5d  __TI_auto_init_nobinit_nopinit
00000921  __TI_decompress_lzss          
00000c59  __TI_decompress_none          
ffffffff  __TI_pprof_out_hndl           
ffffffff  __TI_prof_data_size           
ffffffff  __TI_prof_data_start          
00000000  __TI_static_base__            
00000c31  __TI_zero_init_nomemset       
00000cab  __aeabi_idiv0                 
00000cad  __aeabi_memcpy                
00000cad  __aeabi_memcpy4               
00000cad  __aeabi_memcpy8               
00000b1d  __aeabi_uidiv                 
00000b1d  __aeabi_uidivmod              
ffffffff  __binit__                     
UNDEFED   __mpu_init                    
20207e00  __stack                       
20200000  __start___llvm_prf_bits       
20200000  __start___llvm_prf_cnts       
20200000  __stop___llvm_prf_bits        
20200000  __stop___llvm_prf_cnts        
00000bd1  _c_int00_noargs               
UNDEFED   _system_post_cinit            
00000cc3  _system_pre_init              
00000cb5  abort                         
ffffffff  binit                         
00000ad5  getCANRxFIFOStatus            
00000000  interruptVectors              
0000072d  main                          
202000b8  objSize4                      
00000a11  readCANRxMsg                  


GLOBAL SYMBOLS: SORTED BY Symbol Address 

address   name                          
-------   ----                          
00000000  __TI_ATRegion0_region_sz      
00000000  __TI_ATRegion0_src_addr       
00000000  __TI_ATRegion0_trg_addr       
00000000  __TI_ATRegion1_region_sz      
00000000  __TI_ATRegion1_src_addr       
00000000  __TI_ATRegion1_trg_addr       
00000000  __TI_ATRegion2_region_sz      
00000000  __TI_ATRegion2_src_addr       
00000000  __TI_ATRegion2_trg_addr       
00000000  __TI_static_base__            
00000000  interruptVectors              
000000c1  CAN_Init                      
00000200  __STACK_SIZE                  
000002cd  Clock_Init80MHz               
00000481  ReadCANMsgRam                 
000005ed  CAN_Send                      
0000072d  main                          
00000819  CAN_GetMailNonBlock           
000008a5  LaunchPad_Init                
00000921  __TI_decompress_lzss          
0000099d  CAN_EnableInterrupts          
00000a11  readCANRxMsg                  
00000a79  CANFD0_IRQHandler             
00000ad5  getCANRxFIFOStatus            
00000b1d  __aeabi_uidiv                 
00000b1d  __aeabi_uidivmod              
00000b5d  __TI_auto_init_nobinit_nopinit
00000b99  ActivatePortA_B               
00000bd1  _c_int00_noargs               
00000bf9  ADC0_IRQHandler               
00000bf9  ADC1_IRQHandler               
00000bf9  AES_IRQHandler                
00000bf9  DAC0_IRQHandler               
00000bf9  DMA_IRQHandler                
00000bf9  Default_Handler               
00000bf9  GROUP0_IRQHandler             
00000bf9  GROUP1_IRQHandler             
00000bf9  I2C0_IRQHandler               
00000bf9  I2C1_IRQHandler               
00000bf9  NMI_Handler                   
00000bf9  PendSV_Handler                
00000bf9  RTC_IRQHandler                
00000bf9  SPI0_IRQHandler               
00000bf9  SPI1_IRQHandler               
00000bf9  SVC_Handler                   
00000bf9  SysTick_Handler               
00000bf9  TIMA0_IRQHandler              
00000bf9  TIMA1_IRQHandler              
00000bf9  TIMG0_IRQHandler              
00000bf9  TIMG12_IRQHandler             
00000bf9  TIMG6_IRQHandler              
00000bf9  TIMG7_IRQHandler              
00000bf9  TIMG8_IRQHandler              
00000bf9  UART0_IRQHandler              
00000bf9  UART1_IRQHandler              
00000bf9  UART2_IRQHandler              
00000bf9  UART3_IRQHandler              
00000c15  HardFault_Handler             
00000c31  __TI_zero_init_nomemset       
00000c47  TI_memcpy_small               
00000c59  __TI_decompress_none          
00000c6b  Clock_Delay                   
00000c7b  Delay                         
00000cab  __aeabi_idiv0                 
00000cad  __aeabi_memcpy                
00000cad  __aeabi_memcpy4               
00000cad  __aeabi_memcpy8               
00000cb5  abort                         
00000cba  C$$EXIT                       
00000cbb  HOSTexit                      
00000cbf  Reset_Handler                 
00000cc3  _system_pre_init              
00000cf8  __TI_Handler_Table_Base       
00000d04  __TI_Handler_Table_Limit      
00000d0c  __TI_CINIT_Base               
00000d1c  __TI_CINIT_Limit              
00000d1c  __TI_CINIT_Warm               
20200000  CANFIFO                       
20200000  __start___llvm_prf_bits       
20200000  __start___llvm_prf_cnts       
20200000  __stop___llvm_prf_bits        
20200000  __stop___llvm_prf_cnts        
20200098  RecvData                      
202000a0  TheData                       
202000a8  CAN_CREL                      
202000ac  CAN_PID                       
202000b0  RecDLC                        
202000b4  RecvID                        
202000b8  objSize4                      
202000d8  BusFreq                       
202000dc  CANGetI                       
202000e0  CANPutI                       
202000e4  CanInterruptLine1Status       
202000e8  TheValue                      
202000ec  YourID                        
202000f0  TheDLC                        
20207e00  __stack                       
20208000  __STACK_END                   
ffffffff  __TI_pprof_out_hndl           
ffffffff  __TI_prof_data_size           
ffffffff  __TI_prof_data_start          
ffffffff  __binit__                     
ffffffff  binit                         
UNDEFED   __mpu_init                    
UNDEFED   _system_post_cinit            

[105 symbols]
