******************************************************************************
            TI ARM Clang Linker Unix v4.0.4                    
******************************************************************************
>> Linked Wed Jan 28 13:42:24 2026

OUTPUT FILE NAME:   <ScratchAsm.out>
ENTRY POINT SYMBOL: "_c_int00_noinit_noargs"  address: 00000181


MEMORY CONFIGURATION

         name            origin    length      used     unused   attr    fill
----------------------  --------  ---------  --------  --------  ----  --------
  FLASH                 00000000   00020000  000001f0  0001fe10  R  X
  SRAM                  20200000   00008000  00000200  00007e00  RW X
  BCR_CONFIG            41c00000   00000080  00000000  00000080  R   
  BSL_CONFIG            41c00100   00000080  00000000  00000080  R   


SEGMENT ALLOCATION MAP

run origin  load origin   length   init length attrs members
----------  ----------- ---------- ----------- ----- -------
00000000    00000000    000001f0   000001f0    r-x
  00000000    00000000    000000c0   000000c0    r-- .intvecs
  000000c0    000000c0    00000130   00000130    r-x .text
20207e00    20207e00    00000200   00000000    rw-
  20207e00    20207e00    00000200   00000000    rw- .stack


SECTION ALLOCATION MAP

 output                                  attributes/
section   page    origin      length       input sections
--------  ----  ----------  ----------   ----------------
.intvecs   0    00000000    000000c0     
                  00000000    000000c0     startup_mspm0g3507_ticlang.o (.intvecs)

.text      0    000000c0    00000130     
                  000000c0    000000c0     Scratch.o (.text)
                  00000180    00000020     libc.a : boot_cortex_m.c.obj (.text:_c_int00_noinit_noargs)
                  000001a0    0000001c     startup_mspm0g3507_ticlang.o (.text.Default_Handler)
                  000001bc    0000001c     startup_mspm0g3507_ticlang.o (.text.HardFault_Handler)
                  000001d8    00000006     libc.a : exit.c.obj (.text:abort)
                  000001de    00000004     libsysbm.a : hostexit.c.obj (.text.HOSTexit)
                  000001e2    00000004     startup_mspm0g3507_ticlang.o (.text.Reset_Handler)
                  000001e6    00000004     libc.a : pre_init.c.obj (.text._system_pre_init)
                  000001ea    00000006     --HOLE-- [fill = 0]

.cinit     0    00000000    00000000     

.init_array 
*          0    00000000    00000000     UNINITIALIZED

.binit     0    00000000    00000000     

.stack     0    20207e00    00000200     UNINITIALIZED
                  20207e00    00000004     libc.a : boot_cortex_m.c.obj (.stack)
                  20207e04    000001fc     --HOLE--

__llvm_prf_cnts 
*          0    20200000    00000000     UNINITIALIZED

__llvm_prf_bits 
*          0    20200000    00000000     UNINITIALIZED

MODULE SUMMARY

       Module                         code   ro data   rw data
       ------                         ----   -------   -------
    ./
       Scratch.o                      192    0         0      
    +--+------------------------------+------+---------+---------+
       Total:                         192    0         0      
                                                              
    ./ticlang/
       startup_mspm0g3507_ticlang.o   60     192       0      
    +--+------------------------------+------+---------+---------+
       Total:                         60     192       0      
                                                              
    /Applications/ti/ccs2040/ccs/tools/compiler/ti-cgt-armllvm_4.0.4.LTS/lib/armv6m-ti-none-eabi/c/libc.a
       boot_cortex_m.c.obj            32     0         0      
       exit.c.obj                     6      0         0      
       pre_init.c.obj                 4      0         0      
    +--+------------------------------+------+---------+---------+
       Total:                         42     0         0      
                                                              
    /Applications/ti/ccs2040/ccs/tools/compiler/ti-cgt-armllvm_4.0.4.LTS/lib/armv6m-ti-none-eabi/c/libsysbm.a
       hostexit.c.obj                 4      0         0      
    +--+------------------------------+------+---------+---------+
       Total:                         4      0         0      
                                                              
       Stack:                         0      0         512    
    +--+------------------------------+------+---------+---------+
       Grand Total:                   298    192       512    


GLOBAL SYMBOLS: SORTED ALPHABETICALLY BY Name 

address   name                    
-------   ----                    
000001a1  ADC0_IRQHandler         
000001a1  ADC1_IRQHandler         
000001a1  AES_IRQHandler          
000001de  C$$EXIT                 
000001a1  CANFD0_IRQHandler       
000001a1  DAC0_IRQHandler         
000001a1  DMA_IRQHandler          
000001a1  Default_Handler         
000001a1  GROUP0_IRQHandler       
000001a1  GROUP1_IRQHandler       
000001df  HOSTexit                
000001bd  HardFault_Handler       
000001a1  I2C0_IRQHandler         
000001a1  I2C1_IRQHandler         
000001a1  NMI_Handler             
000001a1  PendSV_Handler          
000000c0  ProgramBlock            
000001a1  RTC_IRQHandler          
000001e3  Reset_Handler           
000001a1  SPI0_IRQHandler         
000001a1  SPI1_IRQHandler         
000001a1  SVC_Handler             
000001a1  SysTick_Handler         
000001a1  TIMA0_IRQHandler        
000001a1  TIMA1_IRQHandler        
000001a1  TIMG0_IRQHandler        
000001a1  TIMG12_IRQHandler       
000001a1  TIMG6_IRQHandler        
000001a1  TIMG7_IRQHandler        
000001a1  TIMG8_IRQHandler        
000001a1  UART0_IRQHandler        
000001a1  UART1_IRQHandler        
000001a1  UART2_IRQHandler        
000001a1  UART3_IRQHandler        
20208000  __STACK_END             
00000200  __STACK_SIZE            
00000000  __TI_ATRegion0_region_sz
00000000  __TI_ATRegion0_src_addr 
00000000  __TI_ATRegion0_trg_addr 
00000000  __TI_ATRegion1_region_sz
00000000  __TI_ATRegion1_src_addr 
00000000  __TI_ATRegion1_trg_addr 
00000000  __TI_ATRegion2_region_sz
00000000  __TI_ATRegion2_src_addr 
00000000  __TI_ATRegion2_trg_addr 
00000000  __TI_CINIT_Base         
00000000  __TI_CINIT_Limit        
00000000  __TI_CINIT_Warm         
ffffffff  __TI_pprof_out_hndl     
ffffffff  __TI_prof_data_size     
ffffffff  __TI_prof_data_start    
00000000  __TI_static_base__      
ffffffff  __binit__               
UNDEFED   __mpu_init              
20207e00  __stack                 
20200000  __start___llvm_prf_bits 
20200000  __start___llvm_prf_cnts 
20200000  __stop___llvm_prf_bits  
20200000  __stop___llvm_prf_cnts  
00000181  _c_int00_noinit_noargs  
000001e7  _system_pre_init        
000001d9  abort                   
ffffffff  binit                   
00000000  interruptVectors        
00000166  main                    


GLOBAL SYMBOLS: SORTED BY Symbol Address 

address   name                    
-------   ----                    
00000000  __TI_ATRegion0_region_sz
00000000  __TI_ATRegion0_src_addr 
00000000  __TI_ATRegion0_trg_addr 
00000000  __TI_ATRegion1_region_sz
00000000  __TI_ATRegion1_src_addr 
00000000  __TI_ATRegion1_trg_addr 
00000000  __TI_ATRegion2_region_sz
00000000  __TI_ATRegion2_src_addr 
00000000  __TI_ATRegion2_trg_addr 
00000000  __TI_CINIT_Base         
00000000  __TI_CINIT_Limit        
00000000  __TI_CINIT_Warm         
00000000  __TI_static_base__      
00000000  interruptVectors        
000000c0  ProgramBlock            
00000166  main                    
00000181  _c_int00_noinit_noargs  
000001a1  ADC0_IRQHandler         
000001a1  ADC1_IRQHandler         
000001a1  AES_IRQHandler          
000001a1  CANFD0_IRQHandler       
000001a1  DAC0_IRQHandler         
000001a1  DMA_IRQHandler          
000001a1  Default_Handler         
000001a1  GROUP0_IRQHandler       
000001a1  GROUP1_IRQHandler       
000001a1  I2C0_IRQHandler         
000001a1  I2C1_IRQHandler         
000001a1  NMI_Handler             
000001a1  PendSV_Handler          
000001a1  RTC_IRQHandler          
000001a1  SPI0_IRQHandler         
000001a1  SPI1_IRQHandler         
000001a1  SVC_Handler             
000001a1  SysTick_Handler         
000001a1  TIMA0_IRQHandler        
000001a1  TIMA1_IRQHandler        
000001a1  TIMG0_IRQHandler        
000001a1  TIMG12_IRQHandler       
000001a1  TIMG6_IRQHandler        
000001a1  TIMG7_IRQHandler        
000001a1  TIMG8_IRQHandler        
000001a1  UART0_IRQHandler        
000001a1  UART1_IRQHandler        
000001a1  UART2_IRQHandler        
000001a1  UART3_IRQHandler        
000001bd  HardFault_Handler       
000001d9  abort                   
000001de  C$$EXIT                 
000001df  HOSTexit                
000001e3  Reset_Handler           
000001e7  _system_pre_init        
00000200  __STACK_SIZE            
20200000  __start___llvm_prf_bits 
20200000  __start___llvm_prf_cnts 
20200000  __stop___llvm_prf_bits  
20200000  __stop___llvm_prf_cnts  
20207e00  __stack                 
20208000  __STACK_END             
ffffffff  __TI_pprof_out_hndl     
ffffffff  __TI_prof_data_size     
ffffffff  __TI_prof_data_start    
ffffffff  __binit__               
ffffffff  binit                   
UNDEFED   __mpu_init              

[65 symbols]
