<?xml version="1.0" encoding="ISO-8859-1" ?>
<link_info>
   <banner>TI ARM Clang Linker Unix v4.0.4.LTS</banner>
   <copyright>Copyright (c) 1996-2018 Texas Instruments Incorporated</copyright>
   <command_line>/Applications/ti/ccs2040/ccs/tools/compiler/ti-cgt-armllvm_4.0.4.LTS/bin/tiarmlnk -I/Applications/ti/ccs2040/ccs/tools/compiler/ti-cgt-armllvm_4.0.4.LTS/lib -o RTOS_Lab5_ProcessLoader.out -mRTOS_Lab5_ProcessLoader.map --heap_size=512 --stack_size=512 -i/Users/samarthkabbur/Documents/MSPM0LabProjects/RTOS_Lab5_ProcessLoader/Debug/syscfg -i/Applications/ti/ccs2040/ccs/tools/compiler/ti-cgt-armllvm_4.0.4.LTS/lib --diag_wrap=off --display_error_number --warn_sections --xml_link_info=RTOS_Lab5_ProcessLoader_linkInfo.xml --rom_model ./ADC.o ./Clock.o ./DFT16.o ./IRDistance.o ./Interpreter.o ./LPF.o ./LaunchPad.o ./OS.o ./Program.o ./Program2.o ./RTOS_FIFO.o ./RTOS_Lab5.o ./RTOS_UART.o ./RTOS_UARTints.o ./SPI.o ./ST7735_SDC.o ./TFLuna2.o ./TFLunaCommon.o ./Timer.o ./eDisk.o ./eFile.o ./heap.o ./osasm.o ./ticlang/startup_mspm0g3507_ticlang.o ../mspm0g3507.cmd -l/Applications/ti/mspm0_sdk_2_09_00_01/source/ti/driverlib/lib/ticlang/m0p/mspm0g1x0x_g3x0x/driverlib.a -llibc.a --start-group -llibc++.a -llibc++abi.a -llibc.a -llibsys.a -llibsysbm.a -llibclang_rt.builtins.a -llibclang_rt.profile.a --end-group --cg_opt_level=0</command_line>
   <link_time>0x698036ab</link_time>
   <link_errors>0x1</link_errors>
   <output_file>/Users/samarthkabbur/Documents/MSPM0LabProjects/RTOS_Lab5_ProcessLoader/Debug/RTOS_Lab5_ProcessLoader.out</output_file>
   <entry_point>
      <name>_c_int00_noargs</name>
      <address>0x324d</address>
   </entry_point>
   <input_file_list>
      <input_file id="fl-1">
         <path>/Users/samarthkabbur/Documents/MSPM0LabProjects/RTOS_Lab5_ProcessLoader/Debug/./</path>
         <kind>object</kind>
         <file>ADC.o</file>
         <name>ADC.o</name>
      </input_file>
      <input_file id="fl-2">
         <path>/Users/samarthkabbur/Documents/MSPM0LabProjects/RTOS_Lab5_ProcessLoader/Debug/./</path>
         <kind>object</kind>
         <file>Clock.o</file>
         <name>Clock.o</name>
      </input_file>
      <input_file id="fl-3">
         <path>/Users/samarthkabbur/Documents/MSPM0LabProjects/RTOS_Lab5_ProcessLoader/Debug/./</path>
         <kind>object</kind>
         <file>DFT16.o</file>
         <name>DFT16.o</name>
      </input_file>
      <input_file id="fl-4">
         <path>/Users/samarthkabbur/Documents/MSPM0LabProjects/RTOS_Lab5_ProcessLoader/Debug/./</path>
         <kind>object</kind>
         <file>IRDistance.o</file>
         <name>IRDistance.o</name>
      </input_file>
      <input_file id="fl-5">
         <path>/Users/samarthkabbur/Documents/MSPM0LabProjects/RTOS_Lab5_ProcessLoader/Debug/./</path>
         <kind>object</kind>
         <file>Interpreter.o</file>
         <name>Interpreter.o</name>
      </input_file>
      <input_file id="fl-6">
         <path>/Users/samarthkabbur/Documents/MSPM0LabProjects/RTOS_Lab5_ProcessLoader/Debug/./</path>
         <kind>object</kind>
         <file>LPF.o</file>
         <name>LPF.o</name>
      </input_file>
      <input_file id="fl-7">
         <path>/Users/samarthkabbur/Documents/MSPM0LabProjects/RTOS_Lab5_ProcessLoader/Debug/./</path>
         <kind>object</kind>
         <file>LaunchPad.o</file>
         <name>LaunchPad.o</name>
      </input_file>
      <input_file id="fl-8">
         <path>/Users/samarthkabbur/Documents/MSPM0LabProjects/RTOS_Lab5_ProcessLoader/Debug/./</path>
         <kind>object</kind>
         <file>OS.o</file>
         <name>OS.o</name>
      </input_file>
      <input_file id="fl-9">
         <path>/Users/samarthkabbur/Documents/MSPM0LabProjects/RTOS_Lab5_ProcessLoader/Debug/./</path>
         <kind>object</kind>
         <file>Program.o</file>
         <name>Program.o</name>
      </input_file>
      <input_file id="fl-a">
         <path>/Users/samarthkabbur/Documents/MSPM0LabProjects/RTOS_Lab5_ProcessLoader/Debug/./</path>
         <kind>object</kind>
         <file>Program2.o</file>
         <name>Program2.o</name>
      </input_file>
      <input_file id="fl-b">
         <path>/Users/samarthkabbur/Documents/MSPM0LabProjects/RTOS_Lab5_ProcessLoader/Debug/./</path>
         <kind>object</kind>
         <file>RTOS_FIFO.o</file>
         <name>RTOS_FIFO.o</name>
      </input_file>
      <input_file id="fl-c">
         <path>/Users/samarthkabbur/Documents/MSPM0LabProjects/RTOS_Lab5_ProcessLoader/Debug/./</path>
         <kind>object</kind>
         <file>RTOS_Lab5.o</file>
         <name>RTOS_Lab5.o</name>
      </input_file>
      <input_file id="fl-d">
         <path>/Users/samarthkabbur/Documents/MSPM0LabProjects/RTOS_Lab5_ProcessLoader/Debug/./</path>
         <kind>object</kind>
         <file>RTOS_UART.o</file>
         <name>RTOS_UART.o</name>
      </input_file>
      <input_file id="fl-e">
         <path>/Users/samarthkabbur/Documents/MSPM0LabProjects/RTOS_Lab5_ProcessLoader/Debug/./</path>
         <kind>object</kind>
         <file>RTOS_UARTints.o</file>
         <name>RTOS_UARTints.o</name>
      </input_file>
      <input_file id="fl-f">
         <path>/Users/samarthkabbur/Documents/MSPM0LabProjects/RTOS_Lab5_ProcessLoader/Debug/./</path>
         <kind>object</kind>
         <file>SPI.o</file>
         <name>SPI.o</name>
      </input_file>
      <input_file id="fl-10">
         <path>/Users/samarthkabbur/Documents/MSPM0LabProjects/RTOS_Lab5_ProcessLoader/Debug/./</path>
         <kind>object</kind>
         <file>ST7735_SDC.o</file>
         <name>ST7735_SDC.o</name>
      </input_file>
      <input_file id="fl-11">
         <path>/Users/samarthkabbur/Documents/MSPM0LabProjects/RTOS_Lab5_ProcessLoader/Debug/./</path>
         <kind>object</kind>
         <file>TFLuna2.o</file>
         <name>TFLuna2.o</name>
      </input_file>
      <input_file id="fl-12">
         <path>/Users/samarthkabbur/Documents/MSPM0LabProjects/RTOS_Lab5_ProcessLoader/Debug/./</path>
         <kind>object</kind>
         <file>TFLunaCommon.o</file>
         <name>TFLunaCommon.o</name>
      </input_file>
      <input_file id="fl-13">
         <path>/Users/samarthkabbur/Documents/MSPM0LabProjects/RTOS_Lab5_ProcessLoader/Debug/./</path>
         <kind>object</kind>
         <file>Timer.o</file>
         <name>Timer.o</name>
      </input_file>
      <input_file id="fl-14">
         <path>/Users/samarthkabbur/Documents/MSPM0LabProjects/RTOS_Lab5_ProcessLoader/Debug/./</path>
         <kind>object</kind>
         <file>eDisk.o</file>
         <name>eDisk.o</name>
      </input_file>
      <input_file id="fl-15">
         <path>/Users/samarthkabbur/Documents/MSPM0LabProjects/RTOS_Lab5_ProcessLoader/Debug/./</path>
         <kind>object</kind>
         <file>eFile.o</file>
         <name>eFile.o</name>
      </input_file>
      <input_file id="fl-16">
         <path>/Users/samarthkabbur/Documents/MSPM0LabProjects/RTOS_Lab5_ProcessLoader/Debug/./</path>
         <kind>object</kind>
         <file>heap.o</file>
         <name>heap.o</name>
      </input_file>
      <input_file id="fl-17">
         <path>/Users/samarthkabbur/Documents/MSPM0LabProjects/RTOS_Lab5_ProcessLoader/Debug/./</path>
         <kind>object</kind>
         <file>osasm.o</file>
         <name>osasm.o</name>
      </input_file>
      <input_file id="fl-18">
         <path>/Users/samarthkabbur/Documents/MSPM0LabProjects/RTOS_Lab5_ProcessLoader/Debug/./ticlang/</path>
         <kind>object</kind>
         <file>startup_mspm0g3507_ticlang.o</file>
         <name>startup_mspm0g3507_ticlang.o</name>
      </input_file>
      <input_file id="fl-24">
         <path>/Users/samarthkabbur/Documents/MSPM0LabProjects/RTOS_Lab5_ProcessLoader/Debug/</path>
         <kind>object</kind>
         <file>&lt;internal&gt;</file>
         <name>&lt;internal&gt;</name>
      </input_file>
      <input_file id="fl-3b">
         <path>/Applications/ti/ccs2040/ccs/tools/compiler/ti-cgt-armllvm_4.0.4.LTS/lib/armv6m-ti-none-eabi/c/</path>
         <kind>archive</kind>
         <file>libc.a</file>
         <name>fopen.c.obj</name>
      </input_file>
      <input_file id="fl-3c">
         <path>/Applications/ti/ccs2040/ccs/tools/compiler/ti-cgt-armllvm_4.0.4.LTS/lib/armv6m-ti-none-eabi/c/</path>
         <kind>archive</kind>
         <file>libc.a</file>
         <name>setvbuf.c.obj</name>
      </input_file>
      <input_file id="fl-3d">
         <path>/Applications/ti/ccs2040/ccs/tools/compiler/ti-cgt-armllvm_4.0.4.LTS/lib/armv6m-ti-none-eabi/c/</path>
         <kind>archive</kind>
         <file>libc.a</file>
         <name>strcmp-armv6m.S.obj</name>
      </input_file>
      <input_file id="fl-3e">
         <path>/Applications/ti/ccs2040/ccs/tools/compiler/ti-cgt-armllvm_4.0.4.LTS/lib/armv6m-ti-none-eabi/c/</path>
         <kind>archive</kind>
         <file>libc.a</file>
         <name>aeabi_portable.c.obj</name>
      </input_file>
      <input_file id="fl-3f">
         <path>/Applications/ti/ccs2040/ccs/tools/compiler/ti-cgt-armllvm_4.0.4.LTS/lib/armv6m-ti-none-eabi/c/</path>
         <kind>archive</kind>
         <file>libc.a</file>
         <name>exit.c.obj</name>
      </input_file>
      <input_file id="fl-40">
         <path>/Applications/ti/ccs2040/ccs/tools/compiler/ti-cgt-armllvm_4.0.4.LTS/lib/armv6m-ti-none-eabi/c/</path>
         <kind>archive</kind>
         <file>libc.a</file>
         <name>_lock.c.obj</name>
      </input_file>
      <input_file id="fl-41">
         <path>/Applications/ti/ccs2040/ccs/tools/compiler/ti-cgt-armllvm_4.0.4.LTS/lib/armv6m-ti-none-eabi/c/</path>
         <kind>archive</kind>
         <file>libc.a</file>
         <name>assert.c.obj</name>
      </input_file>
      <input_file id="fl-42">
         <path>/Applications/ti/ccs2040/ccs/tools/compiler/ti-cgt-armllvm_4.0.4.LTS/lib/armv6m-ti-none-eabi/c/</path>
         <kind>archive</kind>
         <file>libc.a</file>
         <name>defs.c.obj</name>
      </input_file>
      <input_file id="fl-43">
         <path>/Applications/ti/ccs2040/ccs/tools/compiler/ti-cgt-armllvm_4.0.4.LTS/lib/armv6m-ti-none-eabi/c/</path>
         <kind>archive</kind>
         <file>libc.a</file>
         <name>memory.c.obj</name>
      </input_file>
      <input_file id="fl-44">
         <path>/Applications/ti/ccs2040/ccs/tools/compiler/ti-cgt-armllvm_4.0.4.LTS/lib/armv6m-ti-none-eabi/c/</path>
         <kind>archive</kind>
         <file>libc.a</file>
         <name>strcpy.c.obj</name>
      </input_file>
      <input_file id="fl-45">
         <path>/Applications/ti/ccs2040/ccs/tools/compiler/ti-cgt-armllvm_4.0.4.LTS/lib/armv6m-ti-none-eabi/c/</path>
         <kind>archive</kind>
         <file>libc.a</file>
         <name>strlen.c.obj</name>
      </input_file>
      <input_file id="fl-46">
         <path>/Applications/ti/ccs2040/ccs/tools/compiler/ti-cgt-armllvm_4.0.4.LTS/lib/armv6m-ti-none-eabi/c/</path>
         <kind>archive</kind>
         <file>libc.a</file>
         <name>boot_cortex_m.c.obj</name>
      </input_file>
      <input_file id="fl-47">
         <path>/Applications/ti/ccs2040/ccs/tools/compiler/ti-cgt-armllvm_4.0.4.LTS/lib/armv6m-ti-none-eabi/c/</path>
         <kind>archive</kind>
         <file>libc.a</file>
         <name>mathacl_init.c.obj</name>
      </input_file>
      <input_file id="fl-48">
         <path>/Applications/ti/ccs2040/ccs/tools/compiler/ti-cgt-armllvm_4.0.4.LTS/lib/armv6m-ti-none-eabi/c/</path>
         <kind>archive</kind>
         <file>libc.a</file>
         <name>autoinit.c.obj</name>
      </input_file>
      <input_file id="fl-49">
         <path>/Applications/ti/ccs2040/ccs/tools/compiler/ti-cgt-armllvm_4.0.4.LTS/lib/armv6m-ti-none-eabi/c/</path>
         <kind>archive</kind>
         <file>libc.a</file>
         <name>pre_init.c.obj</name>
      </input_file>
      <input_file id="fl-4a">
         <path>/Applications/ti/ccs2040/ccs/tools/compiler/ti-cgt-armllvm_4.0.4.LTS/lib/armv6m-ti-none-eabi/c/</path>
         <kind>archive</kind>
         <file>libc.a</file>
         <name>cpy_tbl.c.obj</name>
      </input_file>
      <input_file id="fl-4b">
         <path>/Applications/ti/ccs2040/ccs/tools/compiler/ti-cgt-armllvm_4.0.4.LTS/lib/armv6m-ti-none-eabi/c/</path>
         <kind>archive</kind>
         <file>libc.a</file>
         <name>copy_zero_init.c.obj</name>
      </input_file>
      <input_file id="fl-4c">
         <path>/Applications/ti/ccs2040/ccs/tools/compiler/ti-cgt-armllvm_4.0.4.LTS/lib/armv6m-ti-none-eabi/c/</path>
         <kind>archive</kind>
         <file>libc.a</file>
         <name>copy_decompress_none.c.obj</name>
      </input_file>
      <input_file id="fl-4d">
         <path>/Applications/ti/ccs2040/ccs/tools/compiler/ti-cgt-armllvm_4.0.4.LTS/lib/armv6m-ti-none-eabi/c/</path>
         <kind>archive</kind>
         <file>libc.a</file>
         <name>copy_decompress_lzss.c.obj</name>
      </input_file>
      <input_file id="fl-4e">
         <path>/Applications/ti/ccs2040/ccs/tools/compiler/ti-cgt-armllvm_4.0.4.LTS/lib/armv6m-ti-none-eabi/c/</path>
         <kind>archive</kind>
         <file>libc.a</file>
         <name>sprintf.c.obj</name>
      </input_file>
      <input_file id="fl-4f">
         <path>/Applications/ti/ccs2040/ccs/tools/compiler/ti-cgt-armllvm_4.0.4.LTS/lib/armv6m-ti-none-eabi/c/</path>
         <kind>archive</kind>
         <file>libc.a</file>
         <name>fclose.c.obj</name>
      </input_file>
      <input_file id="fl-50">
         <path>/Applications/ti/ccs2040/ccs/tools/compiler/ti-cgt-armllvm_4.0.4.LTS/lib/armv6m-ti-none-eabi/c/</path>
         <kind>archive</kind>
         <file>libc.a</file>
         <name>fflush.c.obj</name>
      </input_file>
      <input_file id="fl-51">
         <path>/Applications/ti/ccs2040/ccs/tools/compiler/ti-cgt-armllvm_4.0.4.LTS/lib/armv6m-ti-none-eabi/c/</path>
         <kind>archive</kind>
         <file>libc.a</file>
         <name>fputs.c.obj</name>
      </input_file>
      <input_file id="fl-52">
         <path>/Applications/ti/ccs2040/ccs/tools/compiler/ti-cgt-armllvm_4.0.4.LTS/lib/armv6m-ti-none-eabi/c/</path>
         <kind>archive</kind>
         <file>libc.a</file>
         <name>_io_perm.c.obj</name>
      </input_file>
      <input_file id="fl-53">
         <path>/Applications/ti/ccs2040/ccs/tools/compiler/ti-cgt-armllvm_4.0.4.LTS/lib/armv6m-ti-none-eabi/c/</path>
         <kind>archive</kind>
         <file>libc.a</file>
         <name>args_main.c.obj</name>
      </input_file>
      <input_file id="fl-54">
         <path>/Applications/ti/ccs2040/ccs/tools/compiler/ti-cgt-armllvm_4.0.4.LTS/lib/armv6m-ti-none-eabi/c/</path>
         <kind>archive</kind>
         <file>libc.a</file>
         <name>_printfi.c.obj</name>
      </input_file>
      <input_file id="fl-55">
         <path>/Applications/ti/ccs2040/ccs/tools/compiler/ti-cgt-armllvm_4.0.4.LTS/lib/armv6m-ti-none-eabi/c/</path>
         <kind>archive</kind>
         <file>libc.a</file>
         <name>fseek.c.obj</name>
      </input_file>
      <input_file id="fl-56">
         <path>/Applications/ti/ccs2040/ccs/tools/compiler/ti-cgt-armllvm_4.0.4.LTS/lib/armv6m-ti-none-eabi/c/</path>
         <kind>archive</kind>
         <file>libc.a</file>
         <name>_ltoa.c.obj</name>
      </input_file>
      <input_file id="fl-57">
         <path>/Applications/ti/ccs2040/ccs/tools/compiler/ti-cgt-armllvm_4.0.4.LTS/lib/armv6m-ti-none-eabi/c/</path>
         <kind>archive</kind>
         <file>libc.a</file>
         <name>atoi.c.obj</name>
      </input_file>
      <input_file id="fl-58">
         <path>/Applications/ti/ccs2040/ccs/tools/compiler/ti-cgt-armllvm_4.0.4.LTS/lib/armv6m-ti-none-eabi/c/</path>
         <kind>archive</kind>
         <file>libc.a</file>
         <name>memccpy.c.obj</name>
      </input_file>
      <input_file id="fl-59">
         <path>/Applications/ti/ccs2040/ccs/tools/compiler/ti-cgt-armllvm_4.0.4.LTS/lib/armv6m-ti-none-eabi/c/</path>
         <kind>archive</kind>
         <file>libc.a</file>
         <name>s_frexp.c.obj</name>
      </input_file>
      <input_file id="fl-5a">
         <path>/Applications/ti/ccs2040/ccs/tools/compiler/ti-cgt-armllvm_4.0.4.LTS/lib/armv6m-ti-none-eabi/c/</path>
         <kind>archive</kind>
         <file>libc.a</file>
         <name>s_scalbn.c.obj</name>
      </input_file>
      <input_file id="fl-5b">
         <path>/Applications/ti/ccs2040/ccs/tools/compiler/ti-cgt-armllvm_4.0.4.LTS/lib/armv6m-ti-none-eabi/c/</path>
         <kind>archive</kind>
         <file>libc.a</file>
         <name>wcslen.c.obj</name>
      </input_file>
      <input_file id="fl-5c">
         <path>/Applications/ti/ccs2040/ccs/tools/compiler/ti-cgt-armllvm_4.0.4.LTS/lib/armv6m-ti-none-eabi/c/</path>
         <kind>archive</kind>
         <file>libc.a</file>
         <name>aeabi_ctype.S.obj</name>
      </input_file>
      <input_file id="fl-fc">
         <path>/Applications/ti/ccs2040/ccs/tools/compiler/ti-cgt-armllvm_4.0.4.LTS/lib/armv6m-ti-none-eabi/c/</path>
         <kind>archive</kind>
         <file>libsysbm.a</file>
         <name>hostexit.c.obj</name>
      </input_file>
      <input_file id="fl-fd">
         <path>/Applications/ti/ccs2040/ccs/tools/compiler/ti-cgt-armllvm_4.0.4.LTS/lib/armv6m-ti-none-eabi/c/</path>
         <kind>archive</kind>
         <file>libsysbm.a</file>
         <name>write.c.obj</name>
      </input_file>
      <input_file id="fl-fe">
         <path>/Applications/ti/ccs2040/ccs/tools/compiler/ti-cgt-armllvm_4.0.4.LTS/lib/armv6m-ti-none-eabi/c/</path>
         <kind>archive</kind>
         <file>libsysbm.a</file>
         <name>host_device.c.obj</name>
      </input_file>
      <input_file id="fl-ff">
         <path>/Applications/ti/ccs2040/ccs/tools/compiler/ti-cgt-armllvm_4.0.4.LTS/lib/armv6m-ti-none-eabi/c/</path>
         <kind>archive</kind>
         <file>libsysbm.a</file>
         <name>remove.c.obj</name>
      </input_file>
      <input_file id="fl-100">
         <path>/Applications/ti/ccs2040/ccs/tools/compiler/ti-cgt-armllvm_4.0.4.LTS/lib/armv6m-ti-none-eabi/c/</path>
         <kind>archive</kind>
         <file>libsysbm.a</file>
         <name>open.c.obj</name>
      </input_file>
      <input_file id="fl-101">
         <path>/Applications/ti/ccs2040/ccs/tools/compiler/ti-cgt-armllvm_4.0.4.LTS/lib/armv6m-ti-none-eabi/c/</path>
         <kind>archive</kind>
         <file>libsysbm.a</file>
         <name>lseek.c.obj</name>
      </input_file>
      <input_file id="fl-102">
         <path>/Applications/ti/ccs2040/ccs/tools/compiler/ti-cgt-armllvm_4.0.4.LTS/lib/armv6m-ti-none-eabi/c/</path>
         <kind>archive</kind>
         <file>libsysbm.a</file>
         <name>close.c.obj</name>
      </input_file>
      <input_file id="fl-103">
         <path>/Applications/ti/ccs2040/ccs/tools/compiler/ti-cgt-armllvm_4.0.4.LTS/lib/armv6m-ti-none-eabi/c/</path>
         <kind>archive</kind>
         <file>libsysbm.a</file>
         <name>add_device.c.obj</name>
      </input_file>
      <input_file id="fl-104">
         <path>/Applications/ti/ccs2040/ccs/tools/compiler/ti-cgt-armllvm_4.0.4.LTS/lib/armv6m-ti-none-eabi/c/</path>
         <kind>archive</kind>
         <file>libsysbm.a</file>
         <name>unlink.c.obj</name>
      </input_file>
      <input_file id="fl-105">
         <path>/Applications/ti/ccs2040/ccs/tools/compiler/ti-cgt-armllvm_4.0.4.LTS/lib/armv6m-ti-none-eabi/c/</path>
         <kind>archive</kind>
         <file>libsysbm.a</file>
         <name>hostclose.c.obj</name>
      </input_file>
      <input_file id="fl-106">
         <path>/Applications/ti/ccs2040/ccs/tools/compiler/ti-cgt-armllvm_4.0.4.LTS/lib/armv6m-ti-none-eabi/c/</path>
         <kind>archive</kind>
         <file>libsysbm.a</file>
         <name>hostlseek.c.obj</name>
      </input_file>
      <input_file id="fl-107">
         <path>/Applications/ti/ccs2040/ccs/tools/compiler/ti-cgt-armllvm_4.0.4.LTS/lib/armv6m-ti-none-eabi/c/</path>
         <kind>archive</kind>
         <file>libsysbm.a</file>
         <name>hostopen.c.obj</name>
      </input_file>
      <input_file id="fl-108">
         <path>/Applications/ti/ccs2040/ccs/tools/compiler/ti-cgt-armllvm_4.0.4.LTS/lib/armv6m-ti-none-eabi/c/</path>
         <kind>archive</kind>
         <file>libsysbm.a</file>
         <name>hostread.c.obj</name>
      </input_file>
      <input_file id="fl-109">
         <path>/Applications/ti/ccs2040/ccs/tools/compiler/ti-cgt-armllvm_4.0.4.LTS/lib/armv6m-ti-none-eabi/c/</path>
         <kind>archive</kind>
         <file>libsysbm.a</file>
         <name>hostrename.c.obj</name>
      </input_file>
      <input_file id="fl-10a">
         <path>/Applications/ti/ccs2040/ccs/tools/compiler/ti-cgt-armllvm_4.0.4.LTS/lib/armv6m-ti-none-eabi/c/</path>
         <kind>archive</kind>
         <file>libsysbm.a</file>
         <name>hostunlink.c.obj</name>
      </input_file>
      <input_file id="fl-10b">
         <path>/Applications/ti/ccs2040/ccs/tools/compiler/ti-cgt-armllvm_4.0.4.LTS/lib/armv6m-ti-none-eabi/c/</path>
         <kind>archive</kind>
         <file>libsysbm.a</file>
         <name>hostwrite.c.obj</name>
      </input_file>
      <input_file id="fl-10c">
         <path>/Applications/ti/ccs2040/ccs/tools/compiler/ti-cgt-armllvm_4.0.4.LTS/lib/armv6m-ti-none-eabi/c/</path>
         <kind>archive</kind>
         <file>libsysbm.a</file>
         <name>trgmsg.c.obj</name>
      </input_file>
      <input_file id="fl-10d">
         <path>/Applications/ti/ccs2040/ccs/tools/compiler/ti-cgt-armllvm_4.0.4.LTS/lib/armv6m-ti-none-eabi/</path>
         <kind>archive</kind>
         <file>libclang_rt.builtins.a</file>
         <name>adddf3.S.obj</name>
      </input_file>
      <input_file id="fl-10e">
         <path>/Applications/ti/ccs2040/ccs/tools/compiler/ti-cgt-armllvm_4.0.4.LTS/lib/armv6m-ti-none-eabi/</path>
         <kind>archive</kind>
         <file>libclang_rt.builtins.a</file>
         <name>muldf3.S.obj</name>
      </input_file>
      <input_file id="fl-10f">
         <path>/Applications/ti/ccs2040/ccs/tools/compiler/ti-cgt-armllvm_4.0.4.LTS/lib/armv6m-ti-none-eabi/</path>
         <kind>archive</kind>
         <file>libclang_rt.builtins.a</file>
         <name>muldsi3.S.obj</name>
      </input_file>
      <input_file id="fl-110">
         <path>/Applications/ti/ccs2040/ccs/tools/compiler/ti-cgt-armllvm_4.0.4.LTS/lib/armv6m-ti-none-eabi/</path>
         <kind>archive</kind>
         <file>libclang_rt.builtins.a</file>
         <name>divdf3.S.obj</name>
      </input_file>
      <input_file id="fl-111">
         <path>/Applications/ti/ccs2040/ccs/tools/compiler/ti-cgt-armllvm_4.0.4.LTS/lib/armv6m-ti-none-eabi/</path>
         <kind>archive</kind>
         <file>libclang_rt.builtins.a</file>
         <name>fixdfsi.S.obj</name>
      </input_file>
      <input_file id="fl-112">
         <path>/Applications/ti/ccs2040/ccs/tools/compiler/ti-cgt-armllvm_4.0.4.LTS/lib/armv6m-ti-none-eabi/</path>
         <kind>archive</kind>
         <file>libclang_rt.builtins.a</file>
         <name>floatsidf.S.obj</name>
      </input_file>
      <input_file id="fl-113">
         <path>/Applications/ti/ccs2040/ccs/tools/compiler/ti-cgt-armllvm_4.0.4.LTS/lib/armv6m-ti-none-eabi/</path>
         <kind>archive</kind>
         <file>libclang_rt.builtins.a</file>
         <name>muldi3.S.obj</name>
      </input_file>
      <input_file id="fl-114">
         <path>/Applications/ti/ccs2040/ccs/tools/compiler/ti-cgt-armllvm_4.0.4.LTS/lib/armv6m-ti-none-eabi/</path>
         <kind>archive</kind>
         <file>libclang_rt.builtins.a</file>
         <name>aeabi_dcmp.S.obj</name>
      </input_file>
      <input_file id="fl-115">
         <path>/Applications/ti/ccs2040/ccs/tools/compiler/ti-cgt-armllvm_4.0.4.LTS/lib/armv6m-ti-none-eabi/</path>
         <kind>archive</kind>
         <file>libclang_rt.builtins.a</file>
         <name>aeabi_idivmod.S.obj</name>
      </input_file>
      <input_file id="fl-116">
         <path>/Applications/ti/ccs2040/ccs/tools/compiler/ti-cgt-armllvm_4.0.4.LTS/lib/armv6m-ti-none-eabi/</path>
         <kind>archive</kind>
         <file>libclang_rt.builtins.a</file>
         <name>aeabi_memcpy.S.obj</name>
      </input_file>
      <input_file id="fl-117">
         <path>/Applications/ti/ccs2040/ccs/tools/compiler/ti-cgt-armllvm_4.0.4.LTS/lib/armv6m-ti-none-eabi/</path>
         <kind>archive</kind>
         <file>libclang_rt.builtins.a</file>
         <name>aeabi_memset.S.obj</name>
      </input_file>
      <input_file id="fl-118">
         <path>/Applications/ti/ccs2040/ccs/tools/compiler/ti-cgt-armllvm_4.0.4.LTS/lib/armv6m-ti-none-eabi/</path>
         <kind>archive</kind>
         <file>libclang_rt.builtins.a</file>
         <name>aeabi_uidivmod.S.obj</name>
      </input_file>
      <input_file id="fl-119">
         <path>/Applications/ti/ccs2040/ccs/tools/compiler/ti-cgt-armllvm_4.0.4.LTS/lib/armv6m-ti-none-eabi/</path>
         <kind>archive</kind>
         <file>libclang_rt.builtins.a</file>
         <name>aeabi_uldivmod.S.obj</name>
      </input_file>
      <input_file id="fl-11a">
         <path>/Applications/ti/ccs2040/ccs/tools/compiler/ti-cgt-armllvm_4.0.4.LTS/lib/armv6m-ti-none-eabi/</path>
         <kind>archive</kind>
         <file>libclang_rt.builtins.a</file>
         <name>udivmoddi4.S.obj</name>
      </input_file>
      <input_file id="fl-11b">
         <path>/Applications/ti/ccs2040/ccs/tools/compiler/ti-cgt-armllvm_4.0.4.LTS/lib/armv6m-ti-none-eabi/</path>
         <kind>archive</kind>
         <file>libclang_rt.builtins.a</file>
         <name>ashldi3.S.obj</name>
      </input_file>
      <input_file id="fl-11c">
         <path>/Applications/ti/ccs2040/ccs/tools/compiler/ti-cgt-armllvm_4.0.4.LTS/lib/armv6m-ti-none-eabi/</path>
         <kind>archive</kind>
         <file>libclang_rt.builtins.a</file>
         <name>comparedf2.c.obj</name>
      </input_file>
      <input_file id="fl-11d">
         <path>/Applications/ti/ccs2040/ccs/tools/compiler/ti-cgt-armllvm_4.0.4.LTS/lib/armv6m-ti-none-eabi/</path>
         <kind>archive</kind>
         <file>libclang_rt.builtins.a</file>
         <name>aeabi_div0.c.obj</name>
      </input_file>
      <input_file id="fl-11e">
         <path>/Applications/ti/ccs2040/ccs/tools/compiler/ti-cgt-armllvm_4.0.4.LTS/lib/armv6m-ti-none-eabi/c/</path>
         <kind>archive</kind>
         <file>libc.a</file>
         <name>getdevice.c.obj</name>
      </input_file>
      <input_file id="fl-11f">
         <path>/Applications/ti/ccs2040/ccs/tools/compiler/ti-cgt-armllvm_4.0.4.LTS/lib/armv6m-ti-none-eabi/c/</path>
         <kind>archive</kind>
         <file>libc.a</file>
         <name>memcpy16.S.obj</name>
      </input_file>
      <input_file id="fl-120">
         <path>/Applications/ti/ccs2040/ccs/tools/compiler/ti-cgt-armllvm_4.0.4.LTS/lib/armv6m-ti-none-eabi/c/</path>
         <kind>archive</kind>
         <file>libc.a</file>
         <name>memset16.S.obj</name>
      </input_file>
   </input_file_list>
   <object_component_list>
      <object_component id="oc-18">
         <name>.intvecs</name>
         <load_address>0x0</load_address>
         <readonly>true</readonly>
         <run_address>0x0</run_address>
         <size>0xc0</size>
         <alignment>0x4</alignment>
         <input_file_ref idref="fl-18"/>
      </object_component>
      <object_component id="oc-1e0">
         <name>.text.eDisk_Init</name>
         <load_address>0xc0</load_address>
         <readonly>true</readonly>
         <executable>true</executable>
         <run_address>0xc0</run_address>
         <size>0x228</size>
         <alignment>0x4</alignment>
         <input_file_ref idref="fl-14"/>
      </object_component>
      <object_component id="oc-cb">
         <name>.text.Clock_Init80MHz</name>
         <load_address>0x2e8</load_address>
         <readonly>true</readonly>
         <executable>true</executable>
         <run_address>0x2e8</run_address>
         <size>0x1b4</size>
         <alignment>0x4</alignment>
         <input_file_ref idref="fl-2"/>
      </object_component>
      <object_component id="oc-f1">
         <name>.text.ST7735_DrawChar</name>
         <load_address>0x49c</load_address>
         <readonly>true</readonly>
         <executable>true</executable>
         <run_address>0x49c</run_address>
         <size>0x1a4</size>
         <alignment>0x4</alignment>
         <input_file_ref idref="fl-10"/>
      </object_component>
      <object_component id="oc-11d">
         <name>.text.TFLuna2_Init</name>
         <load_address>0x640</load_address>
         <readonly>true</readonly>
         <executable>true</executable>
         <run_address>0x640</run_address>
         <size>0x174</size>
         <alignment>0x4</alignment>
         <input_file_ref idref="fl-11"/>
      </object_component>
      <object_component id="oc-22f">
         <name>.text.eFile_WriteSFix2</name>
         <load_address>0x7b4</load_address>
         <readonly>true</readonly>
         <executable>true</executable>
         <run_address>0x7b4</run_address>
         <size>0x150</size>
         <alignment>0x4</alignment>
         <input_file_ref idref="fl-15"/>
      </object_component>
      <object_component id="oc-81">
         <name>.text.copyHardwareToSoftware2</name>
         <load_address>0x904</load_address>
         <readonly>true</readonly>
         <executable>true</executable>
         <run_address>0x904</run_address>
         <size>0x144</size>
         <alignment>0x4</alignment>
         <input_file_ref idref="fl-11"/>
      </object_component>
      <object_component id="oc-19b">
         <name>.text.Median5</name>
         <load_address>0xa48</load_address>
         <readonly>true</readonly>
         <executable>true</executable>
         <run_address>0xa48</run_address>
         <size>0x130</size>
         <alignment>0x4</alignment>
         <input_file_ref idref="fl-6"/>
      </object_component>
      <object_component id="oc-219">
         <name>.text.send_cmd</name>
         <load_address>0xb78</load_address>
         <readonly>true</readonly>
         <executable>true</executable>
         <run_address>0xb78</run_address>
         <size>0x126</size>
         <alignment>0x2</alignment>
         <input_file_ref idref="fl-14"/>
      </object_component>
      <object_component id="oc-10a">
         <name>.text.OS_Init</name>
         <load_address>0xc9e</load_address>
         <readonly>true</readonly>
         <executable>true</executable>
         <run_address>0xc9e</run_address>
         <size>0x2</size>
         <alignment>0x2</alignment>
         <input_file_ref idref="fl-8"/>
      </object_component>
      <object_component id="oc-239">
         <name>.text.SPI1_Init</name>
         <load_address>0xca0</load_address>
         <readonly>true</readonly>
         <executable>true</executable>
         <run_address>0xca0</run_address>
         <size>0x120</size>
         <alignment>0x4</alignment>
         <input_file_ref idref="fl-f"/>
      </object_component>
      <object_component id="oc-1fc">
         <name>.text.eFile_WOpen</name>
         <load_address>0xdc0</load_address>
         <readonly>true</readonly>
         <executable>true</executable>
         <run_address>0xdc0</run_address>
         <size>0x11c</size>
         <alignment>0x4</alignment>
         <input_file_ref idref="fl-15"/>
      </object_component>
      <object_component id="oc-245">
         <name>.text.ST7735_FillRect</name>
         <load_address>0xedc</load_address>
         <readonly>true</readonly>
         <executable>true</executable>
         <run_address>0xedc</run_address>
         <size>0x118</size>
         <alignment>0x4</alignment>
         <input_file_ref idref="fl-10"/>
      </object_component>
      <object_component id="oc-244">
         <name>.text.eDisk_Write</name>
         <load_address>0xff4</load_address>
         <readonly>true</readonly>
         <executable>true</executable>
         <run_address>0xff4</run_address>
         <size>0x118</size>
         <alignment>0x4</alignment>
         <input_file_ref idref="fl-14"/>
      </object_component>
      <object_component id="oc-d5">
         <name>.text.realmain</name>
         <load_address>0x110c</load_address>
         <readonly>true</readonly>
         <executable>true</executable>
         <run_address>0x110c</run_address>
         <size>0x110</size>
         <alignment>0x4</alignment>
         <input_file_ref idref="fl-c"/>
      </object_component>
      <object_component id="oc-1fb">
         <name>.text.eFile_Create</name>
         <load_address>0x121c</load_address>
         <readonly>true</readonly>
         <executable>true</executable>
         <run_address>0x121c</run_address>
         <size>0x108</size>
         <alignment>0x4</alignment>
         <input_file_ref idref="fl-15"/>
      </object_component>
      <object_component id="oc-169">
         <name>.text.Robot</name>
         <load_address>0x1324</load_address>
         <readonly>true</readonly>
         <executable>true</executable>
         <run_address>0x1324</run_address>
         <size>0xfc</size>
         <alignment>0x4</alignment>
         <input_file_ref idref="fl-c"/>
      </object_component>
      <object_component id="oc-10f">
         <name>.text.ADC0_Init</name>
         <load_address>0x1420</load_address>
         <readonly>true</readonly>
         <executable>true</executable>
         <run_address>0x1420</run_address>
         <size>0xf4</size>
         <alignment>0x4</alignment>
         <input_file_ref idref="fl-1"/>
      </object_component>
      <object_component id="oc-128">
         <name>.text.DAS</name>
         <load_address>0x1514</load_address>
         <readonly>true</readonly>
         <executable>true</executable>
         <run_address>0x1514</run_address>
         <size>0xf4</size>
         <alignment>0x4</alignment>
         <input_file_ref idref="fl-c"/>
      </object_component>
      <object_component id="oc-23c">
         <name>.text.eDisk_Read</name>
         <load_address>0x1608</load_address>
         <readonly>true</readonly>
         <executable>true</executable>
         <run_address>0x1608</run_address>
         <size>0xe4</size>
         <alignment>0x4</alignment>
         <input_file_ref idref="fl-14"/>
      </object_component>
      <object_component id="oc-202">
         <name>.text.eFile_Write</name>
         <load_address>0x16ec</load_address>
         <readonly>true</readonly>
         <executable>true</executable>
         <run_address>0x16ec</run_address>
         <size>0xcc</size>
         <alignment>0x4</alignment>
         <input_file_ref idref="fl-15"/>
      </object_component>
      <object_component id="oc-79">
         <name>.text.ST7735_Message</name>
         <load_address>0x17b8</load_address>
         <readonly>true</readonly>
         <executable>true</executable>
         <run_address>0x17b8</run_address>
         <size>0xb8</size>
         <alignment>0x4</alignment>
         <input_file_ref idref="fl-10"/>
      </object_component>
      <object_component id="oc-216">
         <name>.text.Cmd_Help</name>
         <load_address>0x1870</load_address>
         <readonly>true</readonly>
         <executable>true</executable>
         <run_address>0x1870</run_address>
         <size>0xa8</size>
         <alignment>0x4</alignment>
         <input_file_ref idref="fl-5"/>
      </object_component>
      <object_component id="oc-1f6">
         <name>.text.TimerG7_IntArm</name>
         <load_address>0x1918</load_address>
         <readonly>true</readonly>
         <executable>true</executable>
         <run_address>0x1918</run_address>
         <size>0xa8</size>
         <alignment>0x4</alignment>
         <input_file_ref idref="fl-13"/>
      </object_component>
      <object_component id="oc-1c1">
         <name>.text.Display</name>
         <load_address>0x19c0</load_address>
         <readonly>true</readonly>
         <executable>true</executable>
         <run_address>0x19c0</run_address>
         <size>0xa4</size>
         <alignment>0x4</alignment>
         <input_file_ref idref="fl-c"/>
      </object_component>
      <object_component id="oc-17f">
         <name>.text.ParseArgs</name>
         <load_address>0x1a64</load_address>
         <readonly>true</readonly>
         <executable>true</executable>
         <run_address>0x1a64</run_address>
         <size>0x9c</size>
         <alignment>0x4</alignment>
         <input_file_ref idref="fl-5"/>
      </object_component>
      <object_component id="oc-16d">
         <name>.text.Filter</name>
         <load_address>0x1b00</load_address>
         <readonly>true</readonly>
         <executable>true</executable>
         <run_address>0x1b00</run_address>
         <size>0x94</size>
         <alignment>0x4</alignment>
         <input_file_ref idref="fl-6"/>
      </object_component>
      <object_component id="oc-134">
         <name>.text.ProcessLoadBlinky</name>
         <load_address>0x1b94</load_address>
         <readonly>true</readonly>
         <executable>true</executable>
         <run_address>0x1b94</run_address>
         <size>0x94</size>
         <alignment>0x4</alignment>
         <input_file_ref idref="fl-c"/>
      </object_component>
      <object_component id="oc-18d">
         <name>.text.diskError</name>
         <load_address>0x1c28</load_address>
         <readonly>true</readonly>
         <executable>true</executable>
         <run_address>0x1c28</run_address>
         <size>0x90</size>
         <alignment>0x4</alignment>
         <input_file_ref idref="fl-c"/>
      </object_component>
      <object_component id="oc-148">
         <name>.text.setAddrWindow</name>
         <load_address>0x1cb8</load_address>
         <readonly>true</readonly>
         <executable>true</executable>
         <run_address>0x1cb8</run_address>
         <size>0x88</size>
         <alignment>0x4</alignment>
         <input_file_ref idref="fl-10"/>
      </object_component>
      <object_component id="oc-1d8">
         <name>.text:strcmp</name>
         <load_address>0x1d40</load_address>
         <readonly>true</readonly>
         <executable>true</executable>
         <run_address>0x1d40</run_address>
         <size>0x88</size>
         <alignment>0x10</alignment>
         <input_file_ref idref="fl-3d"/>
      </object_component>
      <object_component id="oc-ac">
         <name>.text.ST7735_DrawString</name>
         <load_address>0x1dc8</load_address>
         <readonly>true</readonly>
         <executable>true</executable>
         <run_address>0x1dc8</run_address>
         <size>0x84</size>
         <alignment>0x2</alignment>
         <input_file_ref idref="fl-10"/>
      </object_component>
      <object_component id="oc-1ea">
         <name>.text.ST7735_OutUDec</name>
         <load_address>0x1e4c</load_address>
         <readonly>true</readonly>
         <executable>true</executable>
         <run_address>0x1e4c</run_address>
         <size>0x84</size>
         <alignment>0x4</alignment>
         <input_file_ref idref="fl-10"/>
      </object_component>
      <object_component id="oc-d0">
         <name>.text.LaunchPad_Init</name>
         <load_address>0x1ed0</load_address>
         <readonly>true</readonly>
         <executable>true</executable>
         <run_address>0x1ed0</run_address>
         <size>0x7c</size>
         <alignment>0x4</alignment>
         <input_file_ref idref="fl-7"/>
      </object_component>
      <object_component id="oc-1c">
         <name>.text:decompress:lzss</name>
         <load_address>0x1f4c</load_address>
         <readonly>true</readonly>
         <executable>true</executable>
         <run_address>0x1f4c</run_address>
         <size>0x7c</size>
         <alignment>0x4</alignment>
         <input_file_ref idref="fl-4d"/>
      </object_component>
      <object_component id="oc-24a">
         <name>.text.rcvr_datablock</name>
         <load_address>0x1fc8</load_address>
         <readonly>true</readonly>
         <executable>true</executable>
         <run_address>0x1fc8</run_address>
         <size>0x78</size>
         <alignment>0x4</alignment>
         <input_file_ref idref="fl-14"/>
      </object_component>
      <object_component id="oc-24b">
         <name>.text.xmit_datablock</name>
         <load_address>0x2040</load_address>
         <readonly>true</readonly>
         <executable>true</executable>
         <run_address>0x2040</run_address>
         <size>0x76</size>
         <alignment>0x2</alignment>
         <input_file_ref idref="fl-14"/>
      </object_component>
      <object_component id="oc-10d">
         <name>.text.OS_MailBox_Init</name>
         <load_address>0x20b6</load_address>
         <readonly>true</readonly>
         <executable>true</executable>
         <run_address>0x20b6</run_address>
         <size>0x2</size>
         <alignment>0x2</alignment>
         <input_file_ref idref="fl-8"/>
      </object_component>
      <object_component id="oc-129">
         <name>.text.disk_timerproc</name>
         <load_address>0x20b8</load_address>
         <readonly>true</readonly>
         <executable>true</executable>
         <run_address>0x20b8</run_address>
         <size>0x70</size>
         <alignment>0x4</alignment>
         <input_file_ref idref="fl-14"/>
      </object_component>
      <object_component id="oc-1be">
         <name>.text.FileDump</name>
         <load_address>0x2128</load_address>
         <readonly>true</readonly>
         <executable>true</executable>
         <run_address>0x2128</run_address>
         <size>0x68</size>
         <alignment>0x4</alignment>
         <input_file_ref idref="fl-c"/>
      </object_component>
      <object_component id="oc-12f">
         <name>.text.Interpreter</name>
         <load_address>0x2190</load_address>
         <readonly>true</readonly>
         <executable>true</executable>
         <run_address>0x2190</run_address>
         <size>0x68</size>
         <alignment>0x2</alignment>
         <input_file_ref idref="fl-5"/>
      </object_component>
      <object_component id="oc-118">
         <name>.text.LPF_Init7</name>
         <load_address>0x21f8</load_address>
         <readonly>true</readonly>
         <executable>true</executable>
         <run_address>0x21f8</run_address>
         <size>0x68</size>
         <alignment>0x4</alignment>
         <input_file_ref idref="fl-6"/>
      </object_component>
      <object_component id="oc-227">
         <name>.text.AllocateBlock</name>
         <load_address>0x2260</load_address>
         <readonly>true</readonly>
         <executable>true</executable>
         <run_address>0x2260</run_address>
         <size>0x64</size>
         <alignment>0x4</alignment>
         <input_file_ref idref="fl-15"/>
      </object_component>
      <object_component id="oc-137">
         <name>.text.Producer</name>
         <load_address>0x22c4</load_address>
         <readonly>true</readonly>
         <executable>true</executable>
         <run_address>0x22c4</run_address>
         <size>0x64</size>
         <alignment>0x4</alignment>
         <input_file_ref idref="fl-c"/>
      </object_component>
      <object_component id="oc-1a9">
         <name>.text.TFT_OutCommand</name>
         <load_address>0x2328</load_address>
         <readonly>true</readonly>
         <executable>true</executable>
         <run_address>0x2328</run_address>
         <size>0x64</size>
         <alignment>0x4</alignment>
         <input_file_ref idref="fl-f"/>
      </object_component>
      <object_component id="oc-1ae">
         <name>.text.TFT_OutData</name>
         <load_address>0x238c</load_address>
         <readonly>true</readonly>
         <executable>true</executable>
         <run_address>0x238c</run_address>
         <size>0x64</size>
         <alignment>0x4</alignment>
         <input_file_ref idref="fl-f"/>
      </object_component>
      <object_component id="oc-135">
         <name>.text.VirusDetector</name>
         <load_address>0x23f0</load_address>
         <readonly>true</readonly>
         <executable>true</executable>
         <run_address>0x23f0</run_address>
         <size>0x64</size>
         <alignment>0x4</alignment>
         <input_file_ref idref="fl-c"/>
      </object_component>
      <object_component id="oc-205">
         <name>.text.eFile_WClose</name>
         <load_address>0x2454</load_address>
         <readonly>true</readonly>
         <executable>true</executable>
         <run_address>0x2454</run_address>
         <size>0x60</size>
         <alignment>0x4</alignment>
         <input_file_ref idref="fl-15"/>
      </object_component>
      <object_component id="oc-16b">
         <name>.text.HandleCrash</name>
         <load_address>0x24b4</load_address>
         <readonly>true</readonly>
         <executable>true</executable>
         <run_address>0x24b4</run_address>
         <size>0x5c</size>
         <alignment>0x4</alignment>
         <input_file_ref idref="fl-c"/>
      </object_component>
      <object_component id="oc-47">
         <name>.text.UART0_IRQHandler</name>
         <load_address>0x2510</load_address>
         <readonly>true</readonly>
         <executable>true</executable>
         <run_address>0x2510</run_address>
         <size>0x5c</size>
         <alignment>0x4</alignment>
         <input_file_ref idref="fl-e"/>
      </object_component>
      <object_component id="oc-42">
         <name>.text.UART2_IRQHandler</name>
         <load_address>0x256c</load_address>
         <readonly>true</readonly>
         <executable>true</executable>
         <run_address>0x256c</run_address>
         <size>0x5c</size>
         <alignment>0x4</alignment>
         <input_file_ref idref="fl-11"/>
      </object_component>
      <object_component id="oc-16e">
         <name>.text.IRDistance_Convert</name>
         <load_address>0x25c8</load_address>
         <readonly>true</readonly>
         <executable>true</executable>
         <run_address>0x25c8</run_address>
         <size>0x58</size>
         <alignment>0x4</alignment>
         <input_file_ref idref="fl-4"/>
      </object_component>
      <object_component id="oc-10b">
         <name>.text.Logic_Init</name>
         <load_address>0x2620</load_address>
         <readonly>true</readonly>
         <executable>true</executable>
         <run_address>0x2620</run_address>
         <size>0x58</size>
         <alignment>0x4</alignment>
         <input_file_ref idref="fl-c"/>
      </object_component>
      <object_component id="oc-ad">
         <name>.text.ST7735_OutUDec2</name>
         <load_address>0x2678</load_address>
         <readonly>true</readonly>
         <executable>true</executable>
         <run_address>0x2678</run_address>
         <size>0x58</size>
         <alignment>0x4</alignment>
         <input_file_ref idref="fl-10"/>
      </object_component>
      <object_component id="oc-1bc">
         <name>.text.StartFileDump</name>
         <load_address>0x26d0</load_address>
         <readonly>true</readonly>
         <executable>true</executable>
         <run_address>0x26d0</run_address>
         <size>0x58</size>
         <alignment>0x4</alignment>
         <input_file_ref idref="fl-c"/>
      </object_component>
      <object_component id="oc-1cc">
         <name>.text.__aeabi_idivmod</name>
         <load_address>0x2728</load_address>
         <readonly>true</readonly>
         <executable>true</executable>
         <run_address>0x2728</run_address>
         <size>0x56</size>
         <alignment>0x4</alignment>
         <input_file_ref idref="fl-115"/>
      </object_component>
      <object_component id="oc-203">
         <name>.text.eFile_WriteUDec</name>
         <load_address>0x277e</load_address>
         <readonly>true</readonly>
         <executable>true</executable>
         <run_address>0x277e</run_address>
         <size>0x56</size>
         <alignment>0x2</alignment>
         <input_file_ref idref="fl-15"/>
      </object_component>
      <object_component id="oc-40">
         <name>.text.GROUP1_IRQHandler</name>
         <load_address>0x27d4</load_address>
         <readonly>true</readonly>
         <executable>true</executable>
         <run_address>0x27d4</run_address>
         <size>0x54</size>
         <alignment>0x4</alignment>
         <input_file_ref idref="fl-8"/>
      </object_component>
      <object_component id="oc-1fd">
         <name>.text.eFile_WriteString</name>
         <load_address>0x2828</load_address>
         <readonly>true</readonly>
         <executable>true</executable>
         <run_address>0x2828</run_address>
         <size>0x54</size>
         <alignment>0x2</alignment>
         <input_file_ref idref="fl-15"/>
      </object_component>
      <object_component id="oc-f2">
         <name>.text.fillmessage</name>
         <load_address>0x287c</load_address>
         <readonly>true</readonly>
         <executable>true</executable>
         <run_address>0x287c</run_address>
         <size>0x54</size>
         <alignment>0x4</alignment>
         <input_file_ref idref="fl-10"/>
      </object_component>
      <object_component id="oc-249">
         <name>.text.wait_ready</name>
         <load_address>0x28d0</load_address>
         <readonly>true</readonly>
         <executable>true</executable>
         <run_address>0x28d0</run_address>
         <size>0x50</size>
         <alignment>0x4</alignment>
         <input_file_ref idref="fl-14"/>
      </object_component>
      <object_component id="oc-24d">
         <name>.text.xmit_spi_multi</name>
         <load_address>0x2920</load_address>
         <readonly>true</readonly>
         <executable>true</executable>
         <run_address>0x2920</run_address>
         <size>0x50</size>
         <alignment>0x4</alignment>
         <input_file_ref idref="fl-14"/>
      </object_component>
      <object_component id="oc-b1">
         <name>.text.Rx2Fifo_Put</name>
         <load_address>0x2970</load_address>
         <readonly>true</readonly>
         <executable>true</executable>
         <run_address>0x2970</run_address>
         <size>0x4c</size>
         <alignment>0x4</alignment>
         <input_file_ref idref="fl-11"/>
      </object_component>
      <object_component id="oc-1d7">
         <name>.text.RxFifo_Get</name>
         <load_address>0x29bc</load_address>
         <readonly>true</readonly>
         <executable>true</executable>
         <run_address>0x29bc</run_address>
         <size>0x4c</size>
         <alignment>0x4</alignment>
         <input_file_ref idref="fl-b"/>
      </object_component>
      <object_component id="oc-bb">
         <name>.text.RxFifo_Put</name>
         <load_address>0x2a08</load_address>
         <readonly>true</readonly>
         <executable>true</executable>
         <run_address>0x2a08</run_address>
         <size>0x4c</size>
         <alignment>0x4</alignment>
         <input_file_ref idref="fl-b"/>
      </object_component>
      <object_component id="oc-1f5">
         <name>.text.Tx2Fifo_Put</name>
         <load_address>0x2a54</load_address>
         <readonly>true</readonly>
         <executable>true</executable>
         <run_address>0x2a54</run_address>
         <size>0x4c</size>
         <alignment>0x4</alignment>
         <input_file_ref idref="fl-11"/>
      </object_component>
      <object_component id="oc-bc">
         <name>.text.TxFifo_Get</name>
         <load_address>0x2aa0</load_address>
         <readonly>true</readonly>
         <executable>true</executable>
         <run_address>0x2aa0</run_address>
         <size>0x4c</size>
         <alignment>0x4</alignment>
         <input_file_ref idref="fl-b"/>
      </object_component>
      <object_component id="oc-1d6">
         <name>.text.TxFifo_Put</name>
         <load_address>0x2aec</load_address>
         <readonly>true</readonly>
         <executable>true</executable>
         <run_address>0x2aec</run_address>
         <size>0x4c</size>
         <alignment>0x4</alignment>
         <input_file_ref idref="fl-b"/>
      </object_component>
      <object_component id="oc-82">
         <name>.text.copySoftwareToHardware2</name>
         <load_address>0x2b38</load_address>
         <readonly>true</readonly>
         <executable>true</executable>
         <run_address>0x2b38</run_address>
         <size>0x4c</size>
         <alignment>0x4</alignment>
         <input_file_ref idref="fl-11"/>
      </object_component>
      <object_component id="oc-87">
         <name>.text.copySoftwareToHardware</name>
         <load_address>0x2b84</load_address>
         <readonly>true</readonly>
         <executable>true</executable>
         <run_address>0x2b84</run_address>
         <size>0x4c</size>
         <alignment>0x4</alignment>
         <input_file_ref idref="fl-e"/>
      </object_component>
      <object_component id="oc-188">
         <name>.text.eFile_Init</name>
         <load_address>0x2bd0</load_address>
         <readonly>true</readonly>
         <executable>true</executable>
         <run_address>0x2bd0</run_address>
         <size>0x4c</size>
         <alignment>0x4</alignment>
         <input_file_ref idref="fl-15"/>
      </object_component>
      <object_component id="oc-b8">
         <name>.text.Tx2Fifo_Get</name>
         <load_address>0x2c1c</load_address>
         <readonly>true</readonly>
         <executable>true</executable>
         <run_address>0x2c1c</run_address>
         <size>0x48</size>
         <alignment>0x4</alignment>
         <input_file_ref idref="fl-11"/>
      </object_component>
      <object_component id="oc-218">
         <name>.text.xchg_spi</name>
         <load_address>0x2c64</load_address>
         <readonly>true</readonly>
         <executable>true</executable>
         <run_address>0x2c64</run_address>
         <size>0x48</size>
         <alignment>0x4</alignment>
         <input_file_ref idref="fl-14"/>
      </object_component>
      <object_component id="oc-16c">
         <name>.text.ADC0_In</name>
         <load_address>0x2cac</load_address>
         <readonly>true</readonly>
         <executable>true</executable>
         <run_address>0x2cac</run_address>
         <size>0x44</size>
         <alignment>0x4</alignment>
         <input_file_ref idref="fl-1"/>
      </object_component>
      <object_component id="oc-23b">
         <name>.text.select</name>
         <load_address>0x2cf0</load_address>
         <readonly>true</readonly>
         <executable>true</executable>
         <run_address>0x2cf0</run_address>
         <size>0x44</size>
         <alignment>0x4</alignment>
         <input_file_ref idref="fl-14"/>
      </object_component>
      <object_component id="oc-1ed">
         <name>.text.FetchDirectory</name>
         <load_address>0x2d34</load_address>
         <readonly>true</readonly>
         <executable>true</executable>
         <run_address>0x2d34</run_address>
         <size>0x40</size>
         <alignment>0x4</alignment>
         <input_file_ref idref="fl-15"/>
      </object_component>
      <object_component id="oc-247">
         <name>.text.SPI1_Reset</name>
         <load_address>0x2d74</load_address>
         <readonly>true</readonly>
         <executable>true</executable>
         <run_address>0x2d74</run_address>
         <size>0x40</size>
         <alignment>0x4</alignment>
         <input_file_ref idref="fl-f"/>
      </object_component>
      <object_component id="oc-1b7">
         <name>.text.TFLuna2_OutChar</name>
         <load_address>0x2db4</load_address>
         <readonly>true</readonly>
         <executable>true</executable>
         <run_address>0x2db4</run_address>
         <size>0x40</size>
         <alignment>0x4</alignment>
         <input_file_ref idref="fl-11"/>
      </object_component>
      <object_component id="oc-17d">
         <name>.text.UART_OutChar</name>
         <load_address>0x2df4</load_address>
         <readonly>true</readonly>
         <executable>true</executable>
         <run_address>0x2df4</run_address>
         <size>0x40</size>
         <alignment>0x4</alignment>
         <input_file_ref idref="fl-e"/>
      </object_component>
      <object_component id="oc-14d">
         <name>.text.__aeabi_uidivmod</name>
         <load_address>0x2e34</load_address>
         <readonly>true</readonly>
         <executable>true</executable>
         <run_address>0x2e34</run_address>
         <size>0x40</size>
         <alignment>0x4</alignment>
         <input_file_ref idref="fl-118"/>
      </object_component>
      <object_component id="oc-24e">
         <name>.text.rcvr_spi</name>
         <load_address>0x2e74</load_address>
         <readonly>true</readonly>
         <executable>true</executable>
         <run_address>0x2e74</run_address>
         <size>0x3c</size>
         <alignment>0x4</alignment>
         <input_file_ref idref="fl-14"/>
      </object_component>
      <object_component id="oc-df">
         <name>.text:__TI_auto_init_nobinit_nopinit</name>
         <load_address>0x2eb0</load_address>
         <readonly>true</readonly>
         <executable>true</executable>
         <run_address>0x2eb0</run_address>
         <size>0x3c</size>
         <alignment>0x4</alignment>
         <input_file_ref idref="fl-48"/>
      </object_component>
      <object_component id="oc-107">
         <name>.text.ActivatePortA_B</name>
         <load_address>0x2eec</load_address>
         <readonly>true</readonly>
         <executable>true</executable>
         <run_address>0x2eec</run_address>
         <size>0x38</size>
         <alignment>0x4</alignment>
         <input_file_ref idref="fl-7"/>
      </object_component>
      <object_component id="oc-10c">
         <name>.text.Jitter3_Init</name>
         <load_address>0x2f24</load_address>
         <readonly>true</readonly>
         <executable>true</executable>
         <run_address>0x2f24</run_address>
         <size>0x38</size>
         <alignment>0x4</alignment>
         <input_file_ref idref="fl-c"/>
      </object_component>
      <object_component id="oc-127">
         <name>.text.PA28Push</name>
         <load_address>0x2f5c</load_address>
         <readonly>true</readonly>
         <executable>true</executable>
         <run_address>0x2f5c</run_address>
         <size>0x38</size>
         <alignment>0x4</alignment>
         <input_file_ref idref="fl-c"/>
      </object_component>
      <object_component id="oc-37">
         <name>.text</name>
         <load_address>0x2f94</load_address>
         <readonly>true</readonly>
         <executable>true</executable>
         <run_address>0x2f94</run_address>
         <size>0x36</size>
         <alignment>0x4</alignment>
         <input_file_ref idref="fl-17"/>
      </object_component>
      <object_component id="oc-3b">
         <name>.text.SysTick_Handler</name>
         <load_address>0x2fca</load_address>
         <readonly>true</readonly>
         <executable>true</executable>
         <run_address>0x2fca</run_address>
         <size>0x2</size>
         <alignment>0x2</alignment>
         <input_file_ref idref="fl-8"/>
      </object_component>
      <object_component id="oc-23a">
         <name>.text.Clock_Delay1ms</name>
         <load_address>0x2fcc</load_address>
         <readonly>true</readonly>
         <executable>true</executable>
         <run_address>0x2fcc</run_address>
         <size>0x34</size>
         <alignment>0x4</alignment>
         <input_file_ref idref="fl-2"/>
      </object_component>
      <object_component id="oc-212">
         <name>.text.Cmd_Print</name>
         <load_address>0x3000</load_address>
         <readonly>true</readonly>
         <executable>true</executable>
         <run_address>0x3000</run_address>
         <size>0x34</size>
         <alignment>0x4</alignment>
         <input_file_ref idref="fl-5"/>
      </object_component>
      <object_component id="oc-126">
         <name>.text.S2Push</name>
         <load_address>0x3034</load_address>
         <readonly>true</readonly>
         <executable>true</executable>
         <run_address>0x3034</run_address>
         <size>0x34</size>
         <alignment>0x4</alignment>
         <input_file_ref idref="fl-c"/>
      </object_component>
      <object_component id="oc-1e8">
         <name>.text.ST7735_SetCursor</name>
         <load_address>0x3068</load_address>
         <readonly>true</readonly>
         <executable>true</executable>
         <run_address>0x3068</run_address>
         <size>0x34</size>
         <alignment>0x4</alignment>
         <input_file_ref idref="fl-10"/>
      </object_component>
      <object_component id="oc-18e">
         <name>.text.eFile_Mount</name>
         <load_address>0x309c</load_address>
         <readonly>true</readonly>
         <executable>true</executable>
         <run_address>0x309c</run_address>
         <size>0x34</size>
         <alignment>0x4</alignment>
         <input_file_ref idref="fl-15"/>
      </object_component>
      <object_component id="oc-201">
         <name>.text.eFile_WriteUFix2</name>
         <load_address>0x30d0</load_address>
         <readonly>true</readonly>
         <executable>true</executable>
         <run_address>0x30d0</run_address>
         <size>0x34</size>
         <alignment>0x4</alignment>
         <input_file_ref idref="fl-15"/>
      </object_component>
      <object_component id="oc-1e7">
         <name>.text.ST7735_Color565</name>
         <load_address>0x3104</load_address>
         <readonly>true</readonly>
         <executable>true</executable>
         <run_address>0x3104</run_address>
         <size>0x32</size>
         <alignment>0x2</alignment>
         <input_file_ref idref="fl-10"/>
      </object_component>
      <object_component id="oc-197">
         <name>.text.Check</name>
         <load_address>0x3136</load_address>
         <readonly>true</readonly>
         <executable>true</executable>
         <run_address>0x3136</run_address>
         <size>0x30</size>
         <alignment>0x2</alignment>
         <input_file_ref idref="fl-c"/>
      </object_component>
      <object_component id="oc-162">
         <name>.text.TFLuna2_SendMessage</name>
         <load_address>0x3166</load_address>
         <readonly>true</readonly>
         <executable>true</executable>
         <run_address>0x3166</run_address>
         <size>0x30</size>
         <alignment>0x2</alignment>
         <input_file_ref idref="fl-11"/>
      </object_component>
      <object_component id="oc-1b1">
         <name>.text.__aeabi_idiv0</name>
         <load_address>0x3196</load_address>
         <readonly>true</readonly>
         <executable>true</executable>
         <run_address>0x3196</run_address>
         <size>0x2</size>
         <alignment>0x2</alignment>
         <input_file_ref idref="fl-11d"/>
      </object_component>
      <object_component id="oc-86">
         <name>.text.copyHardwareToSoftware</name>
         <load_address>0x3198</load_address>
         <readonly>true</readonly>
         <executable>true</executable>
         <run_address>0x3198</run_address>
         <size>0x30</size>
         <alignment>0x4</alignment>
         <input_file_ref idref="fl-e"/>
      </object_component>
      <object_component id="oc-1c0">
         <name>.text.EndFileDump</name>
         <load_address>0x31c8</load_address>
         <readonly>true</readonly>
         <executable>true</executable>
         <run_address>0x31c8</run_address>
         <size>0x2c</size>
         <alignment>0x4</alignment>
         <input_file_ref idref="fl-c"/>
      </object_component>
      <object_component id="oc-232">
         <name>.text.ST7735_FillScreen</name>
         <load_address>0x31f4</load_address>
         <readonly>true</readonly>
         <executable>true</executable>
         <run_address>0x31f4</run_address>
         <size>0x2c</size>
         <alignment>0x4</alignment>
         <input_file_ref idref="fl-10"/>
      </object_component>
      <object_component id="oc-24c">
         <name>.text.rcvr_spi_multi</name>
         <load_address>0x3220</load_address>
         <readonly>true</readonly>
         <executable>true</executable>
         <run_address>0x3220</run_address>
         <size>0x2c</size>
         <alignment>0x2</alignment>
         <input_file_ref idref="fl-14"/>
      </object_component>
      <object_component id="oc-68">
         <name>.text:_c_int00_noargs</name>
         <load_address>0x324c</load_address>
         <readonly>true</readonly>
         <executable>true</executable>
         <run_address>0x324c</run_address>
         <size>0x28</size>
         <alignment>0x4</alignment>
         <input_file_ref idref="fl-46"/>
      </object_component>
      <object_component id="oc-182">
         <name>.text.UART_OutString</name>
         <load_address>0x3274</load_address>
         <readonly>true</readonly>
         <executable>true</executable>
         <run_address>0x3274</run_address>
         <size>0x26</size>
         <alignment>0x2</alignment>
         <input_file_ref idref="fl-d"/>
      </object_component>
      <object_component id="oc-246">
         <name>.text.CS_Init</name>
         <load_address>0x329c</load_address>
         <readonly>true</readonly>
         <executable>true</executable>
         <run_address>0x329c</run_address>
         <size>0x24</size>
         <alignment>0x4</alignment>
         <input_file_ref idref="fl-f"/>
      </object_component>
      <object_component id="oc-17e">
         <name>.text.UART_InChar</name>
         <load_address>0x32c0</load_address>
         <readonly>true</readonly>
         <executable>true</executable>
         <run_address>0x32c0</run_address>
         <size>0x22</size>
         <alignment>0x2</alignment>
         <input_file_ref idref="fl-e"/>
      </object_component>
      <object_component id="oc-1c6">
         <name>.text.OS_MsTime</name>
         <load_address>0x32e4</load_address>
         <readonly>true</readonly>
         <executable>true</executable>
         <run_address>0x32e4</run_address>
         <size>0x20</size>
         <alignment>0x4</alignment>
         <input_file_ref idref="fl-8"/>
      </object_component>
      <object_component id="oc-4c">
         <name>.text.TIMG7_IRQHandler</name>
         <load_address>0x3304</load_address>
         <readonly>true</readonly>
         <executable>true</executable>
         <run_address>0x3304</run_address>
         <size>0x20</size>
         <alignment>0x4</alignment>
         <input_file_ref idref="fl-8"/>
      </object_component>
      <object_component id="oc-149">
         <name>.text.pushColor</name>
         <load_address>0x3324</load_address>
         <readonly>true</readonly>
         <executable>true</executable>
         <run_address>0x3324</run_address>
         <size>0x1e</size>
         <alignment>0x2</alignment>
         <input_file_ref idref="fl-10"/>
      </object_component>
      <object_component id="oc-214">
         <name>.text.Cmd_Lab1_Results</name>
         <load_address>0x3344</load_address>
         <readonly>true</readonly>
         <executable>true</executable>
         <run_address>0x3344</run_address>
         <size>0x1c</size>
         <alignment>0x4</alignment>
         <input_file_ref idref="fl-5"/>
      </object_component>
      <object_component id="oc-35">
         <name>.text.Default_Handler</name>
         <load_address>0x3360</load_address>
         <readonly>true</readonly>
         <executable>true</executable>
         <run_address>0x3360</run_address>
         <size>0x1c</size>
         <alignment>0x4</alignment>
         <input_file_ref idref="fl-18"/>
      </object_component>
      <object_component id="oc-36">
         <name>.text.HardFault_Handler</name>
         <load_address>0x337c</load_address>
         <readonly>true</readonly>
         <executable>true</executable>
         <run_address>0x337c</run_address>
         <size>0x1c</size>
         <alignment>0x4</alignment>
         <input_file_ref idref="fl-18"/>
      </object_component>
      <object_component id="oc-1bb">
         <name>.text.OS_ClearMsTime</name>
         <load_address>0x3398</load_address>
         <readonly>true</readonly>
         <executable>true</executable>
         <run_address>0x3398</run_address>
         <size>0x1c</size>
         <alignment>0x4</alignment>
         <input_file_ref idref="fl-8"/>
      </object_component>
      <object_component id="oc-9d">
         <name>.text.main</name>
         <load_address>0x33b4</load_address>
         <readonly>true</readonly>
         <executable>true</executable>
         <run_address>0x33b4</run_address>
         <size>0x1c</size>
         <alignment>0x2</alignment>
         <input_file_ref idref="fl-c"/>
      </object_component>
      <object_component id="oc-b0">
         <name>.text.TFLuna2_InStatus</name>
         <load_address>0x33d0</load_address>
         <readonly>true</readonly>
         <executable>true</executable>
         <run_address>0x33d0</run_address>
         <size>0x18</size>
         <alignment>0x4</alignment>
         <input_file_ref idref="fl-11"/>
      </object_component>
      <object_component id="oc-83">
         <name>.text.TFLuna2_OutStatus</name>
         <load_address>0x33e8</load_address>
         <readonly>true</readonly>
         <executable>true</executable>
         <run_address>0x33e8</run_address>
         <size>0x18</size>
         <alignment>0x4</alignment>
         <input_file_ref idref="fl-11"/>
      </object_component>
      <object_component id="oc-88">
         <name>.text.TxFifo_Size</name>
         <load_address>0x3400</load_address>
         <readonly>true</readonly>
         <executable>true</executable>
         <run_address>0x3400</run_address>
         <size>0x18</size>
         <alignment>0x4</alignment>
         <input_file_ref idref="fl-b"/>
      </object_component>
      <object_component id="oc-21f">
         <name>.text.eDisk_ReadBlock</name>
         <load_address>0x3418</load_address>
         <readonly>true</readonly>
         <executable>true</executable>
         <run_address>0x3418</run_address>
         <size>0x18</size>
         <alignment>0x2</alignment>
         <input_file_ref idref="fl-14"/>
      </object_component>
      <object_component id="oc-231">
         <name>.text.eDisk_WriteBlock</name>
         <load_address>0x3430</load_address>
         <readonly>true</readonly>
         <executable>true</executable>
         <run_address>0x3430</run_address>
         <size>0x18</size>
         <alignment>0x2</alignment>
         <input_file_ref idref="fl-14"/>
      </object_component>
      <object_component id="oc-217">
         <name>.text.init_spi</name>
         <load_address>0x3448</load_address>
         <readonly>true</readonly>
         <executable>true</executable>
         <run_address>0x3448</run_address>
         <size>0x18</size>
         <alignment>0x4</alignment>
         <input_file_ref idref="fl-14"/>
      </object_component>
      <object_component id="oc-160">
         <name>.text.Rx2Fifo_Init</name>
         <load_address>0x3460</load_address>
         <readonly>true</readonly>
         <executable>true</executable>
         <run_address>0x3460</run_address>
         <size>0x14</size>
         <alignment>0x4</alignment>
         <input_file_ref idref="fl-11"/>
      </object_component>
      <object_component id="oc-1e9">
         <name>.text.ST7735_SetTextColor</name>
         <load_address>0x3474</load_address>
         <readonly>true</readonly>
         <executable>true</executable>
         <run_address>0x3474</run_address>
         <size>0x14</size>
         <alignment>0x4</alignment>
         <input_file_ref idref="fl-10"/>
      </object_component>
      <object_component id="oc-41">
         <name>.text.TIMG8_IRQHandler</name>
         <load_address>0x3488</load_address>
         <readonly>true</readonly>
         <executable>true</executable>
         <run_address>0x3488</run_address>
         <size>0x14</size>
         <alignment>0x4</alignment>
         <input_file_ref idref="fl-8"/>
      </object_component>
      <object_component id="oc-15f">
         <name>.text.Tx2Fifo_Init</name>
         <load_address>0x349c</load_address>
         <readonly>true</readonly>
         <executable>true</executable>
         <run_address>0x349c</run_address>
         <size>0x14</size>
         <alignment>0x4</alignment>
         <input_file_ref idref="fl-11"/>
      </object_component>
      <object_component id="oc-21a">
         <name>.text.deselect</name>
         <load_address>0x34b0</load_address>
         <readonly>true</readonly>
         <executable>true</executable>
         <run_address>0x34b0</run_address>
         <size>0x14</size>
         <alignment>0x4</alignment>
         <input_file_ref idref="fl-14"/>
      </object_component>
      <object_component id="oc-210">
         <name>.text.Cmd_Flush</name>
         <load_address>0x34c4</load_address>
         <readonly>true</readonly>
         <executable>true</executable>
         <run_address>0x34c4</run_address>
         <size>0x12</size>
         <alignment>0x2</alignment>
         <input_file_ref idref="fl-5"/>
      </object_component>
      <object_component id="oc-c1">
         <name>.text:TI_memcpy_small</name>
         <load_address>0x34d6</load_address>
         <readonly>true</readonly>
         <executable>true</executable>
         <run_address>0x34d6</run_address>
         <size>0x12</size>
         <alignment>0x1</alignment>
         <input_file_ref idref="fl-11f"/>
      </object_component>
      <object_component id="oc-20">
         <name>.text:decompress:none</name>
         <load_address>0x34e8</load_address>
         <readonly>true</readonly>
         <executable>true</executable>
         <run_address>0x34e8</run_address>
         <size>0x12</size>
         <alignment>0x2</alignment>
         <input_file_ref idref="fl-4c"/>
      </object_component>
      <object_component id="oc-22c">
         <name>.text.BackupDirectory</name>
         <load_address>0x34fc</load_address>
         <readonly>true</readonly>
         <executable>true</executable>
         <run_address>0x34fc</run_address>
         <size>0x10</size>
         <alignment>0x4</alignment>
         <input_file_ref idref="fl-15"/>
      </object_component>
      <object_component id="oc-155">
         <name>.text.Clock_Delay</name>
         <load_address>0x350c</load_address>
         <readonly>true</readonly>
         <executable>true</executable>
         <run_address>0x350c</run_address>
         <size>0x10</size>
         <alignment>0x2</alignment>
         <input_file_ref idref="fl-2"/>
      </object_component>
      <object_component id="oc-152">
         <name>.text.Delay</name>
         <load_address>0x351c</load_address>
         <readonly>true</readonly>
         <executable>true</executable>
         <run_address>0x351c</run_address>
         <size>0x10</size>
         <alignment>0x2</alignment>
         <input_file_ref idref="fl-7"/>
      </object_component>
      <object_component id="oc-11e">
         <name>.text.TFLuna2_Format_Standard_mm</name>
         <load_address>0x352c</load_address>
         <readonly>true</readonly>
         <executable>true</executable>
         <run_address>0x352c</run_address>
         <size>0x10</size>
         <alignment>0x4</alignment>
         <input_file_ref idref="fl-11"/>
      </object_component>
      <object_component id="oc-11f">
         <name>.text.TFLuna2_Frame_Rate</name>
         <load_address>0x353c</load_address>
         <readonly>true</readonly>
         <executable>true</executable>
         <run_address>0x353c</run_address>
         <size>0x10</size>
         <alignment>0x4</alignment>
         <input_file_ref idref="fl-11"/>
      </object_component>
      <object_component id="oc-120">
         <name>.text.TFLuna2_SaveSettings</name>
         <load_address>0x354c</load_address>
         <readonly>true</readonly>
         <executable>true</executable>
         <run_address>0x354c</run_address>
         <size>0x10</size>
         <alignment>0x4</alignment>
         <input_file_ref idref="fl-11"/>
      </object_component>
      <object_component id="oc-121">
         <name>.text.TFLuna2_System_Reset</name>
         <load_address>0x355c</load_address>
         <readonly>true</readonly>
         <executable>true</executable>
         <run_address>0x355c</run_address>
         <size>0x10</size>
         <alignment>0x4</alignment>
         <input_file_ref idref="fl-11"/>
      </object_component>
      <object_component id="oc-65">
         <name>.text:decompress:ZI</name>
         <load_address>0x356c</load_address>
         <readonly>true</readonly>
         <executable>true</executable>
         <run_address>0x356c</run_address>
         <size>0x10</size>
         <alignment>0x2</alignment>
         <input_file_ref idref="fl-4b"/>
      </object_component>
      <object_component id="oc-117">
         <name>.text.OS_AddPeriodicThread</name>
         <load_address>0x357c</load_address>
         <readonly>true</readonly>
         <executable>true</executable>
         <run_address>0x357c</run_address>
         <size>0xe</size>
         <alignment>0x2</alignment>
         <input_file_ref idref="fl-8"/>
      </object_component>
      <object_component id="oc-78">
         <name>.text.OS_AddThread</name>
         <load_address>0x358a</load_address>
         <readonly>true</readonly>
         <executable>true</executable>
         <run_address>0x358a</run_address>
         <size>0xe</size>
         <alignment>0x2</alignment>
         <input_file_ref idref="fl-8"/>
      </object_component>
      <object_component id="oc-228">
         <name>.text.strcpy</name>
         <load_address>0x3598</load_address>
         <readonly>true</readonly>
         <executable>true</executable>
         <run_address>0x3598</run_address>
         <size>0xe</size>
         <alignment>0x2</alignment>
         <input_file_ref idref="fl-44"/>
      </object_component>
      <object_component id="oc-223">
         <name>.text.strlen</name>
         <load_address>0x35a6</load_address>
         <readonly>true</readonly>
         <executable>true</executable>
         <run_address>0x35a6</run_address>
         <size>0xe</size>
         <alignment>0x2</alignment>
         <input_file_ref idref="fl-45"/>
      </object_component>
      <object_component id="oc-fe">
         <name>.text:TI_memset_small</name>
         <load_address>0x35b4</load_address>
         <readonly>true</readonly>
         <executable>true</executable>
         <run_address>0x35b4</run_address>
         <size>0xe</size>
         <alignment>0x1</alignment>
         <input_file_ref idref="fl-120"/>
      </object_component>
      <object_component id="oc-15e">
         <name>.text.Clock_Freq</name>
         <load_address>0x35c4</load_address>
         <readonly>true</readonly>
         <executable>true</executable>
         <run_address>0x35c4</run_address>
         <size>0xc</size>
         <alignment>0x4</alignment>
         <input_file_ref idref="fl-2"/>
      </object_component>
      <object_component id="oc-116">
         <name>.text.OS_AddPA28Task</name>
         <load_address>0x35d0</load_address>
         <readonly>true</readonly>
         <executable>true</executable>
         <run_address>0x35d0</run_address>
         <size>0xc</size>
         <alignment>0x2</alignment>
         <input_file_ref idref="fl-8"/>
      </object_component>
      <object_component id="oc-115">
         <name>.text.OS_AddS2Task</name>
         <load_address>0x35dc</load_address>
         <readonly>true</readonly>
         <executable>true</executable>
         <run_address>0x35dc</run_address>
         <size>0xc</size>
         <alignment>0x2</alignment>
         <input_file_ref idref="fl-8"/>
      </object_component>
      <object_component id="oc-190">
         <name>.text.OS_LoadProgram</name>
         <load_address>0x35e8</load_address>
[...]
         <value>0x49d</value>
         <object_component_ref idref="oc-f1"/>
      </symbol>
      <symbol id="sm-230">
         <name>ST7735_DrawString</name>
         <value>0x1dc9</value>
         <object_component_ref idref="oc-ac"/>
      </symbol>
      <symbol id="sm-231">
         <name>fillmessage</name>
         <value>0x287d</value>
         <object_component_ref idref="oc-f2"/>
      </symbol>
      <symbol id="sm-232">
         <name>Messageindex</name>
         <value>0x2020101c</value>
      </symbol>
      <symbol id="sm-233">
         <name>Message</name>
         <value>0x20200fa4</value>
      </symbol>
      <symbol id="sm-234">
         <name>ST7735_OutUDec</name>
         <value>0x1e4d</value>
         <object_component_ref idref="oc-1ea"/>
      </symbol>
      <symbol id="sm-235">
         <name>ST7735_SetTextColor</name>
         <value>0x3475</value>
         <object_component_ref idref="oc-1e9"/>
      </symbol>
      <symbol id="sm-236">
         <name>ST7735_OutUDec2</name>
         <value>0x2679</value>
         <object_component_ref idref="oc-ad"/>
      </symbol>
      <symbol id="sm-237">
         <name>ST7735_Message</name>
         <value>0x17b9</value>
         <object_component_ref idref="oc-79"/>
      </symbol>
      <symbol id="sm-27e">
         <name>TFLuna2_Init</name>
         <value>0x641</value>
         <object_component_ref idref="oc-11d"/>
      </symbol>
      <symbol id="sm-27f">
         <name>Tx2Fifo_Init</name>
         <value>0x349d</value>
         <object_component_ref idref="oc-15f"/>
      </symbol>
      <symbol id="sm-280">
         <name>Rx2Fifo_Init</name>
         <value>0x3461</value>
         <object_component_ref idref="oc-160"/>
      </symbol>
      <symbol id="sm-281">
         <name>TFLuna2Function</name>
         <value>0x20201040</value>
      </symbol>
      <symbol id="sm-282">
         <name>TFLuna2Index</name>
         <value>0x20201044</value>
      </symbol>
      <symbol id="sm-283">
         <name>TFLuna2LastByte</name>
         <value>0x2020105f</value>
      </symbol>
      <symbol id="sm-284">
         <name>TFLuna2DataMessage</name>
         <value>0x20200fb0</value>
      </symbol>
      <symbol id="sm-285">
         <name>BadCheckSum2</name>
         <value>0x20200fd8</value>
      </symbol>
      <symbol id="sm-286">
         <name>LostData2</name>
         <value>0x20201014</value>
      </symbol>
      <symbol id="sm-287">
         <name>TFLuna2_OutChar</name>
         <value>0x2db5</value>
         <object_component_ref idref="oc-1b7"/>
      </symbol>
      <symbol id="sm-288">
         <name>Tx2Fifo_Put</name>
         <value>0x2a55</value>
         <object_component_ref idref="oc-1f5"/>
      </symbol>
      <symbol id="sm-289">
         <name>TFLuna2_OutStatus</name>
         <value>0x33e9</value>
         <object_component_ref idref="oc-83"/>
      </symbol>
      <symbol id="sm-28a">
         <name>Tx2Fifo_Get</name>
         <value>0x2c1d</value>
         <object_component_ref idref="oc-b8"/>
      </symbol>
      <symbol id="sm-28b">
         <name>TFLuna2_SendMessage</name>
         <value>0x3167</value>
         <object_component_ref idref="oc-162"/>
      </symbol>
      <symbol id="sm-28c">
         <name>TFLuna2_Format_Standard_mm</name>
         <value>0x352d</value>
         <object_component_ref idref="oc-11e"/>
      </symbol>
      <symbol id="sm-28d">
         <name>TFLuna2_Frame_Rate</name>
         <value>0x353d</value>
         <object_component_ref idref="oc-11f"/>
      </symbol>
      <symbol id="sm-28e">
         <name>TFLuna2_SaveSettings</name>
         <value>0x354d</value>
         <object_component_ref idref="oc-120"/>
      </symbol>
      <symbol id="sm-28f">
         <name>TFLuna2_System_Reset</name>
         <value>0x355d</value>
         <object_component_ref idref="oc-121"/>
      </symbol>
      <symbol id="sm-290">
         <name>UART2_IRQHandler</name>
         <value>0x256d</value>
         <object_component_ref idref="oc-42"/>
      </symbol>
      <symbol id="sm-291">
         <name>TFLuna2_InStatus</name>
         <value>0x33d1</value>
         <object_component_ref idref="oc-b0"/>
      </symbol>
      <symbol id="sm-292">
         <name>Rx2Fifo_Put</name>
         <value>0x2971</value>
         <object_component_ref idref="oc-b1"/>
      </symbol>
      <symbol id="sm-293">
         <name>TFLuna2Distance</name>
         <value>0x2020103c</value>
      </symbol>
      <symbol id="sm-298">
         <name>System_Reset</name>
         <value>0x3e10</value>
         <object_component_ref idref="oc-167"/>
      </symbol>
      <symbol id="sm-299">
         <name>Frame_Rate</name>
         <value>0x3def</value>
         <object_component_ref idref="oc-165"/>
      </symbol>
      <symbol id="sm-29a">
         <name>Format_Standard_mm</name>
         <value>0x3e07</value>
         <object_component_ref idref="oc-163"/>
      </symbol>
      <symbol id="sm-29b">
         <name>SaveSettings</name>
         <value>0x3e0c</value>
         <object_component_ref idref="oc-166"/>
      </symbol>
      <symbol id="sm-2a5">
         <name>TimerG7_IntArm</name>
         <value>0x1919</value>
         <object_component_ref idref="oc-1f6"/>
      </symbol>
      <symbol id="sm-2ed">
         <name>eDisk_Init</name>
         <value>0xc1</value>
         <object_component_ref idref="oc-1e0"/>
      </symbol>
      <symbol id="sm-2ee">
         <name>eDisk_Read</name>
         <value>0x1609</value>
         <object_component_ref idref="oc-23c"/>
      </symbol>
      <symbol id="sm-2ef">
         <name>eDisk_ReadBlock</name>
         <value>0x3419</value>
         <object_component_ref idref="oc-21f"/>
      </symbol>
      <symbol id="sm-2f0">
         <name>eDisk_Write</name>
         <value>0xff5</value>
         <object_component_ref idref="oc-244"/>
      </symbol>
      <symbol id="sm-2f1">
         <name>eDisk_WriteBlock</name>
         <value>0x3431</value>
         <object_component_ref idref="oc-231"/>
      </symbol>
      <symbol id="sm-2f2">
         <name>disk_timerproc</name>
         <value>0x20b9</value>
         <object_component_ref idref="oc-129"/>
      </symbol>
      <symbol id="sm-31f">
         <name>eFile_Init</name>
         <value>0x2bd1</value>
         <object_component_ref idref="oc-188"/>
      </symbol>
      <symbol id="sm-320">
         <name>OpenFlag</name>
         <value>0x20200834</value>
         <object_component_ref idref="oc-1e1"/>
      </symbol>
      <symbol id="sm-321">
         <name>WOpenFile</name>
         <value>0x20201058</value>
      </symbol>
      <symbol id="sm-322">
         <name>ROpenFile</name>
         <value>0x20201028</value>
      </symbol>
      <symbol id="sm-323">
         <name>DirectoryIn</name>
         <value>0x20200ff4</value>
      </symbol>
      <symbol id="sm-324">
         <name>TempBlock</name>
         <value>0x20200a4c</value>
      </symbol>
      <symbol id="sm-325">
         <name>FetchDirectory</name>
         <value>0x2d35</value>
         <object_component_ref idref="oc-1ed"/>
      </symbol>
      <symbol id="sm-326">
         <name>Directory</name>
         <value>0x2020084c</value>
      </symbol>
      <symbol id="sm-327">
         <name>BackupDirectory</name>
         <value>0x34fd</value>
         <object_component_ref idref="oc-22c"/>
      </symbol>
      <symbol id="sm-328">
         <name>eFile_Mount</name>
         <value>0x309d</value>
         <object_component_ref idref="oc-18e"/>
      </symbol>
      <symbol id="sm-329">
         <name>AllocateBlock</name>
         <value>0x2261</value>
         <object_component_ref idref="oc-227"/>
      </symbol>
      <symbol id="sm-32a">
         <name>eFile_Create</name>
         <value>0x121d</value>
         <object_component_ref idref="oc-1fb"/>
      </symbol>
      <symbol id="sm-32b">
         <name>eFile_WOpen</name>
         <value>0xdc1</value>
         <object_component_ref idref="oc-1fc"/>
      </symbol>
      <symbol id="sm-32c">
         <name>WBlockNum</name>
         <value>0x20201054</value>
      </symbol>
      <symbol id="sm-32d">
         <name>WCurrentBlock</name>
         <value>0x20200c4c</value>
      </symbol>
      <symbol id="sm-32e">
         <name>eFile_Write</name>
         <value>0x16ed</value>
         <object_component_ref idref="oc-202"/>
      </symbol>
      <symbol id="sm-32f">
         <name>eFile_WriteString</name>
         <value>0x2829</value>
         <object_component_ref idref="oc-1fd"/>
      </symbol>
      <symbol id="sm-330">
         <name>eFile_WriteUDec</name>
         <value>0x277f</value>
         <object_component_ref idref="oc-203"/>
      </symbol>
      <symbol id="sm-331">
         <name>eFile_WriteSFix2</name>
         <value>0x7b5</value>
         <object_component_ref idref="oc-22f"/>
      </symbol>
      <symbol id="sm-332">
         <name>eFile_WriteUFix2</name>
         <value>0x30d1</value>
         <object_component_ref idref="oc-201"/>
      </symbol>
      <symbol id="sm-333">
         <name>eFile_WClose</name>
         <value>0x2455</value>
         <object_component_ref idref="oc-205"/>
      </symbol>
      <symbol id="sm-33d">
         <name>StartOS</name>
         <value>0x2faa</value>
         <object_component_ref idref="oc-37"/>
      </symbol>
      <symbol id="sm-33e">
         <name>PendSV_Handler</name>
         <value>0x2fad</value>
         <object_component_ref idref="oc-37"/>
      </symbol>
      <symbol id="sm-33f">
         <name>OSDisableInterrupts</name>
         <value>0x2f94</value>
         <object_component_ref idref="oc-37"/>
      </symbol>
      <symbol id="sm-340">
         <name>OSEnableInterrupts</name>
         <value>0x2f98</value>
         <object_component_ref idref="oc-37"/>
      </symbol>
      <symbol id="sm-341">
         <name>SVC_Handler</name>
         <value>0x2faf</value>
         <object_component_ref idref="oc-37"/>
      </symbol>
      <symbol id="sm-342">
         <name>StartCritical</name>
         <value>0x2f9c</value>
         <object_component_ref idref="oc-37"/>
      </symbol>
      <symbol id="sm-343">
         <name>EndCritical</name>
         <value>0x2fa4</value>
         <object_component_ref idref="oc-37"/>
      </symbol>
      <symbol id="sm-35c">
         <name>Default_Handler</name>
         <value>0x3361</value>
         <object_component_ref idref="oc-35"/>
      </symbol>
      <symbol id="sm-35d">
         <name>Reset_Handler</name>
         <value>0x3677</value>
         <object_component_ref idref="oc-31"/>
      </symbol>
      <symbol id="sm-35e">
         <name>HardFault_Handler</name>
         <value>0x337d</value>
         <object_component_ref idref="oc-36"/>
      </symbol>
      <symbol id="sm-35f">
         <name>interruptVectors</name>
         <value>0x0</value>
         <object_component_ref idref="oc-18"/>
      </symbol>
      <symbol id="sm-360">
         <name>NMI_Handler</name>
         <value>0x3361</value>
         <object_component_ref idref="oc-35"/>
      </symbol>
      <symbol id="sm-361">
         <name>GROUP0_IRQHandler</name>
         <value>0x3361</value>
         <object_component_ref idref="oc-35"/>
      </symbol>
      <symbol id="sm-362">
         <name>UART3_IRQHandler</name>
         <value>0x3361</value>
         <object_component_ref idref="oc-35"/>
      </symbol>
      <symbol id="sm-363">
         <name>ADC0_IRQHandler</name>
         <value>0x3361</value>
         <object_component_ref idref="oc-35"/>
      </symbol>
      <symbol id="sm-364">
         <name>ADC1_IRQHandler</name>
         <value>0x3361</value>
         <object_component_ref idref="oc-35"/>
      </symbol>
      <symbol id="sm-365">
         <name>CANFD0_IRQHandler</name>
         <value>0x3361</value>
         <object_component_ref idref="oc-35"/>
      </symbol>
      <symbol id="sm-366">
         <name>DAC0_IRQHandler</name>
         <value>0x3361</value>
         <object_component_ref idref="oc-35"/>
      </symbol>
      <symbol id="sm-367">
         <name>SPI0_IRQHandler</name>
         <value>0x3361</value>
         <object_component_ref idref="oc-35"/>
      </symbol>
      <symbol id="sm-368">
         <name>SPI1_IRQHandler</name>
         <value>0x3361</value>
         <object_component_ref idref="oc-35"/>
      </symbol>
      <symbol id="sm-369">
         <name>UART1_IRQHandler</name>
         <value>0x3361</value>
         <object_component_ref idref="oc-35"/>
      </symbol>
      <symbol id="sm-36a">
         <name>TIMG0_IRQHandler</name>
         <value>0x3361</value>
         <object_component_ref idref="oc-35"/>
      </symbol>
      <symbol id="sm-36b">
         <name>TIMG6_IRQHandler</name>
         <value>0x3361</value>
         <object_component_ref idref="oc-35"/>
      </symbol>
      <symbol id="sm-36c">
         <name>TIMA0_IRQHandler</name>
         <value>0x3361</value>
         <object_component_ref idref="oc-35"/>
      </symbol>
      <symbol id="sm-36d">
         <name>TIMA1_IRQHandler</name>
         <value>0x3361</value>
         <object_component_ref idref="oc-35"/>
      </symbol>
      <symbol id="sm-36e">
         <name>TIMG12_IRQHandler</name>
         <value>0x3361</value>
         <object_component_ref idref="oc-35"/>
      </symbol>
      <symbol id="sm-36f">
         <name>I2C0_IRQHandler</name>
         <value>0x3361</value>
         <object_component_ref idref="oc-35"/>
      </symbol>
      <symbol id="sm-370">
         <name>I2C1_IRQHandler</name>
         <value>0x3361</value>
         <object_component_ref idref="oc-35"/>
      </symbol>
      <symbol id="sm-371">
         <name>AES_IRQHandler</name>
         <value>0x3361</value>
         <object_component_ref idref="oc-35"/>
      </symbol>
      <symbol id="sm-372">
         <name>RTC_IRQHandler</name>
         <value>0x3361</value>
         <object_component_ref idref="oc-35"/>
      </symbol>
      <symbol id="sm-373">
         <name>DMA_IRQHandler</name>
         <value>0x3361</value>
         <object_component_ref idref="oc-35"/>
      </symbol>
      <symbol id="sm-374">
         <name>__TI_ATRegion0_src_addr</name>
         <value>0x0</value>
      </symbol>
      <symbol id="sm-375">
         <name>__TI_ATRegion0_trg_addr</name>
         <value>0x0</value>
      </symbol>
      <symbol id="sm-376">
         <name>__TI_ATRegion0_region_sz</name>
         <value>0x0</value>
      </symbol>
      <symbol id="sm-377">
         <name>__TI_ATRegion1_src_addr</name>
         <value>0x0</value>
      </symbol>
      <symbol id="sm-378">
         <name>__TI_ATRegion1_trg_addr</name>
         <value>0x0</value>
      </symbol>
      <symbol id="sm-379">
         <name>__TI_ATRegion1_region_sz</name>
         <value>0x0</value>
      </symbol>
      <symbol id="sm-37a">
         <name>__TI_ATRegion2_src_addr</name>
         <value>0x0</value>
      </symbol>
      <symbol id="sm-37b">
         <name>__TI_ATRegion2_trg_addr</name>
         <value>0x0</value>
      </symbol>
      <symbol id="sm-37c">
         <name>__TI_ATRegion2_region_sz</name>
         <value>0x0</value>
      </symbol>
      <symbol id="sm-386">
         <name>strcmp</name>
         <value>0x1d41</value>
         <object_component_ref idref="oc-1d8"/>
      </symbol>
      <symbol id="sm-391">
         <name>abort</name>
         <value>0x3659</value>
         <object_component_ref idref="oc-d8"/>
      </symbol>
      <symbol id="sm-39b">
         <name>_sys_memory</name>
         <value>0x20201060</value>
         <object_component_ref idref="oc-2f"/>
      </symbol>
      <symbol id="sm-3a4">
         <name>strcpy</name>
         <value>0x3599</value>
         <object_component_ref idref="oc-228"/>
      </symbol>
      <symbol id="sm-3ad">
         <name>strlen</name>
         <value>0x35a7</value>
         <object_component_ref idref="oc-223"/>
      </symbol>
      <symbol id="sm-3b8">
         <name>_c_int00_noargs</name>
         <value>0x324d</value>
         <object_component_ref idref="oc-68"/>
      </symbol>
      <symbol id="sm-3b9">
         <name>__stack</name>
         <value>0x20207e00</value>
         <object_component_ref idref="oc-1a"/>
      </symbol>
      <symbol id="sm-3c5">
         <name>__TI_auto_init_nobinit_nopinit</name>
         <value>0x2eb1</value>
         <object_component_ref idref="oc-df"/>
      </symbol>
      <symbol id="sm-3cd">
         <name>_system_pre_init</name>
         <value>0x367b</value>
         <object_component_ref idref="oc-99"/>
      </symbol>
      <symbol id="sm-3d8">
         <name>__TI_zero_init</name>
         <value>0x356d</value>
         <object_component_ref idref="oc-65"/>
      </symbol>
      <symbol id="sm-3e1">
         <name>__TI_decompress_none</name>
         <value>0x34e9</value>
         <object_component_ref idref="oc-20"/>
      </symbol>
      <symbol id="sm-3ec">
         <name>__TI_decompress_lzss</name>
         <value>0x1f4d</value>
         <object_component_ref idref="oc-1c"/>
      </symbol>
      <symbol id="sm-402">
         <name>HOSTexit</name>
         <value>0x365f</value>
         <object_component_ref idref="oc-138"/>
      </symbol>
      <symbol id="sm-403">
         <name>C$$EXIT</name>
         <value>0x365e</value>
         <object_component_ref idref="oc-138"/>
      </symbol>
      <symbol id="sm-419">
         <name>__aeabi_idiv</name>
         <value>0x2729</value>
         <object_component_ref idref="oc-1cc"/>
      </symbol>
      <symbol id="sm-41a">
         <name>__aeabi_idivmod</name>
         <value>0x2729</value>
         <object_component_ref idref="oc-1cc"/>
      </symbol>
      <symbol id="sm-420">
         <name>__aeabi_memcpy</name>
         <value>0x3651</value>
         <object_component_ref idref="oc-58"/>
      </symbol>
      <symbol id="sm-421">
         <name>__aeabi_memcpy4</name>
         <value>0x3651</value>
         <object_component_ref idref="oc-58"/>
      </symbol>
      <symbol id="sm-422">
         <name>__aeabi_memcpy8</name>
         <value>0x3651</value>
         <object_component_ref idref="oc-58"/>
      </symbol>
      <symbol id="sm-429">
         <name>__aeabi_memclr</name>
         <value>0x3601</value>
         <object_component_ref idref="oc-94"/>
      </symbol>
      <symbol id="sm-42a">
         <name>__aeabi_memclr4</name>
         <value>0x3601</value>
         <object_component_ref idref="oc-94"/>
      </symbol>
      <symbol id="sm-42b">
         <name>__aeabi_memclr8</name>
         <value>0x3601</value>
         <object_component_ref idref="oc-94"/>
      </symbol>
      <symbol id="sm-431">
         <name>__aeabi_uidiv</name>
         <value>0x2e35</value>
         <object_component_ref idref="oc-14d"/>
      </symbol>
      <symbol id="sm-432">
         <name>__aeabi_uidivmod</name>
         <value>0x2e35</value>
         <object_component_ref idref="oc-14d"/>
      </symbol>
      <symbol id="sm-43d">
         <name>__aeabi_idiv0</name>
         <value>0x3197</value>
         <object_component_ref idref="oc-1b1"/>
      </symbol>
      <symbol id="sm-447">
         <name>TI_memcpy_small</name>
         <value>0x34d7</value>
         <object_component_ref idref="oc-c1"/>
      </symbol>
      <symbol id="sm-450">
         <name>TI_memset_small</name>
         <value>0x35b5</value>
         <object_component_ref idref="oc-fe"/>
      </symbol>
      <symbol id="sm-451">
         <name>__TI_static_base__</name>
         <value>0x0</value>
      </symbol>
      <symbol id="sm-454">
         <name>Lab1_Results</name>
         <value>0x0</value>
      </symbol>
      <symbol id="sm-455">
         <name>__mpu_init</name>
         <value>0x0</value>
      </symbol>
      <symbol id="sm-456">
         <name>_system_post_cinit</name>
         <value>0x0</value>
      </symbol>
   </symbol_table>
   <title>Link errors: red sections failed placement</title>
</link_info>
