******************************************************************************
            TI ARM Clang Linker PC v4.0.3                      
******************************************************************************
>> Linked Wed Jun 11 12:53:23 2025

OUTPUT FILE NAME:   <RTOS_Lab1.out>
ENTRY POINT SYMBOL: "_c_int00_noargs"  address: 00002171


MEMORY CONFIGURATION

         name            origin    length      used     unused   attr    fill
----------------------  --------  ---------  --------  --------  ----  --------
  FLASH                 00000000   00020000  00003010  0001cff0  R  X
  SRAM                  20200000   00008000  0000068b  00007975  RW X
  BCR_CONFIG            41c00000   00000080  00000000  00000080  R   
  BSL_CONFIG            41c00100   00000080  00000000  00000080  R   


SEGMENT ALLOCATION MAP

run origin  load origin   length   init length attrs members
----------  ----------- ---------- ----------- ----- -------
00000000    00000000    00003010   00003010    r-x
  00000000    00000000    000000c0   000000c0    r-- .intvecs
  000000c0    000000c0    00002420   00002420    r-x .text
  000024e0    000024e0    00000af0   00000af0    r-- .rodata
  00002fd0    00002fd0    00000040   00000040    r-- .cinit
20200000    20200000    00000492   00000000    rw-
  20200000    20200000    00000271   00000000    rw- .bss
  20200278    20200278    00000200   00000000    rw- .sysmem
  20200478    20200478    0000001a   00000000    rw- .data
20207e00    20207e00    00000200   00000000    rw-
  20207e00    20207e00    00000200   00000000    rw- .stack


SECTION ALLOCATION MAP

 output                                  attributes/
section   page    origin      length       input sections
--------  ----  ----------  ----------   ----------------
.intvecs   0    00000000    000000c0     
                  00000000    000000c0     startup_mspm0g3507_ticlang.o (.intvecs)

.text      0    000000c0    00002420     
                  000000c0    000001b4     Clock.o (.text.Clock_Init80MHz)
                  00000274    000001a0     RTOS_ST7735.o (.text.ST7735_DrawCharS)
                  00000414    00000194     RTOS_UART.o (.text.Fixed_Fix2Str)
                  000005a8    0000014c     Interpreter.o (.text.Interpreter)
                  000006f4    00000130     RTOS_UARTints.o (.text.UART_Init)
                  00000824    0000012c     RTOS_Lab1.o (.text.TIMG0_IRQHandler)
                  00000950    00000122     Interpreter.o (.text.isNumber)
                  00000a72    00000002     Interpreter.o (.text.DeleteFile)
                  00000a74    00000118     RTOS_ST7735.o (.text.ST7735_FillRect)
                  00000b8c    000000f8     SPI.o (.text.SPI_Init)
                  00000c84    000000f4     ADC.o (.text.ADC0_Init)
                  00000d78    000000f4     Interpreter.o (.text.Lab1)
                  00000e6c    000000d4     RTOS_ST7735.o (.text.ST7735_OutChar)
                  00000f40    000000a8     Timer.o (.text.TimerG8_IntArm)
                  00000fe8    000000a4     LPF.o (.text.Median)
                  0000108c    000000a4     Timer.o (.text.TimerG0_IntArm)
                  00001130    000000a2     RTOS_ST7735.o (.text.commandList)
                  000011d2    00000002     Interpreter.o (.text.FFT)
                  000011d4    000000a0     Interpreter.o (.text.isString)
                  00001274    00000098     RTOS_ST7735.o (.text.ST7735_InitR)
                  0000130c    00000090     Interpreter.o (.text.Help)
                  0000139c    00000088     RTOS_UART.o (.text.UART_InString)
                  00001424    00000088     RTOS_ST7735.o (.text.setAddrWindow)
                  000014ac    00000004     libsysbm.a : hostexit.c.obj (.text.HOSTexit)
                  000014b0    00000088     libc.a : strcmp-armv6m.S.obj (.text:strcmp)
                  00001538    00000084     RTOS_ST7735.o (.text.ST7735_DrawString)
                  000015bc    0000007c     LaunchPad.o (.text.LaunchPad_Init)
                  00001638    0000007c     libc.a : copy_decompress_lzss.c.obj (.text:decompress:lzss)
                  000016b4    00000074     Interpreter.o (.text.outLED)
                  00001728    00000070     RTOS_ST7735.o (.text.ST7735_DrawPixel)
                  00001798    00000070     RTOS_ST7735.o (.text.TFT_OutCommand)
                  00001808    0000006c     RTOS_ST7735.o (.text.TFT_OutData)
                  00001874    0000005c     RTOS_UARTints.o (.text.UART0_IRQHandler)
                  000018d0    0000005c     RTOS_Lab1.o (.text.main)
                  0000192c    00000058     IRDistance.o (.text.IRDistance_Convert)
                  00001984    00000058     RTOS_ST7735.o (.text.ST7735_OutUDec2)
                  000019dc    00000058     RTOS_UARTints.o (.text.copyHardwareToSoftware)
                  00001a34    00000056     libclang_rt.builtins.a : aeabi_idivmod.S.obj (.text.__aeabi_idivmod)
                  00001a8a    00000002     Interpreter.o (.text.FormatDisk)
                  00001a8c    00000054     RTOS_ST7735.o (.text.fillmessage)
                  00001ae0    0000004c     RTOS_FIFO.o (.text.RxFifo_Get)
                  00001b2c    0000004c     RTOS_FIFO.o (.text.RxFifo_Put)
                  00001b78    0000004c     RTOS_ST7735.o (.text.ST7735_Message)
                  00001bc4    0000004c     RTOS_FIFO.o (.text.TxFifo_Get)
                  00001c10    0000004c     RTOS_FIFO.o (.text.TxFifo_Put)
                  00001c5c    0000004c     RTOS_UARTints.o (.text.copySoftwareToHardware)
                  00001ca8    00000048     RTOS_UART.o (.text.UART_OutUHex)
                  00001cf0    00000044     ADC.o (.text.ADC0_In)
                  00001d34    00000042     LPF.o (.text.sqrt2)
                  00001d76    00000002     Interpreter.o (.text.InterruptDisableTime)
                  00001d78    00000040     Interpreter.o (.text.CanPop)
                  00001db8    00000040     SPI.o (.text.SPI_Reset)
                  00001df8    00000040     RTOS_UARTints.o (.text.UART_OutChar)
                  00001e38    00000040     libclang_rt.builtins.a : aeabi_uidivmod.S.obj (.text.__aeabi_uidivmod)
                  00001e78    0000003c     Interpreter.o (.text.Push)
                  00001eb4    0000003c     libc.a : autoinit.c.obj (.text:__TI_auto_init_nobinit_nopinit)
                  00001ef0    00000038     LaunchPad.o (.text.ActivatePortA_B)
                  00001f28    00000036     RTOS_UART.o (.text.UART_OutUDec)
                  00001f5e    00000002     Interpreter.o (.text.InterruptDisableTimeRestart)
                  00001f60    00000034     Clock.o (.text.Clock_Delay1ms)
                  00001f94    00000034     Interpreter.o (.text.Divide)
                  00001fc8    00000034     RTOS_ST7735.o (.text.ST7735_SetCursor)
                  00001ffc    00000032     Interpreter.o (.text.isPrinting)
                  0000202e    00000032     Interpreter.o (.text.isWhite)
                  00002060    00000030     Interpreter.o (.text.Pop)
                  00002090    00000030     RTOS_ST7735.o (.text.commonInit)
                  000020c0    0000002c     Interpreter.o (.text.Add)
                  000020ec    0000002c     Interpreter.o (.text.Multiply)
                  00002118    0000002c     RTOS_ST7735.o (.text.ST7735_FillScreen)
                  00002144    0000002c     Interpreter.o (.text.Subtract)
                  00002170    00000028     libc.a : boot_cortex_m.c.obj (.text:_c_int00_noargs)
                  00002198    00000026     RTOS_ST7735.o (.text.ST7735_OutString)
                  000021be    00000026     RTOS_UART.o (.text.UART_OutSDec)
                  000021e4    00000026     RTOS_UART.o (.text.UART_OutString)
                  0000220a    00000024     Interpreter.o (.text.inADC)
                  0000222e    00000022     Interpreter.o (.text.PopPrintDec)
                  00002250    00000022     Interpreter.o (.text.PopPrintFix)
                  00002272    00000022     Interpreter.o (.text.PopPrintHex)
                  00002294    00000022     Interpreter.o (.text.PopPrintUDec)
                  000022b6    00000022     RTOS_UARTints.o (.text.UART_InChar)
                  000022d8    00000020     OS.o (.text.TIMG8_IRQHandler)
                  000022f8    0000001e     RTOS_ST7735.o (.text.pushColor)
                  00002316    00000002     Interpreter.o (.text.Jitter1)
                  00002318    0000001c     startup_mspm0g3507_ticlang.o (.text.Default_Handler)
                  00002334    0000001c     startup_mspm0g3507_ticlang.o (.text.HardFault_Handler)
                  00002350    0000001c     OS.o (.text.OS_ClearMsTime)
                  0000236c    0000001a     RTOS_UART.o (.text.UART_Fix2)
                  00002386    00000002     Interpreter.o (.text.Jitter2)
                  00002388    00000018     RTOS_FIFO.o (.text.RxFifo_Size)
                  000023a0    00000018     RTOS_FIFO.o (.text.TxFifo_Size)
                  000023b8    00000016     libc.a : copy_zero_init.c.obj (.text:decompress:ZI:__TI_zero_init_nomemset)
                  000023ce    00000014     Interpreter.o (.text.Pushtime)
                  000023e2    00000002     Interpreter.o (.text.Lab2)
                  000023e4    00000014     Interpreter.o (.text.Reset)
                  000023f8    00000014     RTOS_FIFO.o (.text.RxFifo_Init)
                  0000240c    00000014     RTOS_FIFO.o (.text.TxFifo_Init)
                  00002420    00000012     libc.a : memcpy16.S.obj (.text:TI_memcpy_small)
                  00002432    00000012            : copy_decompress_none.c.obj (.text:decompress:none)
                  00002444    00000010     Clock.o (.text.Clock_Delay)
                  00002454    00000010     LaunchPad.o (.text.Delay)
                  00002464    00000010     Interpreter.o (.text.PushDistance)
                  00002474    0000000e     libc.a : strcpy.c.obj (.text.strcpy)
                  00002482    00000002     Interpreter.o (.text.Lab3)
                  00002484    0000000c     Clock.o (.text.Clock_Freq)
                  00002490    0000000c     OS.o (.text.OS_MsTime)
                  0000249c    0000000c     Interpreter.o (.text.PushTime)
                  000024a8    00000008     libclang_rt.builtins.a : aeabi_memcpy.S.obj (.text.__aeabi_memcpy)
                  000024b0    00000006     libc.a : exit.c.obj (.text:abort)
                  000024b6    00000004     startup_mspm0g3507_ticlang.o (.text.Reset_Handler)
                  000024ba    00000004     libc.a : pre_init.c.obj (.text._system_pre_init)
                  000024be    00000002     Interpreter.o (.text.Lab4)
                  000024c0    00000002     Interpreter.o (.text.Lab5)
                  000024c2    00000002     Interpreter.o (.text.Lab6)
                  000024c4    00000002     Interpreter.o (.text.LoadProgram)
                  000024c6    00000002     Interpreter.o (.text.MountDisk)
                  000024c8    00000002     Interpreter.o (.text.PrintDirectory)
                  000024ca    00000002     Interpreter.o (.text.PrintFile)
                  000024cc    00000002     Interpreter.o (.text.SW1Push)
                  000024ce    00000002     Interpreter.o (.text.Stoptime)
                  000024d0    00000002     Interpreter.o (.text.UnmountDisk)
                  000024d2    00000002     libclang_rt.builtins.a : aeabi_div0.c.obj (.text.__aeabi_idiv0)
                  000024d4    0000000c     --HOLE-- [fill = 0]

.cinit     0    00002fd0    00000040     
                  00002fd0    00000016     (.cinit..data.load) [load image, compression = lzss]
                  00002fe6    00000002     --HOLE-- [fill = 0]
                  00002fe8    0000000c     (__TI_handler_table)
                  00002ff4    00000008     (.cinit..bss.load) [load image, compression = zero_init]
                  00002ffc    00000010     (__TI_cinit_table)
                  0000300c    00000004     --HOLE-- [fill = 0]

.rodata    0    000024e0    00000af0     
                  000024e0    000004fb     RTOS_ST7735.o (.rodata.Font)
                  000029db    00000001     --HOLE-- [fill = 0]
                  000029dc    00000250     Interpreter.o (.rodata.LL)
                  00002c2c    0000003b     RTOS_ST7735.o (.rodata.Rcmd1)
                  00002c67    0000002b     RTOS_ST7735.o (.rodata.Rcmd3)
                  00002c92    00000027     Interpreter.o (.rodata.str1.12747060012456852606.1)
                  00002cb9    00000025     Interpreter.o (.rodata.str1.3865723553975578614.1)
                  00002cde    00000025     Interpreter.o (.rodata.str1.5848584941126780850.1)
                  00002d03    00000025     Interpreter.o (.rodata.str1.6342930968960270222.1)
                  00002d28    00000024     Interpreter.o (.rodata.str1.11662498999985250417.1)
                  00002d4c    00000023     Interpreter.o (.rodata.str1.14402438281036077488.1)
                  00002d6f    00000023     Interpreter.o (.rodata.str1.7755859433532082946.1)
                  00002d92    00000020     Interpreter.o (.rodata.str1.15874607606149105548.1)
                  00002db2    0000001f     Interpreter.o (.rodata.str1.1298965053803950432.1)
                  00002dd1    0000001c     Interpreter.o (.rodata.str1.1827009460364060299.1)
                  00002ded    0000001c     Interpreter.o (.rodata.str1.8716952829235969412.1)
                  00002e09    0000001a     Interpreter.o (.rodata.str1.11118897363992537812.1)
                  00002e23    0000001a     Interpreter.o (.rodata.str1.11371354337695463545.1)
                  00002e3d    0000001a     Interpreter.o (.rodata.str1.6623216276457726575.1)
                  00002e57    00000019     Interpreter.o (.rodata.str1.8740789795297769696.1)
                  00002e70    00000018     Interpreter.o (.rodata.str1.1890611713944335580.1)
                  00002e88    00000016     RTOS_ST7735.o (.rodata.str1.901237117014710009.1)
                  00002e9e    00000002     --HOLE-- [fill = 0]
                  00002ea0    00000010     IRDistance.o (.rodata.A)
                  00002eb0    00000010     IRDistance.o (.rodata.B)
                  00002ec0    00000010     IRDistance.o (.rodata.C)
                  00002ed0    00000010     IRDistance.o (.rodata.IRmax)
                  00002ee0    00000010     Interpreter.o (.rodata.str1.8834951582488220755.1)
                  00002ef0    0000000f     Interpreter.o (.rodata.str1.1287619923014008887.1)
                  00002eff    0000000d     RTOS_ST7735.o (.rodata.Rcmd2green)
                  00002f0c    0000000d     RTOS_ST7735.o (.rodata.Rcmd2red)
                  00002f19    0000000d     Interpreter.o (.rodata.str1.10788060859246666907.1)
                  00002f26    0000000d     Interpreter.o (.rodata.str1.15287782171638189172.1)
                  00002f33    0000000d     Interpreter.o (.rodata.str1.16145079996052228972.1)
                  00002f40    0000000d     Interpreter.o (.rodata.str1.438584629756741659.1)
                  00002f4d    0000000d     Interpreter.o (.rodata.str1.6099132036730984718.1)
                  00002f5a    0000000d     Interpreter.o (.rodata.str1.6869798450878480225.1)
                  00002f67    0000000d     Interpreter.o (.rodata.str1.8801398533620989010.1)
                  00002f74    0000000c     Interpreter.o (.rodata.str1.13584691219899174016.1)
                  00002f80    0000000c     Interpreter.o (.rodata.str1.15341649103122110242.1)
                  00002f8c    0000000c     Interpreter.o (.rodata.str1.17318961184984262945.1)
                  00002f98    0000000c     Interpreter.o (.rodata.str1.310310424903037747.1)
                  00002fa4    0000000c     RTOS_Lab1.o (.rodata.str1.6710437066061228311.1)
                  00002fb0    0000000c     Interpreter.o (.rodata.str1.9303564720754203623.1)
                  00002fbc    00000008     RTOS_UART.o (.rodata.str1.10625393595149509852.1)
                  00002fc4    00000007     Interpreter.o (.rodata.str1.3640833247440392218.1)
                  00002fcb    00000004     Interpreter.o (.rodata.str1.8494452576783132325.1)
                  00002fcf    00000001     --HOLE-- [fill = 0]

.init_array 
*          0    00000000    00000000     UNINITIALIZED

.binit     0    00000000    00000000     

.bss       0    20200000    00000271     UNINITIALIZED
                  20200000    00000190     (.common:DataBuf)
                  20200190    00000040     RTOS_FIFO.o (.bss.TxFifo)
                  202001d0    0000002c     (.common:UserStack)
                  202001fc    00000010     RTOS_FIFO.o (.bss.RxFifo)
                  2020020c    0000000c     (.common:Message)
                  20200218    0000000a     (.common:StringLiteral)
                  20200222    00000001     RTOS_ST7735.o (.bss.ColStart)
                  20200223    00000001     RTOS_ST7735.o (.bss.RowStart)
                  20200224    00000004     (.common:ADCdata)
                  20200228    00000004     (.common:Distance)
                  2020022c    00000004     (.common:FilterOutput)
                  20200230    00000004     (.common:FilterWork)
                  20200234    00000004     (.common:Messageindex)
                  20200238    00000004     (.common:OSTime)
                  2020023c    00000004     (.common:RxGetI)
                  20200240    00000004     (.common:RxPutI)
                  20200244    00000004     (.common:SNR)
                  20200248    00000004     (.common:TheNoise)
                  2020024c    00000004     (.common:TheSignal)
                  20200250    00000004     (.common:TxGetI)
                  20200254    00000004     (.common:TxPutI)
                  20200258    00000004     (.common:UserSP)
                  2020025c    00000004     (.common:ValidString)
                  20200260    00000004     (.common:sum)
                  20200264    00000004     (.common:u1)
                  20200268    00000004     (.common:u2)
                  2020026c    00000004     (.common:u3)
                  20200270    00000001     RTOS_ST7735.o (.bss.TabColor)

.sysmem    0    20200278    00000200     UNINITIALIZED
                  20200278    00000010     libc.a : memory.c.obj (.sysmem)
                  20200288    000001f0     --HOLE--

.data      0    20200478    0000001a     UNINITIALIZED
                  20200478    00000004     Clock.o (.data.BusFreq)
                  2020047c    00000004     Interpreter.o (.data.Device)
                  20200480    00000004     Interpreter.o (.data.Line)
                  20200484    00000004     RTOS_ST7735.o (.data.StX)
                  20200488    00000004     RTOS_ST7735.o (.data.StY)
                  2020048c    00000002     RTOS_ST7735.o (.data.StTextColor)
                  2020048e    00000002     RTOS_ST7735.o (.data._height)
                  20200490    00000002     RTOS_ST7735.o (.data._width)

.stack     0    20207e00    00000200     UNINITIALIZED
                  20207e00    00000004     libc.a : boot_cortex_m.c.obj (.stack)
                  20207e04    000001fc     --HOLE--

__llvm_prf_cnts 
*          0    20200000    00000000     UNINITIALIZED

__llvm_prf_bits 
*          0    20200000    00000000     UNINITIALIZED

MODULE SUMMARY

       Module                         code   ro data   rw data
       ------                         ----   -------   -------
    .\
       RTOS_ST7735.o                  2282   1425      33     
       Interpreter.o                  2020   1287      70     
       RTOS_Lab1.o                    392    12        432    
       RTOS_UART.o                    768    8         0      
       RTOS_UARTints.o                658    0         0      
       Clock.o                        516    0         4      
       RTOS_FIFO.o                    392    0         96     
       Timer.o                        332    0         0      
       ADC.o                          312    0         0      
       SPI.o                          312    0         0      
       LPF.o                          230    0         12     
       LaunchPad.o                    196    0         0      
       IRDistance.o                   88     64        0      
       OS.o                           72     0         4      
    +--+------------------------------+------+---------+---------+
       Total:                         8570   2796      651    
                                                              
    .\ticlang\
       startup_mspm0g3507_ticlang.o   60     192       0      
    +--+------------------------------+------+---------+---------+
       Total:                         60     192       0      
                                                              
    C:\ti\ccs2020\ccs\tools\compiler\ti-cgt-armllvm_4.0.3.LTS\lib\armv6m-ti-none-eabi/c/libc.a
       strcmp-armv6m.S.obj            136    0         0      
       copy_decompress_lzss.c.obj     124    0         0      
       autoinit.c.obj                 60     0         0      
       boot_cortex_m.c.obj            40     0         0      
       copy_zero_init.c.obj           22     0         0      
       copy_decompress_none.c.obj     18     0         0      
       memcpy16.S.obj                 18     0         0      
       strcpy.c.obj                   14     0         0      
       exit.c.obj                     6      0         0      
       pre_init.c.obj                 4      0         0      
    +--+------------------------------+------+---------+---------+
       Total:                         442    0         0      
                                                              
    C:\ti\ccs2020\ccs\tools\compiler\ti-cgt-armllvm_4.0.3.LTS\lib\armv6m-ti-none-eabi/c/libsysbm.a
       hostexit.c.obj                 4      0         0      
    +--+------------------------------+------+---------+---------+
       Total:                         4      0         0      
                                                              
    C:\ti\ccs2020\ccs\tools\compiler\ti-cgt-armllvm_4.0.3.LTS\lib\armv6m-ti-none-eabi/libclang_rt.builtins.a
       aeabi_idivmod.S.obj            86     0         0      
       aeabi_uidivmod.S.obj           64     0         0      
       aeabi_memcpy.S.obj             8      0         0      
       aeabi_div0.c.obj               2      0         0      
    +--+------------------------------+------+---------+---------+
       Total:                         160    0         0      
                                                              
       Heap:                          0      0         512    
       Stack:                         0      0         512    
       Linker Generated:              0      58        0      
    +--+------------------------------+------+---------+---------+
       Grand Total:                   9236   3046      1675   


LINKER GENERATED COPY TABLES

__TI_cinit_table @ 00002ffc records: 2, size/record: 8, table size: 16
	.data: load addr=00002fd0, load size=00000016 bytes, run addr=20200478, run size=0000001a bytes, compression=lzss
	.bss: load addr=00002ff4, load size=00000008 bytes, run addr=20200000, run size=00000271 bytes, compression=zero_init


LINKER GENERATED HANDLER TABLE

__TI_handler_table @ 00002fe8 records: 3, size/record: 4, table size: 12
	index: 0, handler: __TI_decompress_lzss
	index: 1, handler: __TI_decompress_none
	index: 2, handler: __TI_zero_init


GLOBAL SYMBOLS: SORTED ALPHABETICALLY BY Name 

address   name                          
-------   ----                          
00002ea0  A                             
00002319  ADC0_IRQHandler               
00001cf1  ADC0_In                       
00000c85  ADC0_Init                     
00002319  ADC1_IRQHandler               
20200224  ADCdata                       
00002319  AES_IRQHandler                
00001ef1  ActivatePortA_B               
000020c1  Add                           
00002eb0  B                             
20200478  BusFreq                       
00002ec0  C                             
000014ac  C$$EXIT                       
00002319  CANFD0_IRQHandler             
00001d79  CanPop                        
00002445  Clock_Delay                   
00001f61  Clock_Delay1ms                
00002485  Clock_Freq                    
000000c1  Clock_Init80MHz               
00002319  DAC0_IRQHandler               
00002319  DMA_IRQHandler                
20200000  DataBuf                       
00002319  Default_Handler               
00002455  Delay                         
00000a73  DeleteFile                    
2020047c  Device                        
20200228  Distance                      
00001f95  Divide                        
000011d3  FFT                           
2020022c  FilterOutput                  
20200230  FilterWork                    
00000415  Fixed_Fix2Str                 
00001a8b  FormatDisk                    
00002319  GROUP0_IRQHandler             
00002319  GROUP1_IRQHandler             
000014ad  HOSTexit                      
00002335  HardFault_Handler             
0000130d  Help                          
00002319  I2C0_IRQHandler               
00002319  I2C1_IRQHandler               
0000192d  IRDistance_Convert            
00002ed0  IRmax                         
000005a9  Interpreter                   
00001d77  InterruptDisableTime          
00001f5f  InterruptDisableTimeRestart   
00002317  Jitter1                       
00002387  Jitter2                       
000029dc  LL                            
00000d79  Lab1                          
000023e3  Lab2                          
00002483  Lab3                          
000024bf  Lab4                          
000024c1  Lab5                          
000024c3  Lab6                          
000015bd  LaunchPad_Init                
20200480  Line                          
000024c5  LoadProgram                   
00000fe9  Median                        
2020020c  Message                       
20200234  Messageindex                  
000024c7  MountDisk                     
000020ed  Multiply                      
00002319  NMI_Handler                   
20200238  OSTime                        
00002351  OS_ClearMsTime                
00002491  OS_MsTime                     
00002319  PendSV_Handler                
00002061  Pop                           
0000222f  PopPrintDec                   
00002251  PopPrintFix                   
00002273  PopPrintHex                   
00002295  PopPrintUDec                  
000024c9  PrintDirectory                
000024cb  PrintFile                     
00001e79  Push                          
00002465  PushDistance                  
0000249d  PushTime                      
000023cf  Pushtime                      
00002319  RTC_IRQHandler                
000023e5  Reset                         
000024b7  Reset_Handler                 
00001ae1  RxFifo_Get                    
000023f9  RxFifo_Init                   
00001b2d  RxFifo_Put                    
00002389  RxFifo_Size                   
2020023c  RxGetI                        
20200240  RxPutI                        
20200244  SNR                           
00002319  SPI0_IRQHandler               
00002319  SPI1_IRQHandler               
00000b8d  SPI_Init                      
00001db9  SPI_Reset                     
00000275  ST7735_DrawCharS              
00001729  ST7735_DrawPixel              
00001539  ST7735_DrawString             
00000a75  ST7735_FillRect               
00002119  ST7735_FillScreen             
00001275  ST7735_InitR                  
00001b79  ST7735_Message                
00000e6d  ST7735_OutChar                
00002199  ST7735_OutString              
00001985  ST7735_OutUDec2               
00001fc9  ST7735_SetCursor              
00002319  SVC_Handler                   
000024cd  SW1Push                       
2020048c  StTextColor                   
20200484  StX                           
20200488  StY                           
000024cf  Stoptime                      
20200218  StringLiteral                 
00002145  Subtract                      
00002319  SysTick_Handler               
00001799  TFT_OutCommand                
00001809  TFT_OutData                   
00002319  TIMA0_IRQHandler              
00002319  TIMA1_IRQHandler              
00000825  TIMG0_IRQHandler              
00002319  TIMG12_IRQHandler             
00002319  TIMG6_IRQHandler              
00002319  TIMG7_IRQHandler              
000022d9  TIMG8_IRQHandler              
00002421  TI_memcpy_small               
20200248  TheNoise                      
2020024c  TheSignal                     
0000108d  TimerG0_IntArm                
00000f41  TimerG8_IntArm                
00001bc5  TxFifo_Get                    
0000240d  TxFifo_Init                   
00001c11  TxFifo_Put                    
000023a1  TxFifo_Size                   
20200250  TxGetI                        
20200254  TxPutI                        
00001875  UART0_IRQHandler              
00002319  UART1_IRQHandler              
00002319  UART2_IRQHandler              
00002319  UART3_IRQHandler              
0000236d  UART_Fix2                     
000022b7  UART_InChar                   
0000139d  UART_InString                 
000006f5  UART_Init                     
00001df9  UART_OutChar                  
000021bf  UART_OutSDec                  
000021e5  UART_OutString                
00001f29  UART_OutUDec                  
00001ca9  UART_OutUHex                  
000024d1  UnmountDisk                   
20200258  UserSP                        
202001d0  UserStack                     
2020025c  ValidString                   
20208000  __STACK_END                   
00000200  __STACK_SIZE                  
00000200  __SYSMEM_SIZE                 
00000000  __TI_ATRegion0_region_sz      
00000000  __TI_ATRegion0_src_addr       
00000000  __TI_ATRegion0_trg_addr       
00000000  __TI_ATRegion1_region_sz      
00000000  __TI_ATRegion1_src_addr       
00000000  __TI_ATRegion1_trg_addr       
00000000  __TI_ATRegion2_region_sz      
00000000  __TI_ATRegion2_src_addr       
00000000  __TI_ATRegion2_trg_addr       
00002ffc  __TI_CINIT_Base               
0000300c  __TI_CINIT_Limit              
0000300c  __TI_CINIT_Warm               
00002fe8  __TI_Handler_Table_Base       
00002ff4  __TI_Handler_Table_Limit      
00001eb5  __TI_auto_init_nobinit_nopinit
00001639  __TI_decompress_lzss          
00002433  __TI_decompress_none          
ffffffff  __TI_pprof_out_hndl           
ffffffff  __TI_prof_data_size           
ffffffff  __TI_prof_data_start          
00000000  __TI_static_base__            
000023b9  __TI_zero_init_nomemset       
00001a35  __aeabi_idiv                  
000024d3  __aeabi_idiv0                 
00001a35  __aeabi_idivmod               
000024a9  __aeabi_memcpy                
000024a9  __aeabi_memcpy4               
000024a9  __aeabi_memcpy8               
00001e39  __aeabi_uidiv                 
00001e39  __aeabi_uidivmod              
ffffffff  __binit__                     
UNDEFED   __mpu_init                    
20207e00  __stack                       
20200000  __start___llvm_prf_bits       
20200000  __start___llvm_prf_cnts       
20200000  __stop___llvm_prf_bits        
20200000  __stop___llvm_prf_cnts        
00002171  _c_int00_noargs               
20200278  _sys_memory                   
UNDEFED   _system_post_cinit            
000024bb  _system_pre_init              
000024b1  abort                         
ffffffff  binit                         
00001a8d  fillmessage                   
0000220b  inADC                         
00000000  interruptVectors              
00000951  isNumber                      
00001ffd  isPrinting                    
000011d5  isString                      
0000202f  isWhite                       
000018d1  main                          
000016b5  outLED                        
00001d35  sqrt2                         
000014b1  strcmp                        
00002475  strcpy                        
20200260  sum                           
20200264  u1                            
20200268  u2                            
2020026c  u3                            


GLOBAL SYMBOLS: SORTED BY Symbol Address 

address   name                          
-------   ----                          
00000000  __TI_ATRegion0_region_sz      
00000000  __TI_ATRegion0_src_addr       
00000000  __TI_ATRegion0_trg_addr       
00000000  __TI_ATRegion1_region_sz      
00000000  __TI_ATRegion1_src_addr       
00000000  __TI_ATRegion1_trg_addr       
00000000  __TI_ATRegion2_region_sz      
00000000  __TI_ATRegion2_src_addr       
00000000  __TI_ATRegion2_trg_addr       
00000000  __TI_static_base__            
00000000  interruptVectors              
000000c1  Clock_Init80MHz               
00000200  __STACK_SIZE                  
00000200  __SYSMEM_SIZE                 
00000275  ST7735_DrawCharS              
00000415  Fixed_Fix2Str                 
000005a9  Interpreter                   
000006f5  UART_Init                     
00000825  TIMG0_IRQHandler              
00000951  isNumber                      
00000a73  DeleteFile                    
00000a75  ST7735_FillRect               
00000b8d  SPI_Init                      
00000c85  ADC0_Init                     
00000d79  Lab1                          
00000e6d  ST7735_OutChar                
00000f41  TimerG8_IntArm                
00000fe9  Median                        
0000108d  TimerG0_IntArm                
000011d3  FFT                           
000011d5  isString                      
00001275  ST7735_InitR                  
0000130d  Help                          
0000139d  UART_InString                 
000014ac  C$$EXIT                       
000014ad  HOSTexit                      
000014b1  strcmp                        
00001539  ST7735_DrawString             
000015bd  LaunchPad_Init                
00001639  __TI_decompress_lzss          
000016b5  outLED                        
00001729  ST7735_DrawPixel              
00001799  TFT_OutCommand                
00001809  TFT_OutData                   
00001875  UART0_IRQHandler              
000018d1  main                          
0000192d  IRDistance_Convert            
00001985  ST7735_OutUDec2               
00001a35  __aeabi_idiv                  
00001a35  __aeabi_idivmod               
00001a8b  FormatDisk                    
00001a8d  fillmessage                   
00001ae1  RxFifo_Get                    
00001b2d  RxFifo_Put                    
00001b79  ST7735_Message                
00001bc5  TxFifo_Get                    
00001c11  TxFifo_Put                    
00001ca9  UART_OutUHex                  
00001cf1  ADC0_In                       
00001d35  sqrt2                         
00001d77  InterruptDisableTime          
00001d79  CanPop                        
00001db9  SPI_Reset                     
00001df9  UART_OutChar                  
00001e39  __aeabi_uidiv                 
00001e39  __aeabi_uidivmod              
00001e79  Push                          
00001eb5  __TI_auto_init_nobinit_nopinit
00001ef1  ActivatePortA_B               
00001f29  UART_OutUDec                  
00001f5f  InterruptDisableTimeRestart   
00001f61  Clock_Delay1ms                
00001f95  Divide                        
00001fc9  ST7735_SetCursor              
00001ffd  isPrinting                    
0000202f  isWhite                       
00002061  Pop                           
000020c1  Add                           
000020ed  Multiply                      
00002119  ST7735_FillScreen             
00002145  Subtract                      
00002171  _c_int00_noargs               
00002199  ST7735_OutString              
000021bf  UART_OutSDec                  
000021e5  UART_OutString                
0000220b  inADC                         
0000222f  PopPrintDec                   
00002251  PopPrintFix                   
00002273  PopPrintHex                   
00002295  PopPrintUDec                  
000022b7  UART_InChar                   
000022d9  TIMG8_IRQHandler              
00002317  Jitter1                       
00002319  ADC0_IRQHandler               
00002319  ADC1_IRQHandler               
00002319  AES_IRQHandler                
00002319  CANFD0_IRQHandler             
00002319  DAC0_IRQHandler               
00002319  DMA_IRQHandler                
00002319  Default_Handler               
00002319  GROUP0_IRQHandler             
00002319  GROUP1_IRQHandler             
00002319  I2C0_IRQHandler               
00002319  I2C1_IRQHandler               
00002319  NMI_Handler                   
00002319  PendSV_Handler                
00002319  RTC_IRQHandler                
00002319  SPI0_IRQHandler               
00002319  SPI1_IRQHandler               
00002319  SVC_Handler                   
00002319  SysTick_Handler               
00002319  TIMA0_IRQHandler              
00002319  TIMA1_IRQHandler              
00002319  TIMG12_IRQHandler             
00002319  TIMG6_IRQHandler              
00002319  TIMG7_IRQHandler              
00002319  UART1_IRQHandler              
00002319  UART2_IRQHandler              
00002319  UART3_IRQHandler              
00002335  HardFault_Handler             
00002351  OS_ClearMsTime                
0000236d  UART_Fix2                     
00002387  Jitter2                       
00002389  RxFifo_Size                   
000023a1  TxFifo_Size                   
000023b9  __TI_zero_init_nomemset       
000023cf  Pushtime                      
000023e3  Lab2                          
000023e5  Reset                         
000023f9  RxFifo_Init                   
0000240d  TxFifo_Init                   
00002421  TI_memcpy_small               
00002433  __TI_decompress_none          
00002445  Clock_Delay                   
00002455  Delay                         
00002465  PushDistance                  
00002475  strcpy                        
00002483  Lab3                          
00002485  Clock_Freq                    
00002491  OS_MsTime                     
0000249d  PushTime                      
000024a9  __aeabi_memcpy                
000024a9  __aeabi_memcpy4               
000024a9  __aeabi_memcpy8               
000024b1  abort                         
000024b7  Reset_Handler                 
000024bb  _system_pre_init              
000024bf  Lab4                          
000024c1  Lab5                          
000024c3  Lab6                          
000024c5  LoadProgram                   
000024c7  MountDisk                     
000024c9  PrintDirectory                
000024cb  PrintFile                     
000024cd  SW1Push                       
000024cf  Stoptime                      
000024d1  UnmountDisk                   
000024d3  __aeabi_idiv0                 
000029dc  LL                            
00002ea0  A                             
00002eb0  B                             
00002ec0  C                             
00002ed0  IRmax                         
00002fe8  __TI_Handler_Table_Base       
00002ff4  __TI_Handler_Table_Limit      
00002ffc  __TI_CINIT_Base               
0000300c  __TI_CINIT_Limit              
0000300c  __TI_CINIT_Warm               
20200000  DataBuf                       
20200000  __start___llvm_prf_bits       
20200000  __start___llvm_prf_cnts       
20200000  __stop___llvm_prf_bits        
20200000  __stop___llvm_prf_cnts        
202001d0  UserStack                     
2020020c  Message                       
20200218  StringLiteral                 
20200224  ADCdata                       
20200228  Distance                      
2020022c  FilterOutput                  
20200230  FilterWork                    
20200234  Messageindex                  
20200238  OSTime                        
2020023c  RxGetI                        
20200240  RxPutI                        
20200244  SNR                           
20200248  TheNoise                      
2020024c  TheSignal                     
20200250  TxGetI                        
20200254  TxPutI                        
20200258  UserSP                        
2020025c  ValidString                   
20200260  sum                           
20200264  u1                            
20200268  u2                            
2020026c  u3                            
20200278  _sys_memory                   
20200478  BusFreq                       
2020047c  Device                        
20200480  Line                          
20200484  StX                           
20200488  StY                           
2020048c  StTextColor                   
20207e00  __stack                       
20208000  __STACK_END                   
ffffffff  __TI_pprof_out_hndl           
ffffffff  __TI_prof_data_size           
ffffffff  __TI_prof_data_start          
ffffffff  __binit__                     
ffffffff  binit                         
UNDEFED   __mpu_init                    
UNDEFED   _system_post_cinit            

[211 symbols]
