******************************************************************************
            TI ARM Clang Linker Unix v4.0.4                    
******************************************************************************
>> Linked Sun Feb  1 23:31:23 2026

OUTPUT FILE NAME:   <RTOS_Lab5_ProcessLoader.out>
ENTRY POINT SYMBOL: "_c_int00_noargs"  address: 0000324d


MEMORY CONFIGURATION

         name            origin    length      used     unused   attr    fill
----------------------  --------  ---------  --------  --------  ----  --------
  FLASH                 00000000   00020000  00003e90  0001c170  R  X
  SRAM                  20200000   00008000  0000145f  00006ba1  RW X
  BCR_CONFIG            41c00000   00000080  00000000  00000080  R   
  BSL_CONFIG            41c00100   00000080  00000000  00000080  R   


SEGMENT ALLOCATION MAP

run origin  load origin   length   init length attrs members
----------  ----------- ---------- ----------- ----- -------
00000000    00000000    00003e90   00003e90    r-x
  00000000    00000000    000000c0   000000c0    r-- .intvecs
  000000c0    000000c0    000035c0   000035c0    r-x .text
  00003680    00003680    000007a0   000007a0    r-- .rodata
  00003e20    00003e20    00000070   00000070    r-- .cinit
20200000    20200000    00001260   00000000    rw-
  20200000    20200000    0000084b   00000000    rw- .data
  2020084c    2020084c    00000814   00000000    rw- .bss
  20201060    20201060    00000200   00000000    rw- .sysmem
20207e00    20207e00    00000200   00000000    rw-
  20207e00    20207e00    00000200   00000000    rw- .stack


SECTION ALLOCATION MAP

 output                                  attributes/
section   page    origin      length       input sections
--------  ----  ----------  ----------   ----------------
.intvecs   0    00000000    000000c0     
                  00000000    000000c0     startup_mspm0g3507_ticlang.o (.intvecs)

.text      0    000000c0    000035c0     
                  000000c0    00000228     eDisk.o (.text.eDisk_Init)
                  000002e8    000001b4     Clock.o (.text.Clock_Init80MHz)
                  0000049c    000001a4     ST7735_SDC.o (.text.ST7735_DrawChar)
                  00000640    00000174     TFLuna2.o (.text.TFLuna2_Init)
                  000007b4    00000150     eFile.o (.text.eFile_WriteSFix2)
                  00000904    00000144     TFLuna2.o (.text.copyHardwareToSoftware2)
                  00000a48    00000130     LPF.o (.text.Median5)
                  00000b78    00000126     eDisk.o (.text.send_cmd)
                  00000c9e    00000002     OS.o (.text.OS_Init)
                  00000ca0    00000120     SPI.o (.text.SPI1_Init)
                  00000dc0    0000011c     eFile.o (.text.eFile_WOpen)
                  00000edc    00000118     ST7735_SDC.o (.text.ST7735_FillRect)
                  00000ff4    00000118     eDisk.o (.text.eDisk_Write)
                  0000110c    00000110     RTOS_Lab5.o (.text.realmain)
                  0000121c    00000108     eFile.o (.text.eFile_Create)
                  00001324    000000fc     RTOS_Lab5.o (.text.Robot)
                  00001420    000000f4     ADC.o (.text.ADC0_Init)
                  00001514    000000f4     RTOS_Lab5.o (.text.DAS)
                  00001608    000000e4     eDisk.o (.text.eDisk_Read)
                  000016ec    000000cc     eFile.o (.text.eFile_Write)
                  000017b8    000000b8     ST7735_SDC.o (.text.ST7735_Message)
                  00001870    000000a8     Interpreter.o (.text.Cmd_Help)
                  00001918    000000a8     Timer.o (.text.TimerG7_IntArm)
                  000019c0    000000a4     RTOS_Lab5.o (.text.Display)
                  00001a64    0000009c     Interpreter.o (.text.ParseArgs)
                  00001b00    00000094     LPF.o (.text.Filter)
                  00001b94    00000094     RTOS_Lab5.o (.text.ProcessLoadBlinky)
                  00001c28    00000090     RTOS_Lab5.o (.text.diskError)
                  00001cb8    00000088     ST7735_SDC.o (.text.setAddrWindow)
                  00001d40    00000088     libc.a : strcmp-armv6m.S.obj (.text:strcmp)
                  00001dc8    00000084     ST7735_SDC.o (.text.ST7735_DrawString)
                  00001e4c    00000084     ST7735_SDC.o (.text.ST7735_OutUDec)
                  00001ed0    0000007c     LaunchPad.o (.text.LaunchPad_Init)
                  00001f4c    0000007c     libc.a : copy_decompress_lzss.c.obj (.text:decompress:lzss)
                  00001fc8    00000078     eDisk.o (.text.rcvr_datablock)
                  00002040    00000076     eDisk.o (.text.xmit_datablock)
                  000020b6    00000002     OS.o (.text.OS_MailBox_Init)
                  000020b8    00000070     eDisk.o (.text.disk_timerproc)
                  00002128    00000068     RTOS_Lab5.o (.text.FileDump)
                  00002190    00000068     Interpreter.o (.text.Interpreter)
                  000021f8    00000068     LPF.o (.text.LPF_Init7)
                  00002260    00000064     eFile.o (.text.AllocateBlock)
                  000022c4    00000064     RTOS_Lab5.o (.text.Producer)
                  00002328    00000064     SPI.o (.text.TFT_OutCommand)
                  0000238c    00000064     SPI.o (.text.TFT_OutData)
                  000023f0    00000064     RTOS_Lab5.o (.text.VirusDetector)
                  00002454    00000060     eFile.o (.text.eFile_WClose)
                  000024b4    0000005c     RTOS_Lab5.o (.text.HandleCrash)
                  00002510    0000005c     RTOS_UARTints.o (.text.UART0_IRQHandler)
                  0000256c    0000005c     TFLuna2.o (.text.UART2_IRQHandler)
                  000025c8    00000058     IRDistance.o (.text.IRDistance_Convert)
                  00002620    00000058     RTOS_Lab5.o (.text.Logic_Init)
                  00002678    00000058     ST7735_SDC.o (.text.ST7735_OutUDec2)
                  000026d0    00000058     RTOS_Lab5.o (.text.StartFileDump)
                  00002728    00000056     libclang_rt.builtins.a : aeabi_idivmod.S.obj (.text.__aeabi_idivmod)
                  0000277e    00000056     eFile.o (.text.eFile_WriteUDec)
                  000027d4    00000054     OS.o (.text.GROUP1_IRQHandler)
                  00002828    00000054     eFile.o (.text.eFile_WriteString)
                  0000287c    00000054     ST7735_SDC.o (.text.fillmessage)
                  000028d0    00000050     eDisk.o (.text.wait_ready)
                  00002920    00000050     eDisk.o (.text.xmit_spi_multi)
                  00002970    0000004c     TFLuna2.o (.text.Rx2Fifo_Put)
                  000029bc    0000004c     RTOS_FIFO.o (.text.RxFifo_Get)
                  00002a08    0000004c     RTOS_FIFO.o (.text.RxFifo_Put)
                  00002a54    0000004c     TFLuna2.o (.text.Tx2Fifo_Put)
                  00002aa0    0000004c     RTOS_FIFO.o (.text.TxFifo_Get)
                  00002aec    0000004c     RTOS_FIFO.o (.text.TxFifo_Put)
                  00002b38    0000004c     TFLuna2.o (.text.copySoftwareToHardware2)
                  00002b84    0000004c     RTOS_UARTints.o (.text.copySoftwareToHardware)
                  00002bd0    0000004c     eFile.o (.text.eFile_Init)
                  00002c1c    00000048     TFLuna2.o (.text.Tx2Fifo_Get)
                  00002c64    00000048     eDisk.o (.text.xchg_spi)
                  00002cac    00000044     ADC.o (.text.ADC0_In)
                  00002cf0    00000044     eDisk.o (.text.select)
                  00002d34    00000040     eFile.o (.text.FetchDirectory)
                  00002d74    00000040     SPI.o (.text.SPI1_Reset)
                  00002db4    00000040     TFLuna2.o (.text.TFLuna2_OutChar)
                  00002df4    00000040     RTOS_UARTints.o (.text.UART_OutChar)
                  00002e34    00000040     libclang_rt.builtins.a : aeabi_uidivmod.S.obj (.text.__aeabi_uidivmod)
                  00002e74    0000003c     eDisk.o (.text.rcvr_spi)
                  00002eb0    0000003c     libc.a : autoinit.c.obj (.text:__TI_auto_init_nobinit_nopinit)
                  00002eec    00000038     LaunchPad.o (.text.ActivatePortA_B)
                  00002f24    00000038     RTOS_Lab5.o (.text.Jitter3_Init)
                  00002f5c    00000038     RTOS_Lab5.o (.text.PA28Push)
                  00002f94    00000036     osasm.o (.text)
                  00002fca    00000002     OS.o (.text.SysTick_Handler)
                  00002fcc    00000034     Clock.o (.text.Clock_Delay1ms)
                  00003000    00000034     Interpreter.o (.text.Cmd_Print)
                  00003034    00000034     RTOS_Lab5.o (.text.S2Push)
                  00003068    00000034     ST7735_SDC.o (.text.ST7735_SetCursor)
                  0000309c    00000034     eFile.o (.text.eFile_Mount)
                  000030d0    00000034     eFile.o (.text.eFile_WriteUFix2)
                  00003104    00000032     ST7735_SDC.o (.text.ST7735_Color565)
                  00003136    00000030     RTOS_Lab5.o (.text.Check)
                  00003166    00000030     TFLuna2.o (.text.TFLuna2_SendMessage)
                  00003196    00000002     libclang_rt.builtins.a : aeabi_div0.c.obj (.text.__aeabi_idiv0)
                  00003198    00000030     RTOS_UARTints.o (.text.copyHardwareToSoftware)
                  000031c8    0000002c     RTOS_Lab5.o (.text.EndFileDump)
                  000031f4    0000002c     ST7735_SDC.o (.text.ST7735_FillScreen)
                  00003220    0000002c     eDisk.o (.text.rcvr_spi_multi)
                  0000324c    00000028     libc.a : boot_cortex_m.c.obj (.text:_c_int00_noargs)
                  00003274    00000026     RTOS_UART.o (.text.UART_OutString)
                  0000329a    00000002     --HOLE-- [fill = 0]
                  0000329c    00000024     SPI.o (.text.CS_Init)
                  000032c0    00000022     RTOS_UARTints.o (.text.UART_InChar)
                  000032e2    00000002     --HOLE-- [fill = 0]
                  000032e4    00000020     OS.o (.text.OS_MsTime)
                  00003304    00000020     OS.o (.text.TIMG7_IRQHandler)
                  00003324    0000001e     ST7735_SDC.o (.text.pushColor)
                  00003342    00000002     --HOLE-- [fill = 0]
                  00003344    0000001c     Interpreter.o (.text.Cmd_Lab1_Results)
                  00003360    0000001c     startup_mspm0g3507_ticlang.o (.text.Default_Handler)
                  0000337c    0000001c     startup_mspm0g3507_ticlang.o (.text.HardFault_Handler)
                  00003398    0000001c     OS.o (.text.OS_ClearMsTime)
                  000033b4    0000001c     RTOS_Lab5.o (.text.main)
                  000033d0    00000018     TFLuna2.o (.text.TFLuna2_InStatus)
                  000033e8    00000018     TFLuna2.o (.text.TFLuna2_OutStatus)
                  00003400    00000018     RTOS_FIFO.o (.text.TxFifo_Size)
                  00003418    00000018     eDisk.o (.text.eDisk_ReadBlock)
                  00003430    00000018     eDisk.o (.text.eDisk_WriteBlock)
                  00003448    00000018     eDisk.o (.text.init_spi)
                  00003460    00000014     TFLuna2.o (.text.Rx2Fifo_Init)
                  00003474    00000014     ST7735_SDC.o (.text.ST7735_SetTextColor)
                  00003488    00000014     OS.o (.text.TIMG8_IRQHandler)
                  0000349c    00000014     TFLuna2.o (.text.Tx2Fifo_Init)
                  000034b0    00000014     eDisk.o (.text.deselect)
                  000034c4    00000012     Interpreter.o (.text.Cmd_Flush)
                  000034d6    00000012     libc.a : memcpy16.S.obj (.text:TI_memcpy_small)
                  000034e8    00000012            : copy_decompress_none.c.obj (.text:decompress:none)
                  000034fa    00000002     --HOLE-- [fill = 0]
                  000034fc    00000010     eFile.o (.text.BackupDirectory)
                  0000350c    00000010     Clock.o (.text.Clock_Delay)
                  0000351c    00000010     LaunchPad.o (.text.Delay)
                  0000352c    00000010     TFLuna2.o (.text.TFLuna2_Format_Standard_mm)
                  0000353c    00000010     TFLuna2.o (.text.TFLuna2_Frame_Rate)
                  0000354c    00000010     TFLuna2.o (.text.TFLuna2_SaveSettings)
                  0000355c    00000010     TFLuna2.o (.text.TFLuna2_System_Reset)
                  0000356c    00000010     libc.a : copy_zero_init.c.obj (.text:decompress:ZI)
                  0000357c    0000000e     OS.o (.text.OS_AddPeriodicThread)
                  0000358a    0000000e     OS.o (.text.OS_AddThread)
                  00003598    0000000e     libc.a : strcpy.c.obj (.text.strcpy)
                  000035a6    0000000e            : strlen.c.obj (.text.strlen)
                  000035b4    0000000e            : memset16.S.obj (.text:TI_memset_small)
                  000035c2    00000002     --HOLE-- [fill = 0]
                  000035c4    0000000c     Clock.o (.text.Clock_Freq)
                  000035d0    0000000c     OS.o (.text.OS_AddPA28Task)
                  000035dc    0000000c     OS.o (.text.OS_AddS2Task)
                  000035e8    0000000c     OS.o (.text.OS_LoadProgram)
                  000035f4    0000000c     OS.o (.text.OS_TimeDifference)
                  00003600    0000000c     libclang_rt.builtins.a : aeabi_memset.S.obj (.text.__aeabi_memclr)
                  0000360c    0000000a     OS.o (.text.OS_Fifo_Put)
                  00003616    0000000a     OS.o (.text.OS_InitSemaphore)
                  00003620    00000008     OS.o (.text.OS_Fifo_Init)
                  00003628    00000008     OS.o (.text.OS_Launch)
                  00003630    00000008     OS.o (.text.OS_MailBox_Send)
                  00003638    00000008     OS.o (.text.OS_Sleep)
                  00003640    00000008     OS.o (.text.OS_bSignal)
                  00003648    00000008     OS.o (.text.OS_bWait)
                  00003650    00000008     libclang_rt.builtins.a : aeabi_memcpy.S.obj (.text.__aeabi_memcpy)
                  00003658    00000006     libc.a : exit.c.obj (.text:abort)
                  0000365e    00000004     libsysbm.a : hostexit.c.obj (.text.HOSTexit)
                  00003662    00000004     OS.o (.text.OS_Fifo_Get)
                  00003666    00000004     OS.o (.text.OS_Id)
                  0000366a    00000004     OS.o (.text.OS_Kill)
                  0000366e    00000004     OS.o (.text.OS_MailBox_Recv)
                  00003672    00000004     OS.o (.text.OS_Time)
                  00003676    00000004     startup_mspm0g3507_ticlang.o (.text.Reset_Handler)
                  0000367a    00000004     libc.a : pre_init.c.obj (.text._system_pre_init)
                  0000367e    00000002     --HOLE-- [fill = 0]

.cinit     0    00003e20    00000070     
                  00003e20    00000045     (.cinit..data.load) [load image, compression = lzss]
                  00003e65    00000003     --HOLE-- [fill = 0]
                  00003e68    0000000c     (__TI_handler_table)
                  00003e74    00000008     (.cinit..bss.load) [load image, compression = zero_init]
                  00003e7c    00000010     (__TI_cinit_table)
                  00003e8c    00000004     --HOLE-- [fill = 0]

.rodata    0    00003680    000007a0     
                  00003680    000004fb     ST7735_SDC.o (.rodata.Font)
                  00003b7b    00000039     Interpreter.o (.rodata.str1.6869798450878480225.1)
                  00003bb4    00000038     Interpreter.o (.rodata.str1.10788060859246666907.1)
                  00003bec    00000033     Interpreter.o (.rodata.str1.15287782171638189172.1)
                  00003c1f    0000002e     Interpreter.o (.rodata.str1.13584691219899174016.1)
                  00003c4d    00000026     Interpreter.o (.rodata.str1.438584629756741659.1)
                  00003c73    0000001e     RTOS_Lab5.o (.rodata.str1.17600078406943778074.1)
                  00003c91    0000001e     RTOS_Lab5.o (.rodata.str1.17643776670215194585.1)
                  00003caf    0000001c     RTOS_Lab5.o (.rodata.str1.15456001258789406623.1)
                  00003ccb    00000012     RTOS_Lab5.o (.rodata.str1.13049447050927548037.1)
                  00003cdd    00000011     RTOS_Lab5.o (.rodata.str1.10073582325274283228.1)
                  00003cee    00000002     Interpreter.o (.rodata.str1.16145079996052228972.1)
                  00003cf0    00000010     IRDistance.o (.rodata.A)
                  00003d00    00000010     IRDistance.o (.rodata.B)
                  00003d10    00000010     IRDistance.o (.rodata.C)
                  00003d20    00000010     IRDistance.o (.rodata.IRmax)
                  00003d30    00000010     Interpreter.o (.rodata.str1.6099132036730984718.1)
                  00003d40    0000000e     RTOS_Lab5.o (.rodata.str1.11857737906956535746.1)
                  00003d4e    0000000e     RTOS_Lab5.o (.rodata.str1.12147185850256793328.1)
                  00003d5c    0000000e     RTOS_Lab5.o (.rodata.str1.17608662895273101376.1)
                  00003d6a    0000000d     RTOS_Lab5.o (.rodata.str1.16856995683661596388.1)
                  00003d77    0000000c     RTOS_Lab5.o (.rodata.str1.6560052421503216606.1)
                  00003d83    0000000c     RTOS_Lab5.o (.rodata.str1.7369263583606093722.1)
                  00003d8f    0000000c     Interpreter.o (.rodata.str1.8801398533620989010.1)
                  00003d9b    0000000b     RTOS_Lab5.o (.rodata.str1.1183891424293492196.1)
                  00003da6    0000000b     RTOS_Lab5.o (.rodata.str1.14102338339421655580.1)
                  00003db1    00000009     RTOS_Lab5.o (.rodata.str1.7805078997359376003.1)
                  00003dba    00000008     RTOS_Lab5.o (.rodata.str1.1175348895140946567.1)
                  00003dc2    00000008     RTOS_Lab5.o (.rodata.str1.18093431628834258641.1)
                  00003dca    00000008     RTOS_Lab5.o (.rodata.str1.3183459728129356454.1)
                  00003dd2    00000008     eFile.o (.rodata.str1.3275242461165556322.1)
                  00003dda    00000007     RTOS_Lab5.o (.rodata.str1.18421115912467365801.1)
                  00003de1    00000007     RTOS_Lab5.o (.rodata.str1.4762779162809386386.1)
                  00003de8    00000007     RTOS_Lab5.o (.rodata.str1.8058806917572879161.1)
                  00003def    00000006     TFLunaCommon.o (.rodata.Frame_Rate)
                  00003df5    00000006     Interpreter.o (.rodata.str1.1287619923014008887.1)
                  00003dfb    00000006     RTOS_Lab5.o (.rodata.str1.7796261060849598389.1)
                  00003e01    00000006     Interpreter.o (.rodata.str1.8834951582488220755.1)
                  00003e07    00000005     TFLunaCommon.o (.rodata.Format_Standard_mm)
                  00003e0c    00000004     TFLunaCommon.o (.rodata.SaveSettings)
                  00003e10    00000004     TFLunaCommon.o (.rodata.System_Reset)
                  00003e14    00000003     RTOS_Lab5.o (.rodata.str1.9132024637785994334.1)
                  00003e17    00000002     Interpreter.o (.rodata.str1.8740789795297769696.1)
                  00003e19    00000007     --HOLE-- [fill = 0]

.init_array 
*          0    00000000    00000000     UNINITIALIZED

.binit     0    00000000    00000000     

.data      0    20200000    0000084b     UNINITIALIZED
                  20200000    00000800     RTOS_Lab5.o (.data.JitterHistogram3)
                  20200800    00000020     Interpreter.o (.data.commands)
                  20200820    00000008     RTOS_Lab5.o (.data.FileName)
                  20200828    00000004     RTOS_Lab5.o (.data.ArmCrash)
                  2020082c    00000004     Clock.o (.data.BusFreq)
                  20200830    00000004     LPF.o (.data.Filter.n)
                  20200834    00000004     eFile.o (.data.OpenFlag)
                  20200838    00000004     SPI.o (.data.SPI1_init_Flag)
                  2020083c    00000004     ST7735_SDC.o (.data.StX)
                  20200840    00000004     ST7735_SDC.o (.data.StY)
                  20200844    00000002     ST7735_SDC.o (.data.StTextColor)
                  20200846    00000002     ST7735_SDC.o (.data._height)
                  20200848    00000002     ST7735_SDC.o (.data._width)
                  2020084a    00000001     eDisk.o (.data.Stat)

.bss       0    2020084c    00000814     UNINITIALIZED
                  2020084c    00000200     (.common:Directory)
                  20200a4c    00000200     (.common:TempBlock)
                  20200c4c    00000200     (.common:WCurrentBlock)
                  20200e4c    00000040     RTOS_FIFO.o (.bss.TxFifo)
                  20200e8c    00000040     (.common:x)
                  20200ecc    00000040     (.common:x7)
                  20200f0c    0000001c     (.common:f7)
                  20200f28    0000001c     (.common:mx7)
                  20200f44    00000018     LPF.o (.bss.Filter.x)
                  20200f5c    00000018     LPF.o (.bss.Filter.y)
                  20200f74    00000010     TFLuna2.o (.bss.Rx2Fifo)
                  20200f84    00000010     RTOS_FIFO.o (.bss.RxFifo)
                  20200f94    00000010     TFLuna2.o (.bss.Tx2Fifo)
                  20200fa4    0000000c     (.common:Message)
                  20200fb0    0000000c     (.common:TFLuna2DataMessage)
                  20200fbc    00000004     RTOS_Lab5.o (.bss.DAS.LastTime)
                  20200fc0    00000004     TFLuna2.o (.bss.Rx2GetI)
                  20200fc4    00000004     TFLuna2.o (.bss.Rx2PutI)
                  20200fc8    00000004     eDisk.o (.bss.Timer1)
                  20200fcc    00000004     eDisk.o (.bss.Timer2)
                  20200fd0    00000004     TFLuna2.o (.bss.Tx2GetI)
                  20200fd4    00000004     TFLuna2.o (.bss.Tx2PutI)
                  20200fd8    00000004     (.common:BadCheckSum2)
                  20200fdc    00000004     (.common:Checks)
                  20200fe0    00000004     (.common:ChecksWork)
                  20200fe4    00000004     (.common:Checksum)
                  20200fe8    00000004     (.common:ChecksumErrors)
                  20200fec    00000004     (.common:ChecksumOriginal)
                  20200ff0    00000004     (.common:DataLost)
                  20200ff4    00000004     (.common:DirectoryIn)
                  20200ff8    00000004     (.common:Distance)
                  20200ffc    00000004     (.common:Distance2)
                  20201000    00000004     (.common:FilterOutput)
                  20201004    00000004     (.common:FilterWork)
                  20201008    00000004     (.common:I7)
                  2020100c    00000004     (.common:LCDFree)
                  20201010    00000004     (.common:LPFSum7)
                  20201014    00000004     (.common:LostData2)
                  20201018    00000004     (.common:MaxJitter3)
                  2020101c    00000004     (.common:Messageindex)
                  20201020    00000004     (.common:NumCreated)
                  20201024    00000004     (.common:NumProcessCreated)
                  20201028    00000004     (.common:ROpenFile)
                  2020102c    00000004     (.common:Running)
                  20201030    00000004     (.common:RxGetI)
                  20201034    00000004     (.common:RxPutI)
                  20201038    00000004     (.common:Size7)
                  2020103c    00000004     (.common:TFLuna2Distance)
                  20201040    00000004     (.common:TFLuna2Function)
                  20201044    00000004     (.common:TFLuna2Index)
                  20201048    00000004     (.common:TimeMs)
                  2020104c    00000004     (.common:TxGetI)
                  20201050    00000004     (.common:TxPutI)
                  20201054    00000004     (.common:WBlockNum)
                  20201058    00000004     (.common:WOpenFile)
                  2020105c    00000001     eDisk.o (.bss.CardType)
                  2020105d    00000001     ST7735_SDC.o (.bss.ColStart)
                  2020105e    00000001     ST7735_SDC.o (.bss.RowStart)
                  2020105f    00000001     (.common:TFLuna2LastByte)

.sysmem    0    20201060    00000200     UNINITIALIZED
                  20201060    00000010     libc.a : memory.c.obj (.sysmem)
                  20201070    000001f0     --HOLE--

.stack     0    20207e00    00000200     UNINITIALIZED
                  20207e00    00000004     libc.a : boot_cortex_m.c.obj (.stack)
                  20207e04    000001fc     --HOLE--

__llvm_prf_cnts 
*          0    20200000    00000000     UNINITIALIZED

__llvm_prf_bits 
*          0    20200000    00000000     UNINITIALIZED

MODULE SUMMARY

       Module                         code    ro data   rw data
       ------                         ----    -------   -------
    ./
       RTOS_Lab5.o                    2080    287       2188   
       eFile.o                        1714    8         1556   
       ST7735_SDC.o                   1652    1275      32     
       eDisk.o                        2200    0         10     
       TFLuna2.o                      1352    0         81     
       Interpreter.o                  526     292       32     
       LPF.o                          556     0         184    
       SPI.o                          588     0         4      
       Clock.o                        516     0         4      
       RTOS_FIFO.o                    328     0         96     
       OS.o                           366     0         4      
       RTOS_UARTints.o                314     0         0      
       ADC.o                          312     0         0      
       LaunchPad.o                    196     0         0      
       Timer.o                        168     0         0      
       IRDistance.o                   88      64        0      
       osasm.o                        54      0         0      
       RTOS_UART.o                    38      0         0      
       TFLunaCommon.o                 0       19        0      
    +--+------------------------------+-------+---------+---------+
       Total:                         13048   1945      4191   
                                                               
    ./ticlang/
       startup_mspm0g3507_ticlang.o   60      192       0      
    +--+------------------------------+-------+---------+---------+
       Total:                         60      192       0      
                                                               
    /Applications/ti/ccs2040/ccs/tools/compiler/ti-cgt-armllvm_4.0.4.LTS/lib/armv6m-ti-none-eabi/c/libc.a
       strcmp-armv6m.S.obj            136     0         0      
       copy_decompress_lzss.c.obj     124     0         0      
       autoinit.c.obj                 60      0         0      
       boot_cortex_m.c.obj            40      0         0      
       copy_decompress_none.c.obj     18      0         0      
       memcpy16.S.obj                 18      0         0      
       copy_zero_init.c.obj           16      0         0      
       memset16.S.obj                 14      0         0      
       strcpy.c.obj                   14      0         0      
       strlen.c.obj                   14      0         0      
       exit.c.obj                     6       0         0      
       pre_init.c.obj                 4       0         0      
    +--+------------------------------+-------+---------+---------+
       Total:                         464     0         0      
                                                               
    /Applications/ti/ccs2040/ccs/tools/compiler/ti-cgt-armllvm_4.0.4.LTS/lib/armv6m-ti-none-eabi/c/libsysbm.a
       hostexit.c.obj                 4       0         0      
    +--+------------------------------+-------+---------+---------+
       Total:                         4       0         0      
                                                               
    /Applications/ti/ccs2040/ccs/tools/compiler/ti-cgt-armllvm_4.0.4.LTS/lib/armv6m-ti-none-eabi/libclang_rt.builtins.a
       aeabi_idivmod.S.obj            86      0         0      
       aeabi_uidivmod.S.obj           64      0         0      
       aeabi_memset.S.obj             12      0         0      
       aeabi_memcpy.S.obj             8       0         0      
       aeabi_div0.c.obj               2       0         0      
    +--+------------------------------+-------+---------+---------+
       Total:                         172     0         0      
                                                               
       Heap:                          0       0         512    
       Stack:                         0       0         512    
       Linker Generated:              0       105       0      
    +--+------------------------------+-------+---------+---------+
       Grand Total:                   13748   2242      5215   


LINKER GENERATED COPY TABLES

__TI_cinit_table @ 00003e7c records: 2, size/record: 8, table size: 16
	.data: load addr=00003e20, load size=00000045 bytes, run addr=20200000, run size=0000084b bytes, compression=lzss
	.bss: load addr=00003e74, load size=00000008 bytes, run addr=2020084c, run size=00000814 bytes, compression=zero_init


LINKER GENERATED HANDLER TABLE

__TI_handler_table @ 00003e68 records: 3, size/record: 4, table size: 12
	index: 0, handler: __TI_decompress_lzss
	index: 1, handler: __TI_decompress_none
	index: 2, handler: __TI_zero_init


GLOBAL SYMBOLS: SORTED ALPHABETICALLY BY Name 

address   name                          
-------   ----                          
00003cf0  A                             
00003361  ADC0_IRQHandler               
00002cad  ADC0_In                       
00001421  ADC0_Init                     
00003361  ADC1_IRQHandler               
00003361  AES_IRQHandler                
00002eed  ActivatePortA_B               
00002261  AllocateBlock                 
20200828  ArmCrash                      
00003d00  B                             
000034fd  BackupDirectory               
20200fd8  BadCheckSum2                  
2020082c  BusFreq                       
00003d10  C                             
0000365e  C$$EXIT                       
00003361  CANFD0_IRQHandler             
0000329d  CS_Init                       
00003137  Check                         
20200fdc  Checks                        
20200fe0  ChecksWork                    
20200fe4  Checksum                      
20200fe8  ChecksumErrors                
20200fec  ChecksumOriginal              
0000350d  Clock_Delay                   
00002fcd  Clock_Delay1ms                
000035c5  Clock_Freq                    
000002e9  Clock_Init80MHz               
000034c5  Cmd_Flush                     
00001871  Cmd_Help                      
00003345  Cmd_Lab1_Results              
00003001  Cmd_Print                     
00003361  DAC0_IRQHandler               
00001515  DAS                           
00003361  DMA_IRQHandler                
20200ff0  DataLost                      
00003361  Default_Handler               
0000351d  Delay                         
2020084c  Directory                     
20200ff4  DirectoryIn                   
000019c1  Display                       
20200ff8  Distance                      
20200ffc  Distance2                     
00002fa4  EndCritical                   
000031c9  EndFileDump                   
00002d35  FetchDirectory                
00002129  FileDump                      
20200820  FileName                      
00001b01  Filter                        
20201000  FilterOutput                  
20201004  FilterWork                    
00003e07  Format_Standard_mm            
00003def  Frame_Rate                    
00003361  GROUP0_IRQHandler             
000027d5  GROUP1_IRQHandler             
0000365f  HOSTexit                      
000024b5  HandleCrash                   
0000337d  HardFault_Handler             
00003361  I2C0_IRQHandler               
00003361  I2C1_IRQHandler               
20201008  I7                            
000025c9  IRDistance_Convert            
00003d20  IRmax                         
00002191  Interpreter                   
00002f25  Jitter3_Init                  
20200000  JitterHistogram3              
2020100c  LCDFree                       
20201010  LPFSum7                       
000021f9  LPF_Init7                     
UNDEFED   Lab1_Results                  
00001ed1  LaunchPad_Init                
00002621  Logic_Init                    
20201014  LostData2                     
20201018  MaxJitter3                    
00000a49  Median5                       
20200fa4  Message                       
2020101c  Messageindex                  
00003361  NMI_Handler                   
20201020  NumCreated                    
20201024  NumProcessCreated             
00002f94  OSDisableInterrupts           
00002f98  OSEnableInterrupts            
000035d1  OS_AddPA28Task                
0000357d  OS_AddPeriodicThread          
000035dd  OS_AddS2Task                  
0000358b  OS_AddThread                  
00003399  OS_ClearMsTime                
00003663  OS_Fifo_Get                   
00003621  OS_Fifo_Init                  
0000360d  OS_Fifo_Put                   
00003667  OS_Id                         
00000c9f  OS_Init                       
00003617  OS_InitSemaphore              
0000366b  OS_Kill                       
00003629  OS_Launch                     
000035e9  OS_LoadProgram                
000020b7  OS_MailBox_Init               
0000366f  OS_MailBox_Recv               
00003631  OS_MailBox_Send               
000032e5  OS_MsTime                     
00003639  OS_Sleep                      
00003673  OS_Time                       
000035f5  OS_TimeDifference             
00003641  OS_bSignal                    
00003649  OS_bWait                      
20200834  OpenFlag                      
00002f5d  PA28Push                      
00001a65  ParseArgs                     
00002fad  PendSV_Handler                
00001b95  ProcessLoadBlinky             
000022c5  Producer                      
20201028  ROpenFile                     
00003361  RTC_IRQHandler                
00003677  Reset_Handler                 
00001325  Robot                         
2020102c  Running                       
00003461  Rx2Fifo_Init                  
00002971  Rx2Fifo_Put                   
000029bd  RxFifo_Get                    
00002a09  RxFifo_Put                    
20201030  RxGetI                        
20201034  RxPutI                        
00003035  S2Push                        
00003361  SPI0_IRQHandler               
00003361  SPI1_IRQHandler               
00000ca1  SPI1_Init                     
00002d75  SPI1_Reset                    
20200838  SPI1_init_Flag                
00003105  ST7735_Color565               
0000049d  ST7735_DrawChar               
00001dc9  ST7735_DrawString             
00000edd  ST7735_FillRect               
000031f5  ST7735_FillScreen             
000017b9  ST7735_Message                
00001e4d  ST7735_OutUDec                
00002679  ST7735_OutUDec2               
00003069  ST7735_SetCursor              
00003475  ST7735_SetTextColor           
00002faf  SVC_Handler                   
00003e0c  SaveSettings                  
20201038  Size7                         
20200844  StTextColor                   
2020083c  StX                           
20200840  StY                           
00002f9c  StartCritical                 
000026d1  StartFileDump                 
00002faa  StartOS                       
00002fcb  SysTick_Handler               
00003e10  System_Reset                  
20200fb0  TFLuna2DataMessage            
2020103c  TFLuna2Distance               
20201040  TFLuna2Function               
20201044  TFLuna2Index                  
2020105f  TFLuna2LastByte               
0000352d  TFLuna2_Format_Standard_mm    
0000353d  TFLuna2_Frame_Rate            
000033d1  TFLuna2_InStatus              
00000641  TFLuna2_Init                  
00002db5  TFLuna2_OutChar               
000033e9  TFLuna2_OutStatus             
0000354d  TFLuna2_SaveSettings          
00003167  TFLuna2_SendMessage           
0000355d  TFLuna2_System_Reset          
00002329  TFT_OutCommand                
0000238d  TFT_OutData                   
00003361  TIMA0_IRQHandler              
00003361  TIMA1_IRQHandler              
00003361  TIMG0_IRQHandler              
00003361  TIMG12_IRQHandler             
00003361  TIMG6_IRQHandler              
00003305  TIMG7_IRQHandler              
00003489  TIMG8_IRQHandler              
000034d7  TI_memcpy_small               
000035b5  TI_memset_small               
20200a4c  TempBlock                     
20201048  TimeMs                        
00001919  TimerG7_IntArm                
00002c1d  Tx2Fifo_Get                   
0000349d  Tx2Fifo_Init                  
00002a55  Tx2Fifo_Put                   
00002aa1  TxFifo_Get                    
00002aed  TxFifo_Put                    
00003401  TxFifo_Size                   
2020104c  TxGetI                        
20201050  TxPutI                        
00002511  UART0_IRQHandler              
00003361  UART1_IRQHandler              
0000256d  UART2_IRQHandler              
00003361  UART3_IRQHandler              
000032c1  UART_InChar                   
00002df5  UART_OutChar                  
00003275  UART_OutString                
000023f1  VirusDetector                 
20201054  WBlockNum                     
20200c4c  WCurrentBlock                 
20201058  WOpenFile                     
20208000  __STACK_END                   
00000200  __STACK_SIZE                  
00000200  __SYSMEM_SIZE                 
00000000  __TI_ATRegion0_region_sz      
00000000  __TI_ATRegion0_src_addr       
00000000  __TI_ATRegion0_trg_addr       
00000000  __TI_ATRegion1_region_sz      
00000000  __TI_ATRegion1_src_addr       
00000000  __TI_ATRegion1_trg_addr       
00000000  __TI_ATRegion2_region_sz      
00000000  __TI_ATRegion2_src_addr       
00000000  __TI_ATRegion2_trg_addr       
00003e7c  __TI_CINIT_Base               
00003e8c  __TI_CINIT_Limit              
00003e8c  __TI_CINIT_Warm               
00003e68  __TI_Handler_Table_Base       
00003e74  __TI_Handler_Table_Limit      
00002eb1  __TI_auto_init_nobinit_nopinit
00001f4d  __TI_decompress_lzss          
000034e9  __TI_decompress_none          
ffffffff  __TI_pprof_out_hndl           
ffffffff  __TI_prof_data_size           
ffffffff  __TI_prof_data_start          
00000000  __TI_static_base__            
0000356d  __TI_zero_init                
00002729  __aeabi_idiv                  
00003197  __aeabi_idiv0                 
00002729  __aeabi_idivmod               
00003601  __aeabi_memclr                
00003601  __aeabi_memclr4               
00003601  __aeabi_memclr8               
00003651  __aeabi_memcpy                
00003651  __aeabi_memcpy4               
00003651  __aeabi_memcpy8               
00002e35  __aeabi_uidiv                 
00002e35  __aeabi_uidivmod              
ffffffff  __binit__                     
UNDEFED   __mpu_init                    
20207e00  __stack                       
20200000  __start___llvm_prf_bits       
20200000  __start___llvm_prf_cnts       
20200000  __stop___llvm_prf_bits        
20200000  __stop___llvm_prf_cnts        
0000324d  _c_int00_noargs               
20201060  _sys_memory                   
UNDEFED   _system_post_cinit            
0000367b  _system_pre_init              
00003659  abort                         
ffffffff  binit                         
20200800  commands                      
00001c29  diskError                     
000020b9  disk_timerproc                
000000c1  eDisk_Init                    
00001609  eDisk_Read                    
00003419  eDisk_ReadBlock               
00000ff5  eDisk_Write                   
00003431  eDisk_WriteBlock              
0000121d  eFile_Create                  
00002bd1  eFile_Init                    
0000309d  eFile_Mount                   
00002455  eFile_WClose                  
00000dc1  eFile_WOpen                   
000016ed  eFile_Write                   
000007b5  eFile_WriteSFix2              
00002829  eFile_WriteString             
0000277f  eFile_WriteUDec               
000030d1  eFile_WriteUFix2              
20200f0c  f7                            
0000287d  fillmessage                   
00000000  interruptVectors              
000033b5  main                          
20200f28  mx7                           
0000110d  realmain                      
00001d41  strcmp                        
00003599  strcpy                        
000035a7  strlen                        
20200e8c  x                             
20200ecc  x7                            


GLOBAL SYMBOLS: SORTED BY Symbol Address 

address   name                          
-------   ----                          
00000000  __TI_ATRegion0_region_sz      
00000000  __TI_ATRegion0_src_addr       
00000000  __TI_ATRegion0_trg_addr       
00000000  __TI_ATRegion1_region_sz      
00000000  __TI_ATRegion1_src_addr       
00000000  __TI_ATRegion1_trg_addr       
00000000  __TI_ATRegion2_region_sz      
00000000  __TI_ATRegion2_src_addr       
00000000  __TI_ATRegion2_trg_addr       
00000000  __TI_static_base__            
00000000  interruptVectors              
000000c1  eDisk_Init                    
00000200  __STACK_SIZE                  
00000200  __SYSMEM_SIZE                 
000002e9  Clock_Init80MHz               
0000049d  ST7735_DrawChar               
00000641  TFLuna2_Init                  
000007b5  eFile_WriteSFix2              
00000a49  Median5                       
00000c9f  OS_Init                       
00000ca1  SPI1_Init                     
00000dc1  eFile_WOpen                   
00000edd  ST7735_FillRect               
00000ff5  eDisk_Write                   
0000110d  realmain                      
0000121d  eFile_Create                  
00001325  Robot                         
00001421  ADC0_Init                     
00001515  DAS                           
00001609  eDisk_Read                    
000016ed  eFile_Write                   
000017b9  ST7735_Message                
00001871  Cmd_Help                      
00001919  TimerG7_IntArm                
000019c1  Display                       
00001a65  ParseArgs                     
00001b01  Filter                        
00001b95  ProcessLoadBlinky             
00001c29  diskError                     
00001d41  strcmp                        
00001dc9  ST7735_DrawString             
00001e4d  ST7735_OutUDec                
00001ed1  LaunchPad_Init                
00001f4d  __TI_decompress_lzss          
000020b7  OS_MailBox_Init               
000020b9  disk_timerproc                
00002129  FileDump                      
00002191  Interpreter                   
000021f9  LPF_Init7                     
00002261  AllocateBlock                 
000022c5  Producer                      
00002329  TFT_OutCommand                
0000238d  TFT_OutData                   
000023f1  VirusDetector                 
00002455  eFile_WClose                  
000024b5  HandleCrash                   
00002511  UART0_IRQHandler              
0000256d  UART2_IRQHandler              
000025c9  IRDistance_Convert            
00002621  Logic_Init                    
00002679  ST7735_OutUDec2               
000026d1  StartFileDump                 
00002729  __aeabi_idiv                  
00002729  __aeabi_idivmod               
0000277f  eFile_WriteUDec               
000027d5  GROUP1_IRQHandler             
00002829  eFile_WriteString             
0000287d  fillmessage                   
00002971  Rx2Fifo_Put                   
000029bd  RxFifo_Get                    
00002a09  RxFifo_Put                    
00002a55  Tx2Fifo_Put                   
00002aa1  TxFifo_Get                    
00002aed  TxFifo_Put                    
00002bd1  eFile_Init                    
00002c1d  Tx2Fifo_Get                   
00002cad  ADC0_In                       
00002d35  FetchDirectory                
00002d75  SPI1_Reset                    
00002db5  TFLuna2_OutChar               
00002df5  UART_OutChar                  
00002e35  __aeabi_uidiv                 
00002e35  __aeabi_uidivmod              
00002eb1  __TI_auto_init_nobinit_nopinit
00002eed  ActivatePortA_B               
00002f25  Jitter3_Init                  
00002f5d  PA28Push                      
00002f94  OSDisableInterrupts           
00002f98  OSEnableInterrupts            
00002f9c  StartCritical                 
00002fa4  EndCritical                   
00002faa  StartOS                       
00002fad  PendSV_Handler                
00002faf  SVC_Handler                   
00002fcb  SysTick_Handler               
00002fcd  Clock_Delay1ms                
00003001  Cmd_Print                     
00003035  S2Push                        
00003069  ST7735_SetCursor              
0000309d  eFile_Mount                   
000030d1  eFile_WriteUFix2              
00003105  ST7735_Color565               
00003137  Check                         
00003167  TFLuna2_SendMessage           
00003197  __aeabi_idiv0                 
000031c9  EndFileDump                   
000031f5  ST7735_FillScreen             
0000324d  _c_int00_noargs               
00003275  UART_OutString                
0000329d  CS_Init                       
000032c1  UART_InChar                   
000032e5  OS_MsTime                     
00003305  TIMG7_IRQHandler              
00003345  Cmd_Lab1_Results              
00003361  ADC0_IRQHandler               
00003361  ADC1_IRQHandler               
00003361  AES_IRQHandler                
00003361  CANFD0_IRQHandler             
00003361  DAC0_IRQHandler               
00003361  DMA_IRQHandler                
00003361  Default_Handler               
00003361  GROUP0_IRQHandler             
00003361  I2C0_IRQHandler               
00003361  I2C1_IRQHandler               
00003361  NMI_Handler                   
00003361  RTC_IRQHandler                
00003361  SPI0_IRQHandler               
00003361  SPI1_IRQHandler               
00003361  TIMA0_IRQHandler              
00003361  TIMA1_IRQHandler              
00003361  TIMG0_IRQHandler              
00003361  TIMG12_IRQHandler             
00003361  TIMG6_IRQHandler              
00003361  UART1_IRQHandler              
00003361  UART3_IRQHandler              
0000337d  HardFault_Handler             
00003399  OS_ClearMsTime                
000033b5  main                          
000033d1  TFLuna2_InStatus              
000033e9  TFLuna2_OutStatus             
00003401  TxFifo_Size                   
00003419  eDisk_ReadBlock               
00003431  eDisk_WriteBlock              
00003461  Rx2Fifo_Init                  
00003475  ST7735_SetTextColor           
00003489  TIMG8_IRQHandler              
0000349d  Tx2Fifo_Init                  
000034c5  Cmd_Flush                     
000034d7  TI_memcpy_small               
000034e9  __TI_decompress_none          
000034fd  BackupDirectory               
0000350d  Clock_Delay                   
0000351d  Delay                         
0000352d  TFLuna2_Format_Standard_mm    
0000353d  TFLuna2_Frame_Rate            
0000354d  TFLuna2_SaveSettings          
0000355d  TFLuna2_System_Reset          
0000356d  __TI_zero_init                
0000357d  OS_AddPeriodicThread          
0000358b  OS_AddThread                  
00003599  strcpy                        
000035a7  strlen                        
000035b5  TI_memset_small               
000035c5  Clock_Freq                    
000035d1  OS_AddPA28Task                
000035dd  OS_AddS2Task                  
000035e9  OS_LoadProgram                
000035f5  OS_TimeDifference             
00003601  __aeabi_memclr                
00003601  __aeabi_memclr4               
00003601  __aeabi_memclr8               
0000360d  OS_Fifo_Put                   
00003617  OS_InitSemaphore              
00003621  OS_Fifo_Init                  
00003629  OS_Launch                     
00003631  OS_MailBox_Send               
00003639  OS_Sleep                      
00003641  OS_bSignal                    
00003649  OS_bWait                      
00003651  __aeabi_memcpy                
00003651  __aeabi_memcpy4               
00003651  __aeabi_memcpy8               
00003659  abort                         
0000365e  C$$EXIT                       
0000365f  HOSTexit                      
00003663  OS_Fifo_Get                   
00003667  OS_Id                         
0000366b  OS_Kill                       
0000366f  OS_MailBox_Recv               
00003673  OS_Time                       
00003677  Reset_Handler                 
0000367b  _system_pre_init              
00003cf0  A                             
00003d00  B                             
00003d10  C                             
00003d20  IRmax                         
00003def  Frame_Rate                    
00003e07  Format_Standard_mm            
00003e0c  SaveSettings                  
00003e10  System_Reset                  
00003e68  __TI_Handler_Table_Base       
00003e74  __TI_Handler_Table_Limit      
00003e7c  __TI_CINIT_Base               
00003e8c  __TI_CINIT_Limit              
00003e8c  __TI_CINIT_Warm               
20200000  JitterHistogram3              
20200000  __start___llvm_prf_bits       
20200000  __start___llvm_prf_cnts       
20200000  __stop___llvm_prf_bits        
20200000  __stop___llvm_prf_cnts        
20200800  commands                      
20200820  FileName                      
20200828  ArmCrash                      
2020082c  BusFreq                       
20200834  OpenFlag                      
20200838  SPI1_init_Flag                
2020083c  StX                           
20200840  StY                           
20200844  StTextColor                   
2020084c  Directory                     
20200a4c  TempBlock                     
20200c4c  WCurrentBlock                 
20200e8c  x                             
20200ecc  x7                            
20200f0c  f7                            
20200f28  mx7                           
20200fa4  Message                       
20200fb0  TFLuna2DataMessage            
20200fd8  BadCheckSum2                  
20200fdc  Checks                        
20200fe0  ChecksWork                    
20200fe4  Checksum                      
20200fe8  ChecksumErrors                
20200fec  ChecksumOriginal              
20200ff0  DataLost                      
20200ff4  DirectoryIn                   
20200ff8  Distance                      
20200ffc  Distance2                     
20201000  FilterOutput                  
20201004  FilterWork                    
20201008  I7                            
2020100c  LCDFree                       
20201010  LPFSum7                       
20201014  LostData2                     
20201018  MaxJitter3                    
2020101c  Messageindex                  
20201020  NumCreated                    
20201024  NumProcessCreated             
20201028  ROpenFile                     
2020102c  Running                       
20201030  RxGetI                        
20201034  RxPutI                        
20201038  Size7                         
2020103c  TFLuna2Distance               
20201040  TFLuna2Function               
20201044  TFLuna2Index                  
20201048  TimeMs                        
2020104c  TxGetI                        
20201050  TxPutI                        
20201054  WBlockNum                     
20201058  WOpenFile                     
2020105f  TFLuna2LastByte               
20201060  _sys_memory                   
20207e00  __stack                       
20208000  __STACK_END                   
ffffffff  __TI_pprof_out_hndl           
ffffffff  __TI_prof_data_size           
ffffffff  __TI_prof_data_start          
ffffffff  __binit__                     
ffffffff  binit                         
UNDEFED   Lab1_Results                  
UNDEFED   __mpu_init                    
UNDEFED   _system_post_cinit            

[273 symbols]
